Java HotSpot(TM) Server VM (25.191-b12) for linux-x86 JRE (1.8.0_191-b12), built on Oct  6 2018 05:52:51 by "java_re" with gcc 7.3.0
Memory: 4k page, physical 2111552k(1613736k free), swap 248828k(248828k free)
CommandLine flags: -XX:+ExplicitGCInvokesConcurrent -XX:GCLogFileSize=104857600 -XX:InitialHeapSize=268435456 -XX:InitiatingHeapOccupancyPercent=35 -XX:+ManagementServer -XX:MaxGCPauseMillis=20 -XX:MaxHeapSize=268435456 -XX:NumberOfGCLogFiles=10 -XX:+PrintGC -XX:+PrintGCDateStamps -XX:+PrintGCDetails -XX:+PrintGCTimeStamps -XX:+UseG1GC -XX:+UseGCLogFileRotation 
2019-07-20T21:14:24.962-0300: 0,415: [GC pause (G1 Evacuation Pause) (young), 0,0038567 secs]
   [Parallel Time: 2,5 ms, GC Workers: 4]
      [GC Worker Start (ms): Min: 415,4, Avg: 416,3, Max: 417,8, Diff: 2,4]
      [Ext Root Scanning (ms): Min: 0,0, Avg: 0,3, Max: 0,9, Diff: 0,8, Sum: 1,3]
      [Update RS (ms): Min: 0,0, Avg: 0,0, Max: 0,0, Diff: 0,0, Sum: 0,0]
         [Processed Buffers: Min: 0, Avg: 0,0, Max: 0, Diff: 0, Sum: 0]
      [Scan RS (ms): Min: 0,0, Avg: 0,0, Max: 0,0, Diff: 0,0, Sum: 0,0]
      [Code Root Scanning (ms): Min: 0,0, Avg: 0,1, Max: 0,2, Diff: 0,2, Sum: 0,3]
      [Object Copy (ms): Min: 0,0, Avg: 1,0, Max: 1,4, Diff: 1,4, Sum: 4,1]
      [Termination (ms): Min: 0,0, Avg: 0,1, Max: 0,1, Diff: 0,1, Sum: 0,4]
         [Termination Attempts: Min: 1, Avg: 1,8, Max: 4, Diff: 3, Sum: 7]
      [GC Worker Other (ms): Min: 0,0, Avg: 0,0, Max: 0,0, Diff: 0,0, Sum: 0,1]
      [GC Worker Total (ms): Min: 0,1, Avg: 1,6, Max: 2,5, Diff: 2,4, Sum: 6,2]
      [GC Worker End (ms): Min: 417,8, Avg: 417,8, Max: 417,8, Diff: 0,0]
   [Code Root Fixup: 0,0 ms]
   [Code Root Purge: 0,0 ms]
   [Clear CT: 0,2 ms]
   [Other: 1,1 ms]
      [Choose CSet: 0,0 ms]
      [Ref Proc: 0,7 ms]
      [Ref Enq: 0,0 ms]
      [Redirty Cards: 0,2 ms]
      [Humongous Register: 0,0 ms]
      [Humongous Reclaim: 0,0 ms]
      [Free CSet: 0,0 ms]
   [Eden: 12,0M(12,0M)->0,0B(10,0M) Survivors: 0,0B->2048,0K Heap: 12,0M(256,0M)->2666,0K(256,0M)]
 [Times: user=0,01 sys=0,00, real=0,01 secs] 
2019-07-20T21:14:25.076-0300: 0,529: [GC pause (G1 Evacuation Pause) (young), 0,0031505 secs]
   [Parallel Time: 2,5 ms, GC Workers: 4]
      [GC Worker Start (ms): Min: 529,2, Avg: 529,7, Max: 531,3, Diff: 2,2]
      [Ext Root Scanning (ms): Min: 0,0, Avg: 0,3, Max: 0,8, Diff: 0,7, Sum: 1,1]
      [Update RS (ms): Min: 0,0, Avg: 0,0, Max: 0,2, Diff: 0,2, Sum: 0,2]
         [Processed Buffers: Min: 0, Avg: 0,2, Max: 1, Diff: 1, Sum: 1]
      [Scan RS (ms): Min: 0,0, Avg: 0,0, Max: 0,0, Diff: 0,0, Sum: 0,0]
      [Code Root Scanning (ms): Min: 0,0, Avg: 0,1, Max: 0,3, Diff: 0,3, Sum: 0,4]
      [Object Copy (ms): Min: 0,1, Avg: 1,3, Max: 1,9, Diff: 1,8, Sum: 5,2]
      [Termination (ms): Min: 0,0, Avg: 0,1, Max: 0,1, Diff: 0,1, Sum: 0,3]
         [Termination Attempts: Min: 1, Avg: 1,2, Max: 2, Diff: 1, Sum: 5]
      [GC Worker Other (ms): Min: 0,0, Avg: 0,0, Max: 0,0, Diff: 0,0, Sum: 0,1]
      [GC Worker Total (ms): Min: 0,2, Avg: 1,8, Max: 2,4, Diff: 2,1, Sum: 7,3]
      [GC Worker End (ms): Min: 531,5, Avg: 531,5, Max: 531,5, Diff: 0,0]
   [Code Root Fixup: 0,0 ms]
   [Code Root Purge: 0,0 ms]
   [Clear CT: 0,0 ms]
   [Other: 0,6 ms]
      [Choose CSet: 0,0 ms]
      [Ref Proc: 0,6 ms]
      [Ref Enq: 0,0 ms]
      [Redirty Cards: 0,0 ms]
      [Humongous Register: 0,0 ms]
      [Humongous Reclaim: 0,0 ms]
      [Free CSet: 0,0 ms]
   [Eden: 10,0M(10,0M)->0,0B(10,0M) Survivors: 2048,0K->2048,0K Heap: 12,6M(256,0M)->5371,5K(256,0M)]
 [Times: user=0,01 sys=0,00, real=0,01 secs] 
2019-07-20T21:14:25.196-0300: 0,649: [GC pause (G1 Evacuation Pause) (young), 0,0036596 secs]
   [Parallel Time: 2,6 ms, GC Workers: 4]
      [GC Worker Start (ms): Min: 649,4, Avg: 651,1, Max: 651,7, Diff: 2,4]
      [Ext Root Scanning (ms): Min: 0,0, Avg: 0,3, Max: 1,1, Diff: 1,0, Sum: 1,2]
      [Update RS (ms): Min: 0,0, Avg: 0,1, Max: 0,3, Diff: 0,3, Sum: 0,3]
         [Processed Buffers: Min: 0, Avg: 1,8, Max: 7, Diff: 7, Sum: 7]
      [Scan RS (ms): Min: 0,0, Avg: 0,0, Max: 0,1, Diff: 0,1, Sum: 0,1]
      [Code Root Scanning (ms): Min: 0,0, Avg: 0,0, Max: 0,0, Diff: 0,0, Sum: 0,0]
      [Object Copy (ms): Min: 0,0, Avg: 0,1, Max: 0,5, Diff: 0,5, Sum: 0,5]
      [Termination (ms): Min: 0,0, Avg: 0,2, Max: 0,5, Diff: 0,5, Sum: 1,0]
         [Termination Attempts: Min: 1, Avg: 1,0, Max: 1, Diff: 0, Sum: 4]
      [GC Worker Other (ms): Min: 0,0, Avg: 0,0, Max: 0,0, Diff: 0,0, Sum: 0,1]
      [GC Worker Total (ms): Min: 0,1, Avg: 0,8, Max: 2,5, Diff: 2,4, Sum: 3,3]
      [GC Worker End (ms): Min: 651,9, Avg: 651,9, Max: 651,9, Diff: 0,0]
   [Code Root Fixup: 0,0 ms]
   [Code Root Purge: 0,0 ms]
   [Clear CT: 0,1 ms]
   [Other: 1,0 ms]
      [Choose CSet: 0,0 ms]
      [Ref Proc: 0,8 ms]
      [Ref Enq: 0,0 ms]
      [Redirty Cards: 0,1 ms]
      [Humongous Register: 0,0 ms]
      [Humongous Reclaim: 0,0 ms]
      [Free CSet: 0,0 ms]
   [Eden: 10,0M(10,0M)->0,0B(10,0M) Survivors: 2048,0K->2048,0K Heap: 15,2M(256,0M)->5298,3K(256,0M)]
 [Times: user=0,01 sys=0,00, real=0,01 secs] 
2019-07-20T21:14:25.342-0300: 0,795: [GC pause (G1 Evacuation Pause) (young), 0,0075073 secs]
   [Parallel Time: 2,5 ms, GC Workers: 4]
      [GC Worker Start (ms): Min: 795,0, Avg: 796,8, Max: 797,4, Diff: 2,4]
      [Ext Root Scanning (ms): Min: 0,0, Avg: 0,3, Max: 1,1, Diff: 1,1, Sum: 1,2]
      [Update RS (ms): Min: 0,0, Avg: 0,0, Max: 0,1, Diff: 0,1, Sum: 0,1]
         [Processed Buffers: Min: 0, Avg: 1,5, Max: 6, Diff: 6, Sum: 6]
      [Scan RS (ms): Min: 0,0, Avg: 0,0, Max: 0,0, Diff: 0,0, Sum: 0,0]
      [Code Root Scanning (ms): Min: 0,0, Avg: 0,0, Max: 0,1, Diff: 0,1, Sum: 0,1]
      [Object Copy (ms): Min: 0,0, Avg: 0,2, Max: 0,8, Diff: 0,8, Sum: 0,8]
      [Termination (ms): Min: 0,0, Avg: 0,2, Max: 0,3, Diff: 0,3, Sum: 0,7]
         [Termination Attempts: Min: 1, Avg: 1,0, Max: 1, Diff: 0, Sum: 4]
      [GC Worker Other (ms): Min: 0,0, Avg: 0,0, Max: 0,0, Diff: 0,0, Sum: 0,1]
      [GC Worker Total (ms): Min: 0,0, Avg: 0,7, Max: 2,5, Diff: 2,4, Sum: 3,0]
      [GC Worker End (ms): Min: 797,5, Avg: 797,5, Max: 797,5, Diff: 0,0]
   [Code Root Fixup: 0,0 ms]
   [Code Root Purge: 0,0 ms]
   [Clear CT: 0,0 ms]
   [Other: 4,9 ms]
      [Choose CSet: 0,0 ms]
      [Ref Proc: 4,8 ms]
      [Ref Enq: 0,0 ms]
      [Redirty Cards: 0,0 ms]
      [Humongous Register: 0,0 ms]
      [Humongous Reclaim: 0,0 ms]
      [Free CSet: 0,0 ms]
   [Eden: 10,0M(10,0M)->0,0B(10,0M) Survivors: 2048,0K->2048,0K Heap: 15,2M(256,0M)->5303,7K(256,0M)]
 [Times: user=0,00 sys=0,00, real=0,01 secs] 
2019-07-20T21:14:25.466-0300: 0,920: [GC pause (G1 Evacuation Pause) (young), 0,0038524 secs]
   [Parallel Time: 2,4 ms, GC Workers: 4]
      [GC Worker Start (ms): Min: 919,6, Avg: 921,2, Max: 921,9, Diff: 2,3]
      [Ext Root Scanning (ms): Min: 0,0, Avg: 0,2, Max: 0,8, Diff: 0,8, Sum: 0,8]
      [Update RS (ms): Min: 0,0, Avg: 0,0, Max: 0,2, Diff: 0,2, Sum: 0,2]
         [Processed Buffers: Min: 0, Avg: 1,2, Max: 5, Diff: 5, Sum: 5]
      [Scan RS (ms): Min: 0,0, Avg: 0,0, Max: 0,0, Diff: 0,0, Sum: 0,0]
      [Code Root Scanning (ms): Min: 0,0, Avg: 0,0, Max: 0,1, Diff: 0,1, Sum: 0,1]
      [Object Copy (ms): Min: 0,0, Avg: 0,3, Max: 1,0, Diff: 1,0, Sum: 1,0]
      [Termination (ms): Min: 0,0, Avg: 0,2, Max: 0,3, Diff: 0,3, Sum: 0,7]
         [Termination Attempts: Min: 1, Avg: 1,0, Max: 1, Diff: 0, Sum: 4]
      [GC Worker Other (ms): Min: 0,0, Avg: 0,0, Max: 0,0, Diff: 0,0, Sum: 0,1]
      [GC Worker Total (ms): Min: 0,0, Avg: 0,7, Max: 2,4, Diff: 2,3, Sum: 2,9]
      [GC Worker End (ms): Min: 921,9, Avg: 921,9, Max: 922,0, Diff: 0,0]
   [Code Root Fixup: 0,0 ms]
   [Code Root Purge: 0,0 ms]
   [Clear CT: 0,2 ms]
   [Other: 1,2 ms]
      [Choose CSet: 0,0 ms]
      [Ref Proc: 0,9 ms]
      [Ref Enq: 0,0 ms]
      [Redirty Cards: 0,2 ms]
      [Humongous Register: 0,0 ms]
      [Humongous Reclaim: 0,0 ms]
      [Free CSet: 0,0 ms]
   [Eden: 10,0M(10,0M)->0,0B(15,0M) Survivors: 2048,0K->2048,0K Heap: 15,2M(256,0M)->6842,5K(256,0M)]
 [Times: user=0,00 sys=0,00, real=0,00 secs] 
2019-07-20T21:14:25.656-0300: 1,109: [GC pause (G1 Evacuation Pause) (young), 0,0037805 secs]
   [Parallel Time: 2,2 ms, GC Workers: 4]
      [GC Worker Start (ms): Min: 1109,4, Avg: 1109,7, Max: 1109,9, Diff: 0,5]
      [Ext Root Scanning (ms): Min: 0,5, Avg: 0,9, Max: 1,6, Diff: 1,1, Sum: 3,6]
      [Update RS (ms): Min: 0,0, Avg: 0,1, Max: 0,2, Diff: 0,2, Sum: 0,4]
         [Processed Buffers: Min: 0, Avg: 2,0, Max: 7, Diff: 7, Sum: 8]
      [Scan RS (ms): Min: 0,0, Avg: 0,0, Max: 0,0, Diff: 0,0, Sum: 0,0]
      [Code Root Scanning (ms): Min: 0,0, Avg: 0,0, Max: 0,1, Diff: 0,1, Sum: 0,1]
      [Object Copy (ms): Min: 0,0, Avg: 0,8, Max: 1,0, Diff: 1,0, Sum: 3,0]
      [Termination (ms): Min: 0,0, Avg: 0,1, Max: 0,1, Diff: 0,1, Sum: 0,4]
         [Termination Attempts: Min: 1, Avg: 1,0, Max: 1, Diff: 0, Sum: 4]
      [GC Worker Other (ms): Min: 0,0, Avg: 0,0, Max: 0,0, Diff: 0,0, Sum: 0,1]
      [GC Worker Total (ms): Min: 1,6, Avg: 1,9, Max: 2,1, Diff: 0,5, Sum: 7,6]
      [GC Worker End (ms): Min: 1111,6, Avg: 1111,6, Max: 1111,6, Diff: 0,0]
   [Code Root Fixup: 0,0 ms]
   [Code Root Purge: 0,0 ms]
   [Clear CT: 0,3 ms]
   [Other: 1,3 ms]
      [Choose CSet: 0,0 ms]
      [Ref Proc: 0,9 ms]
      [Ref Enq: 0,0 ms]
      [Redirty Cards: 0,3 ms]
      [Humongous Register: 0,0 ms]
      [Humongous Reclaim: 0,0 ms]
      [Free CSet: 0,0 ms]
   [Eden: 15,0M(15,0M)->0,0B(59,0M) Survivors: 2048,0K->3072,0K Heap: 21,7M(256,0M)->8829,5K(256,0M)]
 [Times: user=0,00 sys=0,00, real=0,01 secs] 
2019-07-20T21:14:25.849-0300: 1,303: [GC pause (System.gc()) (young) (initial-mark), 0,0046359 secs]
   [Parallel Time: 3,8 ms, GC Workers: 4]
      [GC Worker Start (ms): Min: 1302,7, Avg: 1303,9, Max: 1304,3, Diff: 1,7]
      [Ext Root Scanning (ms): Min: 0,0, Avg: 0,8, Max: 1,8, Diff: 1,8, Sum: 3,3]
      [Update RS (ms): Min: 0,0, Avg: 0,1, Max: 0,2, Diff: 0,2, Sum: 0,3]
         [Processed Buffers: Min: 0, Avg: 2,0, Max: 6, Diff: 6, Sum: 8]
      [Scan RS (ms): Min: 0,0, Avg: 0,0, Max: 0,0, Diff: 0,0, Sum: 0,0]
      [Code Root Scanning (ms): Min: 0,0, Avg: 0,4, Max: 1,5, Diff: 1,5, Sum: 1,6]
      [Object Copy (ms): Min: 0,0, Avg: 0,8, Max: 1,8, Diff: 1,8, Sum: 3,2]
      [Termination (ms): Min: 0,0, Avg: 0,3, Max: 0,5, Diff: 0,5, Sum: 1,2]
         [Termination Attempts: Min: 1, Avg: 1,0, Max: 1, Diff: 0, Sum: 4]
      [GC Worker Other (ms): Min: 0,0, Avg: 0,0, Max: 0,0, Diff: 0,0, Sum: 0,1]
      [GC Worker Total (ms): Min: 2,0, Avg: 2,4, Max: 3,6, Diff: 1,7, Sum: 9,7]
      [GC Worker End (ms): Min: 1306,3, Avg: 1306,3, Max: 1306,3, Diff: 0,0]
   [Code Root Fixup: 0,0 ms]
   [Code Root Purge: 0,0 ms]
   [Clear CT: 0,2 ms]
   [Other: 0,7 ms]
      [Choose CSet: 0,0 ms]
      [Ref Proc: 0,4 ms]
      [Ref Enq: 0,0 ms]
      [Redirty Cards: 0,2 ms]
      [Humongous Register: 0,0 ms]
      [Humongous Reclaim: 0,0 ms]
      [Free CSet: 0,0 ms]
   [Eden: 13,0M(59,0M)->0,0B(105,0M) Survivors: 3072,0K->4096,0K Heap: 21,5M(256,0M)->9341,5K(256,0M)]
 [Times: user=0,00 sys=0,00, real=0,00 secs] 
2019-07-20T21:14:25.854-0300: 1,307: [GC concurrent-root-region-scan-start]
2019-07-20T21:14:25.857-0300: 1,310: [GC concurrent-root-region-scan-end, 0,0026548 secs]
2019-07-20T21:14:25.857-0300: 1,310: [GC concurrent-mark-start]
2019-07-20T21:14:25.862-0300: 1,315: [GC concurrent-mark-end, 0,0049535 secs]
2019-07-20T21:14:25.862-0300: 1,315: [GC remark 2019-07-20T21:14:25.862-0300: 1,315: [Finalize Marking, 0,0026114 secs] 2019-07-20T21:14:25.865-0300: 1,318: [GC ref-proc, 0,0001390 secs] 2019-07-20T21:14:25.865-0300: 1,318: [Unloading, 0,0034246 secs], 0,0065921 secs]
 [Times: user=0,01 sys=0,00, real=0,01 secs] 
2019-07-20T21:14:25.869-0300: 1,322: [GC cleanup 9853K->7167K(256M), 0,0012573 secs]
 [Times: user=0,00 sys=0,01, real=0,00 secs] 
2019-07-20T21:14:25.870-0300: 1,323: [GC concurrent-cleanup-start]
2019-07-20T21:14:25.870-0300: 1,323: [GC concurrent-cleanup-end, 0,0000159 secs]
2019-07-20T21:15:21.509-0300: 56,962: [GC pause (G1 Evacuation Pause) (young) (to-space exhausted), 0,0262593 secs]
   [Parallel Time: 8,3 ms, GC Workers: 4]
      [GC Worker Start (ms): Min: 56962,4, Avg: 56963,8, Max: 56965,7, Diff: 3,3]
      [Ext Root Scanning (ms): Min: 0,0, Avg: 0,5, Max: 1,2, Diff: 1,2, Sum: 2,2]
      [Update RS (ms): Min: 0,0, Avg: 0,1, Max: 0,2, Diff: 0,2, Sum: 0,3]
         [Processed Buffers: Min: 0, Avg: 4,2, Max: 16, Diff: 16, Sum: 17]
      [Scan RS (ms): Min: 0,0, Avg: 0,0, Max: 0,1, Diff: 0,1, Sum: 0,2]
      [Code Root Scanning (ms): Min: 0,0, Avg: 0,7, Max: 2,3, Diff: 2,3, Sum: 2,8]
      [Object Copy (ms): Min: 3,0, Avg: 3,8, Max: 4,6, Diff: 1,5, Sum: 15,4]
      [Termination (ms): Min: 0,0, Avg: 0,1, Max: 0,2, Diff: 0,1, Sum: 0,4]
         [Termination Attempts: Min: 1, Avg: 1,8, Max: 3, Diff: 2, Sum: 7]
      [GC Worker Other (ms): Min: 0,0, Avg: 0,1, Max: 0,1, Diff: 0,0, Sum: 0,2]
      [GC Worker Total (ms): Min: 3,4, Avg: 5,4, Max: 6,7, Diff: 3,3, Sum: 21,4]
      [GC Worker End (ms): Min: 56969,1, Avg: 56969,1, Max: 56969,1, Diff: 0,0]
   [Code Root Fixup: 0,1 ms]
   [Code Root Purge: 0,0 ms]
   [Clear CT: 0,4 ms]
   [Other: 17,5 ms]
      [Evacuation Failure: 14,2 ms]
      [Choose CSet: 0,0 ms]
      [Ref Proc: 2,7 ms]
      [Ref Enq: 0,0 ms]
      [Redirty Cards: 0,3 ms]
      [Humongous Register: 0,0 ms]
      [Humongous Reclaim: 0,0 ms]
      [Free CSet: 0,1 ms]
   [Eden: 105,0M(105,0M)->0,0B(10,0M) Survivors: 4096,0K->9216,0K Heap: 244,5M(256,0M)->210,0M(256,0M)]
 [Times: user=0,07 sys=0,01, real=0,02 secs] 
2019-07-20T21:16:15.560-0300: 111,013: [GC pause (G1 Evacuation Pause) (young), 0,0129023 secs]
   [Parallel Time: 10,4 ms, GC Workers: 4]
      [GC Worker Start (ms): Min: 111013,3, Avg: 111019,5, Max: 111023,6, Diff: 10,3]
      [Ext Root Scanning (ms): Min: 0,0, Avg: 0,5, Max: 1,9, Diff: 1,8, Sum: 2,0]
      [Update RS (ms): Min: 0,0, Avg: 0,2, Max: 0,9, Diff: 0,9, Sum: 0,9]
         [Processed Buffers: Min: 0, Avg: 3,8, Max: 15, Diff: 15, Sum: 15]
      [Scan RS (ms): Min: 0,0, Avg: 0,1, Max: 0,3, Diff: 0,3, Sum: 0,3]
      [Code Root Scanning (ms): Min: 0,0, Avg: 0,3, Max: 1,1, Diff: 1,1, Sum: 1,1]
      [Object Copy (ms): Min: 0,0, Avg: 2,9, Max: 6,0, Diff: 6,0, Sum: 11,7]
      [Termination (ms): Min: 0,0, Avg: 0,1, Max: 0,2, Diff: 0,2, Sum: 0,4]
         [Termination Attempts: Min: 1, Avg: 1,5, Max: 3, Diff: 2, Sum: 6]
      [GC Worker Other (ms): Min: 0,0, Avg: 0,0, Max: 0,0, Diff: 0,0, Sum: 0,1]
      [GC Worker Total (ms): Min: 0,1, Avg: 4,1, Max: 10,4, Diff: 10,3, Sum: 16,4]
      [GC Worker End (ms): Min: 111023,6, Avg: 111023,6, Max: 111023,6, Diff: 0,0]
   [Code Root Fixup: 0,1 ms]
   [Code Root Purge: 0,0 ms]
   [Clear CT: 0,1 ms]
   [Other: 2,3 ms]
      [Choose CSet: 0,0 ms]
      [Ref Proc: 2,0 ms]
      [Ref Enq: 0,0 ms]
      [Redirty Cards: 0,1 ms]
      [Humongous Register: 0,0 ms]
      [Humongous Reclaim: 0,0 ms]
      [Free CSet: 0,0 ms]
   [Eden: 10,0M(10,0M)->0,0B(19,0M) Survivors: 9216,0K->2048,0K Heap: 220,0M(256,0M)->207,3M(256,0M)]
 [Times: user=0,02 sys=0,00, real=0,01 secs] 
2019-07-20T21:17:09.621-0300: 165,074: [GC pause (G1 Evacuation Pause) (young) (initial-mark), 0,0111813 secs]
   [Parallel Time: 10,3 ms, GC Workers: 4]
      [GC Worker Start (ms): Min: 165073,9, Avg: 165075,0, Max: 165075,4, Diff: 1,5]
      [Ext Root Scanning (ms): Min: 0,0, Avg: 5,0, Max: 7,4, Diff: 7,4, Sum: 20,0]
      [Update RS (ms): Min: 0,0, Avg: 1,0, Max: 3,9, Diff: 3,9, Sum: 3,9]
         [Processed Buffers: Min: 0, Avg: 11,0, Max: 44, Diff: 44, Sum: 44]
      [Scan RS (ms): Min: 0,0, Avg: 0,1, Max: 0,6, Diff: 0,6, Sum: 0,6]
      [Code Root Scanning (ms): Min: 0,0, Avg: 0,0, Max: 0,0, Diff: 0,0, Sum: 0,0]
      [Object Copy (ms): Min: 2,2, Avg: 2,9, Max: 4,1, Diff: 1,9, Sum: 11,4]
      [Termination (ms): Min: 0,0, Avg: 0,1, Max: 0,2, Diff: 0,2, Sum: 0,2]
         [Termination Attempts: Min: 1, Avg: 6,8, Max: 9, Diff: 8, Sum: 27]
      [GC Worker Other (ms): Min: 0,0, Avg: 0,0, Max: 0,0, Diff: 0,0, Sum: 0,1]
      [GC Worker Total (ms): Min: 8,6, Avg: 9,1, Max: 10,1, Diff: 1,5, Sum: 36,2]
      [GC Worker End (ms): Min: 165084,0, Avg: 165084,0, Max: 165084,0, Diff: 0,0]
   [Code Root Fixup: 0,0 ms]
   [Code Root Purge: 0,0 ms]
   [Clear CT: 0,1 ms]
   [Other: 0,8 ms]
      [Choose CSet: 0,0 ms]
      [Ref Proc: 0,4 ms]
      [Ref Enq: 0,0 ms]
      [Redirty Cards: 0,2 ms]
      [Humongous Register: 0,0 ms]
      [Humongous Reclaim: 0,0 ms]
      [Free CSet: 0,0 ms]
   [Eden: 10,0M(10,0M)->0,0B(17,0M) Survivors: 2048,0K->2048,0K Heap: 217,3M(256,0M)->209,5M(256,0M)]
 [Times: user=0,02 sys=0,01, real=0,01 secs] 
2019-07-20T21:17:09.632-0300: 165,085: [GC concurrent-root-region-scan-start]
2019-07-20T21:17:09.635-0300: 165,088: [GC concurrent-root-region-scan-end, 0,0028300 secs]
2019-07-20T21:17:09.635-0300: 165,088: [GC concurrent-mark-start]
2019-07-20T21:17:09.652-0300: 165,106: [GC concurrent-mark-end, 0,0172715 secs]
2019-07-20T21:17:09.653-0300: 165,106: [GC remark 2019-07-20T21:17:09.653-0300: 165,106: [Finalize Marking, 0,0003735 secs] 2019-07-20T21:17:09.653-0300: 165,106: [GC ref-proc, 0,0001873 secs] 2019-07-20T21:17:09.653-0300: 165,106: [Unloading, 0,0055544 secs], 0,0079464 secs]
 [Times: user=0,02 sys=0,00, real=0,01 secs] 
2019-07-20T21:17:09.661-0300: 165,114: [GC cleanup 209M->139M(256M), 0,0016606 secs]
 [Times: user=0,00 sys=0,00, real=0,00 secs] 
2019-07-20T21:17:09.663-0300: 165,116: [GC concurrent-cleanup-start]
2019-07-20T21:17:09.663-0300: 165,116: [GC concurrent-cleanup-end, 0,0000653 secs]
2019-07-20T21:18:54.968-0300: 270,421: [GC pause (G1 Evacuation Pause) (young), 0,0137751 secs]
   [Parallel Time: 10,7 ms, GC Workers: 4]
      [GC Worker Start (ms): Min: 270421,1, Avg: 270427,6, Max: 270431,6, Diff: 10,5]
      [Ext Root Scanning (ms): Min: 0,0, Avg: 0,3, Max: 1,0, Diff: 1,0, Sum: 1,2]
      [Update RS (ms): Min: 0,0, Avg: 0,6, Max: 2,2, Diff: 2,2, Sum: 2,2]
         [Processed Buffers: Min: 0, Avg: 10,5, Max: 42, Diff: 42, Sum: 42]
      [Scan RS (ms): Min: 0,0, Avg: 0,0, Max: 0,0, Diff: 0,0, Sum: 0,0]
      [Code Root Scanning (ms): Min: 0,0, Avg: 0,0, Max: 0,0, Diff: 0,0, Sum: 0,0]
      [Object Copy (ms): Min: 0,0, Avg: 3,0, Max: 7,2, Diff: 7,2, Sum: 12,1]
      [Termination (ms): Min: 0,0, Avg: 0,1, Max: 0,1, Diff: 0,1, Sum: 0,4]
         [Termination Attempts: Min: 1, Avg: 1,2, Max: 2, Diff: 1, Sum: 5]
      [GC Worker Other (ms): Min: 0,0, Avg: 0,1, Max: 0,2, Diff: 0,2, Sum: 0,3]
      [GC Worker Total (ms): Min: 0,1, Avg: 4,1, Max: 10,5, Diff: 10,5, Sum: 16,3]
      [GC Worker End (ms): Min: 270431,6, Avg: 270431,6, Max: 270431,6, Diff: 0,0]
   [Code Root Fixup: 0,0 ms]
   [Code Root Purge: 0,0 ms]
   [Clear CT: 0,2 ms]
   [Other: 2,9 ms]
      [Choose CSet: 0,0 ms]
      [Ref Proc: 2,3 ms]
      [Ref Enq: 0,0 ms]
      [Redirty Cards: 0,4 ms]
      [Humongous Register: 0,0 ms]
      [Humongous Reclaim: 0,0 ms]
      [Free CSet: 0,0 ms]
   [Eden: 17,0M(17,0M)->0,0B(31,0M) Survivors: 2048,0K->3072,0K Heap: 156,5M(256,0M)->142,4M(256,0M)]
 [Times: user=0,01 sys=0,00, real=0,01 secs] 
2019-07-20T21:19:44.379-0300: 319,832: [GC pause (G1 Evacuation Pause) (young), 0,0088328 secs]
   [Parallel Time: 6,3 ms, GC Workers: 4]
      [GC Worker Start (ms): Min: 319832,2, Avg: 319834,1, Max: 319838,3, Diff: 6,1]
      [Ext Root Scanning (ms): Min: 0,0, Avg: 0,3, Max: 0,7, Diff: 0,6, Sum: 1,3]
      [Update RS (ms): Min: 0,0, Avg: 1,4, Max: 2,2, Diff: 2,2, Sum: 5,7]
         [Processed Buffers: Min: 0, Avg: 12,2, Max: 26, Diff: 26, Sum: 49]
      [Scan RS (ms): Min: 0,0, Avg: 0,3, Max: 0,5, Diff: 0,5, Sum: 1,0]
      [Code Root Scanning (ms): Min: 0,0, Avg: 0,0, Max: 0,1, Diff: 0,1, Sum: 0,2]
      [Object Copy (ms): Min: 0,0, Avg: 2,1, Max: 2,8, Diff: 2,8, Sum: 8,2]
      [Termination (ms): Min: 0,0, Avg: 0,1, Max: 0,2, Diff: 0,2, Sum: 0,5]
         [Termination Attempts: Min: 1, Avg: 1,0, Max: 1, Diff: 0, Sum: 4]
      [GC Worker Other (ms): Min: 0,0, Avg: 0,0, Max: 0,1, Diff: 0,0, Sum: 0,1]
      [GC Worker Total (ms): Min: 0,1, Avg: 4,3, Max: 6,2, Diff: 6,1, Sum: 17,1]
      [GC Worker End (ms): Min: 319838,4, Avg: 319838,4, Max: 319838,4, Diff: 0,0]
   [Code Root Fixup: 0,0 ms]
   [Code Root Purge: 0,0 ms]
   [Clear CT: 0,3 ms]
   [Other: 2,2 ms]
      [Choose CSet: 0,0 ms]
      [Ref Proc: 1,7 ms]
      [Ref Enq: 0,0 ms]
      [Redirty Cards: 0,3 ms]
      [Humongous Register: 0,0 ms]
      [Humongous Reclaim: 0,0 ms]
      [Free CSet: 0,0 ms]
   [Eden: 9216,0K(9216,0K)->0,0B(59,0M) Survivors: 3072,0K->2048,0K Heap: 151,4M(256,0M)->143,5M(256,0M)]
 [Times: user=0,02 sys=0,00, real=0,01 secs] 
2019-07-20T21:25:48.998-0300: 684,451: [GC pause (G1 Evacuation Pause) (young) (initial-mark), 0,0147356 secs]
   [Parallel Time: 13,3 ms, GC Workers: 4]
      [GC Worker Start (ms): Min: 684451,5, Avg: 684452,5, Max: 684452,9, Diff: 1,4]
      [Ext Root Scanning (ms): Min: 0,0, Avg: 2,2, Max: 3,5, Diff: 3,4, Sum: 9,0]
      [Update RS (ms): Min: 0,2, Avg: 2,4, Max: 6,3, Diff: 6,1, Sum: 9,7]
         [Processed Buffers: Min: 1, Avg: 14,2, Max: 32, Diff: 31, Sum: 57]
      [Scan RS (ms): Min: 0,0, Avg: 0,0, Max: 0,1, Diff: 0,1, Sum: 0,1]
      [Code Root Scanning (ms): Min: 0,0, Avg: 0,0, Max: 0,1, Diff: 0,1, Sum: 0,1]
      [Object Copy (ms): Min: 5,3, Avg: 7,4, Max: 8,1, Diff: 2,8, Sum: 29,4]
      [Termination (ms): Min: 0,0, Avg: 0,0, Max: 0,0, Diff: 0,0, Sum: 0,0]
         [Termination Attempts: Min: 1, Avg: 1,2, Max: 2, Diff: 1, Sum: 5]
      [GC Worker Other (ms): Min: 0,0, Avg: 0,0, Max: 0,0, Diff: 0,0, Sum: 0,1]
      [GC Worker Total (ms): Min: 11,7, Avg: 12,1, Max: 13,1, Diff: 1,4, Sum: 48,5]
      [GC Worker End (ms): Min: 684464,7, Avg: 684464,7, Max: 684464,7, Diff: 0,0]
   [Code Root Fixup: 0,0 ms]
   [Code Root Purge: 0,0 ms]
   [Clear CT: 0,3 ms]
   [Other: 1,0 ms]
      [Choose CSet: 0,0 ms]
      [Ref Proc: 0,4 ms]
      [Ref Enq: 0,0 ms]
      [Redirty Cards: 0,4 ms]
      [Humongous Register: 0,0 ms]
      [Humongous Reclaim: 0,0 ms]
      [Free CSet: 0,0 ms]
   [Eden: 59,0M(59,0M)->0,0B(19,0M) Survivors: 2048,0K->8192,0K Heap: 202,5M(256,0M)->149,2M(256,0M)]
 [Times: user=0,04 sys=0,00, real=0,01 secs] 
2019-07-20T21:25:49.013-0300: 684,466: [GC concurrent-root-region-scan-start]
2019-07-20T21:25:49.024-0300: 684,477: [GC concurrent-root-region-scan-end, 0,0105422 secs]
2019-07-20T21:25:49.024-0300: 684,477: [GC concurrent-mark-start]
2019-07-20T21:25:49.037-0300: 684,490: [GC concurrent-mark-end, 0,0129152 secs]
2019-07-20T21:25:49.037-0300: 684,490: [GC remark 2019-07-20T21:25:49.037-0300: 684,490: [Finalize Marking, 0,0002384 secs] 2019-07-20T21:25:49.037-0300: 684,490: [GC ref-proc, 0,0001463 secs] 2019-07-20T21:25:49.037-0300: 684,491: [Unloading, 0,0038184 secs], 0,0052503 secs]
 [Times: user=0,02 sys=0,00, real=0,00 secs] 
2019-07-20T21:25:49.043-0300: 684,496: [GC cleanup 149M->149M(256M), 0,0015575 secs]
 [Times: user=0,00 sys=0,00, real=0,00 secs] 
2019-07-20T21:27:56.077-0300: 811,530: [GC pause (G1 Evacuation Pause) (young), 0,0173833 secs]
   [Parallel Time: 15,0 ms, GC Workers: 4]
      [GC Worker Start (ms): Min: 811530,0, Avg: 811533,7, Max: 811537,4, Diff: 7,4]
      [Ext Root Scanning (ms): Min: 0,0, Avg: 0,3, Max: 1,1, Diff: 1,1, Sum: 1,2]
      [Update RS (ms): Min: 0,0, Avg: 0,7, Max: 2,6, Diff: 2,6, Sum: 2,7]
         [Processed Buffers: Min: 0, Avg: 10,5, Max: 39, Diff: 39, Sum: 42]
      [Scan RS (ms): Min: 0,0, Avg: 0,0, Max: 0,0, Diff: 0,0, Sum: 0,1]
      [Code Root Scanning (ms): Min: 0,0, Avg: 0,0, Max: 0,0, Diff: 0,0, Sum: 0,1]
      [Object Copy (ms): Min: 7,2, Avg: 9,9, Max: 10,9, Diff: 3,7, Sum: 39,8]
      [Termination (ms): Min: 0,0, Avg: 0,1, Max: 0,1, Diff: 0,1, Sum: 0,3]
         [Termination Attempts: Min: 1, Avg: 2,8, Max: 4, Diff: 3, Sum: 11]
      [GC Worker Other (ms): Min: 0,0, Avg: 0,0, Max: 0,0, Diff: 0,0, Sum: 0,1]
      [GC Worker Total (ms): Min: 7,4, Avg: 11,0, Max: 14,8, Diff: 7,4, Sum: 44,2]
      [GC Worker End (ms): Min: 811544,8, Avg: 811544,8, Max: 811544,8, Diff: 0,0]
   [Code Root Fixup: 0,0 ms]
   [Code Root Purge: 0,0 ms]
   [Clear CT: 0,6 ms]
   [Other: 1,8 ms]
      [Choose CSet: 0,0 ms]
      [Ref Proc: 1,2 ms]
      [Ref Enq: 0,0 ms]
      [Redirty Cards: 0,4 ms]
      [Humongous Register: 0,0 ms]
      [Humongous Reclaim: 0,0 ms]
      [Free CSet: 0,0 ms]
   [Eden: 19,0M(19,0M)->0,0B(40,0M) Survivors: 8192,0K->4096,0K Heap: 168,2M(256,0M)->151,6M(256,0M)]
 [Times: user=0,03 sys=0,01, real=0,01 secs] 
2019-07-20T21:28:47.031-0300: 862,484: [GC pause (G1 Evacuation Pause) (young), 0,0126506 secs]
   [Parallel Time: 11,4 ms, GC Workers: 4]
      [GC Worker Start (ms): Min: 862484,5, Avg: 862488,4, Max: 862491,6, Diff: 7,2]
      [Ext Root Scanning (ms): Min: 0,0, Avg: 0,3, Max: 0,9, Diff: 0,9, Sum: 1,1]
      [Update RS (ms): Min: 0,0, Avg: 0,8, Max: 1,8, Diff: 1,8, Sum: 3,3]
         [Processed Buffers: Min: 0, Avg: 12,8, Max: 34, Diff: 34, Sum: 51]
      [Scan RS (ms): Min: 0,0, Avg: 0,3, Max: 0,7, Diff: 0,7, Sum: 1,3]
      [Code Root Scanning (ms): Min: 0,0, Avg: 0,0, Max: 0,0, Diff: 0,0, Sum: 0,0]
      [Object Copy (ms): Min: 1,5, Avg: 4,0, Max: 7,9, Diff: 6,5, Sum: 16,0]
      [Termination (ms): Min: 0,0, Avg: 2,0, Max: 2,7, Diff: 2,7, Sum: 8,0]
         [Termination Attempts: Min: 1, Avg: 3,0, Max: 5, Diff: 4, Sum: 12]
      [GC Worker Other (ms): Min: 0,0, Avg: 0,0, Max: 0,1, Diff: 0,1, Sum: 0,2]
      [GC Worker Total (ms): Min: 4,2, Avg: 7,5, Max: 11,4, Diff: 7,1, Sum: 30,0]
      [GC Worker End (ms): Min: 862495,8, Avg: 862495,8, Max: 862495,9, Diff: 0,0]
   [Code Root Fixup: 0,0 ms]
   [Code Root Purge: 0,0 ms]
   [Clear CT: 0,4 ms]
   [Other: 0,8 ms]
      [Choose CSet: 0,0 ms]
      [Ref Proc: 0,3 ms]
      [Ref Enq: 0,0 ms]
      [Redirty Cards: 0,3 ms]
      [Humongous Register: 0,0 ms]
      [Humongous Reclaim: 0,0 ms]
      [Free CSet: 0,0 ms]
   [Eden: 8192,0K(8192,0K)->0,0B(54,0M) Survivors: 4096,0K->2048,0K Heap: 159,6M(256,0M)->153,5M(256,0M)]
 [Times: user=0,02 sys=0,00, real=0,01 secs] 
2019-07-20T21:29:48.006-0300: 923,459: [GC pause (G1 Evacuation Pause) (young) (initial-mark), 0,0050019 secs]
   [Parallel Time: 3,6 ms, GC Workers: 4]
      [GC Worker Start (ms): Min: 923459,7, Avg: 923459,7, Max: 923459,8, Diff: 0,1]
      [Ext Root Scanning (ms): Min: 0,5, Avg: 0,6, Max: 0,7, Diff: 0,2, Sum: 2,5]
      [Update RS (ms): Min: 1,1, Avg: 1,1, Max: 1,2, Diff: 0,1, Sum: 4,6]
         [Processed Buffers: Min: 3, Avg: 11,8, Max: 33, Diff: 30, Sum: 47]
      [Scan RS (ms): Min: 0,2, Avg: 0,2, Max: 0,2, Diff: 0,0, Sum: 0,8]
      [Code Root Scanning (ms): Min: 0,0, Avg: 0,0, Max: 0,0, Diff: 0,0, Sum: 0,0]
      [Object Copy (ms): Min: 1,4, Avg: 1,4, Max: 1,4, Diff: 0,1, Sum: 5,7]
      [Termination (ms): Min: 0,0, Avg: 0,0, Max: 0,0, Diff: 0,0, Sum: 0,0]
         [Termination Attempts: Min: 1, Avg: 1,0, Max: 1, Diff: 0, Sum: 4]
      [GC Worker Other (ms): Min: 0,0, Avg: 0,0, Max: 0,0, Diff: 0,0, Sum: 0,1]
      [GC Worker Total (ms): Min: 3,4, Avg: 3,4, Max: 3,5, Diff: 0,1, Sum: 13,7]
      [GC Worker End (ms): Min: 923463,2, Avg: 923463,2, Max: 923463,2, Diff: 0,0]
   [Code Root Fixup: 0,0 ms]
   [Code Root Purge: 0,0 ms]
   [Clear CT: 0,5 ms]
   [Other: 0,9 ms]
      [Choose CSet: 0,0 ms]
      [Ref Proc: 0,4 ms]
      [Ref Enq: 0,0 ms]
      [Redirty Cards: 0,3 ms]
      [Humongous Register: 0,0 ms]
      [Humongous Reclaim: 0,0 ms]
      [Free CSet: 0,0 ms]
   [Eden: 10,0M(10,0M)->0,0B(66,0M) Survivors: 2048,0K->2048,0K Heap: 163,5M(256,0M)->155,0M(256,0M)]
 [Times: user=0,01 sys=0,00, real=0,00 secs] 
2019-07-20T21:29:48.011-0300: 923,465: [GC concurrent-root-region-scan-start]
2019-07-20T21:29:48.014-0300: 923,467: [GC concurrent-root-region-scan-end, 0,0021577 secs]
2019-07-20T21:29:48.014-0300: 923,467: [GC concurrent-mark-start]
2019-07-20T21:29:48.027-0300: 923,480: [GC concurrent-mark-end, 0,0130762 secs]
2019-07-20T21:29:48.027-0300: 923,480: [GC remark 2019-07-20T21:29:48.027-0300: 923,480: [Finalize Marking, 0,0003041 secs] 2019-07-20T21:29:48.027-0300: 923,481: [GC ref-proc, 0,0001616 secs] 2019-07-20T21:29:48.027-0300: 923,481: [Unloading, 0,0025518 secs], 0,0040131 secs]
 [Times: user=0,02 sys=0,00, real=0,00 secs] 
2019-07-20T21:29:48.031-0300: 923,485: [GC cleanup 155M->155M(256M), 0,0015455 secs]
 [Times: user=0,00 sys=0,00, real=0,00 secs] 
2019-07-20T21:37:07.327-0300: 1362,780: [GC pause (G1 Evacuation Pause) (young), 0,0123237 secs]
   [Parallel Time: 10,9 ms, GC Workers: 4]
      [GC Worker Start (ms): Min: 1362780,1, Avg: 1362780,1, Max: 1362780,2, Diff: 0,2]
      [Ext Root Scanning (ms): Min: 0,2, Avg: 0,3, Max: 0,6, Diff: 0,4, Sum: 1,2]
      [Update RS (ms): Min: 1,9, Avg: 2,0, Max: 2,0, Diff: 0,2, Sum: 7,8]
         [Processed Buffers: Min: 6, Avg: 13,0, Max: 21, Diff: 15, Sum: 52]
      [Scan RS (ms): Min: 0,0, Avg: 0,1, Max: 0,1, Diff: 0,1, Sum: 0,3]
      [Code Root Scanning (ms): Min: 0,0, Avg: 0,0, Max: 0,1, Diff: 0,0, Sum: 0,1]
      [Object Copy (ms): Min: 8,0, Avg: 8,0, Max: 8,1, Diff: 0,1, Sum: 32,1]
      [Termination (ms): Min: 0,0, Avg: 0,0, Max: 0,0, Diff: 0,0, Sum: 0,0]
         [Termination Attempts: Min: 1, Avg: 1,0, Max: 1, Diff: 0, Sum: 4]
      [GC Worker Other (ms): Min: 0,0, Avg: 0,0, Max: 0,0, Diff: 0,0, Sum: 0,1]
      [GC Worker Total (ms): Min: 10,3, Avg: 10,4, Max: 10,5, Diff: 0,2, Sum: 41,7]
      [GC Worker End (ms): Min: 1362790,6, Avg: 1362790,6, Max: 1362790,6, Diff: 0,0]
   [Code Root Fixup: 0,0 ms]
   [Code Root Purge: 0,0 ms]
   [Clear CT: 0,3 ms]
   [Other: 1,1 ms]
      [Choose CSet: 0,0 ms]
      [Ref Proc: 0,4 ms]
      [Ref Enq: 0,0 ms]
      [Redirty Cards: 0,5 ms]
      [Humongous Register: 0,0 ms]
      [Humongous Reclaim: 0,0 ms]
      [Free CSet: 0,0 ms]
   [Eden: 66,0M(66,0M)->0,0B(4096,0K) Survivors: 2048,0K->8192,0K Heap: 221,0M(256,0M)->161,3M(256,0M)]
 [Times: user=0,05 sys=0,00, real=0,01 secs] 
2019-07-20T21:37:35.299-0300: 1390,752: [GC pause (G1 Evacuation Pause) (mixed), 0,0126087 secs]
   [Parallel Time: 11,2 ms, GC Workers: 4]
      [GC Worker Start (ms): Min: 1390752,2, Avg: 1390755,9, Max: 1390759,6, Diff: 7,4]
      [Ext Root Scanning (ms): Min: 0,0, Avg: 0,3, Max: 0,9, Diff: 0,9, Sum: 1,1]
      [Update RS (ms): Min: 0,0, Avg: 0,6, Max: 1,5, Diff: 1,5, Sum: 2,4]
         [Processed Buffers: Min: 0, Avg: 9,2, Max: 29, Diff: 29, Sum: 37]
      [Scan RS (ms): Min: 0,0, Avg: 0,1, Max: 0,2, Diff: 0,2, Sum: 0,4]
      [Code Root Scanning (ms): Min: 0,0, Avg: 0,0, Max: 0,1, Diff: 0,1, Sum: 0,1]
      [Object Copy (ms): Min: 3,5, Avg: 6,4, Max: 8,5, Diff: 4,9, Sum: 25,5]
      [Termination (ms): Min: 0,0, Avg: 0,1, Max: 0,1, Diff: 0,1, Sum: 0,2]
         [Termination Attempts: Min: 1, Avg: 1,0, Max: 1, Diff: 0, Sum: 4]
      [GC Worker Other (ms): Min: 0,0, Avg: 0,0, Max: 0,1, Diff: 0,1, Sum: 0,1]
      [GC Worker Total (ms): Min: 3,8, Avg: 7,5, Max: 11,2, Diff: 7,4, Sum: 29,9]
      [GC Worker End (ms): Min: 1390763,4, Avg: 1390763,4, Max: 1390763,4, Diff: 0,0]
   [Code Root Fixup: 0,0 ms]
   [Code Root Purge: 0,0 ms]
   [Clear CT: 0,5 ms]
   [Other: 0,8 ms]
      [Choose CSet: 0,0 ms]
      [Ref Proc: 0,3 ms]
      [Ref Enq: 0,0 ms]
      [Redirty Cards: 0,3 ms]
      [Humongous Register: 0,0 ms]
      [Humongous Reclaim: 0,0 ms]
      [Free CSet: 0,0 ms]
   [Eden: 4096,0K(4096,0K)->0,0B(65,0M) Survivors: 8192,0K->2048,0K Heap: 165,3M(256,0M)->156,7M(256,0M)]
 [Times: user=0,03 sys=0,00, real=0,01 secs] 
2019-07-20T21:43:55.898-0300: 1771,351: [GC pause (G1 Evacuation Pause) (young), 0,0103310 secs]
   [Parallel Time: 9,0 ms, GC Workers: 4]
      [GC Worker Start (ms): Min: 1771351,5, Avg: 1771352,1, Max: 1771353,7, Diff: 2,2]
      [Ext Root Scanning (ms): Min: 0,0, Avg: 0,3, Max: 0,5, Diff: 0,5, Sum: 1,1]
      [Update RS (ms): Min: 0,0, Avg: 1,3, Max: 1,9, Diff: 1,9, Sum: 5,3]
         [Processed Buffers: Min: 0, Avg: 14,5, Max: 44, Diff: 44, Sum: 58]
      [Scan RS (ms): Min: 0,3, Avg: 0,3, Max: 0,4, Diff: 0,1, Sum: 1,3]
      [Code Root Scanning (ms): Min: 0,0, Avg: 0,0, Max: 0,0, Diff: 0,0, Sum: 0,1]
      [Object Copy (ms): Min: 6,2, Avg: 6,3, Max: 6,3, Diff: 0,1, Sum: 25,0]
      [Termination (ms): Min: 0,0, Avg: 0,0, Max: 0,0, Diff: 0,0, Sum: 0,1]
         [Termination Attempts: Min: 1, Avg: 1,0, Max: 1, Diff: 0, Sum: 4]
      [GC Worker Other (ms): Min: 0,0, Avg: 0,0, Max: 0,0, Diff: 0,0, Sum: 0,1]
      [GC Worker Total (ms): Min: 6,7, Avg: 8,3, Max: 8,9, Diff: 2,2, Sum: 33,1]
      [GC Worker End (ms): Min: 1771360,4, Avg: 1771360,4, Max: 1771360,4, Diff: 0,0]
   [Code Root Fixup: 0,0 ms]
   [Code Root Purge: 0,0 ms]
   [Clear CT: 0,4 ms]
   [Other: 0,9 ms]
      [Choose CSet: 0,0 ms]
      [Ref Proc: 0,3 ms]
      [Ref Enq: 0,0 ms]
      [Redirty Cards: 0,4 ms]
      [Humongous Register: 0,0 ms]
      [Humongous Reclaim: 0,0 ms]
      [Free CSet: 0,0 ms]
   [Eden: 57,0M(57,0M)->0,0B(57,0M) Survivors: 2048,0K->8192,0K Heap: 213,7M(256,0M)->164,0M(256,0M)]
 [Times: user=0,04 sys=0,01, real=0,01 secs] 
2019-07-20T21:50:10.731-0300: 2146,184: [GC pause (G1 Evacuation Pause) (young) (initial-mark), 0,0157587 secs]
   [Parallel Time: 14,3 ms, GC Workers: 4]
      [GC Worker Start (ms): Min: 2146184,6, Avg: 2146184,7, Max: 2146184,7, Diff: 0,2]
      [Ext Root Scanning (ms): Min: 0,6, Avg: 1,9, Max: 5,0, Diff: 4,4, Sum: 7,6]
      [Update RS (ms): Min: 0,0, Avg: 0,6, Max: 1,2, Diff: 1,2, Sum: 2,6]
         [Processed Buffers: Min: 0, Avg: 11,5, Max: 22, Diff: 22, Sum: 46]
      [Scan RS (ms): Min: 0,0, Avg: 0,0, Max: 0,0, Diff: 0,0, Sum: 0,1]
      [Code Root Scanning (ms): Min: 0,0, Avg: 0,0, Max: 0,0, Diff: 0,0, Sum: 0,1]
      [Object Copy (ms): Min: 9,0, Avg: 11,5, Max: 12,3, Diff: 3,3, Sum: 45,8]
      [Termination (ms): Min: 0,0, Avg: 0,1, Max: 0,1, Diff: 0,1, Sum: 0,2]
         [Termination Attempts: Min: 1, Avg: 1,0, Max: 1, Diff: 0, Sum: 4]
      [GC Worker Other (ms): Min: 0,0, Avg: 0,0, Max: 0,0, Diff: 0,0, Sum: 0,1]
      [GC Worker Total (ms): Min: 14,0, Avg: 14,1, Max: 14,2, Diff: 0,2, Sum: 56,5]
      [GC Worker End (ms): Min: 2146198,8, Avg: 2146198,8, Max: 2146198,8, Diff: 0,0]
   [Code Root Fixup: 0,0 ms]
   [Code Root Purge: 0,0 ms]
   [Clear CT: 0,5 ms]
   [Other: 0,9 ms]
      [Choose CSet: 0,0 ms]
      [Ref Proc: 0,4 ms]
      [Ref Enq: 0,0 ms]
      [Redirty Cards: 0,4 ms]
      [Humongous Register: 0,0 ms]
      [Humongous Reclaim: 0,0 ms]
      [Free CSet: 0,0 ms]
   [Eden: 57,0M(57,0M)->0,0B(52,0M) Survivors: 8192,0K->6144,0K Heap: 221,0M(256,0M)->170,7M(256,0M)]
 [Times: user=0,06 sys=0,00, real=0,02 secs] 
2019-07-20T21:50:10.747-0300: 2146,200: [GC concurrent-root-region-scan-start]
2019-07-20T21:50:10.754-0300: 2146,208: [GC concurrent-root-region-scan-end, 0,0073426 secs]
2019-07-20T21:50:10.754-0300: 2146,208: [GC concurrent-mark-start]
2019-07-20T21:50:10.769-0300: 2146,223: [GC concurrent-mark-end, 0,0147302 secs]
2019-07-20T21:50:10.770-0300: 2146,223: [GC remark 2019-07-20T21:50:10.770-0300: 2146,223: [Finalize Marking, 0,0002995 secs] 2019-07-20T21:50:10.770-0300: 2146,223: [GC ref-proc, 0,0001997 secs] 2019-07-20T21:50:10.770-0300: 2146,223: [Unloading, 0,0050312 secs], 0,0064185 secs]
 [Times: user=0,00 sys=0,00, real=0,00 secs] 
2019-07-20T21:50:10.777-0300: 2146,231: [GC cleanup 170M->170M(256M), 0,0016030 secs]
 [Times: user=0,00 sys=0,00, real=0,00 secs] 
2019-07-20T21:55:56.075-0300: 2491,529: [GC pause (G1 Evacuation Pause) (young), 0,0174061 secs]
   [Parallel Time: 15,7 ms, GC Workers: 4]
      [GC Worker Start (ms): Min: 2491528,9, Avg: 2491531,4, Max: 2491534,0, Diff: 5,1]
      [Ext Root Scanning (ms): Min: 0,0, Avg: 0,3, Max: 0,6, Diff: 0,5, Sum: 1,1]
      [Update RS (ms): Min: 0,0, Avg: 0,8, Max: 1,6, Diff: 1,6, Sum: 3,1]
         [Processed Buffers: Min: 0, Avg: 15,2, Max: 40, Diff: 40, Sum: 61]
      [Scan RS (ms): Min: 0,0, Avg: 0,3, Max: 0,6, Diff: 0,6, Sum: 1,2]
      [Code Root Scanning (ms): Min: 0,0, Avg: 0,0, Max: 0,0, Diff: 0,0, Sum: 0,1]
      [Object Copy (ms): Min: 10,3, Avg: 11,5, Max: 12,6, Diff: 2,4, Sum: 45,9]
      [Termination (ms): Min: 0,0, Avg: 0,1, Max: 0,1, Diff: 0,1, Sum: 0,3]
         [Termination Attempts: Min: 1, Avg: 1,0, Max: 1, Diff: 0, Sum: 4]
      [GC Worker Other (ms): Min: 0,0, Avg: 0,0, Max: 0,0, Diff: 0,0, Sum: 0,1]
      [GC Worker Total (ms): Min: 10,4, Avg: 13,0, Max: 15,5, Diff: 5,1, Sum: 51,8]
      [GC Worker End (ms): Min: 2491544,4, Avg: 2491544,4, Max: 2491544,4, Diff: 0,0]
   [Code Root Fixup: 0,0 ms]
   [Code Root Purge: 0,0 ms]
   [Clear CT: 0,4 ms]
   [Other: 1,3 ms]
      [Choose CSet: 0,0 ms]
      [Ref Proc: 0,7 ms]
      [Ref Enq: 0,0 ms]
      [Redirty Cards: 0,4 ms]
      [Humongous Register: 0,0 ms]
      [Humongous Reclaim: 0,0 ms]
      [Free CSet: 0,1 ms]
   [Eden: 52,0M(52,0M)->0,0B(5120,0K) Survivors: 6144,0K->7168,0K Heap: 222,7M(256,0M)->177,5M(256,0M)]
 [Times: user=0,06 sys=0,00, real=0,02 secs] 
2019-07-20T21:56:28.368-0300: 2523,821: [GC pause (G1 Evacuation Pause) (mixed), 0,0144877 secs]
   [Parallel Time: 13,2 ms, GC Workers: 4]
      [GC Worker Start (ms): Min: 2523821,1, Avg: 2523826,2, Max: 2523831,3, Diff: 10,2]
      [Ext Root Scanning (ms): Min: 0,0, Avg: 0,3, Max: 0,6, Diff: 0,6, Sum: 1,2]
      [Update RS (ms): Min: 0,0, Avg: 1,1, Max: 2,2, Diff: 2,2, Sum: 4,4]
         [Processed Buffers: Min: 0, Avg: 12,8, Max: 28, Diff: 28, Sum: 51]
      [Scan RS (ms): Min: 0,0, Avg: 0,3, Max: 0,7, Diff: 0,7, Sum: 1,3]
      [Code Root Scanning (ms): Min: 0,0, Avg: 0,0, Max: 0,0, Diff: 0,0, Sum: 0,0]
      [Object Copy (ms): Min: 0,2, Avg: 4,2, Max: 9,6, Diff: 9,5, Sum: 16,7]
      [Termination (ms): Min: 0,0, Avg: 2,0, Max: 2,9, Diff: 2,8, Sum: 8,2]
         [Termination Attempts: Min: 1, Avg: 1,8, Max: 2, Diff: 1, Sum: 7]
      [GC Worker Other (ms): Min: 0,0, Avg: 0,0, Max: 0,0, Diff: 0,0, Sum: 0,1]
      [GC Worker Total (ms): Min: 2,9, Avg: 8,0, Max: 13,1, Diff: 10,2, Sum: 31,9]
      [GC Worker End (ms): Min: 2523834,1, Avg: 2523834,2, Max: 2523834,2, Diff: 0,0]
   [Code Root Fixup: 0,0 ms]
   [Code Root Purge: 0,0 ms]
   [Clear CT: 0,2 ms]
   [Other: 1,0 ms]
      [Choose CSet: 0,0 ms]
      [Ref Proc: 0,4 ms]
      [Ref Enq: 0,0 ms]
      [Redirty Cards: 0,5 ms]
      [Humongous Register: 0,0 ms]
      [Humongous Reclaim: 0,0 ms]
      [Free CSet: 0,0 ms]
   [Eden: 5120,0K(5120,0K)->0,0B(10,0M) Survivors: 7168,0K->2048,0K Heap: 182,5M(256,0M)->169,0M(256,0M)]
 [Times: user=0,02 sys=0,00, real=0,01 secs] 
2019-07-20T21:57:36.082-0300: 2591,535: [GC pause (G1 Evacuation Pause) (mixed), 0,0076860 secs]
   [Parallel Time: 6,4 ms, GC Workers: 4]
      [GC Worker Start (ms): Min: 2591535,5, Avg: 2591536,6, Max: 2591540,0, Diff: 4,5]
      [Ext Root Scanning (ms): Min: 0,0, Avg: 0,0, Max: 0,0, Diff: 0,0, Sum: 0,0]
      [Update RS (ms): Min: 0,0, Avg: 0,0, Max: 0,0, Diff: 0,0, Sum: 0,0]
         [Processed Buffers: Min: 0, Avg: 12,5, Max: 25, Diff: 25, Sum: 50]
      [Scan RS (ms): Min: 0,0, Avg: 1,1, Max: 4,5, Diff: 4,5, Sum: 4,5]
      [Code Root Scanning (ms): Min: 0,0, Avg: 0,0, Max: 0,0, Diff: 0,0, Sum: 0,0]
      [Object Copy (ms): Min: 1,7, Avg: 4,0, Max: 6,3, Diff: 4,6, Sum: 16,1]
      [Termination (ms): Min: 0,0, Avg: 0,0, Max: 0,0, Diff: 0,0, Sum: 0,0]
         [Termination Attempts: Min: 1, Avg: 2,5, Max: 5, Diff: 4, Sum: 10]
      [GC Worker Other (ms): Min: 0,0, Avg: 0,0, Max: 0,0, Diff: 0,0, Sum: 0,0]
      [GC Worker Total (ms): Min: 1,8, Avg: 5,2, Max: 6,3, Diff: 4,5, Sum: 20,7]
      [GC Worker End (ms): Min: 2591541,8, Avg: 2591541,8, Max: 2591541,8, Diff: 0,0]
   [Code Root Fixup: 0,0 ms]
   [Code Root Purge: 0,0 ms]
   [Clear CT: 0,3 ms]
   [Other: 1,0 ms]
      [Choose CSet: 0,0 ms]
      [Ref Proc: 0,4 ms]
      [Ref Enq: 0,0 ms]
      [Redirty Cards: 0,4 ms]
      [Humongous Register: 0,0 ms]
      [Humongous Reclaim: 0,0 ms]
      [Free CSet: 0,0 ms]
   [Eden: 10,0M(10,0M)->0,0B(58,0M) Survivors: 2048,0K->2048,0K Heap: 179,0M(256,0M)->164,5M(256,0M)]
 [Times: user=0,03 sys=0,00, real=0,01 secs] 
2019-07-20T22:04:02.574-0300: 2978,027: [GC pause (G1 Evacuation Pause) (young), 0,0213334 secs]
   [Parallel Time: 20,0 ms, GC Workers: 4]
      [GC Worker Start (ms): Min: 2978027,2, Avg: 2978032,6, Max: 2978036,3, Diff: 9,1]
      [Ext Root Scanning (ms): Min: 0,0, Avg: 0,3, Max: 1,0, Diff: 1,0, Sum: 1,3]
      [Update RS (ms): Min: 0,0, Avg: 1,6, Max: 4,4, Diff: 4,4, Sum: 6,4]
         [Processed Buffers: Min: 0, Avg: 14,0, Max: 35, Diff: 35, Sum: 56]
      [Scan RS (ms): Min: 0,0, Avg: 0,0, Max: 0,1, Diff: 0,1, Sum: 0,1]
      [Code Root Scanning (ms): Min: 0,0, Avg: 0,0, Max: 0,1, Diff: 0,1, Sum: 0,1]
      [Object Copy (ms): Min: 10,7, Avg: 12,5, Max: 14,2, Diff: 3,5, Sum: 49,8]
      [Termination (ms): Min: 0,0, Avg: 0,0, Max: 0,0, Diff: 0,0, Sum: 0,1]
         [Termination Attempts: Min: 1, Avg: 1,2, Max: 2, Diff: 1, Sum: 5]
      [GC Worker Other (ms): Min: 0,0, Avg: 0,0, Max: 0,1, Diff: 0,0, Sum: 0,2]
      [GC Worker Total (ms): Min: 10,8, Avg: 14,5, Max: 19,9, Diff: 9,1, Sum: 58,0]
      [GC Worker End (ms): Min: 2978047,1, Avg: 2978047,1, Max: 2978047,1, Diff: 0,0]
   [Code Root Fixup: 0,0 ms]
   [Code Root Purge: 0,0 ms]
   [Clear CT: 0,3 ms]
   [Other: 1,0 ms]
      [Choose CSet: 0,0 ms]
      [Ref Proc: 0,4 ms]
      [Ref Enq: 0,0 ms]
      [Redirty Cards: 0,4 ms]
      [Humongous Register: 0,0 ms]
      [Humongous Reclaim: 0,0 ms]
      [Free CSet: 0,0 ms]
   [Eden: 58,0M(58,0M)->0,0B(29,0M) Survivors: 2048,0K->7168,0K Heap: 222,5M(256,0M)->169,5M(256,0M)]
 [Times: user=0,07 sys=0,00, real=0,02 secs] 
2019-07-20T22:07:14.539-0300: 3169,993: [GC pause (G1 Evacuation Pause) (young) (initial-mark), 0,0161620 secs]
   [Parallel Time: 14,6 ms, GC Workers: 4]
      [GC Worker Start (ms): Min: 3169992,7, Avg: 3169993,1, Max: 3169993,5, Diff: 0,8]
      [Ext Root Scanning (ms): Min: 0,0, Avg: 4,5, Max: 8,9, Diff: 8,9, Sum: 18,1]
      [Update RS (ms): Min: 0,0, Avg: 0,5, Max: 0,9, Diff: 0,9, Sum: 1,9]
         [Processed Buffers: Min: 0, Avg: 11,2, Max: 30, Diff: 30, Sum: 45]
      [Scan RS (ms): Min: 0,0, Avg: 0,0, Max: 0,0, Diff: 0,0, Sum: 0,1]
      [Code Root Scanning (ms): Min: 0,0, Avg: 0,0, Max: 0,0, Diff: 0,0, Sum: 0,1]
      [Object Copy (ms): Min: 4,5, Avg: 8,3, Max: 12,5, Diff: 8,0, Sum: 33,2]
      [Termination (ms): Min: 0,0, Avg: 0,6, Max: 0,8, Diff: 0,8, Sum: 2,4]
         [Termination Attempts: Min: 1, Avg: 1,0, Max: 1, Diff: 0, Sum: 4]
      [GC Worker Other (ms): Min: 0,0, Avg: 0,0, Max: 0,0, Diff: 0,0, Sum: 0,1]
      [GC Worker Total (ms): Min: 13,6, Avg: 13,9, Max: 14,3, Diff: 0,8, Sum: 55,8]
      [GC Worker End (ms): Min: 3170007,0, Avg: 3170007,0, Max: 3170007,0, Diff: 0,0]
   [Code Root Fixup: 0,0 ms]
   [Code Root Purge: 0,0 ms]
   [Clear CT: 0,3 ms]
   [Other: 1,2 ms]
      [Choose CSet: 0,0 ms]
      [Ref Proc: 0,6 ms]
      [Ref Enq: 0,0 ms]
      [Redirty Cards: 0,4 ms]
      [Humongous Register: 0,0 ms]
      [Humongous Reclaim: 0,0 ms]
      [Free CSet: 0,0 ms]
   [Eden: 29,0M(29,0M)->0,0B(50,0M) Survivors: 7168,0K->4096,0K Heap: 198,5M(256,0M)->173,0M(256,0M)]
 [Times: user=0,05 sys=0,00, real=0,01 secs] 
2019-07-20T22:07:14.556-0300: 3170,009: [GC concurrent-root-region-scan-start]
2019-07-20T22:07:14.560-0300: 3170,014: [GC concurrent-root-region-scan-end, 0,0047286 secs]
2019-07-20T22:07:14.560-0300: 3170,014: [GC concurrent-mark-start]
2019-07-20T22:07:14.574-0300: 3170,027: [GC concurrent-mark-end, 0,0134784 secs]
2019-07-20T22:07:14.574-0300: 3170,028: [GC remark 2019-07-20T22:07:14.574-0300: 3170,028: [Finalize Marking, 0,0002507 secs] 2019-07-20T22:07:14.575-0300: 3170,028: [GC ref-proc, 0,0001600 secs] 2019-07-20T22:07:14.575-0300: 3170,028: [Unloading, 0,0032124 secs], 0,0046748 secs]
 [Times: user=0,04 sys=0,00, real=0,01 secs] 
2019-07-20T22:07:14.580-0300: 3170,033: [GC cleanup 173M->172M(256M), 0,0014025 secs]
 [Times: user=0,00 sys=0,00, real=0,00 secs] 
2019-07-20T22:07:14.581-0300: 3170,035: [GC concurrent-cleanup-start]
2019-07-20T22:07:14.581-0300: 3170,035: [GC concurrent-cleanup-end, 0,0000195 secs]
2019-07-20T22:12:52.139-0300: 3507,593: [GC pause (G1 Evacuation Pause) (young), 0,0113930 secs]
   [Parallel Time: 9,8 ms, GC Workers: 4]
      [GC Worker Start (ms): Min: 3507592,7, Avg: 3507593,2, Max: 3507593,7, Diff: 1,1]
      [Ext Root Scanning (ms): Min: 0,0, Avg: 0,3, Max: 0,6, Diff: 0,5, Sum: 1,1]
      [Update RS (ms): Min: 1,3, Avg: 1,6, Max: 1,8, Diff: 0,5, Sum: 6,3]
         [Processed Buffers: Min: 13, Avg: 17,0, Max: 22, Diff: 9, Sum: 68]
      [Scan RS (ms): Min: 0,0, Avg: 0,0, Max: 0,1, Diff: 0,1, Sum: 0,2]
      [Code Root Scanning (ms): Min: 0,0, Avg: 0,0, Max: 0,0, Diff: 0,0, Sum: 0,1]
      [Object Copy (ms): Min: 7,3, Avg: 7,3, Max: 7,3, Diff: 0,1, Sum: 29,1]
      [Termination (ms): Min: 0,0, Avg: 0,0, Max: 0,0, Diff: 0,0, Sum: 0,0]
         [Termination Attempts: Min: 1, Avg: 1,0, Max: 1, Diff: 0, Sum: 4]
      [GC Worker Other (ms): Min: 0,0, Avg: 0,0, Max: 0,0, Diff: 0,0, Sum: 0,1]
      [GC Worker Total (ms): Min: 8,7, Avg: 9,2, Max: 9,8, Diff: 1,1, Sum: 36,8]
      [GC Worker End (ms): Min: 3507602,4, Avg: 3507602,4, Max: 3507602,4, Diff: 0,0]
   [Code Root Fixup: 0,0 ms]
   [Code Root Purge: 0,0 ms]
   [Clear CT: 0,4 ms]
   [Other: 1,1 ms]
      [Choose CSet: 0,0 ms]
      [Ref Proc: 0,4 ms]
      [Ref Enq: 0,0 ms]
      [Redirty Cards: 0,5 ms]
      [Humongous Register: 0,0 ms]
      [Humongous Reclaim: 0,0 ms]
      [Free CSet: 0,0 ms]
   [Eden: 50,0M(50,0M)->0,0B(5120,0K) Survivors: 4096,0K->7168,0K Heap: 222,0M(256,0M)->176,5M(256,0M)]
 [Times: user=0,06 sys=0,00, real=0,01 secs] 
2019-07-20T22:13:24.807-0300: 3540,260: [GC pause (G1 Evacuation Pause) (mixed), 0,0159810 secs]
   [Parallel Time: 11,5 ms, GC Workers: 4]
      [GC Worker Start (ms): Min: 3540260,6, Avg: 3540264,7, Max: 3540270,7, Diff: 10,1]
      [Ext Root Scanning (ms): Min: 0,0, Avg: 0,3, Max: 1,0, Diff: 1,0, Sum: 1,1]
      [Update RS (ms): Min: 0,0, Avg: 0,9, Max: 1,9, Diff: 1,9, Sum: 3,4]
         [Processed Buffers: Min: 0, Avg: 10,2, Max: 31, Diff: 31, Sum: 41]
      [Scan RS (ms): Min: 0,0, Avg: 0,1, Max: 0,3, Diff: 0,3, Sum: 0,6]
      [Code Root Scanning (ms): Min: 0,0, Avg: 0,0, Max: 0,1, Diff: 0,1, Sum: 0,2]
      [Object Copy (ms): Min: 1,2, Avg: 5,9, Max: 8,2, Diff: 7,0, Sum: 23,7]
      [Termination (ms): Min: 0,0, Avg: 0,0, Max: 0,0, Diff: 0,0, Sum: 0,0]
         [Termination Attempts: Min: 1, Avg: 1,0, Max: 1, Diff: 0, Sum: 4]
      [GC Worker Other (ms): Min: 0,0, Avg: 0,0, Max: 0,0, Diff: 0,0, Sum: 0,1]
      [GC Worker Total (ms): Min: 1,3, Avg: 7,3, Max: 11,4, Diff: 10,1, Sum: 29,1]
      [GC Worker End (ms): Min: 3540272,0, Avg: 3540272,0, Max: 3540272,0, Diff: 0,0]
   [Code Root Fixup: 0,0 ms]
   [Code Root Purge: 0,0 ms]
   [Clear CT: 0,4 ms]
   [Other: 4,1 ms]
      [Choose CSet: 0,0 ms]
      [Ref Proc: 3,5 ms]
      [Ref Enq: 0,0 ms]
      [Redirty Cards: 0,3 ms]
      [Humongous Register: 0,0 ms]
      [Humongous Reclaim: 0,0 ms]
      [Free CSet: 0,0 ms]
   [Eden: 5120,0K(5120,0K)->0,0B(62,0M) Survivors: 7168,0K->2048,0K Heap: 181,5M(256,0M)->159,6M(256,0M)]
 [Times: user=0,04 sys=0,00, real=0,01 secs] 
2019-07-20T22:19:57.811-0300: 3933,264: [GC pause (G1 Evacuation Pause) (young), 0,0108392 secs]
   [Parallel Time: 9,3 ms, GC Workers: 4]
      [GC Worker Start (ms): Min: 3933264,5, Avg: 3933265,1, Max: 3933265,8, Diff: 1,3]
      [Ext Root Scanning (ms): Min: 0,0, Avg: 0,3, Max: 0,6, Diff: 0,6, Sum: 1,2]
      [Update RS (ms): Min: 2,9, Avg: 3,3, Max: 3,6, Diff: 0,7, Sum: 13,1]
         [Processed Buffers: Min: 14, Avg: 18,8, Max: 31, Diff: 17, Sum: 75]
      [Scan RS (ms): Min: 0,0, Avg: 0,0, Max: 0,1, Diff: 0,0, Sum: 0,2]
      [Code Root Scanning (ms): Min: 0,0, Avg: 0,0, Max: 0,0, Diff: 0,0, Sum: 0,1]
      [Object Copy (ms): Min: 4,7, Avg: 4,7, Max: 4,7, Diff: 0,1, Sum: 18,8]
      [Termination (ms): Min: 0,0, Avg: 0,0, Max: 0,0, Diff: 0,0, Sum: 0,0]
         [Termination Attempts: Min: 1, Avg: 1,0, Max: 1, Diff: 0, Sum: 4]
      [GC Worker Other (ms): Min: 0,0, Avg: 0,0, Max: 0,1, Diff: 0,0, Sum: 0,1]
      [GC Worker Total (ms): Min: 7,7, Avg: 8,4, Max: 9,0, Diff: 1,3, Sum: 33,5]
      [GC Worker End (ms): Min: 3933273,5, Avg: 3933273,5, Max: 3933273,5, Diff: 0,0]
   [Code Root Fixup: 0,0 ms]
   [Code Root Purge: 0,0 ms]
   [Clear CT: 0,4 ms]
   [Other: 1,1 ms]
      [Choose CSet: 0,0 ms]
      [Ref Proc: 0,4 ms]
      [Ref Enq: 0,0 ms]
      [Redirty Cards: 0,4 ms]
      [Humongous Register: 0,0 ms]
      [Humongous Reclaim: 0,0 ms]
      [Free CSet: 0,1 ms]
   [Eden: 62,0M(62,0M)->0,0B(59,0M) Survivors: 2048,0K->6144,0K Heap: 221,6M(256,0M)->163,1M(256,0M)]
 [Times: user=0,03 sys=0,00, real=0,01 secs] 
2019-07-20T22:26:33.033-0300: 4328,487: [GC pause (G1 Evacuation Pause) (young) (initial-mark), 0,0115933 secs]
   [Parallel Time: 10,5 ms, GC Workers: 4]
      [GC Worker Start (ms): Min: 4328486,7, Avg: 4328487,8, Max: 4328488,2, Diff: 1,5]
      [Ext Root Scanning (ms): Min: 0,0, Avg: 3,5, Max: 5,6, Diff: 5,5, Sum: 14,0]
      [Update RS (ms): Min: 0,0, Avg: 0,5, Max: 1,7, Diff: 1,7, Sum: 2,1]
         [Processed Buffers: Min: 0, Avg: 11,5, Max: 28, Diff: 28, Sum: 46]
      [Scan RS (ms): Min: 0,0, Avg: 0,0, Max: 0,1, Diff: 0,1, Sum: 0,1]
      [Code Root Scanning (ms): Min: 0,0, Avg: 0,0, Max: 0,0, Diff: 0,0, Sum: 0,1]
      [Object Copy (ms): Min: 3,1, Avg: 4,9, Max: 6,8, Diff: 3,7, Sum: 19,7]
      [Termination (ms): Min: 0,0, Avg: 0,1, Max: 0,2, Diff: 0,2, Sum: 0,3]
         [Termination Attempts: Min: 1, Avg: 1,8, Max: 3, Diff: 2, Sum: 7]
      [GC Worker Other (ms): Min: 0,0, Avg: 0,0, Max: 0,0, Diff: 0,0, Sum: 0,1]
      [GC Worker Total (ms): Min: 8,7, Avg: 9,1, Max: 10,2, Diff: 1,5, Sum: 36,4]
      [GC Worker End (ms): Min: 4328496,9, Avg: 4328496,9, Max: 4328497,0, Diff: 0,1]
   [Code Root Fixup: 0,0 ms]
   [Code Root Purge: 0,0 ms]
   [Clear CT: 0,3 ms]
   [Other: 0,8 ms]
      [Choose CSet: 0,0 ms]
      [Ref Proc: 0,3 ms]
      [Ref Enq: 0,0 ms]
      [Redirty Cards: 0,2 ms]
      [Humongous Register: 0,0 ms]
      [Humongous Reclaim: 0,0 ms]
      [Free CSet: 0,0 ms]
   [Eden: 59,0M(59,0M)->0,0B(60,0M) Survivors: 6144,0K->5120,0K Heap: 222,1M(256,0M)->162,6M(256,0M)]
 [Times: user=0,02 sys=0,00, real=0,02 secs] 
2019-07-20T22:26:33.045-0300: 4328,498: [GC concurrent-root-region-scan-start]
2019-07-20T22:26:33.051-0300: 4328,505: [GC concurrent-root-region-scan-end, 0,0061831 secs]
2019-07-20T22:26:33.051-0300: 4328,505: [GC concurrent-mark-start]
2019-07-20T22:26:33.064-0300: 4328,517: [GC concurrent-mark-end, 0,0121382 secs]
2019-07-20T22:26:33.064-0300: 4328,518: [GC remark 2019-07-20T22:26:33.064-0300: 4328,518: [Finalize Marking, 0,0002800 secs] 2019-07-20T22:26:33.065-0300: 4328,518: [GC ref-proc, 0,0001198 secs] 2019-07-20T22:26:33.065-0300: 4328,518: [Unloading, 0,0049644 secs], 0,0058237 secs]
 [Times: user=0,00 sys=0,00, real=0,00 secs] 
2019-07-20T22:26:33.070-0300: 4328,524: [GC cleanup 163M->162M(256M), 0,0000014 secs]
 [Times: user=0,00 sys=0,00, real=0,00 secs] 
2019-07-20T22:26:33.074-0300: 4328,528: [GC concurrent-cleanup-start]
2019-07-20T22:26:33.074-0300: 4328,528: [GC concurrent-cleanup-end, 0,0000203 secs]
2019-07-20T22:33:14.433-0300: 4729,886: [GC pause (G1 Evacuation Pause) (young), 0,0163874 secs]
   [Parallel Time: 15,0 ms, GC Workers: 4]
      [GC Worker Start (ms): Min: 4729886,4, Avg: 4729893,3, Max: 4729897,8, Diff: 11,4]
      [Ext Root Scanning (ms): Min: 0,0, Avg: 0,3, Max: 1,0, Diff: 1,0, Sum: 1,2]
      [Update RS (ms): Min: 0,0, Avg: 0,7, Max: 2,9, Diff: 2,9, Sum: 2,9]
         [Processed Buffers: Min: 0, Avg: 11,8, Max: 47, Diff: 47, Sum: 47]
      [Scan RS (ms): Min: 0,0, Avg: 0,1, Max: 0,4, Diff: 0,4, Sum: 0,4]
      [Code Root Scanning (ms): Min: 0,0, Avg: 0,1, Max: 0,4, Diff: 0,4, Sum: 0,4]
      [Object Copy (ms): Min: 3,0, Avg: 6,4, Max: 10,0, Diff: 7,0, Sum: 25,6]
      [Termination (ms): Min: 0,0, Avg: 0,4, Max: 0,5, Diff: 0,5, Sum: 1,4]
         [Termination Attempts: Min: 1, Avg: 1,8, Max: 3, Diff: 2, Sum: 7]
      [GC Worker Other (ms): Min: 0,0, Avg: 0,0, Max: 0,1, Diff: 0,1, Sum: 0,2]
      [GC Worker Total (ms): Min: 3,5, Avg: 8,0, Max: 14,9, Diff: 11,4, Sum: 32,1]
      [GC Worker End (ms): Min: 4729901,3, Avg: 4729901,3, Max: 4729901,3, Diff: 0,0]
   [Code Root Fixup: 0,0 ms]
   [Code Root Purge: 0,0 ms]
   [Clear CT: 0,4 ms]
   [Other: 1,0 ms]
      [Choose CSet: 0,0 ms]
      [Ref Proc: 0,5 ms]
      [Ref Enq: 0,0 ms]
      [Redirty Cards: 0,3 ms]
      [Humongous Register: 0,0 ms]
      [Humongous Reclaim: 0,0 ms]
      [Free CSet: 0,0 ms]
   [Eden: 60,0M(60,0M)->0,0B(7168,0K) Survivors: 5120,0K->5120,0K Heap: 221,6M(256,0M)->161,6M(256,0M)]
 [Times: user=0,02 sys=0,01, real=0,02 secs] 
2019-07-20T22:34:00.956-0300: 4776,409: [GC pause (G1 Evacuation Pause) (mixed), 0,0207670 secs]
   [Parallel Time: 11,0 ms, GC Workers: 4]
      [GC Worker Start (ms): Min: 4776409,0, Avg: 4776415,0, Max: 4776419,8, Diff: 10,8]
      [Ext Root Scanning (ms): Min: 0,0, Avg: 0,3, Max: 0,9, Diff: 0,9, Sum: 1,0]
      [Update RS (ms): Min: 0,0, Avg: 0,6, Max: 2,4, Diff: 2,4, Sum: 2,4]
         [Processed Buffers: Min: 0, Avg: 9,5, Max: 38, Diff: 38, Sum: 38]
      [Scan RS (ms): Min: 0,0, Avg: 0,1, Max: 0,2, Diff: 0,2, Sum: 0,2]
      [Code Root Scanning (ms): Min: 0,0, Avg: 0,0, Max: 0,0, Diff: 0,0, Sum: 0,0]
      [Object Copy (ms): Min: 0,0, Avg: 3,7, Max: 7,2, Diff: 7,2, Sum: 15,0]
      [Termination (ms): Min: 0,0, Avg: 0,1, Max: 0,1, Diff: 0,1, Sum: 0,4]
         [Termination Attempts: Min: 1, Avg: 1,5, Max: 3, Diff: 2, Sum: 6]
      [GC Worker Other (ms): Min: 0,0, Avg: 0,0, Max: 0,0, Diff: 0,0, Sum: 0,1]
      [GC Worker Total (ms): Min: 0,1, Avg: 4,8, Max: 10,9, Diff: 10,8, Sum: 19,1]
      [GC Worker End (ms): Min: 4776419,8, Avg: 4776419,8, Max: 4776419,8, Diff: 0,0]
   [Code Root Fixup: 0,0 ms]
   [Code Root Purge: 0,0 ms]
   [Clear CT: 0,3 ms]
   [Other: 9,5 ms]
      [Choose CSet: 0,0 ms]
      [Ref Proc: 8,9 ms]
      [Ref Enq: 0,0 ms]
      [Redirty Cards: 0,4 ms]
      [Humongous Register: 0,0 ms]
      [Humongous Reclaim: 0,0 ms]
      [Free CSet: 0,0 ms]
   [Eden: 7168,0K(7168,0K)->0,0B(70,0M) Survivors: 5120,0K->2048,0K Heap: 168,6M(256,0M)->153,0M(256,0M)]
 [Times: user=0,04 sys=0,00, real=0,03 secs] 
2019-07-20T22:41:51.434-0300: 5246,887: [GC pause (G1 Evacuation Pause) (young), 0,0262556 secs]
   [Parallel Time: 24,5 ms, GC Workers: 4]
      [GC Worker Start (ms): Min: 5246887,1, Avg: 5246893,4, Max: 5246905,7, Diff: 18,5]
      [Ext Root Scanning (ms): Min: 0,0, Avg: 0,3, Max: 1,0, Diff: 1,0, Sum: 1,1]
      [Update RS (ms): Min: 0,0, Avg: 2,9, Max: 5,3, Diff: 5,3, Sum: 11,6]
         [Processed Buffers: Min: 0, Avg: 16,8, Max: 29, Diff: 29, Sum: 67]
      [Scan RS (ms): Min: 0,0, Avg: 0,0, Max: 0,1, Diff: 0,1, Sum: 0,2]
      [Code Root Scanning (ms): Min: 0,0, Avg: 0,0, Max: 0,1, Diff: 0,1, Sum: 0,2]
      [Object Copy (ms): Min: 0,0, Avg: 8,9, Max: 11,9, Diff: 11,9, Sum: 35,7]
      [Termination (ms): Min: 5,8, Avg: 5,9, Max: 6,0, Diff: 0,2, Sum: 23,7]
         [Termination Attempts: Min: 1, Avg: 1,0, Max: 1, Diff: 0, Sum: 4]
      [GC Worker Other (ms): Min: 0,0, Avg: 0,0, Max: 0,0, Diff: 0,0, Sum: 0,1]
      [GC Worker Total (ms): Min: 5,9, Avg: 18,2, Max: 24,5, Diff: 18,6, Sum: 72,6]
      [GC Worker End (ms): Min: 5246911,6, Avg: 5246911,6, Max: 5246911,6, Diff: 0,0]
   [Code Root Fixup: 0,0 ms]
   [Code Root Purge: 0,0 ms]
   [Clear CT: 0,4 ms]
   [Other: 1,3 ms]
      [Choose CSet: 0,0 ms]
      [Ref Proc: 0,6 ms]
      [Ref Enq: 0,0 ms]
      [Redirty Cards: 0,4 ms]
      [Humongous Register: 0,0 ms]
      [Humongous Reclaim: 0,0 ms]
      [Free CSet: 0,1 ms]
   [Eden: 70,0M(70,0M)->0,0B(32,0M) Survivors: 2048,0K->9216,0K Heap: 223,0M(256,0M)->159,3M(256,0M)]
 [Times: user=0,05 sys=0,02, real=0,03 secs] 
2019-07-20T22:45:24.672-0300: 5460,126: [GC pause (G1 Evacuation Pause) (young) (initial-mark), 0,0127402 secs]
   [Parallel Time: 11,3 ms, GC Workers: 4]
      [GC Worker Start (ms): Min: 5460125,9, Avg: 5460126,0, Max: 5460126,1, Diff: 0,2]
      [Ext Root Scanning (ms): Min: 0,9, Avg: 1,0, Max: 1,0, Diff: 0,2, Sum: 3,9]
      [Update RS (ms): Min: 0,7, Avg: 0,8, Max: 0,9, Diff: 0,1, Sum: 3,3]
         [Processed Buffers: Min: 6, Avg: 10,5, Max: 23, Diff: 17, Sum: 42]
      [Scan RS (ms): Min: 0,0, Avg: 0,0, Max: 0,0, Diff: 0,0, Sum: 0,1]
      [Code Root Scanning (ms): Min: 0,0, Avg: 0,0, Max: 0,0, Diff: 0,0, Sum: 0,1]
      [Object Copy (ms): Min: 9,0, Avg: 9,0, Max: 9,1, Diff: 0,1, Sum: 36,2]
      [Termination (ms): Min: 0,0, Avg: 0,1, Max: 0,1, Diff: 0,1, Sum: 0,3]
         [Termination Attempts: Min: 1, Avg: 1,0, Max: 1, Diff: 0, Sum: 4]
      [GC Worker Other (ms): Min: 0,0, Avg: 0,1, Max: 0,1, Diff: 0,0, Sum: 0,2]
      [GC Worker Total (ms): Min: 10,9, Avg: 11,0, Max: 11,1, Diff: 0,2, Sum: 44,0]
      [GC Worker End (ms): Min: 5460137,0, Avg: 5460137,0, Max: 5460137,0, Diff: 0,0]
   [Code Root Fixup: 0,0 ms]
   [Code Root Purge: 0,0 ms]
   [Clear CT: 0,3 ms]
   [Other: 1,1 ms]
      [Choose CSet: 0,0 ms]
      [Ref Proc: 0,4 ms]
      [Ref Enq: 0,0 ms]
      [Redirty Cards: 0,4 ms]
      [Humongous Register: 0,0 ms]
      [Humongous Reclaim: 0,0 ms]
      [Free CSet: 0,0 ms]
   [Eden: 32,0M(32,0M)->0,0B(52,0M) Survivors: 9216,0K->5120,0K Heap: 191,3M(256,0M)->163,3M(256,0M)]
 [Times: user=0,05 sys=0,00, real=0,02 secs] 
2019-07-20T22:45:24.685-0300: 5460,139: [GC concurrent-root-region-scan-start]
2019-07-20T22:45:24.691-0300: 5460,144: [GC concurrent-root-region-scan-end, 0,0051696 secs]
2019-07-20T22:45:24.691-0300: 5460,144: [GC concurrent-mark-start]
2019-07-20T22:45:24.708-0300: 5460,161: [GC concurrent-mark-end, 0,0176065 secs]
2019-07-20T22:45:24.708-0300: 5460,162: [GC remark 2019-07-20T22:45:24.709-0300: 5460,162: [Finalize Marking, 0,0002640 secs] 2019-07-20T22:45:24.709-0300: 5460,162: [GC ref-proc, 0,0001399 secs] 2019-07-20T22:45:24.709-0300: 5460,162: [Unloading, 0,0028944 secs], 0,0042876 secs]
 [Times: user=0,00 sys=0,00, real=0,00 secs] 
2019-07-20T22:45:24.713-0300: 5460,166: [GC cleanup 163M->163M(256M), 0,0012888 secs]
 [Times: user=0,00 sys=0,00, real=0,00 secs] 
2019-07-20T22:51:11.924-0300: 5807,377: [GC pause (G1 Evacuation Pause) (young), 0,0190931 secs]
   [Parallel Time: 17,6 ms, GC Workers: 4]
      [GC Worker Start (ms): Min: 5807377,3, Avg: 5807383,1, Max: 5807385,8, Diff: 8,4]
      [Ext Root Scanning (ms): Min: 0,0, Avg: 0,4, Max: 1,3, Diff: 1,3, Sum: 1,4]
      [Update RS (ms): Min: 0,3, Avg: 3,7, Max: 10,4, Diff: 10,2, Sum: 14,8]
         [Processed Buffers: Min: 8, Avg: 16,5, Max: 27, Diff: 19, Sum: 66]
      [Scan RS (ms): Min: 0,0, Avg: 0,0, Max: 0,1, Diff: 0,1, Sum: 0,1]
      [Code Root Scanning (ms): Min: 0,0, Avg: 0,0, Max: 0,0, Diff: 0,0, Sum: 0,1]
      [Object Copy (ms): Min: 5,7, Avg: 7,6, Max: 8,6, Diff: 2,9, Sum: 30,3]
      [Termination (ms): Min: 0,0, Avg: 0,0, Max: 0,0, Diff: 0,0, Sum: 0,0]
         [Termination Attempts: Min: 1, Avg: 1,5, Max: 3, Diff: 2, Sum: 6]
      [GC Worker Other (ms): Min: 0,0, Avg: 0,0, Max: 0,0, Diff: 0,0, Sum: 0,1]
      [GC Worker Total (ms): Min: 9,0, Avg: 11,7, Max: 17,5, Diff: 8,4, Sum: 46,8]
      [GC Worker End (ms): Min: 5807394,8, Avg: 5807394,8, Max: 5807394,8, Diff: 0,0]
   [Code Root Fixup: 0,0 ms]
   [Code Root Purge: 0,0 ms]
   [Clear CT: 0,3 ms]
   [Other: 1,2 ms]
      [Choose CSet: 0,0 ms]
      [Ref Proc: 0,5 ms]
      [Ref Enq: 0,0 ms]
      [Redirty Cards: 0,4 ms]
      [Humongous Register: 0,0 ms]
      [Humongous Reclaim: 0,0 ms]
      [Free CSet: 0,0 ms]
   [Eden: 52,0M(52,0M)->0,0B(4096,0K) Survivors: 5120,0K->8192,0K Heap: 215,3M(256,0M)->167,5M(256,0M)]
 [Times: user=0,06 sys=0,00, real=0,02 secs] 
2019-07-20T22:51:40.549-0300: 5836,003: [GC pause (G1 Evacuation Pause) (mixed), 0,0120907 secs]
   [Parallel Time: 10,9 ms, GC Workers: 4]
      [GC Worker Start (ms): Min: 5836002,7, Avg: 5836005,1, Max: 5836009,2, Diff: 6,5]
      [Ext Root Scanning (ms): Min: 0,0, Avg: 0,3, Max: 0,6, Diff: 0,6, Sum: 1,2]
      [Update RS (ms): Min: 0,0, Avg: 0,7, Max: 1,3, Diff: 1,3, Sum: 2,6]
         [Processed Buffers: Min: 0, Avg: 8,8, Max: 28, Diff: 28, Sum: 35]
      [Scan RS (ms): Min: 0,0, Avg: 0,1, Max: 0,2, Diff: 0,2, Sum: 0,4]
      [Code Root Scanning (ms): Min: 0,0, Avg: 0,0, Max: 0,1, Diff: 0,1, Sum: 0,1]
      [Object Copy (ms): Min: 3,0, Avg: 6,4, Max: 8,5, Diff: 5,5, Sum: 25,4]
      [Termination (ms): Min: 0,0, Avg: 0,9, Max: 1,2, Diff: 1,2, Sum: 3,6]
         [Termination Attempts: Min: 1, Avg: 1,0, Max: 1, Diff: 0, Sum: 4]
      [GC Worker Other (ms): Min: 0,0, Avg: 0,0, Max: 0,0, Diff: 0,0, Sum: 0,1]
      [GC Worker Total (ms): Min: 4,3, Avg: 8,4, Max: 10,7, Diff: 6,5, Sum: 33,4]
      [GC Worker End (ms): Min: 5836013,4, Avg: 5836013,4, Max: 5836013,4, Diff: 0,0]
   [Code Root Fixup: 0,0 ms]
   [Code Root Purge: 0,0 ms]
   [Clear CT: 0,2 ms]
   [Other: 1,0 ms]
      [Choose CSet: 0,0 ms]
      [Ref Proc: 0,4 ms]
      [Ref Enq: 0,0 ms]
      [Redirty Cards: 0,4 ms]
      [Humongous Register: 0,0 ms]
      [Humongous Reclaim: 0,0 ms]
      [Free CSet: 0,0 ms]
   [Eden: 4096,0K(4096,0K)->0,0B(62,0M) Survivors: 8192,0K->2048,0K Heap: 171,5M(256,0M)->159,3M(256,0M)]
 [Times: user=0,03 sys=0,00, real=0,01 secs] 
2019-07-20T22:58:37.235-0300: 6252,689: [GC pause (G1 Evacuation Pause) (young), 0,0206928 secs]
   [Parallel Time: 19,4 ms, GC Workers: 4]
      [GC Worker Start (ms): Min: 6252688,7, Avg: 6252695,0, Max: 6252701,7, Diff: 13,0]
      [Ext Root Scanning (ms): Min: 0,0, Avg: 0,3, Max: 1,0, Diff: 1,0, Sum: 1,1]
      [Update RS (ms): Min: 0,0, Avg: 4,4, Max: 12,0, Diff: 12,0, Sum: 17,7]
         [Processed Buffers: Min: 0, Avg: 17,2, Max: 33, Diff: 33, Sum: 69]
      [Scan RS (ms): Min: 0,0, Avg: 0,0, Max: 0,1, Diff: 0,1, Sum: 0,1]
      [Code Root Scanning (ms): Min: 0,0, Avg: 0,0, Max: 0,0, Diff: 0,0, Sum: 0,1]
      [Object Copy (ms): Min: 6,2, Avg: 8,2, Max: 10,3, Diff: 4,0, Sum: 32,9]
      [Termination (ms): Min: 0,0, Avg: 0,0, Max: 0,0, Diff: 0,0, Sum: 0,1]
         [Termination Attempts: Min: 1, Avg: 1,5, Max: 3, Diff: 2, Sum: 6]
      [GC Worker Other (ms): Min: 0,0, Avg: 0,0, Max: 0,0, Diff: 0,0, Sum: 0,2]
      [GC Worker Total (ms): Min: 6,3, Avg: 13,1, Max: 19,3, Diff: 13,0, Sum: 52,3]
      [GC Worker End (ms): Min: 6252708,0, Avg: 6252708,0, Max: 6252708,1, Diff: 0,0]
   [Code Root Fixup: 0,0 ms]
   [Code Root Purge: 0,0 ms]
   [Clear CT: 0,3 ms]
   [Other: 0,9 ms]
      [Choose CSet: 0,0 ms]
      [Ref Proc: 0,2 ms]
      [Ref Enq: 0,0 ms]
      [Redirty Cards: 0,4 ms]
      [Humongous Register: 0,0 ms]
      [Humongous Reclaim: 0,0 ms]
      [Free CSet: 0,0 ms]
   [Eden: 62,0M(62,0M)->0,0B(40,0M) Survivors: 2048,0K->8192,0K Heap: 221,3M(256,0M)->165,2M(256,0M)]
 [Times: user=0,05 sys=0,00, real=0,02 secs] 
2019-07-20T23:03:05.768-0300: 6521,221: [GC pause (G1 Evacuation Pause) (young) (initial-mark), 0,0218149 secs]
   [Parallel Time: 20,8 ms, GC Workers: 4]
      [GC Worker Start (ms): Min: 6521221,4, Avg: 6521222,4, Max: 6521222,8, Diff: 1,4]
      [Ext Root Scanning (ms): Min: 0,0, Avg: 4,4, Max: 6,9, Diff: 6,9, Sum: 17,6]
      [Update RS (ms): Min: 0,0, Avg: 0,0, Max: 0,0, Diff: 0,0, Sum: 0,0]
         [Processed Buffers: Min: 0, Avg: 11,0, Max: 44, Diff: 44, Sum: 44]
      [Scan RS (ms): Min: 0,0, Avg: 0,0, Max: 0,0, Diff: 0,0, Sum: 0,0]
      [Code Root Scanning (ms): Min: 0,0, Avg: 0,0, Max: 0,0, Diff: 0,0, Sum: 0,0]
      [Object Copy (ms): Min: 12,3, Avg: 15,0, Max: 19,1, Diff: 6,8, Sum: 59,9]
      [Termination (ms): Min: 0,1, Avg: 0,3, Max: 0,7, Diff: 0,6, Sum: 1,1]
         [Termination Attempts: Min: 1, Avg: 2,8, Max: 6, Diff: 5, Sum: 11]
      [GC Worker Other (ms): Min: 0,0, Avg: 0,0, Max: 0,0, Diff: 0,0, Sum: 0,1]
      [GC Worker Total (ms): Min: 19,3, Avg: 19,7, Max: 20,7, Diff: 1,4, Sum: 78,6]
      [GC Worker End (ms): Min: 6521242,1, Avg: 6521242,1, Max: 6521242,1, Diff: 0,0]
   [Code Root Fixup: 0,0 ms]
   [Code Root Purge: 0,0 ms]
   [Clear CT: 0,2 ms]
   [Other: 0,8 ms]
      [Choose CSet: 0,0 ms]
      [Ref Proc: 0,3 ms]
      [Ref Enq: 0,0 ms]
      [Redirty Cards: 0,3 ms]
      [Humongous Register: 0,0 ms]
      [Humongous Reclaim: 0,0 ms]
      [Free CSet: 0,0 ms]
   [Eden: 40,0M(40,0M)->0,0B(50,0M) Survivors: 8192,0K->6144,0K Heap: 205,2M(256,0M)->172,4M(256,0M)]
 [Times: user=0,08 sys=0,00, real=0,02 secs] 
2019-07-20T23:03:05.790-0300: 6521,243: [GC concurrent-root-region-scan-start]
2019-07-20T23:03:05.796-0300: 6521,250: [GC concurrent-root-region-scan-end, 0,0063567 secs]
2019-07-20T23:03:05.796-0300: 6521,250: [GC concurrent-mark-start]
2019-07-20T23:03:05.815-0300: 6521,268: [GC concurrent-mark-end, 0,0180984 secs]
2019-07-20T23:03:05.815-0300: 6521,268: [GC remark 2019-07-20T23:03:05.815-0300: 6521,268: [Finalize Marking, 0,0003551 secs] 2019-07-20T23:03:05.815-0300: 6521,269: [GC ref-proc, 0,0001318 secs] 2019-07-20T23:03:05.815-0300: 6521,269: [Unloading, 0,0024414 secs], 0,0030136 secs]
 [Times: user=0,04 sys=0,00, real=0,01 secs] 
2019-07-20T23:03:05.818-0300: 6521,271: [GC cleanup 173M->173M(256M), 0,0055998 secs]
 [Times: user=0,00 sys=0,00, real=0,00 secs] 
2019-07-20T23:08:44.778-0300: 6860,232: [GC pause (G1 Evacuation Pause) (young), 0,0146106 secs]
   [Parallel Time: 13,2 ms, GC Workers: 4]
      [GC Worker Start (ms): Min: 6860231,8, Avg: 6860232,6, Max: 6860234,8, Diff: 2,9]
      [Ext Root Scanning (ms): Min: 0,0, Avg: 0,3, Max: 0,6, Diff: 0,5, Sum: 1,3]
      [Update RS (ms): Min: 0,8, Avg: 2,6, Max: 3,3, Diff: 2,5, Sum: 10,6]
         [Processed Buffers: Min: 6, Avg: 18,0, Max: 36, Diff: 30, Sum: 72]
      [Scan RS (ms): Min: 0,0, Avg: 0,0, Max: 0,0, Diff: 0,0, Sum: 0,2]
      [Code Root Scanning (ms): Min: 0,0, Avg: 0,0, Max: 0,0, Diff: 0,0, Sum: 0,1]
      [Object Copy (ms): Min: 9,2, Avg: 9,2, Max: 9,3, Diff: 0,1, Sum: 37,0]
      [Termination (ms): Min: 0,0, Avg: 0,0, Max: 0,0, Diff: 0,0, Sum: 0,1]
         [Termination Attempts: Min: 1, Avg: 1,0, Max: 1, Diff: 0, Sum: 4]
      [GC Worker Other (ms): Min: 0,0, Avg: 0,0, Max: 0,0, Diff: 0,0, Sum: 0,1]
      [GC Worker Total (ms): Min: 10,1, Avg: 12,3, Max: 13,1, Diff: 2,9, Sum: 49,2]
      [GC Worker End (ms): Min: 6860244,9, Avg: 6860244,9, Max: 6860244,9, Diff: 0,0]
   [Code Root Fixup: 0,0 ms]
   [Code Root Purge: 0,0 ms]
   [Clear CT: 0,4 ms]
   [Other: 1,0 ms]
      [Choose CSet: 0,0 ms]
      [Ref Proc: 0,4 ms]
      [Ref Enq: 0,0 ms]
      [Redirty Cards: 0,4 ms]
      [Humongous Register: 0,0 ms]
      [Humongous Reclaim: 0,0 ms]
      [Free CSet: 0,0 ms]
   [Eden: 50,0M(50,0M)->0,0B(5120,0K) Survivors: 6144,0K->7168,0K Heap: 222,4M(256,0M)->177,5M(256,0M)]
 [Times: user=0,07 sys=0,00, real=0,01 secs] 
2019-07-20T23:09:17.100-0300: 6892,553: [GC pause (G1 Evacuation Pause) (mixed), 0,0129916 secs]
   [Parallel Time: 11,6 ms, GC Workers: 4]
      [GC Worker Start (ms): Min: 6892553,4, Avg: 6892557,3, Max: 6892558,6, Diff: 5,3]
      [Ext Root Scanning (ms): Min: 0,0, Avg: 0,4, Max: 1,5, Diff: 1,4, Sum: 1,6]
      [Update RS (ms): Min: 0,2, Avg: 1,2, Max: 4,0, Diff: 3,8, Sum: 4,8]
         [Processed Buffers: Min: 2, Avg: 13,5, Max: 36, Diff: 34, Sum: 54]
      [Scan RS (ms): Min: 0,2, Avg: 0,3, Max: 0,4, Diff: 0,1, Sum: 1,2]
      [Code Root Scanning (ms): Min: 0,0, Avg: 0,0, Max: 0,1, Diff: 0,1, Sum: 0,2]
      [Object Copy (ms): Min: 5,6, Avg: 5,6, Max: 5,7, Diff: 0,1, Sum: 22,5]
      [Termination (ms): Min: 0,0, Avg: 0,0, Max: 0,0, Diff: 0,0, Sum: 0,0]
         [Termination Attempts: Min: 1, Avg: 2,0, Max: 3, Diff: 2, Sum: 8]
      [GC Worker Other (ms): Min: 0,0, Avg: 0,0, Max: 0,1, Diff: 0,0, Sum: 0,1]
      [GC Worker Total (ms): Min: 6,3, Avg: 7,6, Max: 11,5, Diff: 5,3, Sum: 30,5]
      [GC Worker End (ms): Min: 6892564,9, Avg: 6892564,9, Max: 6892564,9, Diff: 0,0]
   [Code Root Fixup: 0,0 ms]
   [Code Root Purge: 0,0 ms]
   [Clear CT: 0,3 ms]
   [Other: 1,0 ms]
      [Choose CSet: 0,0 ms]
      [Ref Proc: 0,4 ms]
      [Ref Enq: 0,0 ms]
      [Redirty Cards: 0,4 ms]
      [Humongous Register: 0,0 ms]
      [Humongous Reclaim: 0,0 ms]
      [Free CSet: 0,0 ms]
   [Eden: 5120,0K(5120,0K)->0,0B(61,0M) Survivors: 7168,0K->2048,0K Heap: 182,5M(256,0M)->160,5M(256,0M)]
 [Times: user=0,04 sys=0,00, real=0,01 secs] 
2019-07-20T23:15:49.694-0300: 7285,147: [GC pause (G1 Evacuation Pause) (young), 0,0266420 secs]
   [Parallel Time: 22,1 ms, GC Workers: 4]
      [GC Worker Start (ms): Min: 7285147,5, Avg: 7285153,4, Max: 7285157,7, Diff: 10,3]
      [Ext Root Scanning (ms): Min: 0,0, Avg: 0,3, Max: 1,0, Diff: 1,0, Sum: 1,3]
      [Update RS (ms): Min: 0,0, Avg: 2,5, Max: 6,3, Diff: 6,3, Sum: 9,9]
         [Processed Buffers: Min: 0, Avg: 17,0, Max: 50, Diff: 50, Sum: 68]
      [Scan RS (ms): Min: 0,0, Avg: 0,2, Max: 0,5, Diff: 0,5, Sum: 1,0]
      [Code Root Scanning (ms): Min: 0,0, Avg: 0,0, Max: 0,0, Diff: 0,0, Sum: 0,1]
      [Object Copy (ms): Min: 11,5, Avg: 12,8, Max: 14,0, Diff: 2,5, Sum: 51,2]
      [Termination (ms): Min: 0,0, Avg: 0,1, Max: 0,1, Diff: 0,1, Sum: 0,3]
         [Termination Attempts: Min: 1, Avg: 4,2, Max: 8, Diff: 7, Sum: 17]
      [GC Worker Other (ms): Min: 0,0, Avg: 0,1, Max: 0,2, Diff: 0,1, Sum: 0,2]
      [GC Worker Total (ms): Min: 11,7, Avg: 16,0, Max: 22,0, Diff: 10,3, Sum: 64,1]
      [GC Worker End (ms): Min: 7285169,4, Avg: 7285169,4, Max: 7285169,4, Diff: 0,0]
   [Code Root Fixup: 0,0 ms]
   [Code Root Purge: 0,0 ms]
   [Clear CT: 0,2 ms]
   [Other: 4,3 ms]
      [Choose CSet: 0,0 ms]
      [Ref Proc: 3,7 ms]
      [Ref Enq: 0,0 ms]
      [Redirty Cards: 0,4 ms]
      [Humongous Register: 0,0 ms]
      [Humongous Reclaim: 0,0 ms]
      [Free CSet: 0,0 ms]
   [Eden: 61,0M(61,0M)->0,0B(28,0M) Survivors: 2048,0K->8192,0K Heap: 221,5M(256,0M)->170,0M(256,0M)]
 [Times: user=0,07 sys=0,00, real=0,03 secs] 
2019-07-20T23:18:56.793-0300: 7472,247: [GC pause (G1 Evacuation Pause) (young) (initial-mark), 0,0195758 secs]
   [Parallel Time: 18,4 ms, GC Workers: 4]
      [GC Worker Start (ms): Min: 7472246,7, Avg: 7472247,6, Max: 7472248,0, Diff: 1,3]
      [Ext Root Scanning (ms): Min: 0,0, Avg: 3,5, Max: 8,8, Diff: 8,8, Sum: 13,9]
      [Update RS (ms): Min: 0,0, Avg: 1,8, Max: 3,7, Diff: 3,7, Sum: 7,2]
         [Processed Buffers: Min: 0, Avg: 13,8, Max: 26, Diff: 26, Sum: 55]
      [Scan RS (ms): Min: 0,0, Avg: 0,1, Max: 0,1, Diff: 0,1, Sum: 0,3]
      [Code Root Scanning (ms): Min: 0,0, Avg: 0,0, Max: 0,0, Diff: 0,0, Sum: 0,0]
      [Object Copy (ms): Min: 8,0, Avg: 11,7, Max: 13,1, Diff: 5,1, Sum: 46,9]
      [Termination (ms): Min: 0,0, Avg: 0,1, Max: 0,1, Diff: 0,1, Sum: 0,4]
         [Termination Attempts: Min: 1, Avg: 3,0, Max: 6, Diff: 5, Sum: 12]
      [GC Worker Other (ms): Min: 0,0, Avg: 0,0, Max: 0,0, Diff: 0,0, Sum: 0,1]
      [GC Worker Total (ms): Min: 16,9, Avg: 17,2, Max: 18,2, Diff: 1,3, Sum: 68,9]
      [GC Worker End (ms): Min: 7472264,9, Avg: 7472264,9, Max: 7472264,9, Diff: 0,0]
   [Code Root Fixup: 0,0 ms]
   [Code Root Purge: 0,0 ms]
   [Clear CT: 0,3 ms]
   [Other: 0,9 ms]
      [Choose CSet: 0,0 ms]
      [Ref Proc: 0,4 ms]
      [Ref Enq: 0,0 ms]
      [Redirty Cards: 0,3 ms]
      [Humongous Register: 0,0 ms]
      [Humongous Reclaim: 0,0 ms]
      [Free CSet: 0,0 ms]
   [Eden: 28,0M(28,0M)->0,0B(48,0M) Survivors: 8192,0K->4096,0K Heap: 198,0M(256,0M)->171,0M(256,0M)]
 [Times: user=0,06 sys=0,00, real=0,02 secs] 
2019-07-20T23:18:56.813-0300: 7472,266: [GC concurrent-root-region-scan-start]
2019-07-20T23:18:56.818-0300: 7472,271: [GC concurrent-root-region-scan-end, 0,0046595 secs]
2019-07-20T23:18:56.818-0300: 7472,271: [GC concurrent-mark-start]
2019-07-20T23:18:56.830-0300: 7472,284: [GC concurrent-mark-end, 0,0127832 secs]
2019-07-20T23:18:56.831-0300: 7472,284: [GC remark 2019-07-20T23:18:56.831-0300: 7472,284: [Finalize Marking, 0,0003214 secs] 2019-07-20T23:18:56.831-0300: 7472,285: [GC ref-proc, 0,0001460 secs] 2019-07-20T23:18:56.831-0300: 7472,285: [Unloading, 0,0067578 secs], 0,0083283 secs]
 [Times: user=0,03 sys=0,00, real=0,01 secs] 
2019-07-20T23:18:56.840-0300: 7472,293: [GC cleanup 171M->169M(256M), 0,0013656 secs]
 [Times: user=0,00 sys=0,00, real=0,00 secs] 
2019-07-20T23:18:56.841-0300: 7472,294: [GC concurrent-cleanup-start]
2019-07-20T23:18:56.841-0300: 7472,294: [GC concurrent-cleanup-end, 0,0000160 secs]
2019-07-20T23:24:21.299-0300: 7796,753: [GC pause (G1 Evacuation Pause) (young), 0,0102310 secs]
   [Parallel Time: 10,1 ms, GC Workers: 4]
      [GC Worker Start (ms): Min: 7796752,8, Avg: 7796752,9, Max: 7796753,1, Diff: 0,3]
      [Ext Root Scanning (ms): Min: 0,1, Avg: 0,3, Max: 0,5, Diff: 0,4, Sum: 1,2]
      [Update RS (ms): Min: 2,2, Avg: 2,3, Max: 2,4, Diff: 0,2, Sum: 9,1]
         [Processed Buffers: Min: 6, Avg: 16,2, Max: 27, Diff: 21, Sum: 65]
      [Scan RS (ms): Min: 0,0, Avg: 0,0, Max: 0,0, Diff: 0,0, Sum: 0,1]
      [Code Root Scanning (ms): Min: 0,0, Avg: 0,0, Max: 0,0, Diff: 0,0, Sum: 0,1]
      [Object Copy (ms): Min: 7,3, Avg: 7,3, Max: 7,4, Diff: 0,1, Sum: 29,3]
      [Termination (ms): Min: 0,0, Avg: 0,0, Max: 0,0, Diff: 0,0, Sum: 0,0]
         [Termination Attempts: Min: 1, Avg: 1,0, Max: 1, Diff: 0, Sum: 4]
      [GC Worker Other (ms): Min: 0,0, Avg: 0,0, Max: 0,0, Diff: 0,0, Sum: 0,1]
      [GC Worker Total (ms): Min: 9,7, Avg: 9,9, Max: 10,1, Diff: 0,3, Sum: 39,8]
      [GC Worker End (ms): Min: 7796762,9, Avg: 7796762,9, Max: 7796762,9, Diff: 0,0]
   [Code Root Fixup: 0,0 ms]
   [Code Root Purge: 0,0 ms]
   [Clear CT: 0,0 ms]
   [Other: 0,1 ms]
      [Choose CSet: 0,0 ms]
      [Ref Proc: 0,0 ms]
      [Ref Enq: 0,0 ms]
      [Redirty Cards: 0,0 ms]
      [Humongous Register: 0,0 ms]
      [Humongous Reclaim: 0,0 ms]
      [Free CSet: 0,0 ms]
   [Eden: 48,0M(48,0M)->0,0B(5120,0K) Survivors: 4096,0K->7168,0K Heap: 217,0M(256,0M)->173,5M(256,0M)]
 [Times: user=0,07 sys=0,00, real=0,01 secs] 
2019-07-20T23:24:54.085-0300: 7829,539: [GC pause (G1 Evacuation Pause) (mixed), 0,0183322 secs]
   [Parallel Time: 17,1 ms, GC Workers: 4]
      [GC Worker Start (ms): Min: 7829538,8, Avg: 7829545,3, Max: 7829550,4, Diff: 11,6]
      [Ext Root Scanning (ms): Min: 0,0, Avg: 0,3, Max: 1,0, Diff: 1,0, Sum: 1,2]
      [Update RS (ms): Min: 0,0, Avg: 0,6, Max: 2,1, Diff: 2,1, Sum: 2,4]
         [Processed Buffers: Min: 0, Avg: 10,5, Max: 34, Diff: 34, Sum: 42]
      [Scan RS (ms): Min: 0,0, Avg: 0,1, Max: 0,2, Diff: 0,1, Sum: 0,3]
      [Code Root Scanning (ms): Min: 0,0, Avg: 0,0, Max: 0,0, Diff: 0,0, Sum: 0,0]
      [Object Copy (ms): Min: 2,6, Avg: 7,4, Max: 13,6, Diff: 11,0, Sum: 29,7]
      [Termination (ms): Min: 0,0, Avg: 2,1, Max: 2,8, Diff: 2,8, Sum: 8,4]
         [Termination Attempts: Min: 1, Avg: 1,0, Max: 1, Diff: 0, Sum: 4]
      [GC Worker Other (ms): Min: 0,0, Avg: 0,0, Max: 0,1, Diff: 0,0, Sum: 0,1]
      [GC Worker Total (ms): Min: 5,4, Avg: 10,5, Max: 17,0, Diff: 11,6, Sum: 42,1]
      [GC Worker End (ms): Min: 7829555,8, Avg: 7829555,8, Max: 7829555,8, Diff: 0,0]
   [Code Root Fixup: 0,0 ms]
   [Code Root Purge: 0,0 ms]
   [Clear CT: 0,3 ms]
   [Other: 0,9 ms]
      [Choose CSet: 0,0 ms]
      [Ref Proc: 0,3 ms]
      [Ref Enq: 0,0 ms]
      [Redirty Cards: 0,4 ms]
      [Humongous Register: 0,0 ms]
      [Humongous Reclaim: 0,0 ms]
      [Free CSet: 0,1 ms]
   [Eden: 5120,0K(5120,0K)->0,0B(63,0M) Survivors: 7168,0K->2048,0K Heap: 178,5M(256,0M)->159,0M(256,0M)]
 [Times: user=0,05 sys=0,00, real=0,01 secs] 
2019-07-20T23:31:56.076-0300: 8251,529: [GC pause (G1 Evacuation Pause) (young), 0,0182988 secs]
   [Parallel Time: 16,9 ms, GC Workers: 4]
      [GC Worker Start (ms): Min: 8251529,4, Avg: 8251532,8, Max: 8251534,0, Diff: 4,6]
      [Ext Root Scanning (ms): Min: 0,0, Avg: 0,3, Max: 1,0, Diff: 1,0, Sum: 1,1]
      [Update RS (ms): Min: 1,4, Avg: 3,0, Max: 5,0, Diff: 3,6, Sum: 12,1]
         [Processed Buffers: Min: 1, Avg: 15,8, Max: 25, Diff: 24, Sum: 63]
      [Scan RS (ms): Min: 0,0, Avg: 0,3, Max: 0,4, Diff: 0,4, Sum: 1,2]
      [Code Root Scanning (ms): Min: 0,0, Avg: 0,0, Max: 0,1, Diff: 0,1, Sum: 0,1]
      [Object Copy (ms): Min: 8,2, Avg: 9,7, Max: 10,2, Diff: 2,0, Sum: 38,7]
      [Termination (ms): Min: 0,0, Avg: 0,1, Max: 0,2, Diff: 0,2, Sum: 0,4]
         [Termination Attempts: Min: 1, Avg: 1,0, Max: 1, Diff: 0, Sum: 4]
      [GC Worker Other (ms): Min: 0,0, Avg: 0,0, Max: 0,0, Diff: 0,0, Sum: 0,1]
      [GC Worker Total (ms): Min: 12,2, Avg: 13,4, Max: 16,8, Diff: 4,6, Sum: 53,7]
      [GC Worker End (ms): Min: 8251546,2, Avg: 8251546,2, Max: 8251546,2, Diff: 0,1]
   [Code Root Fixup: 0,0 ms]
   [Code Root Purge: 0,0 ms]
   [Clear CT: 0,3 ms]
   [Other: 1,0 ms]
      [Choose CSet: 0,0 ms]
      [Ref Proc: 0,4 ms]
      [Ref Enq: 0,0 ms]
      [Redirty Cards: 0,5 ms]
      [Humongous Register: 0,0 ms]
      [Humongous Reclaim: 0,0 ms]
      [Free CSet: 0,0 ms]
   [Eden: 63,0M(63,0M)->0,0B(45,0M) Survivors: 2048,0K->9216,0K Heap: 222,0M(256,0M)->165,8M(256,0M)]
 [Times: user=0,07 sys=0,00, real=0,02 secs] 
2019-07-20T23:36:56.126-0300: 8551,579: [GC pause (G1 Evacuation Pause) (young) (initial-mark), 0,0138183 secs]
   [Parallel Time: 12,5 ms, GC Workers: 4]
      [GC Worker Start (ms): Min: 8551579,2, Avg: 8551579,3, Max: 8551579,3, Diff: 0,2]
      [Ext Root Scanning (ms): Min: 0,9, Avg: 1,0, Max: 1,1, Diff: 0,2, Sum: 4,0]
      [Update RS (ms): Min: 0,9, Avg: 1,0, Max: 1,1, Diff: 0,2, Sum: 4,0]
         [Processed Buffers: Min: 3, Avg: 10,5, Max: 22, Diff: 19, Sum: 42]
      [Scan RS (ms): Min: 0,0, Avg: 0,0, Max: 0,1, Diff: 0,1, Sum: 0,1]
      [Code Root Scanning (ms): Min: 0,0, Avg: 0,0, Max: 0,0, Diff: 0,0, Sum: 0,1]
      [Object Copy (ms): Min: 10,2, Avg: 10,2, Max: 10,2, Diff: 0,1, Sum: 40,9]
      [Termination (ms): Min: 0,0, Avg: 0,0, Max: 0,0, Diff: 0,0, Sum: 0,0]
         [Termination Attempts: Min: 1, Avg: 1,0, Max: 1, Diff: 0, Sum: 4]
      [GC Worker Other (ms): Min: 0,0, Avg: 0,0, Max: 0,0, Diff: 0,0, Sum: 0,2]
      [GC Worker Total (ms): Min: 12,2, Avg: 12,3, Max: 12,4, Diff: 0,2, Sum: 49,2]
      [GC Worker End (ms): Min: 8551591,6, Avg: 8551591,6, Max: 8551591,6, Diff: 0,0]
   [Code Root Fixup: 0,0 ms]
   [Code Root Purge: 0,0 ms]
   [Clear CT: 0,3 ms]
   [Other: 0,9 ms]
      [Choose CSet: 0,0 ms]
      [Ref Proc: 0,3 ms]
      [Ref Enq: 0,0 ms]
      [Redirty Cards: 0,3 ms]
      [Humongous Register: 0,0 ms]
      [Humongous Reclaim: 0,0 ms]
      [Free CSet: 0,0 ms]
   [Eden: 45,0M(45,0M)->0,0B(53,0M) Survivors: 9216,0K->6144,0K Heap: 210,8M(256,0M)->169,2M(256,0M)]
 [Times: user=0,08 sys=0,00, real=0,01 secs] 
2019-07-20T23:36:56.140-0300: 8551,593: [GC concurrent-root-region-scan-start]
2019-07-20T23:36:56.146-0300: 8551,599: [GC concurrent-root-region-scan-end, 0,0062149 secs]
2019-07-20T23:36:56.146-0300: 8551,599: [GC concurrent-mark-start]
2019-07-20T23:36:56.160-0300: 8551,613: [GC concurrent-mark-end, 0,0135880 secs]
2019-07-20T23:36:56.160-0300: 8551,613: [GC remark 2019-07-20T23:36:56.160-0300: 8551,613: [Finalize Marking, 0,0003773 secs] 2019-07-20T23:36:56.160-0300: 8551,614: [GC ref-proc, 0,0001508 secs] 2019-07-20T23:36:56.160-0300: 8551,614: [Unloading, 0,0031189 secs], 0,0046504 secs]
 [Times: user=0,04 sys=0,00, real=0,01 secs] 
2019-07-20T23:36:56.165-0300: 8551,618: [GC cleanup 169M->168M(256M), 0,0013217 secs]
 [Times: user=0,00 sys=0,00, real=0,00 secs] 
2019-07-20T23:36:56.167-0300: 8551,620: [GC concurrent-cleanup-start]
2019-07-20T23:36:56.167-0300: 8551,620: [GC concurrent-cleanup-end, 0,0000147 secs]
2019-07-20T23:42:52.965-0300: 8908,419: [GC pause (G1 Evacuation Pause) (young), 0,0204855 secs]
   [Parallel Time: 19,1 ms, GC Workers: 4]
      [GC Worker Start (ms): Min: 8908418,7, Avg: 8908424,9, Max: 8908431,0, Diff: 12,2]
      [Ext Root Scanning (ms): Min: 0,0, Avg: 0,3, Max: 0,9, Diff: 0,9, Sum: 1,1]
      [Update RS (ms): Min: 0,0, Avg: 1,6, Max: 4,2, Diff: 4,2, Sum: 6,4]
         [Processed Buffers: Min: 0, Avg: 16,5, Max: 39, Diff: 39, Sum: 66]
      [Scan RS (ms): Min: 0,0, Avg: 0,0, Max: 0,1, Diff: 0,1, Sum: 0,1]
      [Code Root Scanning (ms): Min: 0,0, Avg: 0,0, Max: 0,0, Diff: 0,0, Sum: 0,1]
      [Object Copy (ms): Min: 6,5, Avg: 10,7, Max: 13,6, Diff: 7,1, Sum: 42,9]
      [Termination (ms): Min: 0,0, Avg: 0,0, Max: 0,0, Diff: 0,0, Sum: 0,0]
         [Termination Attempts: Min: 1, Avg: 1,8, Max: 3, Diff: 2, Sum: 7]
      [GC Worker Other (ms): Min: 0,0, Avg: 0,0, Max: 0,0, Diff: 0,0, Sum: 0,1]
      [GC Worker Total (ms): Min: 6,6, Avg: 12,7, Max: 18,8, Diff: 12,2, Sum: 50,7]
      [GC Worker End (ms): Min: 8908437,6, Avg: 8908437,6, Max: 8908437,6, Diff: 0,0]
   [Code Root Fixup: 0,0 ms]
   [Code Root Purge: 0,0 ms]
   [Clear CT: 0,3 ms]
   [Other: 1,0 ms]
      [Choose CSet: 0,0 ms]
      [Ref Proc: 0,5 ms]
      [Ref Enq: 0,0 ms]
      [Redirty Cards: 0,3 ms]
      [Humongous Register: 0,0 ms]
      [Humongous Reclaim: 0,0 ms]
      [Free CSet: 0,0 ms]
   [Eden: 53,0M(53,0M)->0,0B(5120,0K) Survivors: 6144,0K->7168,0K Heap: 221,2M(256,0M)->175,0M(256,0M)]
 [Times: user=0,06 sys=0,00, real=0,02 secs] 
2019-07-20T23:43:26.112-0300: 8941,565: [GC pause (G1 Evacuation Pause) (mixed), 0,0175604 secs]
   [Parallel Time: 16,3 ms, GC Workers: 4]
      [GC Worker Start (ms): Min: 8941565,5, Avg: 8941571,8, Max: 8941574,0, Diff: 8,5]
      [Ext Root Scanning (ms): Min: 0,0, Avg: 0,3, Max: 1,1, Diff: 1,1, Sum: 1,2]
      [Update RS (ms): Min: 0,0, Avg: 1,7, Max: 6,6, Diff: 6,6, Sum: 6,6]
         [Processed Buffers: Min: 0, Avg: 13,5, Max: 54, Diff: 54, Sum: 54]
      [Scan RS (ms): Min: 0,0, Avg: 0,2, Max: 0,3, Diff: 0,3, Sum: 0,8]
      [Code Root Scanning (ms): Min: 0,0, Avg: 0,0, Max: 0,0, Diff: 0,0, Sum: 0,0]
      [Object Copy (ms): Min: 2,9, Avg: 6,2, Max: 7,3, Diff: 4,4, Sum: 24,6]
      [Termination (ms): Min: 0,0, Avg: 0,0, Max: 0,0, Diff: 0,0, Sum: 0,0]
         [Termination Attempts: Min: 1, Avg: 2,5, Max: 4, Diff: 3, Sum: 10]
      [GC Worker Other (ms): Min: 0,0, Avg: 1,3, Max: 5,3, Diff: 5,3, Sum: 5,4]
      [GC Worker Total (ms): Min: 7,5, Avg: 9,7, Max: 16,0, Diff: 8,5, Sum: 38,7]
      [GC Worker End (ms): Min: 8941581,5, Avg: 8941581,5, Max: 8941581,5, Diff: 0,0]
   [Code Root Fixup: 0,0 ms]
   [Code Root Purge: 0,0 ms]
   [Clear CT: 0,3 ms]
   [Other: 1,0 ms]
      [Choose CSet: 0,0 ms]
      [Ref Proc: 0,4 ms]
      [Ref Enq: 0,0 ms]
      [Redirty Cards: 0,3 ms]
      [Humongous Register: 0,0 ms]
      [Humongous Reclaim: 0,0 ms]
      [Free CSet: 0,0 ms]
   [Eden: 5120,0K(5120,0K)->0,0B(59,0M) Survivors: 7168,0K->2048,0K Heap: 180,0M(256,0M)->163,0M(256,0M)]
 [Times: user=0,03 sys=0,01, real=0,02 secs] 
2019-07-20T23:50:00.383-0300: 9335,837: [GC pause (G1 Evacuation Pause) (young), 0,0155715 secs]
   [Parallel Time: 14,1 ms, GC Workers: 4]
      [GC Worker Start (ms): Min: 9335836,6, Avg: 9335839,2, Max: 9335845,7, Diff: 9,0]
      [Ext Root Scanning (ms): Min: 0,0, Avg: 0,3, Max: 0,6, Diff: 0,6, Sum: 1,2]
      [Update RS (ms): Min: 0,0, Avg: 2,9, Max: 4,1, Diff: 4,1, Sum: 11,8]
         [Processed Buffers: Min: 0, Avg: 19,5, Max: 37, Diff: 37, Sum: 78]
      [Scan RS (ms): Min: 0,0, Avg: 0,0, Max: 0,1, Diff: 0,0, Sum: 0,1]
      [Code Root Scanning (ms): Min: 0,0, Avg: 0,0, Max: 0,0, Diff: 0,0, Sum: 0,1]
      [Object Copy (ms): Min: 4,6, Avg: 8,0, Max: 9,2, Diff: 4,6, Sum: 31,8]
      [Termination (ms): Min: 0,0, Avg: 0,2, Max: 0,2, Diff: 0,2, Sum: 0,7]
         [Termination Attempts: Min: 1, Avg: 1,0, Max: 1, Diff: 0, Sum: 4]
      [GC Worker Other (ms): Min: 0,0, Avg: 0,0, Max: 0,0, Diff: 0,0, Sum: 0,1]
      [GC Worker Total (ms): Min: 4,9, Avg: 11,5, Max: 14,0, Diff: 9,0, Sum: 45,8]
      [GC Worker End (ms): Min: 9335850,6, Avg: 9335850,6, Max: 9335850,6, Diff: 0,0]
   [Code Root Fixup: 0,0 ms]
   [Code Root Purge: 0,0 ms]
   [Clear CT: 0,4 ms]
   [Other: 1,1 ms]
      [Choose CSet: 0,0 ms]
      [Ref Proc: 0,4 ms]
      [Ref Enq: 0,0 ms]
      [Redirty Cards: 0,5 ms]
      [Humongous Register: 0,0 ms]
      [Humongous Reclaim: 0,0 ms]
      [Free CSet: 0,0 ms]
   [Eden: 59,0M(59,0M)->0,0B(50,0M) Survivors: 2048,0K->8192,0K Heap: 222,0M(256,0M)->171,0M(256,0M)]
 [Times: user=0,07 sys=0,00, real=0,02 secs] 
2019-07-20T23:55:39.401-0300: 9674,854: [GC pause (G1 Evacuation Pause) (young) (initial-mark), 0,0154080 secs]
   [Parallel Time: 14,1 ms, GC Workers: 4]
      [GC Worker Start (ms): Min: 9674854,2, Avg: 9674854,3, Max: 9674854,4, Diff: 0,2]
      [Ext Root Scanning (ms): Min: 0,6, Avg: 0,7, Max: 0,8, Diff: 0,2, Sum: 2,8]
      [Update RS (ms): Min: 1,1, Avg: 1,2, Max: 1,3, Diff: 0,2, Sum: 4,7]
         [Processed Buffers: Min: 5, Avg: 12,0, Max: 30, Diff: 25, Sum: 48]
      [Scan RS (ms): Min: 0,0, Avg: 0,0, Max: 0,0, Diff: 0,0, Sum: 0,1]
      [Code Root Scanning (ms): Min: 0,0, Avg: 0,0, Max: 0,1, Diff: 0,1, Sum: 0,1]
      [Object Copy (ms): Min: 11,7, Avg: 11,8, Max: 11,8, Diff: 0,1, Sum: 47,0]
      [Termination (ms): Min: 0,0, Avg: 0,0, Max: 0,0, Diff: 0,0, Sum: 0,0]
         [Termination Attempts: Min: 1, Avg: 1,2, Max: 2, Diff: 1, Sum: 5]
      [GC Worker Other (ms): Min: 0,0, Avg: 0,1, Max: 0,1, Diff: 0,1, Sum: 0,3]
      [GC Worker Total (ms): Min: 13,7, Avg: 13,8, Max: 13,8, Diff: 0,1, Sum: 55,1]
      [GC Worker End (ms): Min: 9674868,0, Avg: 9674868,1, Max: 9674868,1, Diff: 0,1]
   [Code Root Fixup: 0,0 ms]
   [Code Root Purge: 0,0 ms]
   [Clear CT: 0,3 ms]
   [Other: 1,0 ms]
      [Choose CSet: 0,0 ms]
      [Ref Proc: 0,4 ms]
      [Ref Enq: 0,0 ms]
      [Redirty Cards: 0,4 ms]
      [Humongous Register: 0,0 ms]
      [Humongous Reclaim: 0,0 ms]
      [Free CSet: 0,0 ms]
   [Eden: 50,0M(50,0M)->0,0B(44,0M) Survivors: 8192,0K->7168,0K Heap: 221,0M(256,0M)->177,2M(256,0M)]
 [Times: user=0,08 sys=0,00, real=0,01 secs] 
2019-07-20T23:55:39.416-0300: 9674,870: [GC concurrent-root-region-scan-start]
2019-07-20T23:55:39.424-0300: 9674,877: [GC concurrent-root-region-scan-end, 0,0077118 secs]
2019-07-20T23:55:39.424-0300: 9674,877: [GC concurrent-mark-start]
2019-07-20T23:55:39.443-0300: 9674,897: [GC concurrent-mark-end, 0,0191041 secs]
2019-07-20T23:55:39.444-0300: 9674,897: [GC remark 2019-07-20T23:55:39.444-0300: 9674,897: [Finalize Marking, 0,0004655 secs] 2019-07-20T23:55:39.444-0300: 9674,897: [GC ref-proc, 0,0001722 secs] 2019-07-20T23:55:39.444-0300: 9674,898: [Unloading, 0,0031230 secs], 0,0048581 secs]
 [Times: user=0,00 sys=0,00, real=0,01 secs] 
2019-07-20T23:55:39.449-0300: 9674,902: [GC cleanup 177M->174M(256M), 0,0012714 secs]
 [Times: user=0,00 sys=0,00, real=0,00 secs] 
2019-07-20T23:55:39.450-0300: 9674,904: [GC concurrent-cleanup-start]
2019-07-20T23:55:39.451-0300: 9674,904: [GC concurrent-cleanup-end, 0,0000169 secs]
2019-07-21T00:00:34.106-0300: 9969,559: [GC pause (G1 Evacuation Pause) (young), 0,0156743 secs]
   [Parallel Time: 14,2 ms, GC Workers: 4]
      [GC Worker Start (ms): Min: 9969559,4, Avg: 9969560,6, Max: 9969561,7, Diff: 2,3]
      [Ext Root Scanning (ms): Min: 0,0, Avg: 0,3, Max: 0,6, Diff: 0,5, Sum: 1,1]
      [Update RS (ms): Min: 0,8, Avg: 1,7, Max: 2,6, Diff: 1,8, Sum: 6,9]
         [Processed Buffers: Min: 7, Avg: 15,2, Max: 27, Diff: 20, Sum: 61]
      [Scan RS (ms): Min: 0,2, Avg: 0,2, Max: 0,3, Diff: 0,1, Sum: 0,9]
      [Code Root Scanning (ms): Min: 0,0, Avg: 0,0, Max: 0,0, Diff: 0,0, Sum: 0,1]
      [Object Copy (ms): Min: 10,5, Avg: 10,6, Max: 10,6, Diff: 0,1, Sum: 42,3]
      [Termination (ms): Min: 0,0, Avg: 0,0, Max: 0,0, Diff: 0,0, Sum: 0,0]
         [Termination Attempts: Min: 1, Avg: 1,0, Max: 1, Diff: 0, Sum: 4]
      [GC Worker Other (ms): Min: 0,0, Avg: 0,0, Max: 0,0, Diff: 0,0, Sum: 0,1]
      [GC Worker Total (ms): Min: 11,7, Avg: 12,9, Max: 14,1, Diff: 2,3, Sum: 51,6]
      [GC Worker End (ms): Min: 9969573,5, Avg: 9969573,5, Max: 9969573,5, Diff: 0,0]
   [Code Root Fixup: 0,0 ms]
   [Code Root Purge: 0,0 ms]
   [Clear CT: 0,3 ms]
   [Other: 1,1 ms]
      [Choose CSet: 0,0 ms]
      [Ref Proc: 0,4 ms]
      [Ref Enq: 0,0 ms]
      [Redirty Cards: 0,5 ms]
      [Humongous Register: 0,0 ms]
      [Humongous Reclaim: 0,0 ms]
      [Free CSet: 0,0 ms]
   [Eden: 44,0M(44,0M)->0,0B(6144,0K) Survivors: 7168,0K->6144,0K Heap: 218,2M(256,0M)->179,5M(256,0M)]
 [Times: user=0,07 sys=0,00, real=0,01 secs] 
2019-07-21T00:01:13.507-0300: 10008,960: [GC pause (G1 Evacuation Pause) (mixed), 0,0109166 secs]
   [Parallel Time: 9,1 ms, GC Workers: 4]
      [GC Worker Start (ms): Min: 10008960,4, Avg: 10008960,5, Max: 10008960,6, Diff: 0,2]
      [Ext Root Scanning (ms): Min: 0,2, Avg: 0,4, Max: 0,7, Diff: 0,5, Sum: 1,5]
      [Update RS (ms): Min: 2,6, Avg: 2,8, Max: 2,9, Diff: 0,3, Sum: 11,4]
         [Processed Buffers: Min: 8, Avg: 14,8, Max: 30, Diff: 22, Sum: 59]
      [Scan RS (ms): Min: 0,1, Avg: 0,2, Max: 0,2, Diff: 0,1, Sum: 0,7]
      [Code Root Scanning (ms): Min: 0,0, Avg: 0,0, Max: 0,1, Diff: 0,1, Sum: 0,2]
      [Object Copy (ms): Min: 5,4, Avg: 5,4, Max: 5,4, Diff: 0,1, Sum: 21,6]
      [Termination (ms): Min: 0,0, Avg: 0,0, Max: 0,0, Diff: 0,0, Sum: 0,0]
         [Termination Attempts: Min: 1, Avg: 1,0, Max: 1, Diff: 0, Sum: 4]
      [GC Worker Other (ms): Min: 0,0, Avg: 0,0, Max: 0,0, Diff: 0,0, Sum: 0,1]
      [GC Worker Total (ms): Min: 8,8, Avg: 8,9, Max: 9,0, Diff: 0,2, Sum: 35,5]
      [GC Worker End (ms): Min: 10008969,4, Avg: 10008969,4, Max: 10008969,4, Diff: 0,0]
   [Code Root Fixup: 0,0 ms]
   [Code Root Purge: 0,0 ms]
   [Clear CT: 0,4 ms]
   [Other: 1,4 ms]
      [Choose CSet: 0,0 ms]
      [Ref Proc: 0,6 ms]
      [Ref Enq: 0,0 ms]
      [Redirty Cards: 0,4 ms]
      [Humongous Register: 0,0 ms]
      [Humongous Reclaim: 0,0 ms]
      [Free CSet: 0,1 ms]
   [Eden: 6144,0K(6144,0K)->0,0B(60,0M) Survivors: 6144,0K->2048,0K Heap: 185,5M(256,0M)->162,0M(256,0M)]
 [Times: user=0,06 sys=0,00, real=0,01 secs] 
2019-07-21T00:07:56.814-0300: 10412,267: [GC pause (G1 Evacuation Pause) (young), 0,0156746 secs]
   [Parallel Time: 12,5 ms, GC Workers: 4]
      [GC Worker Start (ms): Min: 10412267,5, Avg: 10412269,2, Max: 10412271,0, Diff: 3,6]
      [Ext Root Scanning (ms): Min: 0,0, Avg: 0,6, Max: 1,3, Diff: 1,3, Sum: 2,6]
      [Update RS (ms): Min: 1,0, Avg: 2,3, Max: 3,7, Diff: 2,8, Sum: 9,4]
         [Processed Buffers: Min: 13, Avg: 17,0, Max: 20, Diff: 7, Sum: 68]
      [Scan RS (ms): Min: 0,1, Avg: 0,3, Max: 0,4, Diff: 0,3, Sum: 1,0]
      [Code Root Scanning (ms): Min: 0,0, Avg: 0,1, Max: 0,2, Diff: 0,2, Sum: 0,3]
      [Object Copy (ms): Min: 7,2, Avg: 7,2, Max: 7,3, Diff: 0,1, Sum: 28,9]
      [Termination (ms): Min: 0,0, Avg: 0,0, Max: 0,0, Diff: 0,0, Sum: 0,0]
         [Termination Attempts: Min: 1, Avg: 1,0, Max: 1, Diff: 0, Sum: 4]
      [GC Worker Other (ms): Min: 0,0, Avg: 0,1, Max: 0,1, Diff: 0,0, Sum: 0,2]
      [GC Worker Total (ms): Min: 8,8, Avg: 10,6, Max: 12,4, Diff: 3,6, Sum: 42,5]
      [GC Worker End (ms): Min: 10412279,9, Avg: 10412279,9, Max: 10412279,9, Diff: 0,0]
   [Code Root Fixup: 0,0 ms]
   [Code Root Purge: 0,0 ms]
   [Clear CT: 1,6 ms]
   [Other: 1,5 ms]
      [Choose CSet: 0,0 ms]
      [Ref Proc: 0,4 ms]
      [Ref Enq: 0,0 ms]
      [Redirty Cards: 0,8 ms]
      [Humongous Register: 0,0 ms]
      [Humongous Reclaim: 0,0 ms]
      [Free CSet: 0,0 ms]
   [Eden: 60,0M(60,0M)->0,0B(50,0M) Survivors: 2048,0K->8192,0K Heap: 222,0M(256,0M)->170,5M(256,0M)]
 [Times: user=0,07 sys=0,00, real=0,02 secs] 
2019-07-21T00:13:36.012-0300: 10751,465: [GC pause (G1 Evacuation Pause) (young) (initial-mark), 0,0255626 secs]
   [Parallel Time: 24,5 ms, GC Workers: 4]
      [GC Worker Start (ms): Min: 10751465,5, Avg: 10751466,5, Max: 10751466,9, Diff: 1,4]
      [Ext Root Scanning (ms): Min: 0,0, Avg: 4,5, Max: 6,8, Diff: 6,8, Sum: 17,9]
      [Update RS (ms): Min: 0,0, Avg: 0,8, Max: 2,9, Diff: 2,9, Sum: 3,1]
         [Processed Buffers: Min: 0, Avg: 12,2, Max: 34, Diff: 34, Sum: 49]
      [Scan RS (ms): Min: 0,0, Avg: 0,0, Max: 0,1, Diff: 0,1, Sum: 0,1]
      [Code Root Scanning (ms): Min: 0,0, Avg: 0,0, Max: 0,1, Diff: 0,1, Sum: 0,1]
      [Object Copy (ms): Min: 16,0, Avg: 18,0, Max: 19,9, Diff: 3,8, Sum: 71,8]
      [Termination (ms): Min: 0,0, Avg: 0,1, Max: 0,1, Diff: 0,1, Sum: 0,3]
         [Termination Attempts: Min: 1, Avg: 2,0, Max: 3, Diff: 2, Sum: 8]
      [GC Worker Other (ms): Min: 0,0, Avg: 0,0, Max: 0,0, Diff: 0,0, Sum: 0,1]
      [GC Worker Total (ms): Min: 23,0, Avg: 23,3, Max: 24,4, Diff: 1,4, Sum: 93,4]
      [GC Worker End (ms): Min: 10751489,9, Avg: 10751489,9, Max: 10751489,9, Diff: 0,0]
   [Code Root Fixup: 0,0 ms]
   [Code Root Purge: 0,0 ms]
   [Clear CT: 0,3 ms]
   [Other: 0,8 ms]
      [Choose CSet: 0,0 ms]
      [Ref Proc: 0,3 ms]
      [Ref Enq: 0,0 ms]
      [Redirty Cards: 0,3 ms]
      [Humongous Register: 0,0 ms]
      [Humongous Reclaim: 0,0 ms]
      [Free CSet: 0,0 ms]
   [Eden: 50,0M(50,0M)->0,0B(45,0M) Survivors: 8192,0K->7168,0K Heap: 220,5M(256,0M)->176,3M(256,0M)]
 [Times: user=0,11 sys=0,00, real=0,03 secs] 
2019-07-21T00:13:36.038-0300: 10751,491: [GC concurrent-root-region-scan-start]
2019-07-21T00:13:36.046-0300: 10751,499: [GC concurrent-root-region-scan-end, 0,0080393 secs]
2019-07-21T00:13:36.046-0300: 10751,499: [GC concurrent-mark-start]
2019-07-21T00:13:36.060-0300: 10751,514: [GC concurrent-mark-end, 0,0144411 secs]
2019-07-21T00:13:36.061-0300: 10751,515: [GC remark 2019-07-21T00:13:36.061-0300: 10751,515: [Finalize Marking, 0,0002349 secs] 2019-07-21T00:13:36.062-0300: 10751,515: [GC ref-proc, 0,0001250 secs] 2019-07-21T00:13:36.062-0300: 10751,515: [Unloading, 0,0047148 secs], 0,0060297 secs]
 [Times: user=0,00 sys=0,00, real=0,01 secs] 
2019-07-21T00:13:36.068-0300: 10751,521: [GC cleanup 176M->173M(256M), 0,0015061 secs]
 [Times: user=0,00 sys=0,00, real=0,00 secs] 
2019-07-21T00:13:36.069-0300: 10751,523: [GC concurrent-cleanup-start]
2019-07-21T00:13:36.070-0300: 10751,523: [GC concurrent-cleanup-end, 0,0000160 secs]
2019-07-21T00:18:14.770-0300: 11030,223: [GC pause (G1 Evacuation Pause) (young), 0,0120486 secs]
   [Parallel Time: 10,8 ms, GC Workers: 4]
      [GC Worker Start (ms): Min: 11030223,5, Avg: 11030225,2, Max: 11030225,8, Diff: 2,4]
      [Ext Root Scanning (ms): Min: 0,0, Avg: 0,3, Max: 1,0, Diff: 1,0, Sum: 1,1]
      [Update RS (ms): Min: 1,0, Avg: 1,4, Max: 2,4, Diff: 1,4, Sum: 5,5]
         [Processed Buffers: Min: 7, Avg: 16,0, Max: 27, Diff: 20, Sum: 64]
      [Scan RS (ms): Min: 0,3, Avg: 0,3, Max: 0,3, Diff: 0,0, Sum: 1,2]
      [Code Root Scanning (ms): Min: 0,0, Avg: 0,0, Max: 0,0, Diff: 0,0, Sum: 0,1]
      [Object Copy (ms): Min: 7,0, Avg: 7,0, Max: 7,1, Diff: 0,1, Sum: 28,1]
      [Termination (ms): Min: 0,0, Avg: 0,0, Max: 0,0, Diff: 0,0, Sum: 0,0]
         [Termination Attempts: Min: 1, Avg: 1,0, Max: 1, Diff: 0, Sum: 4]
      [GC Worker Other (ms): Min: 0,0, Avg: 0,0, Max: 0,0, Diff: 0,0, Sum: 0,1]
      [GC Worker Total (ms): Min: 8,4, Avg: 9,0, Max: 10,8, Diff: 2,4, Sum: 36,1]
      [GC Worker End (ms): Min: 11030234,2, Avg: 11030234,2, Max: 11030234,2, Diff: 0,0]
   [Code Root Fixup: 0,0 ms]
   [Code Root Purge: 0,0 ms]
   [Clear CT: 0,4 ms]
   [Other: 0,9 ms]
      [Choose CSet: 0,0 ms]
      [Ref Proc: 0,3 ms]
      [Ref Enq: 0,0 ms]
      [Redirty Cards: 0,4 ms]
      [Humongous Register: 0,0 ms]
      [Humongous Reclaim: 0,0 ms]
      [Free CSet: 0,0 ms]
   [Eden: 44,0M(44,0M)->0,0B(7168,0K) Survivors: 7168,0K->5120,0K Heap: 217,3M(256,0M)->177,0M(256,0M)]
 [Times: user=0,05 sys=0,00, real=0,01 secs] 
2019-07-21T00:19:01.606-0300: 11077,059: [GC pause (G1 Evacuation Pause) (mixed), 0,0093393 secs]
   [Parallel Time: 7,9 ms, GC Workers: 4]
      [GC Worker Start (ms): Min: 11077059,0, Avg: 11077059,7, Max: 11077061,8, Diff: 2,9]
      [Ext Root Scanning (ms): Min: 0,0, Avg: 0,4, Max: 0,9, Diff: 0,8, Sum: 1,8]
      [Update RS (ms): Min: 0,2, Avg: 1,9, Max: 2,5, Diff: 2,3, Sum: 7,5]
         [Processed Buffers: Min: 1, Avg: 13,8, Max: 24, Diff: 23, Sum: 55]
      [Scan RS (ms): Min: 0,3, Avg: 0,3, Max: 0,4, Diff: 0,1, Sum: 1,3]
      [Code Root Scanning (ms): Min: 0,0, Avg: 0,0, Max: 0,0, Diff: 0,0, Sum: 0,1]
      [Object Copy (ms): Min: 4,2, Avg: 4,2, Max: 4,2, Diff: 0,1, Sum: 16,7]
      [Termination (ms): Min: 0,0, Avg: 0,0, Max: 0,0, Diff: 0,0, Sum: 0,1]
         [Termination Attempts: Min: 1, Avg: 1,8, Max: 3, Diff: 2, Sum: 7]
      [GC Worker Other (ms): Min: 0,0, Avg: 0,0, Max: 0,0, Diff: 0,0, Sum: 0,1]
      [GC Worker Total (ms): Min: 4,8, Avg: 6,9, Max: 7,6, Diff: 2,8, Sum: 27,5]
      [GC Worker End (ms): Min: 11077066,6, Avg: 11077066,6, Max: 11077066,6, Diff: 0,0]
   [Code Root Fixup: 0,0 ms]
   [Code Root Purge: 0,0 ms]
   [Clear CT: 0,5 ms]
   [Other: 1,0 ms]
      [Choose CSet: 0,0 ms]
      [Ref Proc: 0,3 ms]
      [Ref Enq: 0,0 ms]
      [Redirty Cards: 0,4 ms]
      [Humongous Register: 0,0 ms]
      [Humongous Reclaim: 0,0 ms]
      [Free CSet: 0,1 ms]
   [Eden: 7168,0K(7168,0K)->0,0B(62,0M) Survivors: 5120,0K->2048,0K Heap: 184,0M(256,0M)->159,5M(256,0M)]
 [Times: user=0,05 sys=0,00, real=0,00 secs] 
2019-07-21T00:25:56.731-0300: 11492,184: [GC pause (G1 Evacuation Pause) (young), 0,0182086 secs]
   [Parallel Time: 16,7 ms, GC Workers: 4]
      [GC Worker Start (ms): Min: 11492184,6, Avg: 11492187,8, Max: 11492190,6, Diff: 6,0]
      [Ext Root Scanning (ms): Min: 0,0, Avg: 0,3, Max: 1,1, Diff: 1,1, Sum: 1,3]
      [Update RS (ms): Min: 0,0, Avg: 1,9, Max: 3,9, Diff: 3,9, Sum: 7,8]
         [Processed Buffers: Min: 0, Avg: 15,5, Max: 36, Diff: 36, Sum: 62]
      [Scan RS (ms): Min: 0,0, Avg: 0,0, Max: 0,1, Diff: 0,1, Sum: 0,2]
      [Code Root Scanning (ms): Min: 0,0, Avg: 0,0, Max: 0,0, Diff: 0,0, Sum: 0,1]
      [Object Copy (ms): Min: 10,2, Avg: 10,7, Max: 11,1, Diff: 0,9, Sum: 42,7]
      [Termination (ms): Min: 0,0, Avg: 0,1, Max: 0,1, Diff: 0,1, Sum: 0,3]
         [Termination Attempts: Min: 1, Avg: 1,0, Max: 1, Diff: 0, Sum: 4]
      [GC Worker Other (ms): Min: 0,0, Avg: 0,0, Max: 0,1, Diff: 0,1, Sum: 0,2]
      [GC Worker Total (ms): Min: 10,4, Avg: 13,1, Max: 16,4, Diff: 6,0, Sum: 52,5]
      [GC Worker End (ms): Min: 11492200,9, Avg: 11492201,0, Max: 11492201,0, Diff: 0,0]
   [Code Root Fixup: 0,0 ms]
   [Code Root Purge: 0,0 ms]
   [Clear CT: 0,3 ms]
   [Other: 1,2 ms]
      [Choose CSet: 0,0 ms]
      [Ref Proc: 0,7 ms]
      [Ref Enq: 0,0 ms]
      [Redirty Cards: 0,3 ms]
      [Humongous Register: 0,0 ms]
      [Humongous Reclaim: 0,0 ms]
      [Free CSet: 0,0 ms]
   [Eden: 62,0M(62,0M)->0,0B(57,0M) Survivors: 2048,0K->7168,0K Heap: 221,5M(256,0M)->164,4M(256,0M)]
 [Times: user=0,04 sys=0,00, real=0,02 secs] 
2019-07-21T00:32:21.542-0300: 11876,996: [GC pause (G1 Evacuation Pause) (young) (initial-mark), 0,0259369 secs]
   [Parallel Time: 25,0 ms, GC Workers: 4]
      [GC Worker Start (ms): Min: 11876995,6, Avg: 11876996,7, Max: 11876997,1, Diff: 1,5]
      [Ext Root Scanning (ms): Min: 0,0, Avg: 3,1, Max: 4,6, Diff: 4,6, Sum: 12,2]
      [Update RS (ms): Min: 0,0, Avg: 0,7, Max: 2,1, Diff: 2,1, Sum: 2,8]
         [Processed Buffers: Min: 0, Avg: 10,0, Max: 33, Diff: 33, Sum: 40]
      [Scan RS (ms): Min: 0,0, Avg: 0,0, Max: 0,1, Diff: 0,1, Sum: 0,1]
      [Code Root Scanning (ms): Min: 0,0, Avg: 0,0, Max: 0,0, Diff: 0,0, Sum: 0,1]
      [Object Copy (ms): Min: 17,8, Avg: 19,3, Max: 21,2, Diff: 3,3, Sum: 77,2]
      [Termination (ms): Min: 0,0, Avg: 0,8, Max: 1,1, Diff: 1,1, Sum: 3,1]
         [Termination Attempts: Min: 1, Avg: 1,0, Max: 1, Diff: 0, Sum: 4]
      [GC Worker Other (ms): Min: 0,0, Avg: 0,0, Max: 0,0, Diff: 0,0, Sum: 0,1]
      [GC Worker Total (ms): Min: 23,5, Avg: 23,9, Max: 25,0, Diff: 1,5, Sum: 95,6]
      [GC Worker End (ms): Min: 11877020,6, Avg: 11877020,6, Max: 11877020,6, Diff: 0,0]
   [Code Root Fixup: 0,0 ms]
   [Code Root Purge: 0,0 ms]
   [Clear CT: 0,1 ms]
   [Other: 0,8 ms]
      [Choose CSet: 0,0 ms]
      [Ref Proc: 0,3 ms]
      [Ref Enq: 0,0 ms]
      [Redirty Cards: 0,3 ms]
      [Humongous Register: 0,0 ms]
      [Humongous Reclaim: 0,0 ms]
      [Free CSet: 0,0 ms]
   [Eden: 57,0M(57,0M)->0,0B(45,0M) Survivors: 7168,0K->7168,0K Heap: 221,4M(256,0M)->172,2M(256,0M)]
 [Times: user=0,08 sys=0,00, real=0,03 secs] 
2019-07-21T00:32:21.568-0300: 11877,022: [GC concurrent-root-region-scan-start]
2019-07-21T00:32:21.577-0300: 11877,030: [GC concurrent-root-region-scan-end, 0,0080702 secs]
2019-07-21T00:32:21.577-0300: 11877,030: [GC concurrent-mark-start]
2019-07-21T00:32:21.590-0300: 11877,043: [GC concurrent-mark-end, 0,0130529 secs]
2019-07-21T00:32:21.590-0300: 11877,043: [GC remark 2019-07-21T00:32:21.590-0300: 11877,043: [Finalize Marking, 0,0003438 secs] 2019-07-21T00:32:21.590-0300: 11877,044: [GC ref-proc, 0,0001219 secs] 2019-07-21T00:32:21.590-0300: 11877,044: [Unloading, 0,0054078 secs], 0,0065911 secs]
 [Times: user=0,04 sys=0,00, real=0,01 secs] 
2019-07-21T00:32:21.597-0300: 11877,050: [GC cleanup 172M->169M(256M), 0,0013860 secs]
 [Times: user=0,00 sys=0,00, real=0,00 secs] 
2019-07-21T00:32:21.599-0300: 11877,052: [GC concurrent-cleanup-start]
2019-07-21T00:32:21.599-0300: 11877,052: [GC concurrent-cleanup-end, 0,0000194 secs]
2019-07-21T00:37:23.860-0300: 12179,313: [GC pause (G1 Evacuation Pause) (young), 0,0221153 secs]
   [Parallel Time: 15,9 ms, GC Workers: 4]
      [GC Worker Start (ms): Min: 12179313,0, Avg: 12179315,5, Max: 12179317,7, Diff: 4,7]
      [Ext Root Scanning (ms): Min: 0,1, Avg: 0,3, Max: 0,8, Diff: 0,8, Sum: 1,1]
      [Update RS (ms): Min: 0,0, Avg: 1,5, Max: 3,0, Diff: 3,0, Sum: 6,0]
         [Processed Buffers: Min: 0, Avg: 16,5, Max: 38, Diff: 38, Sum: 66]
      [Scan RS (ms): Min: 0,0, Avg: 0,0, Max: 0,0, Diff: 0,0, Sum: 0,1]
      [Code Root Scanning (ms): Min: 0,0, Avg: 0,0, Max: 0,0, Diff: 0,0, Sum: 0,1]
      [Object Copy (ms): Min: 10,8, Avg: 11,3, Max: 11,8, Diff: 1,0, Sum: 45,1]
      [Termination (ms): Min: 0,0, Avg: 0,1, Max: 0,2, Diff: 0,2, Sum: 0,4]
         [Termination Attempts: Min: 1, Avg: 1,0, Max: 1, Diff: 0, Sum: 4]
      [GC Worker Other (ms): Min: 0,0, Avg: 0,0, Max: 0,0, Diff: 0,0, Sum: 0,1]
      [GC Worker Total (ms): Min: 11,1, Avg: 13,2, Max: 15,8, Diff: 4,7, Sum: 53,0]
      [GC Worker End (ms): Min: 12179328,7, Avg: 12179328,7, Max: 12179328,8, Diff: 0,0]
   [Code Root Fixup: 0,0 ms]
   [Code Root Purge: 0,0 ms]
   [Clear CT: 0,2 ms]
   [Other: 6,0 ms]
      [Choose CSet: 0,0 ms]
      [Ref Proc: 5,6 ms]
      [Ref Enq: 0,0 ms]
      [Redirty Cards: 0,2 ms]
      [Humongous Register: 0,0 ms]
      [Humongous Reclaim: 0,0 ms]
      [Free CSet: 0,0 ms]
   [Eden: 45,0M(45,0M)->0,0B(6144,0K) Survivors: 7168,0K->6144,0K Heap: 214,2M(256,0M)->175,0M(256,0M)]
 [Times: user=0,07 sys=0,00, real=0,02 secs] 
2019-07-21T00:38:03.306-0300: 12218,760: [GC pause (G1 Evacuation Pause) (mixed), 0,0130434 secs]
   [Parallel Time: 11,4 ms, GC Workers: 4]
      [GC Worker Start (ms): Min: 12218759,9, Avg: 12218762,0, Max: 12218764,7, Diff: 4,8]
      [Ext Root Scanning (ms): Min: 0,0, Avg: 0,3, Max: 1,1, Diff: 1,1, Sum: 1,3]
      [Update RS (ms): Min: 0,0, Avg: 2,3, Max: 3,5, Diff: 3,5, Sum: 9,1]
         [Processed Buffers: Min: 0, Avg: 15,0, Max: 36, Diff: 36, Sum: 60]
      [Scan RS (ms): Min: 0,0, Avg: 0,2, Max: 0,3, Diff: 0,3, Sum: 0,7]
      [Code Root Scanning (ms): Min: 0,0, Avg: 1,3, Max: 5,2, Diff: 5,2, Sum: 5,3]
      [Object Copy (ms): Min: 1,3, Avg: 4,9, Max: 6,2, Diff: 4,8, Sum: 19,7]
      [Termination (ms): Min: 0,0, Avg: 0,0, Max: 0,0, Diff: 0,0, Sum: 0,0]
         [Termination Attempts: Min: 1, Avg: 1,0, Max: 1, Diff: 0, Sum: 4]
      [GC Worker Other (ms): Min: 0,0, Avg: 0,0, Max: 0,0, Diff: 0,0, Sum: 0,1]
      [GC Worker Total (ms): Min: 6,4, Avg: 9,1, Max: 11,2, Diff: 4,8, Sum: 36,3]
      [GC Worker End (ms): Min: 12218771,1, Avg: 12218771,1, Max: 12218771,1, Diff: 0,0]
   [Code Root Fixup: 0,0 ms]
   [Code Root Purge: 0,0 ms]
   [Clear CT: 0,5 ms]
   [Other: 1,2 ms]
      [Choose CSet: 0,0 ms]
      [Ref Proc: 0,5 ms]
      [Ref Enq: 0,0 ms]
      [Redirty Cards: 0,5 ms]
      [Humongous Register: 0,0 ms]
      [Humongous Reclaim: 0,0 ms]
      [Free CSet: 0,1 ms]
   [Eden: 6144,0K(6144,0K)->0,0B(60,0M) Survivors: 6144,0K->2048,0K Heap: 181,0M(256,0M)->161,5M(256,0M)]
 [Times: user=0,05 sys=0,00, real=0,01 secs] 
2019-07-21T00:44:47.303-0300: 12622,757: [GC pause (G1 Evacuation Pause) (young), 0,0130442 secs]
   [Parallel Time: 11,9 ms, GC Workers: 4]
      [GC Worker Start (ms): Min: 12622756,7, Avg: 12622756,8, Max: 12622756,9, Diff: 0,1]
      [Ext Root Scanning (ms): Min: 0,2, Avg: 0,3, Max: 0,6, Diff: 0,4, Sum: 1,2]
      [Update RS (ms): Min: 2,5, Avg: 2,7, Max: 2,8, Diff: 0,4, Sum: 10,7]
         [Processed Buffers: Min: 8, Avg: 16,2, Max: 26, Diff: 18, Sum: 65]
      [Scan RS (ms): Min: 0,0, Avg: 0,1, Max: 0,1, Diff: 0,1, Sum: 0,3]
      [Code Root Scanning (ms): Min: 0,0, Avg: 0,0, Max: 0,0, Diff: 0,0, Sum: 0,1]
      [Object Copy (ms): Min: 8,6, Avg: 8,6, Max: 8,7, Diff: 0,1, Sum: 34,6]
      [Termination (ms): Min: 0,0, Avg: 0,0, Max: 0,0, Diff: 0,0, Sum: 0,0]
         [Termination Attempts: Min: 1, Avg: 1,0, Max: 1, Diff: 0, Sum: 4]
      [GC Worker Other (ms): Min: 0,0, Avg: 0,0, Max: 0,0, Diff: 0,0, Sum: 0,1]
      [GC Worker Total (ms): Min: 11,7, Avg: 11,7, Max: 11,8, Diff: 0,1, Sum: 47,0]
      [GC Worker End (ms): Min: 12622768,6, Avg: 12622768,6, Max: 12622768,6, Diff: 0,0]
   [Code Root Fixup: 0,0 ms]
   [Code Root Purge: 0,0 ms]
   [Clear CT: 0,4 ms]
   [Other: 0,8 ms]
      [Choose CSet: 0,0 ms]
      [Ref Proc: 0,3 ms]
      [Ref Enq: 0,0 ms]
      [Redirty Cards: 0,3 ms]
      [Humongous Register: 0,0 ms]
      [Humongous Reclaim: 0,0 ms]
      [Free CSet: 0,0 ms]
   [Eden: 60,0M(60,0M)->0,0B(52,0M) Survivors: 2048,0K->8192,0K Heap: 221,5M(256,0M)->169,0M(256,0M)]
 [Times: user=0,07 sys=0,00, real=0,02 secs] 
2019-07-21T00:50:36.814-0300: 12972,267: [GC pause (G1 Evacuation Pause) (young) (initial-mark), 0,0135712 secs]
   [Parallel Time: 12,2 ms, GC Workers: 4]
      [GC Worker Start (ms): Min: 12972267,2, Avg: 12972267,3, Max: 12972267,3, Diff: 0,1]
      [Ext Root Scanning (ms): Min: 0,6, Avg: 0,7, Max: 0,8, Diff: 0,2, Sum: 2,8]
      [Update RS (ms): Min: 1,0, Avg: 1,0, Max: 1,0, Diff: 0,1, Sum: 3,9]
         [Processed Buffers: Min: 4, Avg: 12,0, Max: 16, Diff: 12, Sum: 48]
      [Scan RS (ms): Min: 0,0, Avg: 0,0, Max: 0,0, Diff: 0,0, Sum: 0,1]
      [Code Root Scanning (ms): Min: 0,0, Avg: 0,0, Max: 0,0, Diff: 0,0, Sum: 0,1]
      [Object Copy (ms): Min: 10,2, Avg: 10,2, Max: 10,3, Diff: 0,1, Sum: 40,9]
      [Termination (ms): Min: 0,0, Avg: 0,0, Max: 0,0, Diff: 0,0, Sum: 0,0]
         [Termination Attempts: Min: 1, Avg: 1,0, Max: 1, Diff: 0, Sum: 4]
      [GC Worker Other (ms): Min: 0,0, Avg: 0,0, Max: 0,0, Diff: 0,0, Sum: 0,1]
      [GC Worker Total (ms): Min: 11,9, Avg: 12,0, Max: 12,0, Diff: 0,1, Sum: 48,0]
      [GC Worker End (ms): Min: 12972279,3, Avg: 12972279,3, Max: 12972279,3, Diff: 0,0]
   [Code Root Fixup: 0,0 ms]
   [Code Root Purge: 0,0 ms]
   [Clear CT: 0,4 ms]
   [Other: 1,0 ms]
      [Choose CSet: 0,0 ms]
      [Ref Proc: 0,3 ms]
      [Ref Enq: 0,0 ms]
      [Redirty Cards: 0,4 ms]
      [Humongous Register: 0,0 ms]
      [Humongous Reclaim: 0,0 ms]
      [Free CSet: 0,0 ms]
   [Eden: 52,0M(52,0M)->0,0B(47,0M) Survivors: 8192,0K->7168,0K Heap: 221,0M(256,0M)->174,6M(256,0M)]
 [Times: user=0,08 sys=0,00, real=0,02 secs] 
2019-07-21T00:50:36.828-0300: 12972,281: [GC concurrent-root-region-scan-start]
2019-07-21T00:50:36.836-0300: 12972,289: [GC concurrent-root-region-scan-end, 0,0081279 secs]
2019-07-21T00:50:36.836-0300: 12972,289: [GC concurrent-mark-start]
2019-07-21T00:50:36.851-0300: 12972,305: [GC concurrent-mark-end, 0,0154695 secs]
2019-07-21T00:50:36.852-0300: 12972,305: [GC remark 2019-07-21T00:50:36.852-0300: 12972,305: [Finalize Marking, 0,0002630 secs] 2019-07-21T00:50:36.852-0300: 12972,305: [GC ref-proc, 0,0001545 secs] 2019-07-21T00:50:36.852-0300: 12972,305: [Unloading, 0,0032369 secs], 0,0045662 secs]
 [Times: user=0,00 sys=0,00, real=0,00 secs] 
2019-07-21T00:50:36.857-0300: 12972,310: [GC cleanup 175M->174M(256M), 0,0013926 secs]
 [Times: user=0,00 sys=0,00, real=0,00 secs] 
2019-07-21T00:50:36.858-0300: 12972,311: [GC concurrent-cleanup-start]
2019-07-21T00:50:36.858-0300: 12972,312: [GC concurrent-cleanup-end, 0,0000144 secs]
2019-07-21T00:55:54.469-0300: 13289,922: [GC pause (G1 Evacuation Pause) (young), 0,0138616 secs]
   [Parallel Time: 12,7 ms, GC Workers: 4]
      [GC Worker Start (ms): Min: 13289922,5, Avg: 13289923,5, Max: 13289926,5, Diff: 4,0]
      [Ext Root Scanning (ms): Min: 0,0, Avg: 0,3, Max: 0,5, Diff: 0,5, Sum: 1,2]
      [Update RS (ms): Min: 0,0, Avg: 1,7, Max: 2,3, Diff: 2,3, Sum: 6,6]
         [Processed Buffers: Min: 0, Avg: 17,5, Max: 29, Diff: 29, Sum: 70]
      [Scan RS (ms): Min: 0,0, Avg: 0,1, Max: 0,2, Diff: 0,2, Sum: 0,4]
      [Code Root Scanning (ms): Min: 0,0, Avg: 0,0, Max: 0,1, Diff: 0,1, Sum: 0,1]
      [Object Copy (ms): Min: 8,6, Avg: 9,5, Max: 9,8, Diff: 1,2, Sum: 37,9]
      [Termination (ms): Min: 0,0, Avg: 0,0, Max: 0,0, Diff: 0,0, Sum: 0,0]
         [Termination Attempts: Min: 1, Avg: 1,0, Max: 1, Diff: 0, Sum: 4]
      [GC Worker Other (ms): Min: 0,0, Avg: 0,0, Max: 0,0, Diff: 0,0, Sum: 0,1]
      [GC Worker Total (ms): Min: 8,7, Avg: 11,6, Max: 12,6, Diff: 4,0, Sum: 46,4]
      [GC Worker End (ms): Min: 13289935,1, Avg: 13289935,1, Max: 13289935,1, Diff: 0,0]
   [Code Root Fixup: 0,0 ms]
   [Code Root Purge: 0,0 ms]
   [Clear CT: 0,3 ms]
   [Other: 0,9 ms]
      [Choose CSet: 0,0 ms]
      [Ref Proc: 0,3 ms]
      [Ref Enq: 0,0 ms]
      [Redirty Cards: 0,3 ms]
      [Humongous Register: 0,0 ms]
      [Humongous Reclaim: 0,0 ms]
      [Free CSet: 0,0 ms]
   [Eden: 47,0M(47,0M)->0,0B(6144,0K) Survivors: 7168,0K->6144,0K Heap: 220,6M(256,0M)->179,0M(256,0M)]
 [Times: user=0,08 sys=0,00, real=0,01 secs] 
2019-07-21T00:56:33.686-0300: 13329,139: [GC pause (G1 Evacuation Pause) (mixed), 0,0160102 secs]
   [Parallel Time: 14,7 ms, GC Workers: 4]
      [GC Worker Start (ms): Min: 13329139,4, Avg: 13329145,9, Max: 13329151,7, Diff: 12,2]
      [Ext Root Scanning (ms): Min: 0,0, Avg: 0,3, Max: 1,0, Diff: 1,0, Sum: 1,1]
      [Update RS (ms): Min: 0,0, Avg: 2,0, Max: 4,5, Diff: 4,5, Sum: 7,9]
         [Processed Buffers: Min: 0, Avg: 15,2, Max: 42, Diff: 42, Sum: 61]
      [Scan RS (ms): Min: 0,0, Avg: 0,1, Max: 0,2, Diff: 0,2, Sum: 0,3]
      [Code Root Scanning (ms): Min: 0,0, Avg: 0,0, Max: 0,0, Diff: 0,0, Sum: 0,1]
      [Object Copy (ms): Min: 0,0, Avg: 4,0, Max: 8,7, Diff: 8,7, Sum: 15,9]
      [Termination (ms): Min: 0,0, Avg: 1,7, Max: 2,3, Diff: 2,3, Sum: 6,9]
         [Termination Attempts: Min: 1, Avg: 1,0, Max: 1, Diff: 0, Sum: 4]
      [GC Worker Other (ms): Min: 0,0, Avg: 0,0, Max: 0,0, Diff: 0,0, Sum: 0,1]
      [GC Worker Total (ms): Min: 2,3, Avg: 8,0, Max: 14,5, Diff: 12,2, Sum: 32,1]
      [GC Worker End (ms): Min: 13329153,9, Avg: 13329153,9, Max: 13329154,0, Diff: 0,0]
   [Code Root Fixup: 0,0 ms]
   [Code Root Purge: 0,0 ms]
   [Clear CT: 0,5 ms]
   [Other: 0,9 ms]
      [Choose CSet: 0,0 ms]
      [Ref Proc: 0,3 ms]
      [Ref Enq: 0,0 ms]
      [Redirty Cards: 0,3 ms]
      [Humongous Register: 0,0 ms]
      [Humongous Reclaim: 0,0 ms]
      [Free CSet: 0,0 ms]
   [Eden: 6144,0K(6144,0K)->0,0B(61,0M) Survivors: 6144,0K->2048,0K Heap: 185,0M(256,0M)->161,0M(256,0M)]
 [Times: user=0,05 sys=0,00, real=0,01 secs] 
2019-07-21T01:03:23.304-0300: 13738,757: [GC pause (G1 Evacuation Pause) (young), 0,0183254 secs]
   [Parallel Time: 17,0 ms, GC Workers: 4]
      [GC Worker Start (ms): Min: 13738757,3, Avg: 13738761,9, Max: 13738765,7, Diff: 8,4]
      [Ext Root Scanning (ms): Min: 0,0, Avg: 0,3, Max: 1,0, Diff: 1,0, Sum: 1,1]
      [Update RS (ms): Min: 0,0, Avg: 3,5, Max: 7,6, Diff: 7,6, Sum: 14,0]
         [Processed Buffers: Min: 0, Avg: 16,8, Max: 64, Diff: 64, Sum: 67]
      [Scan RS (ms): Min: 0,0, Avg: 0,0, Max: 0,1, Diff: 0,1, Sum: 0,1]
      [Code Root Scanning (ms): Min: 0,0, Avg: 0,0, Max: 0,0, Diff: 0,0, Sum: 0,1]
      [Object Copy (ms): Min: 7,2, Avg: 7,7, Max: 8,1, Diff: 0,9, Sum: 30,8]
      [Termination (ms): Min: 0,0, Avg: 0,2, Max: 0,8, Diff: 0,8, Sum: 0,9]
         [Termination Attempts: Min: 1, Avg: 2,5, Max: 5, Diff: 4, Sum: 10]
      [GC Worker Other (ms): Min: 0,0, Avg: 0,3, Max: 1,0, Diff: 1,0, Sum: 1,1]
      [GC Worker Total (ms): Min: 8,3, Avg: 12,0, Max: 16,7, Diff: 8,4, Sum: 48,1]
      [GC Worker End (ms): Min: 13738774,0, Avg: 13738774,0, Max: 13738774,0, Diff: 0,0]
   [Code Root Fixup: 0,0 ms]
   [Code Root Purge: 0,0 ms]
   [Clear CT: 0,4 ms]
   [Other: 0,9 ms]
      [Choose CSet: 0,0 ms]
      [Ref Proc: 0,3 ms]
      [Ref Enq: 0,0 ms]
      [Redirty Cards: 0,4 ms]
      [Humongous Register: 0,0 ms]
      [Humongous Reclaim: 0,0 ms]
      [Free CSet: 0,0 ms]
   [Eden: 61,0M(61,0M)->0,0B(52,0M) Survivors: 2048,0K->8192,0K Heap: 222,0M(256,0M)->169,0M(256,0M)]
 [Times: user=0,07 sys=0,00, real=0,02 secs] 
2019-07-21T01:09:11.742-0300: 14087,195: [GC pause (G1 Evacuation Pause) (young) (initial-mark), 0,0215070 secs]
   [Parallel Time: 20,1 ms, GC Workers: 4]
      [GC Worker Start (ms): Min: 14087195,6, Avg: 14087196,6, Max: 14087196,9, Diff: 1,4]
      [Ext Root Scanning (ms): Min: 0,0, Avg: 6,0, Max: 8,8, Diff: 8,8, Sum: 24,0]
      [Update RS (ms): Min: 0,0, Avg: 0,0, Max: 0,1, Diff: 0,1, Sum: 0,1]
         [Processed Buffers: Min: 0, Avg: 12,2, Max: 49, Diff: 49, Sum: 49]
      [Scan RS (ms): Min: 0,0, Avg: 0,0, Max: 0,0, Diff: 0,0, Sum: 0,0]
      [Code Root Scanning (ms): Min: 0,0, Avg: 0,0, Max: 0,0, Diff: 0,0, Sum: 0,0]
      [Object Copy (ms): Min: 9,9, Avg: 12,9, Max: 18,5, Diff: 8,6, Sum: 51,8]
      [Termination (ms): Min: 0,0, Avg: 0,0, Max: 0,0, Diff: 0,0, Sum: 0,1]
         [Termination Attempts: Min: 1, Avg: 3,2, Max: 5, Diff: 4, Sum: 13]
      [GC Worker Other (ms): Min: 0,0, Avg: 0,0, Max: 0,0, Diff: 0,0, Sum: 0,1]
      [GC Worker Total (ms): Min: 18,6, Avg: 19,0, Max: 20,0, Diff: 1,4, Sum: 76,0]
      [GC Worker End (ms): Min: 14087215,6, Avg: 14087215,6, Max: 14087215,6, Diff: 0,0]
   [Code Root Fixup: 0,0 ms]
   [Code Root Purge: 0,0 ms]
   [Clear CT: 0,4 ms]
   [Other: 1,0 ms]
      [Choose CSet: 0,0 ms]
      [Ref Proc: 0,3 ms]
      [Ref Enq: 0,0 ms]
      [Redirty Cards: 0,5 ms]
      [Humongous Register: 0,0 ms]
      [Humongous Reclaim: 0,0 ms]
      [Free CSet: 0,0 ms]
   [Eden: 52,0M(52,0M)->0,0B(47,0M) Survivors: 8192,0K->7168,0K Heap: 221,0M(256,0M)->174,6M(256,0M)]
 [Times: user=0,07 sys=0,00, real=0,02 secs] 
2019-07-21T01:09:11.764-0300: 14087,217: [GC concurrent-root-region-scan-start]
2019-07-21T01:09:11.774-0300: 14087,227: [GC concurrent-root-region-scan-end, 0,0098512 secs]
2019-07-21T01:09:11.774-0300: 14087,227: [GC concurrent-mark-start]
2019-07-21T01:09:11.787-0300: 14087,240: [GC concurrent-mark-end, 0,0131498 secs]
2019-07-21T01:09:11.787-0300: 14087,241: [GC remark 2019-07-21T01:09:11.787-0300: 14087,241: [Finalize Marking, 0,0002524 secs] 2019-07-21T01:09:11.788-0300: 14087,241: [GC ref-proc, 0,0001331 secs] 2019-07-21T01:09:11.788-0300: 14087,241: [Unloading, 0,0035952 secs], 0,0050803 secs]
 [Times: user=0,00 sys=0,00, real=0,00 secs] 
2019-07-21T01:09:11.793-0300: 14087,246: [GC cleanup 174M->171M(256M), 0,0011479 secs]
 [Times: user=0,00 sys=0,00, real=0,00 secs] 
2019-07-21T01:09:11.794-0300: 14087,247: [GC concurrent-cleanup-start]
2019-07-21T01:09:11.794-0300: 14087,247: [GC concurrent-cleanup-end, 0,0000168 secs]
2019-07-21T01:14:26.408-0300: 14401,862: [GC pause (G1 Evacuation Pause) (young), 0,0179567 secs]
   [Parallel Time: 16,7 ms, GC Workers: 4]
      [GC Worker Start (ms): Min: 14401861,6, Avg: 14401862,6, Max: 14401865,6, Diff: 4,0]
      [Ext Root Scanning (ms): Min: 0,0, Avg: 0,0, Max: 0,0, Diff: 0,0, Sum: 0,0]
      [Update RS (ms): Min: 0,9, Avg: 4,0, Max: 5,0, Diff: 4,1, Sum: 15,8]
         [Processed Buffers: Min: 11, Avg: 17,2, Max: 23, Diff: 12, Sum: 69]
      [Scan RS (ms): Min: 0,0, Avg: 0,0, Max: 0,1, Diff: 0,1, Sum: 0,1]
      [Code Root Scanning (ms): Min: 0,0, Avg: 0,0, Max: 0,0, Diff: 0,0, Sum: 0,1]
      [Object Copy (ms): Min: 11,5, Avg: 11,6, Max: 11,6, Diff: 0,1, Sum: 46,3]
      [Termination (ms): Min: 0,0, Avg: 0,1, Max: 0,1, Diff: 0,1, Sum: 0,2]
         [Termination Attempts: Min: 1, Avg: 1,2, Max: 2, Diff: 1, Sum: 5]
      [GC Worker Other (ms): Min: 0,0, Avg: 0,0, Max: 0,1, Diff: 0,0, Sum: 0,1]
      [GC Worker Total (ms): Min: 12,6, Avg: 15,7, Max: 16,7, Diff: 4,0, Sum: 62,6]
      [GC Worker End (ms): Min: 14401878,2, Avg: 14401878,2, Max: 14401878,2, Diff: 0,0]
   [Code Root Fixup: 0,0 ms]
   [Code Root Purge: 0,0 ms]
   [Clear CT: 0,2 ms]
   [Other: 1,0 ms]
      [Choose CSet: 0,0 ms]
      [Ref Proc: 0,6 ms]
      [Ref Enq: 0,0 ms]
      [Redirty Cards: 0,3 ms]
      [Humongous Register: 0,0 ms]
      [Humongous Reclaim: 0,0 ms]
      [Free CSet: 0,0 ms]
   [Eden: 47,0M(47,0M)->0,0B(5120,0K) Survivors: 7168,0K->7168,0K Heap: 218,6M(256,0M)->177,0M(256,0M)]
 [Times: user=0,09 sys=0,00, real=0,02 secs] 
2019-07-21T01:14:45.059-0300: 14420,512: [GC pause (G1 Evacuation Pause) (mixed), 0,0212522 secs]
   [Parallel Time: 21,1 ms, GC Workers: 4]
      [GC Worker Start (ms): Min: 14420512,4, Avg: 14420517,3, Max: 14420521,7, Diff: 9,3]
      [Ext Root Scanning (ms): Min: 0,0, Avg: 0,3, Max: 1,0, Diff: 0,9, Sum: 1,1]
      [Update RS (ms): Min: 0,0, Avg: 2,6, Max: 5,4, Diff: 5,4, Sum: 10,5]
         [Processed Buffers: Min: 0, Avg: 15,0, Max: 39, Diff: 39, Sum: 60]
      [Scan RS (ms): Min: 0,0, Avg: 0,1, Max: 0,3, Diff: 0,3, Sum: 0,5]
      [Code Root Scanning (ms): Min: 0,0, Avg: 0,0, Max: 0,0, Diff: 0,0, Sum: 0,0]
      [Object Copy (ms): Min: 11,8, Avg: 13,1, Max: 14,4, Diff: 2,7, Sum: 52,3]
      [Termination (ms): Min: 0,0, Avg: 0,0, Max: 0,0, Diff: 0,0, Sum: 0,0]
         [Termination Attempts: Min: 1, Avg: 1,0, Max: 1, Diff: 0, Sum: 4]
      [GC Worker Other (ms): Min: 0,0, Avg: 0,0, Max: 0,0, Diff: 0,0, Sum: 0,1]
      [GC Worker Total (ms): Min: 11,8, Avg: 16,1, Max: 21,1, Diff: 9,3, Sum: 64,6]
      [GC Worker End (ms): Min: 14420533,5, Avg: 14420533,5, Max: 14420533,5, Diff: 0,0]
   [Code Root Fixup: 0,0 ms]
   [Code Root Purge: 0,0 ms]
   [Clear CT: 0,0 ms]
   [Other: 0,1 ms]
      [Choose CSet: 0,0 ms]
      [Ref Proc: 0,0 ms]
      [Ref Enq: 0,0 ms]
      [Redirty Cards: 0,0 ms]
      [Humongous Register: 0,0 ms]
      [Humongous Reclaim: 0,0 ms]
      [Free CSet: 0,0 ms]
   [Eden: 5120,0K(5120,0K)->0,0B(59,0M) Survivors: 7168,0K->2048,0K Heap: 182,0M(256,0M)->162,5M(256,0M)]
 [Times: user=0,06 sys=0,00, real=0,02 secs] 
2019-07-21T01:21:20.474-0300: 14815,928: [GC pause (G1 Evacuation Pause) (young), 0,0169332 secs]
   [Parallel Time: 14,0 ms, GC Workers: 4]
      [GC Worker Start (ms): Min: 14815927,8, Avg: 14815930,8, Max: 14815934,2, Diff: 6,4]
      [Ext Root Scanning (ms): Min: 0,0, Avg: 0,4, Max: 1,4, Diff: 1,3, Sum: 1,5]
      [Update RS (ms): Min: 0,0, Avg: 2,9, Max: 4,9, Diff: 4,9, Sum: 11,8]
         [Processed Buffers: Min: 0, Avg: 18,0, Max: 29, Diff: 29, Sum: 72]
      [Scan RS (ms): Min: 0,0, Avg: 0,1, Max: 0,2, Diff: 0,1, Sum: 0,3]
      [Code Root Scanning (ms): Min: 0,0, Avg: 1,9, Max: 7,6, Diff: 7,6, Sum: 7,7]
      [Object Copy (ms): Min: 0,0, Avg: 5,5, Max: 7,4, Diff: 7,4, Sum: 22,1]
      [Termination (ms): Min: 0,0, Avg: 0,1, Max: 0,1, Diff: 0,1, Sum: 0,3]
         [Termination Attempts: Min: 1, Avg: 1,0, Max: 1, Diff: 0, Sum: 4]
      [GC Worker Other (ms): Min: 0,0, Avg: 0,0, Max: 0,0, Diff: 0,0, Sum: 0,1]
      [GC Worker Total (ms): Min: 7,6, Avg: 10,9, Max: 13,9, Diff: 6,4, Sum: 43,8]
      [GC Worker End (ms): Min: 14815941,7, Avg: 14815941,7, Max: 14815941,8, Diff: 0,0]
   [Code Root Fixup: 0,0 ms]
   [Code Root Purge: 0,0 ms]
   [Clear CT: 0,2 ms]
   [Other: 2,7 ms]
      [Choose CSet: 0,0 ms]
      [Ref Proc: 2,1 ms]
      [Ref Enq: 0,0 ms]
      [Redirty Cards: 0,3 ms]
      [Humongous Register: 0,0 ms]
      [Humongous Reclaim: 0,0 ms]
      [Free CSet: 0,0 ms]
   [Eden: 59,0M(59,0M)->0,0B(33,0M) Survivors: 2048,0K->7168,0K Heap: 221,5M(256,0M)->167,5M(256,0M)]
 [Times: user=0,05 sys=0,00, real=0,02 secs] 
2019-07-21T01:24:59.860-0300: 15035,313: [GC pause (G1 Evacuation Pause) (young) (initial-mark), 0,0170522 secs]
   [Parallel Time: 15,6 ms, GC Workers: 4]
      [GC Worker Start (ms): Min: 15035313,4, Avg: 15035314,7, Max: 15035315,2, Diff: 1,8]
      [Ext Root Scanning (ms): Min: 0,1, Avg: 4,1, Max: 6,4, Diff: 6,3, Sum: 16,4]
      [Update RS (ms): Min: 0,0, Avg: 0,9, Max: 3,4, Diff: 3,4, Sum: 3,4]
         [Processed Buffers: Min: 0, Avg: 10,8, Max: 43, Diff: 43, Sum: 43]
      [Scan RS (ms): Min: 0,0, Avg: 0,0, Max: 0,1, Diff: 0,1, Sum: 0,1]
      [Code Root Scanning (ms): Min: 0,0, Avg: 0,0, Max: 0,1, Diff: 0,1, Sum: 0,1]
      [Object Copy (ms): Min: 8,8, Avg: 9,2, Max: 10,0, Diff: 1,2, Sum: 36,8]
      [Termination (ms): Min: 0,0, Avg: 0,0, Max: 0,0, Diff: 0,0, Sum: 0,1]
         [Termination Attempts: Min: 1, Avg: 6,8, Max: 10, Diff: 9, Sum: 27]
      [GC Worker Other (ms): Min: 0,0, Avg: 0,0, Max: 0,0, Diff: 0,0, Sum: 0,1]
      [GC Worker Total (ms): Min: 13,7, Avg: 14,2, Max: 15,5, Diff: 1,8, Sum: 56,9]
      [GC Worker End (ms): Min: 15035329,0, Avg: 15035329,0, Max: 15035329,0, Diff: 0,0]
   [Code Root Fixup: 0,0 ms]
   [Code Root Purge: 0,0 ms]
   [Clear CT: 0,4 ms]
   [Other: 1,0 ms]
      [Choose CSet: 0,0 ms]
      [Ref Proc: 0,3 ms]
      [Ref Enq: 0,0 ms]
      [Redirty Cards: 0,5 ms]
      [Humongous Register: 0,0 ms]
      [Humongous Reclaim: 0,0 ms]
      [Free CSet: 0,0 ms]
   [Eden: 33,0M(33,0M)->0,0B(50,0M) Survivors: 7168,0K->5120,0K Heap: 200,5M(256,0M)->172,2M(256,0M)]
 [Times: user=0,06 sys=0,00, real=0,02 secs] 
2019-07-21T01:24:59.877-0300: 15035,331: [GC concurrent-root-region-scan-start]
2019-07-21T01:24:59.882-0300: 15035,335: [GC concurrent-root-region-scan-end, 0,0049573 secs]
2019-07-21T01:24:59.882-0300: 15035,335: [GC concurrent-mark-start]
2019-07-21T01:24:59.898-0300: 15035,351: [GC concurrent-mark-end, 0,0159636 secs]
2019-07-21T01:24:59.899-0300: 15035,352: [GC remark 2019-07-21T01:24:59.899-0300: 15035,352: [Finalize Marking, 0,0002766 secs] 2019-07-21T01:24:59.899-0300: 15035,352: [GC ref-proc, 0,0001442 secs] 2019-07-21T01:24:59.899-0300: 15035,352: [Unloading, 0,0044776 secs], 0,0061326 secs]
 [Times: user=0,00 sys=0,00, real=0,01 secs] 
2019-07-21T01:24:59.905-0300: 15035,358: [GC cleanup 172M->164M(256M), 0,0015668 secs]
 [Times: user=0,00 sys=0,00, real=0,00 secs] 
2019-07-21T01:24:59.907-0300: 15035,360: [GC concurrent-cleanup-start]
2019-07-21T01:24:59.907-0300: 15035,360: [GC concurrent-cleanup-end, 0,0000228 secs]
2019-07-21T01:30:38.007-0300: 15373,461: [GC pause (G1 Evacuation Pause) (young), 0,0108202 secs]
   [Parallel Time: 9,4 ms, GC Workers: 4]
      [GC Worker Start (ms): Min: 15373460,7, Avg: 15373460,8, Max: 15373460,9, Diff: 0,2]
      [Ext Root Scanning (ms): Min: 0,2, Avg: 0,3, Max: 0,6, Diff: 0,4, Sum: 1,3]
      [Update RS (ms): Min: 1,8, Avg: 2,0, Max: 2,0, Diff: 0,2, Sum: 7,8]
         [Processed Buffers: Min: 7, Avg: 17,2, Max: 30, Diff: 23, Sum: 69]
      [Scan RS (ms): Min: 0,0, Avg: 0,0, Max: 0,1, Diff: 0,0, Sum: 0,1]
      [Code Root Scanning (ms): Min: 0,0, Avg: 0,0, Max: 0,0, Diff: 0,0, Sum: 0,1]
      [Object Copy (ms): Min: 6,8, Avg: 6,8, Max: 6,8, Diff: 0,0, Sum: 27,3]
      [Termination (ms): Min: 0,1, Avg: 0,1, Max: 0,1, Diff: 0,0, Sum: 0,3]
         [Termination Attempts: Min: 1, Avg: 1,0, Max: 1, Diff: 0, Sum: 4]
      [GC Worker Other (ms): Min: 0,0, Avg: 0,0, Max: 0,0, Diff: 0,0, Sum: 0,1]
      [GC Worker Total (ms): Min: 9,2, Avg: 9,3, Max: 9,4, Diff: 0,2, Sum: 37,1]
      [GC Worker End (ms): Min: 15373470,0, Avg: 15373470,0, Max: 15373470,1, Diff: 0,0]
   [Code Root Fixup: 0,0 ms]
   [Code Root Purge: 0,0 ms]
   [Clear CT: 0,3 ms]
   [Other: 1,1 ms]
      [Choose CSet: 0,0 ms]
      [Ref Proc: 0,4 ms]
      [Ref Enq: 0,0 ms]
      [Redirty Cards: 0,4 ms]
      [Humongous Register: 0,0 ms]
      [Humongous Reclaim: 0,0 ms]
      [Free CSet: 0,0 ms]
   [Eden: 50,0M(50,0M)->0,0B(5120,0K) Survivors: 5120,0K->7168,0K Heap: 214,2M(256,0M)->168,0M(256,0M)]
 [Times: user=0,08 sys=0,00, real=0,01 secs] 
2019-07-21T01:31:10.805-0300: 15406,259: [GC pause (G1 Evacuation Pause) (mixed), 0,0226292 secs]
   [Parallel Time: 21,4 ms, GC Workers: 4]
      [GC Worker Start (ms): Min: 15406258,8, Avg: 15406267,2, Max: 15406274,1, Diff: 15,3]
      [Ext Root Scanning (ms): Min: 0,0, Avg: 0,2, Max: 0,9, Diff: 0,8, Sum: 1,0]
      [Update RS (ms): Min: 0,0, Avg: 0,5, Max: 2,0, Diff: 2,0, Sum: 2,1]
         [Processed Buffers: Min: 0, Avg: 8,5, Max: 30, Diff: 30, Sum: 34]
      [Scan RS (ms): Min: 0,0, Avg: 0,1, Max: 0,1, Diff: 0,1, Sum: 0,2]
      [Code Root Scanning (ms): Min: 0,0, Avg: 0,0, Max: 0,0, Diff: 0,0, Sum: 0,0]
      [Object Copy (ms): Min: 2,8, Avg: 9,9, Max: 18,3, Diff: 15,5, Sum: 39,4]
      [Termination (ms): Min: 0,0, Avg: 2,3, Max: 3,2, Diff: 3,2, Sum: 9,1]
         [Termination Attempts: Min: 1, Avg: 1,2, Max: 2, Diff: 1, Sum: 5]
      [GC Worker Other (ms): Min: 0,0, Avg: 0,0, Max: 0,0, Diff: 0,0, Sum: 0,1]
      [GC Worker Total (ms): Min: 6,0, Avg: 13,0, Max: 21,4, Diff: 15,3, Sum: 51,9]
      [GC Worker End (ms): Min: 15406280,1, Avg: 15406280,1, Max: 15406280,1, Diff: 0,0]
   [Code Root Fixup: 0,0 ms]
   [Code Root Purge: 0,0 ms]
   [Clear CT: 0,3 ms]
   [Other: 0,9 ms]
      [Choose CSet: 0,0 ms]
      [Ref Proc: 0,3 ms]
      [Ref Enq: 0,0 ms]
      [Redirty Cards: 0,4 ms]
      [Humongous Register: 0,0 ms]
      [Humongous Reclaim: 0,0 ms]
      [Free CSet: 0,0 ms]
   [Eden: 5120,0K(5120,0K)->0,0B(62,0M) Survivors: 7168,0K->2048,0K Heap: 173,0M(256,0M)->159,2M(256,0M)]
 [Times: user=0,05 sys=0,00, real=0,02 secs] 
2019-07-21T01:38:06.814-0300: 15822,267: [GC pause (G1 Evacuation Pause) (young), 0,0144706 secs]
   [Parallel Time: 13,1 ms, GC Workers: 4]
      [GC Worker Start (ms): Min: 15822267,3, Avg: 15822269,6, Max: 15822274,0, Diff: 6,8]
      [Ext Root Scanning (ms): Min: 0,0, Avg: 0,3, Max: 0,6, Diff: 0,5, Sum: 1,1]
      [Update RS (ms): Min: 0,0, Avg: 2,6, Max: 4,1, Diff: 4,1, Sum: 10,4]
         [Processed Buffers: Min: 0, Avg: 16,8, Max: 30, Diff: 30, Sum: 67]
      [Scan RS (ms): Min: 0,0, Avg: 0,0, Max: 0,1, Diff: 0,1, Sum: 0,1]
      [Code Root Scanning (ms): Min: 0,0, Avg: 0,0, Max: 0,0, Diff: 0,0, Sum: 0,1]
      [Object Copy (ms): Min: 6,1, Avg: 7,7, Max: 8,3, Diff: 2,1, Sum: 30,8]
      [Termination (ms): Min: 0,0, Avg: 0,0, Max: 0,0, Diff: 0,0, Sum: 0,0]
         [Termination Attempts: Min: 1, Avg: 1,2, Max: 2, Diff: 1, Sum: 5]
      [GC Worker Other (ms): Min: 0,0, Avg: 0,0, Max: 0,0, Diff: 0,0, Sum: 0,1]
      [GC Worker Total (ms): Min: 6,2, Avg: 10,7, Max: 13,0, Diff: 6,8, Sum: 42,6]
      [GC Worker End (ms): Min: 15822280,2, Avg: 15822280,2, Max: 15822280,2, Diff: 0,0]
   [Code Root Fixup: 0,0 ms]
   [Code Root Purge: 0,0 ms]
   [Clear CT: 0,3 ms]
   [Other: 1,1 ms]
      [Choose CSet: 0,0 ms]
      [Ref Proc: 0,4 ms]
      [Ref Enq: 0,0 ms]
      [Redirty Cards: 0,5 ms]
      [Humongous Register: 0,0 ms]
      [Humongous Reclaim: 0,0 ms]
      [Free CSet: 0,0 ms]
   [Eden: 62,0M(62,0M)->0,0B(54,0M) Survivors: 2048,0K->8192,0K Heap: 221,2M(256,0M)->167,0M(256,0M)]
 [Times: user=0,06 sys=0,00, real=0,02 secs] 
2019-07-21T01:44:11.779-0300: 16187,232: [GC pause (G1 Evacuation Pause) (young) (initial-mark), 0,0213490 secs]
   [Parallel Time: 20,3 ms, GC Workers: 4]
      [GC Worker Start (ms): Min: 16187232,0, Avg: 16187232,2, Max: 16187232,5, Diff: 0,5]
      [Ext Root Scanning (ms): Min: 0,0, Avg: 4,1, Max: 5,7, Diff: 5,7, Sum: 16,4]
      [Update RS (ms): Min: 0,0, Avg: 0,0, Max: 0,0, Diff: 0,0, Sum: 0,0]
         [Processed Buffers: Min: 0, Avg: 11,5, Max: 46, Diff: 46, Sum: 46]
      [Scan RS (ms): Min: 0,0, Avg: 0,0, Max: 0,0, Diff: 0,0, Sum: 0,0]
      [Code Root Scanning (ms): Min: 0,0, Avg: 0,0, Max: 0,0, Diff: 0,0, Sum: 0,0]
      [Object Copy (ms): Min: 11,4, Avg: 15,0, Max: 19,6, Diff: 8,3, Sum: 60,2]
      [Termination (ms): Min: 0,1, Avg: 0,8, Max: 3,1, Diff: 3,1, Sum: 3,4]
         [Termination Attempts: Min: 1, Avg: 2,8, Max: 5, Diff: 4, Sum: 11]
      [GC Worker Other (ms): Min: 0,0, Avg: 0,0, Max: 0,0, Diff: 0,0, Sum: 0,1]
      [GC Worker Total (ms): Min: 19,7, Avg: 20,0, Max: 20,3, Diff: 0,5, Sum: 80,0]
      [GC Worker End (ms): Min: 16187252,2, Avg: 16187252,2, Max: 16187252,2, Diff: 0,0]
   [Code Root Fixup: 0,0 ms]
   [Code Root Purge: 0,0 ms]
   [Clear CT: 0,2 ms]
   [Other: 0,8 ms]
      [Choose CSet: 0,0 ms]
      [Ref Proc: 0,3 ms]
      [Ref Enq: 0,0 ms]
      [Redirty Cards: 0,2 ms]
      [Humongous Register: 0,0 ms]
      [Humongous Reclaim: 0,0 ms]
      [Free CSet: 0,0 ms]
   [Eden: 54,0M(54,0M)->0,0B(46,0M) Survivors: 8192,0K->7168,0K Heap: 221,0M(256,0M)->174,8M(256,0M)]
 [Times: user=0,07 sys=0,00, real=0,02 secs] 
2019-07-21T01:44:11.800-0300: 16187,253: [GC concurrent-root-region-scan-start]
2019-07-21T01:44:11.810-0300: 16187,264: [GC concurrent-root-region-scan-end, 0,0102060 secs]
2019-07-21T01:44:11.810-0300: 16187,264: [GC concurrent-mark-start]
2019-07-21T01:44:11.830-0300: 16187,283: [GC concurrent-mark-end, 0,0195141 secs]
2019-07-21T01:44:11.831-0300: 16187,284: [GC remark 2019-07-21T01:44:11.831-0300: 16187,284: [Finalize Marking, 0,0002727 secs] 2019-07-21T01:44:11.831-0300: 16187,284: [GC ref-proc, 0,0001435 secs] 2019-07-21T01:44:11.831-0300: 16187,284: [Unloading, 0,0039556 secs], 0,0054026 secs]
 [Times: user=0,00 sys=0,00, real=0,00 secs] 
2019-07-21T01:44:11.836-0300: 16187,290: [GC cleanup 174M->172M(256M), 0,0011849 secs]
 [Times: user=0,00 sys=0,00, real=0,00 secs] 
2019-07-21T01:44:11.838-0300: 16187,291: [GC concurrent-cleanup-start]
2019-07-21T01:44:11.838-0300: 16187,291: [GC concurrent-cleanup-end, 0,0000165 secs]
2019-07-21T01:49:22.108-0300: 16497,562: [GC pause (G1 Evacuation Pause) (young), 0,0128937 secs]
   [Parallel Time: 11,4 ms, GC Workers: 4]
      [GC Worker Start (ms): Min: 16497561,6, Avg: 16497561,7, Max: 16497561,8, Diff: 0,1]
      [Ext Root Scanning (ms): Min: 0,1, Avg: 0,3, Max: 0,6, Diff: 0,4, Sum: 1,2]
      [Update RS (ms): Min: 1,7, Avg: 1,9, Max: 2,0, Diff: 0,3, Sum: 7,5]
         [Processed Buffers: Min: 6, Avg: 17,8, Max: 36, Diff: 30, Sum: 71]
      [Scan RS (ms): Min: 0,1, Avg: 0,1, Max: 0,2, Diff: 0,0, Sum: 0,5]
      [Code Root Scanning (ms): Min: 0,0, Avg: 0,0, Max: 0,0, Diff: 0,0, Sum: 0,1]
      [Object Copy (ms): Min: 8,7, Avg: 8,7, Max: 8,7, Diff: 0,0, Sum: 34,7]
      [Termination (ms): Min: 0,0, Avg: 0,0, Max: 0,0, Diff: 0,0, Sum: 0,0]
         [Termination Attempts: Min: 1, Avg: 1,0, Max: 1, Diff: 0, Sum: 4]
      [GC Worker Other (ms): Min: 0,0, Avg: 0,0, Max: 0,0, Diff: 0,0, Sum: 0,1]
      [GC Worker Total (ms): Min: 10,9, Avg: 11,0, Max: 11,1, Diff: 0,1, Sum: 44,1]
      [GC Worker End (ms): Min: 16497572,7, Avg: 16497572,7, Max: 16497572,7, Diff: 0,0]
   [Code Root Fixup: 0,0 ms]
   [Code Root Purge: 0,0 ms]
   [Clear CT: 0,4 ms]
   [Other: 1,1 ms]
      [Choose CSet: 0,0 ms]
      [Ref Proc: 0,5 ms]
      [Ref Enq: 0,0 ms]
      [Redirty Cards: 0,4 ms]
      [Humongous Register: 0,0 ms]
      [Humongous Reclaim: 0,0 ms]
      [Free CSet: 0,0 ms]
   [Eden: 46,0M(46,0M)->0,0B(6144,0K) Survivors: 7168,0K->6144,0K Heap: 218,8M(256,0M)->178,0M(256,0M)]
 [Times: user=0,06 sys=0,00, real=0,01 secs] 
2019-07-21T01:49:59.924-0300: 16535,377: [GC pause (G1 Evacuation Pause) (mixed), 0,0232616 secs]
   [Parallel Time: 16,5 ms, GC Workers: 4]
      [GC Worker Start (ms): Min: 16535377,4, Avg: 16535385,1, Max: 16535393,5, Diff: 16,1]
      [Ext Root Scanning (ms): Min: 0,0, Avg: 0,2, Max: 0,8, Diff: 0,7, Sum: 0,9]
      [Update RS (ms): Min: 0,0, Avg: 2,3, Max: 7,6, Diff: 7,6, Sum: 9,3]
         [Processed Buffers: Min: 0, Avg: 16,0, Max: 26, Diff: 26, Sum: 64]
      [Scan RS (ms): Min: 0,1, Avg: 0,2, Max: 0,3, Diff: 0,2, Sum: 0,7]
      [Code Root Scanning (ms): Min: 0,0, Avg: 0,0, Max: 0,1, Diff: 0,1, Sum: 0,1]
      [Object Copy (ms): Min: 0,0, Avg: 5,5, Max: 7,4, Diff: 7,4, Sum: 22,2]
      [Termination (ms): Min: 0,0, Avg: 0,3, Max: 0,4, Diff: 0,4, Sum: 1,1]
         [Termination Attempts: Min: 1, Avg: 2,2, Max: 5, Diff: 4, Sum: 9]
      [GC Worker Other (ms): Min: 0,0, Avg: 0,1, Max: 0,1, Diff: 0,1, Sum: 0,2]
      [GC Worker Total (ms): Min: 0,2, Avg: 8,6, Max: 16,3, Diff: 16,1, Sum: 34,5]
      [GC Worker End (ms): Min: 16535393,7, Avg: 16535393,7, Max: 16535393,8, Diff: 0,1]
   [Code Root Fixup: 0,0 ms]
   [Code Root Purge: 0,0 ms]
   [Clear CT: 0,3 ms]
   [Other: 6,5 ms]
      [Choose CSet: 0,0 ms]
      [Ref Proc: 5,9 ms]
      [Ref Enq: 0,0 ms]
      [Redirty Cards: 0,3 ms]
      [Humongous Register: 0,0 ms]
      [Humongous Reclaim: 0,0 ms]
      [Free CSet: 0,1 ms]
   [Eden: 6144,0K(6144,0K)->0,0B(61,0M) Survivors: 6144,0K->2048,0K Heap: 184,0M(256,0M)->161,0M(256,0M)]
 [Times: user=0,06 sys=0,00, real=0,03 secs] 
2019-07-21T01:56:51.701-0300: 16947,154: [GC pause (G1 Evacuation Pause) (young), 0,0207410 secs]
   [Parallel Time: 17,8 ms, GC Workers: 4]
      [GC Worker Start (ms): Min: 16947154,4, Avg: 16947161,1, Max: 16947168,7, Diff: 14,4]
      [Ext Root Scanning (ms): Min: 0,0, Avg: 0,3, Max: 1,0, Diff: 0,9, Sum: 1,1]
      [Update RS (ms): Min: 0,0, Avg: 2,7, Max: 7,0, Diff: 7,0, Sum: 10,6]
         [Processed Buffers: Min: 0, Avg: 20,0, Max: 50, Diff: 50, Sum: 80]
      [Scan RS (ms): Min: 0,0, Avg: 0,1, Max: 0,2, Diff: 0,2, Sum: 0,3]
      [Code Root Scanning (ms): Min: 0,0, Avg: 0,0, Max: 0,1, Diff: 0,1, Sum: 0,1]
      [Object Copy (ms): Min: 3,1, Avg: 7,8, Max: 9,4, Diff: 6,2, Sum: 31,1]
      [Termination (ms): Min: 0,0, Avg: 0,0, Max: 0,0, Diff: 0,0, Sum: 0,0]
         [Termination Attempts: Min: 1, Avg: 1,2, Max: 2, Diff: 1, Sum: 5]
      [GC Worker Other (ms): Min: 0,0, Avg: 0,0, Max: 0,0, Diff: 0,0, Sum: 0,1]
      [GC Worker Total (ms): Min: 3,2, Avg: 10,9, Max: 17,6, Diff: 14,4, Sum: 43,4]
      [GC Worker End (ms): Min: 16947171,9, Avg: 16947171,9, Max: 16947171,9, Diff: 0,0]
   [Code Root Fixup: 0,0 ms]
   [Code Root Purge: 0,0 ms]
   [Clear CT: 0,3 ms]
   [Other: 2,6 ms]
      [Choose CSet: 0,0 ms]
      [Ref Proc: 1,8 ms]
      [Ref Enq: 0,0 ms]
      [Redirty Cards: 0,4 ms]
      [Humongous Register: 0,0 ms]
      [Humongous Reclaim: 0,0 ms]
      [Free CSet: 0,0 ms]
   [Eden: 61,0M(61,0M)->0,0B(29,0M) Survivors: 2048,0K->8192,0K Heap: 222,0M(256,0M)->169,5M(256,0M)]
 [Times: user=0,07 sys=0,00, real=0,02 secs] 
2019-07-21T02:00:02.484-0300: 17137,937: [GC pause (G1 Evacuation Pause) (young) (initial-mark), 0,0238457 secs]
   [Parallel Time: 22,4 ms, GC Workers: 4]
      [GC Worker Start (ms): Min: 17137937,2, Avg: 17137938,3, Max: 17137938,7, Diff: 1,5]
      [Ext Root Scanning (ms): Min: 0,0, Avg: 7,6, Max: 14,4, Diff: 14,3, Sum: 30,4]
      [Update RS (ms): Min: 0,0, Avg: 0,9, Max: 3,5, Diff: 3,5, Sum: 3,5]
         [Processed Buffers: Min: 0, Avg: 11,8, Max: 47, Diff: 47, Sum: 47]
      [Scan RS (ms): Min: 0,0, Avg: 0,0, Max: 0,1, Diff: 0,1, Sum: 0,2]
      [Code Root Scanning (ms): Min: 0,0, Avg: 0,0, Max: 0,1, Diff: 0,1, Sum: 0,1]
      [Object Copy (ms): Min: 6,2, Avg: 12,4, Max: 16,7, Diff: 10,5, Sum: 49,7]
      [Termination (ms): Min: 0,0, Avg: 0,0, Max: 0,0, Diff: 0,0, Sum: 0,0]
         [Termination Attempts: Min: 1, Avg: 2,0, Max: 3, Diff: 2, Sum: 8]
      [GC Worker Other (ms): Min: 0,0, Avg: 0,0, Max: 0,0, Diff: 0,0, Sum: 0,1]
      [GC Worker Total (ms): Min: 20,6, Avg: 21,0, Max: 22,1, Diff: 1,5, Sum: 84,0]
      [GC Worker End (ms): Min: 17137959,3, Avg: 17137959,3, Max: 17137959,3, Diff: 0,0]
   [Code Root Fixup: 0,0 ms]
   [Code Root Purge: 0,0 ms]
   [Clear CT: 0,3 ms]
   [Other: 1,1 ms]
      [Choose CSet: 0,0 ms]
      [Ref Proc: 0,4 ms]
      [Ref Enq: 0,0 ms]
      [Redirty Cards: 0,4 ms]
      [Humongous Register: 0,0 ms]
      [Humongous Reclaim: 0,0 ms]
      [Free CSet: 0,0 ms]
   [Eden: 29,0M(29,0M)->0,0B(39,0M) Survivors: 8192,0K->5120,0K Heap: 198,5M(256,0M)->174,2M(256,0M)]
 [Times: user=0,07 sys=0,00, real=0,03 secs] 
2019-07-21T02:00:02.508-0300: 17137,961: [GC concurrent-root-region-scan-start]
2019-07-21T02:00:02.514-0300: 17137,967: [GC concurrent-root-region-scan-end, 0,0062936 secs]
2019-07-21T02:00:02.514-0300: 17137,968: [GC concurrent-mark-start]
2019-07-21T02:00:02.527-0300: 17137,980: [GC concurrent-mark-end, 0,0129622 secs]
2019-07-21T02:00:02.527-0300: 17137,980: [GC remark 2019-07-21T02:00:02.527-0300: 17137,980: [Finalize Marking, 0,0000002 secs] 2019-07-21T02:00:02.527-0300: 17137,980: [GC ref-proc, 0,0000001 secs] 2019-07-21T02:00:02.527-0300: 17137,980: [Unloading, 0,0082219 secs], 0,0093216 secs]
 [Times: user=0,07 sys=0,00, real=0,01 secs] 
2019-07-21T02:00:02.537-0300: 17137,990: [GC cleanup 174M->174M(256M), 0,0017120 secs]
 [Times: user=0,00 sys=0,00, real=0,00 secs] 
2019-07-21T02:03:40.201-0300: 17355,654: [GC pause (G1 Evacuation Pause) (young), 0,0150141 secs]
   [Parallel Time: 13,6 ms, GC Workers: 4]
      [GC Worker Start (ms): Min: 17355654,6, Avg: 17355658,3, Max: 17355661,7, Diff: 7,0]
      [Ext Root Scanning (ms): Min: 0,0, Avg: 0,3, Max: 1,0, Diff: 1,0, Sum: 1,1]
      [Update RS (ms): Min: 0,0, Avg: 2,9, Max: 8,0, Diff: 8,0, Sum: 11,7]
         [Processed Buffers: Min: 0, Avg: 16,0, Max: 32, Diff: 32, Sum: 64]
      [Scan RS (ms): Min: 0,0, Avg: 0,1, Max: 0,3, Diff: 0,3, Sum: 0,5]
      [Code Root Scanning (ms): Min: 0,0, Avg: 0,0, Max: 0,0, Diff: 0,0, Sum: 0,0]
      [Object Copy (ms): Min: 2,2, Avg: 6,4, Max: 8,5, Diff: 6,3, Sum: 25,5]
      [Termination (ms): Min: 0,0, Avg: 0,1, Max: 0,1, Diff: 0,1, Sum: 0,3]
         [Termination Attempts: Min: 1, Avg: 1,2, Max: 2, Diff: 1, Sum: 5]
      [GC Worker Other (ms): Min: 0,0, Avg: 0,0, Max: 0,0, Diff: 0,0, Sum: 0,1]
      [GC Worker Total (ms): Min: 6,4, Avg: 9,8, Max: 13,5, Diff: 7,0, Sum: 39,2]
      [GC Worker End (ms): Min: 17355668,1, Avg: 17355668,1, Max: 17355668,1, Diff: 0,0]
   [Code Root Fixup: 0,0 ms]
   [Code Root Purge: 0,0 ms]
   [Clear CT: 0,5 ms]
   [Other: 0,9 ms]
      [Choose CSet: 0,0 ms]
      [Ref Proc: 0,4 ms]
      [Ref Enq: 0,0 ms]
      [Redirty Cards: 0,4 ms]
      [Humongous Register: 0,0 ms]
      [Humongous Reclaim: 0,0 ms]
      [Free CSet: 0,0 ms]
   [Eden: 32,0M(32,0M)->0,0B(7168,0K) Survivors: 5120,0K->5120,0K Heap: 206,2M(256,0M)->178,0M(256,0M)]
 [Times: user=0,04 sys=0,00, real=0,02 secs] 
2019-07-21T02:04:26.328-0300: 17401,781: [GC pause (G1 Evacuation Pause) (mixed), 0,0096807 secs]
   [Parallel Time: 8,5 ms, GC Workers: 4]
      [GC Worker Start (ms): Min: 17401781,7, Avg: 17401781,8, Max: 17401782,1, Diff: 0,5]
      [Ext Root Scanning (ms): Min: 0,0, Avg: 0,3, Max: 0,6, Diff: 0,6, Sum: 1,3]
      [Update RS (ms): Min: 0,0, Avg: 2,1, Max: 3,0, Diff: 3,0, Sum: 8,6]
         [Processed Buffers: Min: 0, Avg: 14,2, Max: 32, Diff: 32, Sum: 57]
      [Scan RS (ms): Min: 0,0, Avg: 0,1, Max: 0,2, Diff: 0,2, Sum: 0,6]
      [Code Root Scanning (ms): Min: 0,0, Avg: 0,0, Max: 0,0, Diff: 0,0, Sum: 0,0]
      [Object Copy (ms): Min: 4,7, Avg: 5,5, Max: 7,9, Diff: 3,2, Sum: 22,2]
      [Termination (ms): Min: 0,0, Avg: 0,0, Max: 0,0, Diff: 0,0, Sum: 0,0]
         [Termination Attempts: Min: 1, Avg: 1,0, Max: 1, Diff: 0, Sum: 4]
      [GC Worker Other (ms): Min: 0,0, Avg: 0,0, Max: 0,0, Diff: 0,0, Sum: 0,1]
      [GC Worker Total (ms): Min: 7,9, Avg: 8,2, Max: 8,4, Diff: 0,5, Sum: 32,9]
      [GC Worker End (ms): Min: 17401790,0, Avg: 17401790,0, Max: 17401790,1, Diff: 0,0]
   [Code Root Fixup: 0,0 ms]
   [Code Root Purge: 0,0 ms]
   [Clear CT: 0,3 ms]
   [Other: 0,9 ms]
      [Choose CSet: 0,0 ms]
      [Ref Proc: 0,3 ms]
      [Ref Enq: 0,0 ms]
      [Redirty Cards: 0,4 ms]
      [Humongous Register: 0,0 ms]
      [Humongous Reclaim: 0,0 ms]
      [Free CSet: 0,1 ms]
   [Eden: 7168,0K(7168,0K)->0,0B(64,0M) Survivors: 5120,0K->2048,0K Heap: 185,0M(256,0M)->157,5M(256,0M)]
 [Times: user=0,04 sys=0,00, real=0,01 secs] 
2019-07-21T02:11:35.573-0300: 17831,027: [GC pause (G1 Evacuation Pause) (young), 0,0213631 secs]
   [Parallel Time: 19,9 ms, GC Workers: 4]
      [GC Worker Start (ms): Min: 17831026,6, Avg: 17831031,8, Max: 17831033,6, Diff: 7,0]
      [Ext Root Scanning (ms): Min: 0,0, Avg: 0,3, Max: 1,0, Diff: 1,0, Sum: 1,1]
      [Update RS (ms): Min: 0,5, Avg: 3,8, Max: 12,7, Diff: 12,3, Sum: 15,0]
         [Processed Buffers: Min: 6, Avg: 17,0, Max: 32, Diff: 26, Sum: 68]
      [Scan RS (ms): Min: 0,0, Avg: 0,2, Max: 0,6, Diff: 0,6, Sum: 0,8]
      [Code Root Scanning (ms): Min: 0,0, Avg: 0,1, Max: 0,3, Diff: 0,3, Sum: 0,4]
      [Object Copy (ms): Min: 6,0, Avg: 9,9, Max: 11,2, Diff: 5,1, Sum: 39,5]
      [Termination (ms): Min: 0,0, Avg: 0,0, Max: 0,0, Diff: 0,0, Sum: 0,0]
         [Termination Attempts: Min: 1, Avg: 1,0, Max: 1, Diff: 0, Sum: 4]
      [GC Worker Other (ms): Min: 0,0, Avg: 0,4, Max: 1,0, Diff: 1,0, Sum: 1,4]
      [GC Worker Total (ms): Min: 12,8, Avg: 14,6, Max: 19,8, Diff: 7,0, Sum: 58,4]
      [GC Worker End (ms): Min: 17831046,4, Avg: 17831046,4, Max: 17831046,4, Diff: 0,0]
   [Code Root Fixup: 0,0 ms]
   [Code Root Purge: 0,0 ms]
   [Clear CT: 0,4 ms]
   [Other: 1,0 ms]
      [Choose CSet: 0,0 ms]
      [Ref Proc: 0,5 ms]
      [Ref Enq: 0,0 ms]
      [Redirty Cards: 0,3 ms]
      [Humongous Register: 0,0 ms]
      [Humongous Reclaim: 0,0 ms]
      [Free CSet: 0,0 ms]
   [Eden: 64,0M(64,0M)->0,0B(26,0M) Survivors: 2048,0K->9216,0K Heap: 221,5M(256,0M)->164,3M(256,0M)]
 [Times: user=0,09 sys=0,00, real=0,02 secs] 
2019-07-21T02:14:26.443-0300: 18001,896: [GC pause (G1 Evacuation Pause) (young) (initial-mark), 0,0125817 secs]
   [Parallel Time: 11,3 ms, GC Workers: 4]
      [GC Worker Start (ms): Min: 18001896,0, Avg: 18001896,1, Max: 18001896,2, Diff: 0,2]
      [Ext Root Scanning (ms): Min: 0,9, Avg: 0,9, Max: 1,0, Diff: 0,1, Sum: 3,8]
      [Update RS (ms): Min: 0,8, Avg: 1,0, Max: 1,1, Diff: 0,3, Sum: 3,9]
         [Processed Buffers: Min: 5, Avg: 11,2, Max: 21, Diff: 16, Sum: 45]
      [Scan RS (ms): Min: 0,0, Avg: 0,0, Max: 0,0, Diff: 0,0, Sum: 0,1]
      [Code Root Scanning (ms): Min: 0,0, Avg: 0,0, Max: 0,0, Diff: 0,0, Sum: 0,1]
      [Object Copy (ms): Min: 9,0, Avg: 9,1, Max: 9,2, Diff: 0,1, Sum: 36,4]
      [Termination (ms): Min: 0,0, Avg: 0,0, Max: 0,0, Diff: 0,0, Sum: 0,1]
         [Termination Attempts: Min: 1, Avg: 1,0, Max: 1, Diff: 0, Sum: 4]
      [GC Worker Other (ms): Min: 0,0, Avg: 0,0, Max: 0,0, Diff: 0,0, Sum: 0,1]
      [GC Worker Total (ms): Min: 11,0, Avg: 11,1, Max: 11,2, Diff: 0,2, Sum: 44,4]
      [GC Worker End (ms): Min: 18001907,2, Avg: 18001907,2, Max: 18001907,2, Diff: 0,0]
   [Code Root Fixup: 0,0 ms]
   [Code Root Purge: 0,0 ms]
   [Clear CT: 0,3 ms]
   [Other: 1,0 ms]
      [Choose CSet: 0,0 ms]
      [Ref Proc: 0,4 ms]
      [Ref Enq: 0,0 ms]
      [Redirty Cards: 0,4 ms]
      [Humongous Register: 0,0 ms]
      [Humongous Reclaim: 0,0 ms]
      [Free CSet: 0,0 ms]
   [Eden: 26,0M(26,0M)->0,0B(55,0M) Survivors: 9216,0K->5120,0K Heap: 190,3M(256,0M)->166,9M(256,0M)]
 [Times: user=0,08 sys=0,00, real=0,01 secs] 
2019-07-21T02:14:26.455-0300: 18001,909: [GC concurrent-root-region-scan-start]
2019-07-21T02:14:26.461-0300: 18001,914: [GC concurrent-root-region-scan-end, 0,0057130 secs]
2019-07-21T02:14:26.461-0300: 18001,914: [GC concurrent-mark-start]
2019-07-21T02:14:26.480-0300: 18001,933: [GC concurrent-mark-end, 0,0184702 secs]
2019-07-21T02:14:26.480-0300: 18001,933: [GC remark 2019-07-21T02:14:26.480-0300: 18001,933: [Finalize Marking, 0,0019860 secs] 2019-07-21T02:14:26.482-0300: 18001,935: [GC ref-proc, 0,0001674 secs] 2019-07-21T02:14:26.482-0300: 18001,936: [Unloading, 0,0047586 secs], 0,0080834 secs]
 [Times: user=0,00 sys=0,00, real=0,01 secs] 
2019-07-21T02:14:26.489-0300: 18001,942: [GC cleanup 168M->167M(256M), 0,0013249 secs]
 [Times: user=0,00 sys=0,00, real=0,00 secs] 
2019-07-21T02:14:26.490-0300: 18001,943: [GC concurrent-cleanup-start]
2019-07-21T02:14:26.490-0300: 18001,943: [GC concurrent-cleanup-end, 0,0000158 secs]
2019-07-21T02:15:42.444-0300: 18077,897: [GC pause (G1 Evacuation Pause) (young), 0,0131210 secs]
   [Parallel Time: 11,7 ms, GC Workers: 4]
      [GC Worker Start (ms): Min: 18077897,6, Avg: 18077901,3, Max: 18077902,6, Diff: 5,0]
      [Ext Root Scanning (ms): Min: 0,0, Avg: 0,3, Max: 1,1, Diff: 1,0, Sum: 1,2]
      [Update RS (ms): Min: 0,6, Avg: 2,3, Max: 7,2, Diff: 6,6, Sum: 9,2]
         [Processed Buffers: Min: 5, Avg: 13,8, Max: 24, Diff: 19, Sum: 55]
      [Scan RS (ms): Min: 0,0, Avg: 0,3, Max: 0,5, Diff: 0,5, Sum: 1,3]
      [Code Root Scanning (ms): Min: 0,0, Avg: 0,0, Max: 0,0, Diff: 0,0, Sum: 0,0]
      [Object Copy (ms): Min: 3,2, Avg: 4,8, Max: 5,3, Diff: 2,1, Sum: 19,2]
      [Termination (ms): Min: 0,1, Avg: 0,1, Max: 0,1, Diff: 0,0, Sum: 0,4]
         [Termination Attempts: Min: 1, Avg: 1,5, Max: 2, Diff: 1, Sum: 6]
      [GC Worker Other (ms): Min: 0,0, Avg: 0,0, Max: 0,0, Diff: 0,0, Sum: 0,1]
      [GC Worker Total (ms): Min: 6,6, Avg: 7,9, Max: 11,6, Diff: 5,0, Sum: 31,5]
      [GC Worker End (ms): Min: 18077909,2, Avg: 18077909,2, Max: 18077909,2, Diff: 0,0]
   [Code Root Fixup: 0,0 ms]
   [Code Root Purge: 0,0 ms]
   [Clear CT: 0,3 ms]
   [Other: 1,1 ms]
      [Choose CSet: 0,0 ms]
      [Ref Proc: 0,4 ms]
      [Ref Enq: 0,0 ms]
      [Redirty Cards: 0,4 ms]
      [Humongous Register: 0,0 ms]
      [Humongous Reclaim: 0,0 ms]
      [Free CSet: 0,0 ms]
   [Eden: 14,0M(14,0M)->0,0B(9216,0K) Survivors: 5120,0K->3072,0K Heap: 179,9M(256,0M)->169,0M(256,0M)]
 [Times: user=0,03 sys=0,00, real=0,02 secs] 
2019-07-21T02:16:41.814-0300: 18137,267: [GC pause (G1 Evacuation Pause) (mixed), 0,0069097 secs]
   [Parallel Time: 5,5 ms, GC Workers: 4]
      [GC Worker Start (ms): Min: 18137267,5, Avg: 18137267,5, Max: 18137267,6, Diff: 0,2]
      [Ext Root Scanning (ms): Min: 0,2, Avg: 0,3, Max: 0,6, Diff: 0,4, Sum: 1,3]
      [Update RS (ms): Min: 1,9, Avg: 2,1, Max: 2,2, Diff: 0,3, Sum: 8,3]
         [Processed Buffers: Min: 9, Avg: 15,5, Max: 20, Diff: 11, Sum: 62]
      [Scan RS (ms): Min: 0,0, Avg: 0,1, Max: 0,1, Diff: 0,1, Sum: 0,4]
      [Code Root Scanning (ms): Min: 0,0, Avg: 0,0, Max: 0,0, Diff: 0,0, Sum: 0,0]
      [Object Copy (ms): Min: 2,7, Avg: 2,7, Max: 2,7, Diff: 0,0, Sum: 10,9]
      [Termination (ms): Min: 0,0, Avg: 0,0, Max: 0,0, Diff: 0,0, Sum: 0,0]
         [Termination Attempts: Min: 1, Avg: 1,0, Max: 1, Diff: 0, Sum: 4]
      [GC Worker Other (ms): Min: 0,0, Avg: 0,0, Max: 0,0, Diff: 0,0, Sum: 0,1]
      [GC Worker Total (ms): Min: 5,2, Avg: 5,3, Max: 5,4, Diff: 0,2, Sum: 21,1]
      [GC Worker End (ms): Min: 18137272,8, Avg: 18137272,8, Max: 18137272,8, Diff: 0,0]
   [Code Root Fixup: 0,0 ms]
   [Code Root Purge: 0,0 ms]
   [Clear CT: 0,4 ms]
   [Other: 1,1 ms]
      [Choose CSet: 0,0 ms]
      [Ref Proc: 0,5 ms]
      [Ref Enq: 0,0 ms]
      [Redirty Cards: 0,4 ms]
      [Humongous Register: 0,0 ms]
      [Humongous Reclaim: 0,0 ms]
      [Free CSet: 0,0 ms]
   [Eden: 9216,0K(9216,0K)->0,0B(47,0M) Survivors: 3072,0K->2048,0K Heap: 178,0M(256,0M)->157,5M(256,0M)]
 [Times: user=0,02 sys=0,00, real=0,01 secs] 
2019-07-21T02:21:56.413-0300: 18451,866: [GC pause (G1 Evacuation Pause) (young), 0,0117924 secs]
   [Parallel Time: 10,5 ms, GC Workers: 4]
      [GC Worker Start (ms): Min: 18451866,6, Avg: 18451866,7, Max: 18451866,7, Diff: 0,1]
      [Ext Root Scanning (ms): Min: 0,2, Avg: 0,3, Max: 0,6, Diff: 0,4, Sum: 1,4]
      [Update RS (ms): Min: 1,7, Avg: 1,9, Max: 2,1, Diff: 0,3, Sum: 7,8]
         [Processed Buffers: Min: 5, Avg: 13,0, Max: 27, Diff: 22, Sum: 52]
      [Scan RS (ms): Min: 0,1, Avg: 0,2, Max: 0,2, Diff: 0,1, Sum: 0,7]
      [Code Root Scanning (ms): Min: 0,0, Avg: 0,0, Max: 0,0, Diff: 0,0, Sum: 0,1]
      [Object Copy (ms): Min: 7,7, Avg: 7,8, Max: 7,8, Diff: 0,0, Sum: 31,1]
      [Termination (ms): Min: 0,0, Avg: 0,0, Max: 0,0, Diff: 0,0, Sum: 0,0]
         [Termination Attempts: Min: 1, Avg: 1,0, Max: 1, Diff: 0, Sum: 4]
      [GC Worker Other (ms): Min: 0,0, Avg: 0,0, Max: 0,0, Diff: 0,0, Sum: 0,1]
      [GC Worker Total (ms): Min: 10,2, Avg: 10,3, Max: 10,3, Diff: 0,1, Sum: 41,1]
      [GC Worker End (ms): Min: 18451877,0, Avg: 18451877,0, Max: 18451877,0, Diff: 0,0]
   [Code Root Fixup: 0,0 ms]
   [Code Root Purge: 0,0 ms]
   [Clear CT: 0,3 ms]
   [Other: 1,0 ms]
      [Choose CSet: 0,0 ms]
      [Ref Proc: 0,4 ms]
      [Ref Enq: 0,0 ms]
      [Redirty Cards: 0,4 ms]
      [Humongous Register: 0,0 ms]
      [Humongous Reclaim: 0,0 ms]
      [Free CSet: 0,0 ms]
   [Eden: 47,0M(47,0M)->0,0B(47,0M) Survivors: 2048,0K->7168,0K Heap: 204,5M(256,0M)->163,7M(256,0M)]
 [Times: user=0,06 sys=0,00, real=0,02 secs] 
2019-07-21T02:27:11.283-0300: 18766,736: [GC pause (G1 Evacuation Pause) (young) (initial-mark), 0,0143088 secs]
   [Parallel Time: 13,0 ms, GC Workers: 4]
      [GC Worker Start (ms): Min: 18766736,5, Avg: 18766736,8, Max: 18766737,3, Diff: 0,7]
      [Ext Root Scanning (ms): Min: 0,9, Avg: 1,9, Max: 4,5, Diff: 3,6, Sum: 7,4]
      [Update RS (ms): Min: 0,0, Avg: 0,9, Max: 1,3, Diff: 1,3, Sum: 3,7]
         [Processed Buffers: Min: 0, Avg: 10,8, Max: 23, Diff: 23, Sum: 43]
      [Scan RS (ms): Min: 0,0, Avg: 0,0, Max: 0,0, Diff: 0,0, Sum: 0,1]
      [Code Root Scanning (ms): Min: 0,0, Avg: 0,0, Max: 0,0, Diff: 0,0, Sum: 0,1]
      [Object Copy (ms): Min: 7,5, Avg: 9,6, Max: 10,4, Diff: 3,0, Sum: 38,6]
      [Termination (ms): Min: 0,0, Avg: 0,0, Max: 0,0, Diff: 0,0, Sum: 0,0]
         [Termination Attempts: Min: 1, Avg: 1,2, Max: 2, Diff: 1, Sum: 5]
      [GC Worker Other (ms): Min: 0,0, Avg: 0,0, Max: 0,0, Diff: 0,0, Sum: 0,1]
      [GC Worker Total (ms): Min: 12,0, Avg: 12,5, Max: 12,7, Diff: 0,7, Sum: 50,0]
      [GC Worker End (ms): Min: 18766749,3, Avg: 18766749,3, Max: 18766749,3, Diff: 0,0]
   [Code Root Fixup: 0,0 ms]
   [Code Root Purge: 0,0 ms]
   [Clear CT: 0,2 ms]
   [Other: 1,0 ms]
      [Choose CSet: 0,0 ms]
      [Ref Proc: 0,5 ms]
      [Ref Enq: 0,0 ms]
      [Redirty Cards: 0,4 ms]
      [Humongous Register: 0,0 ms]
      [Humongous Reclaim: 0,0 ms]
      [Free CSet: 0,0 ms]
   [Eden: 47,0M(47,0M)->0,0B(50,0M) Survivors: 7168,0K->6144,0K Heap: 210,7M(256,0M)->168,2M(256,0M)]
 [Times: user=0,06 sys=0,00, real=0,02 secs] 
2019-07-21T02:27:11.298-0300: 18766,751: [GC concurrent-root-region-scan-start]
2019-07-21T02:27:11.304-0300: 18766,758: [GC concurrent-root-region-scan-end, 0,0068503 secs]
2019-07-21T02:27:11.305-0300: 18766,758: [GC concurrent-mark-start]
2019-07-21T02:27:11.319-0300: 18766,772: [GC concurrent-mark-end, 0,0140996 secs]
2019-07-21T02:27:11.319-0300: 18766,772: [GC remark 2019-07-21T02:27:11.319-0300: 18766,772: [Finalize Marking, 0,0002325 secs] 2019-07-21T02:27:11.319-0300: 18766,772: [GC ref-proc, 0,0001343 secs] 2019-07-21T02:27:11.319-0300: 18766,773: [Unloading, 0,0031153 secs], 0,0048314 secs]
 [Times: user=0,00 sys=0,00, real=0,00 secs] 
2019-07-21T02:27:11.324-0300: 18766,777: [GC cleanup 168M->163M(256M), 0,0008653 secs]
 [Times: user=0,00 sys=0,00, real=0,01 secs] 
2019-07-21T02:27:11.325-0300: 18766,778: [GC concurrent-cleanup-start]
2019-07-21T02:27:11.325-0300: 18766,778: [GC concurrent-cleanup-end, 0,0000296 secs]
2019-07-21T02:32:05.597-0300: 19061,050: [GC pause (G1 Evacuation Pause) (young), 0,0130358 secs]
   [Parallel Time: 12,1 ms, GC Workers: 4]
      [GC Worker Start (ms): Min: 19061049,9, Avg: 19061050,9, Max: 19061053,7, Diff: 3,7]
      [Ext Root Scanning (ms): Min: 0,0, Avg: 0,3, Max: 0,5, Diff: 0,5, Sum: 1,2]
      [Update RS (ms): Min: 0,0, Avg: 1,0, Max: 1,3, Diff: 1,3, Sum: 3,8]
         [Processed Buffers: Min: 0, Avg: 14,0, Max: 21, Diff: 21, Sum: 56]
      [Scan RS (ms): Min: 0,0, Avg: 0,3, Max: 0,3, Diff: 0,3, Sum: 1,0]
      [Code Root Scanning (ms): Min: 0,0, Avg: 0,0, Max: 0,0, Diff: 0,0, Sum: 0,1]
      [Object Copy (ms): Min: 8,1, Avg: 9,4, Max: 9,9, Diff: 1,7, Sum: 37,7]
      [Termination (ms): Min: 0,1, Avg: 0,1, Max: 0,1, Diff: 0,0, Sum: 0,3]
         [Termination Attempts: Min: 1, Avg: 1,0, Max: 1, Diff: 0, Sum: 4]
      [GC Worker Other (ms): Min: 0,0, Avg: 0,0, Max: 0,0, Diff: 0,0, Sum: 0,1]
      [GC Worker Total (ms): Min: 8,3, Avg: 11,0, Max: 12,0, Diff: 3,7, Sum: 44,1]
      [GC Worker End (ms): Min: 19061061,9, Avg: 19061061,9, Max: 19061061,9, Diff: 0,0]
   [Code Root Fixup: 0,0 ms]
   [Code Root Purge: 0,0 ms]
   [Clear CT: 0,1 ms]
   [Other: 0,8 ms]
      [Choose CSet: 0,0 ms]
      [Ref Proc: 0,3 ms]
      [Ref Enq: 0,0 ms]
      [Redirty Cards: 0,3 ms]
      [Humongous Register: 0,0 ms]
      [Humongous Reclaim: 0,0 ms]
      [Free CSet: 0,0 ms]
   [Eden: 44,0M(44,0M)->0,0B(6144,0K) Survivors: 6144,0K->6144,0K Heap: 207,2M(256,0M)->168,5M(256,0M)]
 [Times: user=0,06 sys=0,00, real=0,01 secs] 
2019-07-21T02:32:47.140-0300: 19102,593: [GC pause (G1 Evacuation Pause) (mixed), 0,0117735 secs]
   [Parallel Time: 10,5 ms, GC Workers: 4]
      [GC Worker Start (ms): Min: 19102593,0, Avg: 19102593,4, Max: 19102594,0, Diff: 1,0]
      [Ext Root Scanning (ms): Min: 0,0, Avg: 0,3, Max: 0,7, Diff: 0,7, Sum: 1,4]
      [Update RS (ms): Min: 2,3, Avg: 3,7, Max: 7,1, Diff: 4,8, Sum: 14,7]
         [Processed Buffers: Min: 2, Avg: 15,0, Max: 25, Diff: 23, Sum: 60]
      [Scan RS (ms): Min: 0,0, Avg: 0,1, Max: 0,1, Diff: 0,1, Sum: 0,3]
      [Code Root Scanning (ms): Min: 0,0, Avg: 0,0, Max: 0,0, Diff: 0,0, Sum: 0,0]
      [Object Copy (ms): Min: 1,4, Avg: 4,9, Max: 6,7, Diff: 5,4, Sum: 19,5]
      [Termination (ms): Min: 0,0, Avg: 0,8, Max: 1,1, Diff: 1,1, Sum: 3,2]
         [Termination Attempts: Min: 1, Avg: 1,0, Max: 1, Diff: 0, Sum: 4]
      [GC Worker Other (ms): Min: 0,0, Avg: 0,0, Max: 0,0, Diff: 0,0, Sum: 0,1]
      [GC Worker Total (ms): Min: 9,2, Avg: 9,8, Max: 10,3, Diff: 1,1, Sum: 39,2]
      [GC Worker End (ms): Min: 19102603,2, Avg: 19102603,2, Max: 19102603,2, Diff: 0,0]
   [Code Root Fixup: 0,0 ms]
   [Code Root Purge: 0,0 ms]
   [Clear CT: 0,3 ms]
   [Other: 1,0 ms]
      [Choose CSet: 0,0 ms]
      [Ref Proc: 0,3 ms]
      [Ref Enq: 0,0 ms]
      [Redirty Cards: 0,4 ms]
      [Humongous Register: 0,0 ms]
      [Humongous Reclaim: 0,0 ms]
      [Free CSet: 0,0 ms]
   [Eden: 6144,0K(6144,0K)->0,0B(58,0M) Survivors: 6144,0K->2048,0K Heap: 174,5M(256,0M)->160,5M(256,0M)]
 [Times: user=0,04 sys=0,00, real=0,01 secs] 
2019-07-21T02:39:16.814-0300: 19492,267: [GC pause (G1 Evacuation Pause) (young), 0,0162101 secs]
   [Parallel Time: 14,7 ms, GC Workers: 4]
      [GC Worker Start (ms): Min: 19492267,1, Avg: 19492270,1, Max: 19492273,7, Diff: 6,6]
      [Ext Root Scanning (ms): Min: 0,0, Avg: 0,3, Max: 1,0, Diff: 1,0, Sum: 1,1]
      [Update RS (ms): Min: 0,0, Avg: 1,4, Max: 2,9, Diff: 2,9, Sum: 5,7]
         [Processed Buffers: Min: 0, Avg: 14,0, Max: 43, Diff: 43, Sum: 56]
      [Scan RS (ms): Min: 0,0, Avg: 0,3, Max: 0,4, Diff: 0,4, Sum: 1,2]
      [Code Root Scanning (ms): Min: 0,0, Avg: 0,0, Max: 0,0, Diff: 0,0, Sum: 0,1]
      [Object Copy (ms): Min: 7,7, Avg: 9,4, Max: 10,0, Diff: 2,3, Sum: 37,5]
      [Termination (ms): Min: 0,0, Avg: 0,0, Max: 0,0, Diff: 0,0, Sum: 0,1]
         [Termination Attempts: Min: 1, Avg: 2,8, Max: 4, Diff: 3, Sum: 11]
      [GC Worker Other (ms): Min: 0,0, Avg: 0,0, Max: 0,0, Diff: 0,0, Sum: 0,1]
      [GC Worker Total (ms): Min: 7,8, Avg: 11,4, Max: 14,4, Diff: 6,6, Sum: 45,7]
      [GC Worker End (ms): Min: 19492281,5, Avg: 19492281,5, Max: 19492281,5, Diff: 0,0]
   [Code Root Fixup: 0,0 ms]
   [Code Root Purge: 0,0 ms]
   [Clear CT: 0,4 ms]
   [Other: 1,1 ms]
      [Choose CSet: 0,0 ms]
      [Ref Proc: 0,3 ms]
      [Ref Enq: 0,0 ms]
      [Redirty Cards: 0,5 ms]
      [Humongous Register: 0,0 ms]
      [Humongous Reclaim: 0,0 ms]
      [Free CSet: 0,1 ms]
   [Eden: 58,0M(58,0M)->0,0B(51,0M) Survivors: 2048,0K->8192,0K Heap: 218,5M(256,0M)->168,5M(256,0M)]
 [Times: user=0,05 sys=0,00, real=0,02 secs] 
2019-07-21T02:44:56.418-0300: 19831,871: [GC pause (G1 Evacuation Pause) (young) (initial-mark), 0,0187397 secs]
   [Parallel Time: 17,5 ms, GC Workers: 4]
      [GC Worker Start (ms): Min: 19831871,4, Avg: 19831871,9, Max: 19831872,3, Diff: 0,8]
      [Ext Root Scanning (ms): Min: 0,1, Avg: 1,1, Max: 2,2, Diff: 2,2, Sum: 4,6]
      [Update RS (ms): Min: 0,3, Avg: 2,0, Max: 5,5, Diff: 5,3, Sum: 7,9]
         [Processed Buffers: Min: 5, Avg: 12,5, Max: 23, Diff: 18, Sum: 50]
      [Scan RS (ms): Min: 0,0, Avg: 0,0, Max: 0,1, Diff: 0,1, Sum: 0,1]
      [Code Root Scanning (ms): Min: 0,0, Avg: 0,0, Max: 0,0, Diff: 0,0, Sum: 0,1]
      [Object Copy (ms): Min: 10,5, Avg: 13,4, Max: 14,4, Diff: 3,9, Sum: 53,7]
      [Termination (ms): Min: 0,0, Avg: 0,1, Max: 0,1, Diff: 0,1, Sum: 0,3]
         [Termination Attempts: Min: 1, Avg: 1,0, Max: 1, Diff: 0, Sum: 4]
      [GC Worker Other (ms): Min: 0,0, Avg: 0,0, Max: 0,0, Diff: 0,0, Sum: 0,1]
      [GC Worker Total (ms): Min: 16,3, Avg: 16,7, Max: 17,1, Diff: 0,8, Sum: 66,8]
      [GC Worker End (ms): Min: 19831888,5, Avg: 19831888,5, Max: 19831888,6, Diff: 0,0]
   [Code Root Fixup: 0,0 ms]
   [Code Root Purge: 0,0 ms]
   [Clear CT: 0,3 ms]
   [Other: 1,0 ms]
      [Choose CSet: 0,0 ms]
      [Ref Proc: 0,4 ms]
      [Ref Enq: 0,0 ms]
      [Redirty Cards: 0,4 ms]
      [Humongous Register: 0,0 ms]
      [Humongous Reclaim: 0,0 ms]
      [Free CSet: 0,0 ms]
   [Eden: 51,0M(51,0M)->0,0B(49,0M) Survivors: 8192,0K->6144,0K Heap: 219,5M(256,0M)->172,6M(256,0M)]
 [Times: user=0,07 sys=0,00, real=0,02 secs] 
2019-07-21T02:44:56.437-0300: 19831,890: [GC concurrent-root-region-scan-start]
2019-07-21T02:44:56.444-0300: 19831,897: [GC concurrent-root-region-scan-end, 0,0070875 secs]
2019-07-21T02:44:56.444-0300: 19831,897: [GC concurrent-mark-start]
2019-07-21T02:44:56.458-0300: 19831,912: [GC concurrent-mark-end, 0,0141963 secs]
2019-07-21T02:44:56.459-0300: 19831,912: [GC remark 2019-07-21T02:44:56.459-0300: 19831,912: [Finalize Marking, 0,0005434 secs] 2019-07-21T02:44:56.459-0300: 19831,913: [GC ref-proc, 0,0001444 secs] 2019-07-21T02:44:56.459-0300: 19831,913: [Unloading, 0,0045633 secs], 0,0063461 secs]
 [Times: user=0,00 sys=0,00, real=0,01 secs] 
2019-07-21T02:44:56.466-0300: 19831,919: [GC cleanup 172M->172M(256M), 0,0012597 secs]
 [Times: user=0,00 sys=0,00, real=0,00 secs] 
2019-07-21T02:50:27.603-0300: 20163,056: [GC pause (G1 Evacuation Pause) (young), 0,0181052 secs]
   [Parallel Time: 16,8 ms, GC Workers: 4]
      [GC Worker Start (ms): Min: 20163056,3, Avg: 20163058,0, Max: 20163061,7, Diff: 5,4]
      [Ext Root Scanning (ms): Min: 0,0, Avg: 0,3, Max: 0,6, Diff: 0,5, Sum: 1,1]
      [Update RS (ms): Min: 0,0, Avg: 2,3, Max: 3,3, Diff: 3,3, Sum: 9,0]
         [Processed Buffers: Min: 0, Avg: 17,0, Max: 25, Diff: 25, Sum: 68]
      [Scan RS (ms): Min: 0,0, Avg: 0,0, Max: 0,1, Diff: 0,1, Sum: 0,1]
      [Code Root Scanning (ms): Min: 0,0, Avg: 0,0, Max: 0,1, Diff: 0,1, Sum: 0,1]
      [Object Copy (ms): Min: 11,0, Avg: 11,1, Max: 11,2, Diff: 0,1, Sum: 44,4]
      [Termination (ms): Min: 0,0, Avg: 1,1, Max: 1,4, Diff: 1,4, Sum: 4,3]
         [Termination Attempts: Min: 1, Avg: 1,0, Max: 1, Diff: 0, Sum: 4]
      [GC Worker Other (ms): Min: 0,0, Avg: 0,0, Max: 0,0, Diff: 0,0, Sum: 0,1]
      [GC Worker Total (ms): Min: 11,1, Avg: 14,8, Max: 16,5, Diff: 5,4, Sum: 59,2]
      [GC Worker End (ms): Min: 20163072,8, Avg: 20163072,8, Max: 20163072,8, Diff: 0,0]
   [Code Root Fixup: 0,0 ms]
   [Code Root Purge: 0,0 ms]
   [Clear CT: 0,4 ms]
   [Other: 1,0 ms]
      [Choose CSet: 0,0 ms]
      [Ref Proc: 0,3 ms]
      [Ref Enq: 0,0 ms]
      [Redirty Cards: 0,4 ms]
      [Humongous Register: 0,0 ms]
      [Humongous Reclaim: 0,0 ms]
      [Free CSet: 0,0 ms]
   [Eden: 49,0M(49,0M)->0,0B(6144,0K) Survivors: 6144,0K->6144,0K Heap: 221,6M(256,0M)->178,0M(256,0M)]
 [Times: user=0,08 sys=0,00, real=0,02 secs] 
2019-07-21T02:51:07.556-0300: 20203,010: [GC pause (G1 Evacuation Pause) (mixed), 0,0139437 secs]
   [Parallel Time: 12,8 ms, GC Workers: 4]
      [GC Worker Start (ms): Min: 20203009,8, Avg: 20203014,7, Max: 20203017,7, Diff: 7,9]
      [Ext Root Scanning (ms): Min: 0,0, Avg: 0,3, Max: 1,0, Diff: 1,0, Sum: 1,1]
      [Update RS (ms): Min: 0,0, Avg: 1,1, Max: 4,3, Diff: 4,3, Sum: 4,3]
         [Processed Buffers: Min: 0, Avg: 11,8, Max: 47, Diff: 47, Sum: 47]
      [Scan RS (ms): Min: 0,0, Avg: 0,4, Max: 0,8, Diff: 0,8, Sum: 1,5]
      [Code Root Scanning (ms): Min: 0,0, Avg: 0,0, Max: 0,1, Diff: 0,1, Sum: 0,1]
      [Object Copy (ms): Min: 4,7, Avg: 6,0, Max: 6,4, Diff: 1,7, Sum: 23,9]
      [Termination (ms): Min: 0,0, Avg: 0,0, Max: 0,0, Diff: 0,0, Sum: 0,1]
         [Termination Attempts: Min: 1, Avg: 2,5, Max: 3, Diff: 2, Sum: 10]
      [GC Worker Other (ms): Min: 0,0, Avg: 0,0, Max: 0,0, Diff: 0,0, Sum: 0,1]
      [GC Worker Total (ms): Min: 4,8, Avg: 7,8, Max: 12,7, Diff: 7,9, Sum: 31,1]
      [GC Worker End (ms): Min: 20203022,5, Avg: 20203022,5, Max: 20203022,5, Diff: 0,0]
   [Code Root Fixup: 0,0 ms]
   [Code Root Purge: 0,0 ms]
   [Clear CT: 0,3 ms]
   [Other: 0,9 ms]
      [Choose CSet: 0,0 ms]
      [Ref Proc: 0,2 ms]
      [Ref Enq: 0,0 ms]
      [Redirty Cards: 0,4 ms]
      [Humongous Register: 0,0 ms]
      [Humongous Reclaim: 0,0 ms]
      [Free CSet: 0,0 ms]
   [Eden: 6144,0K(6144,0K)->0,0B(59,0M) Survivors: 6144,0K->2048,0K Heap: 184,0M(256,0M)->161,5M(256,0M)]
 [Times: user=0,04 sys=0,00, real=0,02 secs] 
2019-07-21T02:57:44.429-0300: 20599,883: [GC pause (G1 Evacuation Pause) (young), 0,0114829 secs]
   [Parallel Time: 10,3 ms, GC Workers: 4]
      [GC Worker Start (ms): Min: 20599882,9, Avg: 20599882,9, Max: 20599883,0, Diff: 0,2]
      [Ext Root Scanning (ms): Min: 0,2, Avg: 0,3, Max: 0,6, Diff: 0,4, Sum: 1,3]
      [Update RS (ms): Min: 0,5, Avg: 0,6, Max: 0,7, Diff: 0,2, Sum: 2,4]
         [Processed Buffers: Min: 6, Avg: 14,5, Max: 31, Diff: 25, Sum: 58]
      [Scan RS (ms): Min: 0,0, Avg: 0,0, Max: 0,0, Diff: 0,0, Sum: 0,0]
      [Code Root Scanning (ms): Min: 0,0, Avg: 0,0, Max: 0,0, Diff: 0,0, Sum: 0,0]
      [Object Copy (ms): Min: 9,1, Avg: 9,1, Max: 9,2, Diff: 0,1, Sum: 36,6]
      [Termination (ms): Min: 0,0, Avg: 0,0, Max: 0,0, Diff: 0,0, Sum: 0,0]
         [Termination Attempts: Min: 1, Avg: 1,0, Max: 1, Diff: 0, Sum: 4]
      [GC Worker Other (ms): Min: 0,0, Avg: 0,0, Max: 0,0, Diff: 0,0, Sum: 0,1]
      [GC Worker Total (ms): Min: 10,0, Avg: 10,1, Max: 10,2, Diff: 0,2, Sum: 40,4]
      [GC Worker End (ms): Min: 20599893,0, Avg: 20599893,0, Max: 20599893,0, Diff: 0,0]
   [Code Root Fixup: 0,0 ms]
   [Code Root Purge: 0,0 ms]
   [Clear CT: 0,4 ms]
   [Other: 0,8 ms]
      [Choose CSet: 0,0 ms]
      [Ref Proc: 0,3 ms]
      [Ref Enq: 0,0 ms]
      [Redirty Cards: 0,3 ms]
      [Humongous Register: 0,0 ms]
      [Humongous Reclaim: 0,0 ms]
      [Free CSet: 0,0 ms]
   [Eden: 59,0M(59,0M)->0,0B(52,0M) Survivors: 2048,0K->8192,0K Heap: 220,5M(256,0M)->169,0M(256,0M)]
 [Times: user=0,05 sys=0,00, real=0,01 secs] 
2019-07-21T03:03:33.173-0300: 20948,626: [GC pause (G1 Evacuation Pause) (young) (initial-mark), 0,0200470 secs]
   [Parallel Time: 18,6 ms, GC Workers: 4]
      [GC Worker Start (ms): Min: 20948626,1, Avg: 20948627,2, Max: 20948627,7, Diff: 1,5]
      [Ext Root Scanning (ms): Min: 0,0, Avg: 3,6, Max: 6,3, Diff: 6,3, Sum: 14,5]
      [Update RS (ms): Min: 0,0, Avg: 0,9, Max: 2,9, Diff: 2,9, Sum: 3,7]
         [Processed Buffers: Min: 0, Avg: 11,8, Max: 34, Diff: 34, Sum: 47]
      [Scan RS (ms): Min: 0,0, Avg: 0,0, Max: 0,1, Diff: 0,1, Sum: 0,1]
      [Code Root Scanning (ms): Min: 0,0, Avg: 0,0, Max: 0,1, Diff: 0,1, Sum: 0,1]
      [Object Copy (ms): Min: 10,6, Avg: 12,7, Max: 14,0, Diff: 3,4, Sum: 50,7]
      [Termination (ms): Min: 0,0, Avg: 0,0, Max: 0,0, Diff: 0,0, Sum: 0,0]
         [Termination Attempts: Min: 1, Avg: 2,5, Max: 5, Diff: 4, Sum: 10]
      [GC Worker Other (ms): Min: 0,0, Avg: 0,0, Max: 0,0, Diff: 0,0, Sum: 0,1]
      [GC Worker Total (ms): Min: 16,9, Avg: 17,3, Max: 18,4, Diff: 1,5, Sum: 69,3]
      [GC Worker End (ms): Min: 20948644,6, Avg: 20948644,6, Max: 20948644,6, Diff: 0,0]
   [Code Root Fixup: 0,0 ms]
   [Code Root Purge: 0,0 ms]
   [Clear CT: 0,5 ms]
   [Other: 0,9 ms]
      [Choose CSet: 0,0 ms]
      [Ref Proc: 0,3 ms]
      [Ref Enq: 0,0 ms]
      [Redirty Cards: 0,4 ms]
      [Humongous Register: 0,0 ms]
      [Humongous Reclaim: 0,0 ms]
      [Free CSet: 0,0 ms]
   [Eden: 52,0M(52,0M)->0,0B(49,0M) Survivors: 8192,0K->6144,0K Heap: 221,0M(256,0M)->173,7M(256,0M)]
 [Times: user=0,09 sys=0,00, real=0,02 secs] 
2019-07-21T03:03:33.193-0300: 20948,646: [GC concurrent-root-region-scan-start]
2019-07-21T03:03:33.200-0300: 20948,653: [GC concurrent-root-region-scan-end, 0,0065481 secs]
2019-07-21T03:03:33.200-0300: 20948,653: [GC concurrent-mark-start]
2019-07-21T03:03:33.213-0300: 20948,666: [GC concurrent-mark-end, 0,0131676 secs]
2019-07-21T03:03:33.213-0300: 20948,666: [GC remark 2019-07-21T03:03:33.213-0300: 20948,666: [Finalize Marking, 0,0003632 secs] 2019-07-21T03:03:33.213-0300: 20948,667: [GC ref-proc, 0,0001245 secs] 2019-07-21T03:03:33.214-0300: 20948,667: [Unloading, 0,0032860 secs], 0,0047171 secs]
 [Times: user=0,05 sys=0,00, real=0,01 secs] 
2019-07-21T03:03:33.218-0300: 20948,672: [GC cleanup 173M->171M(256M), 0,0012873 secs]
 [Times: user=0,00 sys=0,00, real=0,00 secs] 
2019-07-21T03:03:33.220-0300: 20948,673: [GC concurrent-cleanup-start]
2019-07-21T03:03:33.220-0300: 20948,673: [GC concurrent-cleanup-end, 0,0000287 secs]
2019-07-21T03:08:58.769-0300: 21274,223: [GC pause (G1 Evacuation Pause) (young), 0,0165486 secs]
   [Parallel Time: 15,1 ms, GC Workers: 4]
      [GC Worker Start (ms): Min: 21274222,8, Avg: 21274225,6, Max: 21274228,3, Diff: 5,5]
      [Ext Root Scanning (ms): Min: 0,0, Avg: 0,3, Max: 0,6, Diff: 0,6, Sum: 1,2]
      [Update RS (ms): Min: 0,0, Avg: 0,0, Max: 0,1, Diff: 0,1, Sum: 0,1]
         [Processed Buffers: Min: 0, Avg: 18,8, Max: 44, Diff: 44, Sum: 75]
      [Scan RS (ms): Min: 0,0, Avg: 0,0, Max: 0,0, Diff: 0,0, Sum: 0,0]
      [Code Root Scanning (ms): Min: 0,0, Avg: 0,0, Max: 0,0, Diff: 0,0, Sum: 0,0]
      [Object Copy (ms): Min: 9,0, Avg: 11,5, Max: 13,9, Diff: 4,9, Sum: 45,9]
      [Termination (ms): Min: 0,0, Avg: 0,1, Max: 0,1, Diff: 0,0, Sum: 0,3]
         [Termination Attempts: Min: 1, Avg: 1,0, Max: 1, Diff: 0, Sum: 4]
      [GC Worker Other (ms): Min: 0,1, Avg: 0,1, Max: 0,1, Diff: 0,0, Sum: 0,2]
      [GC Worker Total (ms): Min: 9,2, Avg: 11,9, Max: 14,6, Diff: 5,5, Sum: 47,7]
      [GC Worker End (ms): Min: 21274237,5, Avg: 21274237,5, Max: 21274237,5, Diff: 0,0]
   [Code Root Fixup: 0,0 ms]
   [Code Root Purge: 0,0 ms]
   [Clear CT: 0,4 ms]
   [Other: 1,1 ms]
      [Choose CSet: 0,0 ms]
      [Ref Proc: 0,5 ms]
      [Ref Enq: 0,0 ms]
      [Redirty Cards: 0,4 ms]
      [Humongous Register: 0,0 ms]
      [Humongous Reclaim: 0,0 ms]
      [Free CSet: 0,0 ms]
   [Eden: 49,0M(49,0M)->0,0B(5120,0K) Survivors: 6144,0K->7168,0K Heap: 220,7M(256,0M)->178,0M(256,0M)]
 [Times: user=0,07 sys=0,00, real=0,02 secs] 
2019-07-21T03:09:32.092-0300: 21307,546: [GC pause (G1 Evacuation Pause) (mixed), 0,0091604 secs]
   [Parallel Time: 7,7 ms, GC Workers: 4]
      [GC Worker Start (ms): Min: 21307545,7, Avg: 21307545,8, Max: 21307545,9, Diff: 0,2]
      [Ext Root Scanning (ms): Min: 0,2, Avg: 0,3, Max: 0,6, Diff: 0,4, Sum: 1,3]
      [Update RS (ms): Min: 1,8, Avg: 1,9, Max: 2,0, Diff: 0,3, Sum: 7,6]
         [Processed Buffers: Min: 8, Avg: 13,2, Max: 27, Diff: 19, Sum: 53]
      [Scan RS (ms): Min: 0,4, Avg: 0,5, Max: 0,5, Diff: 0,1, Sum: 1,8]
      [Code Root Scanning (ms): Min: 0,0, Avg: 0,0, Max: 0,1, Diff: 0,0, Sum: 0,1]
      [Object Copy (ms): Min: 4,5, Avg: 4,5, Max: 4,5, Diff: 0,0, Sum: 18,1]
      [Termination (ms): Min: 0,0, Avg: 0,0, Max: 0,0, Diff: 0,0, Sum: 0,0]
         [Termination Attempts: Min: 1, Avg: 1,0, Max: 1, Diff: 0, Sum: 4]
      [GC Worker Other (ms): Min: 0,0, Avg: 0,0, Max: 0,0, Diff: 0,0, Sum: 0,1]
      [GC Worker Total (ms): Min: 7,2, Avg: 7,3, Max: 7,4, Diff: 0,2, Sum: 29,1]
      [GC Worker End (ms): Min: 21307553,0, Avg: 21307553,0, Max: 21307553,0, Diff: 0,0]
   [Code Root Fixup: 0,0 ms]
   [Code Root Purge: 0,0 ms]
   [Clear CT: 0,4 ms]
   [Other: 1,0 ms]
      [Choose CSet: 0,0 ms]
      [Ref Proc: 0,4 ms]
      [Ref Enq: 0,0 ms]
      [Redirty Cards: 0,4 ms]
      [Humongous Register: 0,0 ms]
      [Humongous Reclaim: 0,0 ms]
      [Free CSet: 0,1 ms]
   [Eden: 5120,0K(5120,0K)->0,0B(60,0M) Survivors: 7168,0K->2048,0K Heap: 183,0M(256,0M)->161,5M(256,0M)]
 [Times: user=0,04 sys=0,00, real=0,01 secs] 
2019-07-21T03:15:59.090-0300: 21694,543: [GC pause (G1 Evacuation Pause) (young), 0,0115118 secs]
   [Parallel Time: 10,0 ms, GC Workers: 4]
      [GC Worker Start (ms): Min: 21694543,6, Avg: 21694543,7, Max: 21694543,8, Diff: 0,2]
      [Ext Root Scanning (ms): Min: 0,2, Avg: 0,3, Max: 0,6, Diff: 0,4, Sum: 1,2]
      [Update RS (ms): Min: 2,3, Avg: 2,4, Max: 2,6, Diff: 0,3, Sum: 9,8]
         [Processed Buffers: Min: 11, Avg: 16,5, Max: 25, Diff: 14, Sum: 66]
      [Scan RS (ms): Min: 0,1, Avg: 0,2, Max: 0,2, Diff: 0,1, Sum: 0,6]
      [Code Root Scanning (ms): Min: 0,0, Avg: 0,0, Max: 0,0, Diff: 0,0, Sum: 0,1]
      [Object Copy (ms): Min: 6,8, Avg: 6,9, Max: 6,9, Diff: 0,0, Sum: 27,4]
      [Termination (ms): Min: 0,0, Avg: 0,0, Max: 0,0, Diff: 0,0, Sum: 0,0]
         [Termination Attempts: Min: 1, Avg: 1,0, Max: 1, Diff: 0, Sum: 4]
      [GC Worker Other (ms): Min: 0,0, Avg: 0,0, Max: 0,0, Diff: 0,0, Sum: 0,1]
      [GC Worker Total (ms): Min: 9,7, Avg: 9,8, Max: 9,9, Diff: 0,2, Sum: 39,3]
      [GC Worker End (ms): Min: 21694553,5, Avg: 21694553,5, Max: 21694553,5, Diff: 0,0]
   [Code Root Fixup: 0,0 ms]
   [Code Root Purge: 0,0 ms]
   [Clear CT: 0,4 ms]
   [Other: 1,1 ms]
      [Choose CSet: 0,0 ms]
      [Ref Proc: 0,4 ms]
      [Ref Enq: 0,0 ms]
      [Redirty Cards: 0,4 ms]
      [Humongous Register: 0,0 ms]
      [Humongous Reclaim: 0,0 ms]
      [Free CSet: 0,0 ms]
   [Eden: 60,0M(60,0M)->0,0B(51,0M) Survivors: 2048,0K->8192,0K Heap: 221,5M(256,0M)->170,0M(256,0M)]
 [Times: user=0,05 sys=0,00, real=0,01 secs] 
2019-07-21T03:21:45.294-0300: 22040,747: [GC pause (G1 Evacuation Pause) (young) (initial-mark), 0,0161265 secs]
   [Parallel Time: 14,7 ms, GC Workers: 4]
      [GC Worker Start (ms): Min: 22040747,4, Avg: 22040748,5, Max: 22040749,0, Diff: 1,6]
      [Ext Root Scanning (ms): Min: 0,0, Avg: 2,0, Max: 5,9, Diff: 5,8, Sum: 8,2]
      [Update RS (ms): Min: 0,0, Avg: 1,2, Max: 1,8, Diff: 1,8, Sum: 4,8]
         [Processed Buffers: Min: 0, Avg: 13,2, Max: 26, Diff: 26, Sum: 53]
      [Scan RS (ms): Min: 0,0, Avg: 0,0, Max: 0,0, Diff: 0,0, Sum: 0,1]
      [Code Root Scanning (ms): Min: 0,0, Avg: 0,0, Max: 0,0, Diff: 0,0, Sum: 0,1]
      [Object Copy (ms): Min: 4,2, Avg: 9,2, Max: 11,1, Diff: 7,0, Sum: 36,6]
      [Termination (ms): Min: 0,0, Avg: 1,0, Max: 3,1, Diff: 3,1, Sum: 4,0]
         [Termination Attempts: Min: 1, Avg: 8,2, Max: 14, Diff: 13, Sum: 33]
      [GC Worker Other (ms): Min: 0,0, Avg: 0,0, Max: 0,0, Diff: 0,0, Sum: 0,1]
      [GC Worker Total (ms): Min: 13,0, Avg: 13,5, Max: 14,6, Diff: 1,6, Sum: 53,9]
      [GC Worker End (ms): Min: 22040762,0, Avg: 22040762,0, Max: 22040762,0, Diff: 0,0]
   [Code Root Fixup: 0,0 ms]
   [Code Root Purge: 0,0 ms]
   [Clear CT: 0,3 ms]
   [Other: 1,1 ms]
      [Choose CSet: 0,0 ms]
      [Ref Proc: 0,5 ms]
      [Ref Enq: 0,0 ms]
      [Redirty Cards: 0,4 ms]
      [Humongous Register: 0,0 ms]
      [Humongous Reclaim: 0,0 ms]
      [Free CSet: 0,0 ms]
   [Eden: 51,0M(51,0M)->0,0B(49,0M) Survivors: 8192,0K->5120,0K Heap: 221,0M(256,0M)->173,4M(256,0M)]
 [Times: user=0,05 sys=0,00, real=0,02 secs] 
2019-07-21T03:21:45.310-0300: 22040,764: [GC concurrent-root-region-scan-start]
2019-07-21T03:21:45.316-0300: 22040,769: [GC concurrent-root-region-scan-end, 0,0057346 secs]
2019-07-21T03:21:45.316-0300: 22040,769: [GC concurrent-mark-start]
2019-07-21T03:21:45.330-0300: 22040,784: [GC concurrent-mark-end, 0,0141098 secs]
2019-07-21T03:21:45.331-0300: 22040,784: [GC remark 2019-07-21T03:21:45.331-0300: 22040,784: [Finalize Marking, 0,0062555 secs] 2019-07-21T03:21:45.337-0300: 22040,790: [GC ref-proc, 0,0001653 secs] 2019-07-21T03:21:45.337-0300: 22040,790: [Unloading, 0,0048240 secs], 0,0123726 secs]
 [Times: user=0,03 sys=0,00, real=0,01 secs] 
2019-07-21T03:21:45.343-0300: 22040,797: [GC cleanup 174M->170M(256M), 0,0012783 secs]
 [Times: user=0,00 sys=0,00, real=0,01 secs] 
2019-07-21T03:21:45.345-0300: 22040,798: [GC concurrent-cleanup-start]
2019-07-21T03:21:45.345-0300: 22040,798: [GC concurrent-cleanup-end, 0,0000164 secs]
2019-07-21T03:27:12.774-0300: 22368,227: [GC pause (G1 Evacuation Pause) (young), 0,0146628 secs]
   [Parallel Time: 13,5 ms, GC Workers: 4]
      [GC Worker Start (ms): Min: 22368227,4, Avg: 22368230,9, Max: 22368234,2, Diff: 6,8]
      [Ext Root Scanning (ms): Min: 0,0, Avg: 0,3, Max: 1,0, Diff: 1,0, Sum: 1,2]
      [Update RS (ms): Min: 0,0, Avg: 2,6, Max: 6,1, Diff: 6,1, Sum: 10,4]
         [Processed Buffers: Min: 0, Avg: 15,5, Max: 33, Diff: 33, Sum: 62]
      [Scan RS (ms): Min: 0,0, Avg: 0,1, Max: 0,3, Diff: 0,3, Sum: 0,5]
      [Code Root Scanning (ms): Min: 0,0, Avg: 0,0, Max: 0,0, Diff: 0,0, Sum: 0,1]
      [Object Copy (ms): Min: 6,3, Avg: 6,8, Max: 7,2, Diff: 0,9, Sum: 27,2]
      [Termination (ms): Min: 0,0, Avg: 0,0, Max: 0,0, Diff: 0,0, Sum: 0,0]
         [Termination Attempts: Min: 1, Avg: 1,5, Max: 3, Diff: 2, Sum: 6]
      [GC Worker Other (ms): Min: 0,0, Avg: 0,0, Max: 0,1, Diff: 0,1, Sum: 0,1]
      [GC Worker Total (ms): Min: 6,6, Avg: 9,9, Max: 13,4, Diff: 6,8, Sum: 39,6]
      [GC Worker End (ms): Min: 22368240,8, Avg: 22368240,8, Max: 22368240,8, Diff: 0,0]
   [Code Root Fixup: 0,0 ms]
   [Code Root Purge: 0,0 ms]
   [Clear CT: 0,3 ms]
   [Other: 0,9 ms]
      [Choose CSet: 0,0 ms]
      [Ref Proc: 0,3 ms]
      [Ref Enq: 0,0 ms]
      [Redirty Cards: 0,4 ms]
      [Humongous Register: 0,0 ms]
      [Humongous Reclaim: 0,0 ms]
      [Free CSet: 0,0 ms]
   [Eden: 49,0M(49,0M)->0,0B(6144,0K) Survivors: 5120,0K->6144,0K Heap: 218,4M(256,0M)->174,0M(256,0M)]
 [Times: user=0,05 sys=0,00, real=0,02 secs] 
2019-07-21T03:27:54.709-0300: 22410,163: [GC pause (G1 Evacuation Pause) (mixed), 0,0139417 secs]
   [Parallel Time: 12,8 ms, GC Workers: 4]
      [GC Worker Start (ms): Min: 22410162,7, Avg: 22410168,8, Max: 22410173,7, Diff: 11,0]
      [Ext Root Scanning (ms): Min: 0,0, Avg: 0,3, Max: 1,0, Diff: 1,0, Sum: 1,1]
      [Update RS (ms): Min: 0,0, Avg: 1,5, Max: 3,9, Diff: 3,9, Sum: 5,9]
         [Processed Buffers: Min: 0, Avg: 11,8, Max: 37, Diff: 37, Sum: 47]
      [Scan RS (ms): Min: 0,0, Avg: 0,1, Max: 0,2, Diff: 0,2, Sum: 0,3]
      [Code Root Scanning (ms): Min: 0,0, Avg: 0,0, Max: 0,0, Diff: 0,0, Sum: 0,1]
      [Object Copy (ms): Min: 1,7, Avg: 4,7, Max: 7,6, Diff: 5,9, Sum: 18,8]
      [Termination (ms): Min: 0,0, Avg: 0,0, Max: 0,0, Diff: 0,0, Sum: 0,0]
         [Termination Attempts: Min: 1, Avg: 1,5, Max: 2, Diff: 1, Sum: 6]
      [GC Worker Other (ms): Min: 0,0, Avg: 0,0, Max: 0,0, Diff: 0,0, Sum: 0,1]
      [GC Worker Total (ms): Min: 1,7, Avg: 6,6, Max: 12,7, Diff: 11,0, Sum: 26,2]
      [GC Worker End (ms): Min: 22410175,4, Avg: 22410175,4, Max: 22410175,4, Diff: 0,0]
   [Code Root Fixup: 0,0 ms]
   [Code Root Purge: 0,0 ms]
   [Clear CT: 0,3 ms]
   [Other: 0,9 ms]
      [Choose CSet: 0,0 ms]
      [Ref Proc: 0,2 ms]
      [Ref Enq: 0,0 ms]
      [Redirty Cards: 0,4 ms]
      [Humongous Register: 0,0 ms]
      [Humongous Reclaim: 0,0 ms]
      [Free CSet: 0,1 ms]
   [Eden: 6144,0K(6144,0K)->0,0B(63,0M) Survivors: 6144,0K->2048,0K Heap: 180,0M(256,0M)->159,0M(256,0M)]
 [Times: user=0,04 sys=0,00, real=0,01 secs] 
2019-07-21T03:34:56.572-0300: 22832,026: [GC pause (G1 Evacuation Pause) (young), 0,0263504 secs]
   [Parallel Time: 19,2 ms, GC Workers: 4]
      [GC Worker Start (ms): Min: 22832025,8, Avg: 22832032,5, Max: 22832044,8, Diff: 19,0]
      [Ext Root Scanning (ms): Min: 0,0, Avg: 0,3, Max: 0,6, Diff: 0,6, Sum: 1,3]
      [Update RS (ms): Min: 0,0, Avg: 3,5, Max: 7,1, Diff: 7,1, Sum: 14,1]
         [Processed Buffers: Min: 0, Avg: 17,5, Max: 39, Diff: 39, Sum: 70]
      [Scan RS (ms): Min: 0,0, Avg: 0,2, Max: 0,2, Diff: 0,2, Sum: 0,6]
      [Code Root Scanning (ms): Min: 0,0, Avg: 0,1, Max: 0,1, Diff: 0,1, Sum: 0,2]
      [Object Copy (ms): Min: 0,0, Avg: 8,2, Max: 10,9, Diff: 10,9, Sum: 32,6]
      [Termination (ms): Min: 0,0, Avg: 0,1, Max: 0,2, Diff: 0,2, Sum: 0,6]
         [Termination Attempts: Min: 1, Avg: 1,2, Max: 2, Diff: 1, Sum: 5]
      [GC Worker Other (ms): Min: 0,0, Avg: 0,0, Max: 0,0, Diff: 0,0, Sum: 0,1]
      [GC Worker Total (ms): Min: 0,1, Avg: 12,4, Max: 19,1, Diff: 19,0, Sum: 49,6]
      [GC Worker End (ms): Min: 22832044,9, Avg: 22832044,9, Max: 22832044,9, Diff: 0,0]
   [Code Root Fixup: 0,0 ms]
   [Code Root Purge: 0,0 ms]
   [Clear CT: 0,2 ms]
   [Other: 6,9 ms]
      [Choose CSet: 0,0 ms]
      [Ref Proc: 6,4 ms]
      [Ref Enq: 0,0 ms]
      [Redirty Cards: 0,3 ms]
      [Humongous Register: 0,0 ms]
      [Humongous Reclaim: 0,0 ms]
      [Free CSet: 0,0 ms]
   [Eden: 63,0M(63,0M)->0,0B(41,0M) Survivors: 2048,0K->9216,0K Heap: 222,0M(256,0M)->168,0M(256,0M)]
 [Times: user=0,06 sys=0,00, real=0,03 secs] 
2019-07-21T03:39:34.515-0300: 23109,968: [GC pause (G1 Evacuation Pause) (young) (initial-mark), 0,0153062 secs]
   [Parallel Time: 14,2 ms, GC Workers: 4]
      [GC Worker Start (ms): Min: 23109968,3, Avg: 23109968,5, Max: 23109969,0, Diff: 0,7]
      [Ext Root Scanning (ms): Min: 0,1, Avg: 3,0, Max: 9,3, Diff: 9,3, Sum: 11,9]
      [Update RS (ms): Min: 0,0, Avg: 0,9, Max: 1,7, Diff: 1,7, Sum: 3,8]
         [Processed Buffers: Min: 0, Avg: 11,8, Max: 23, Diff: 23, Sum: 47]
      [Scan RS (ms): Min: 0,0, Avg: 0,0, Max: 0,0, Diff: 0,0, Sum: 0,1]
      [Code Root Scanning (ms): Min: 0,0, Avg: 0,0, Max: 0,0, Diff: 0,0, Sum: 0,1]
      [Object Copy (ms): Min: 4,6, Avg: 9,8, Max: 11,7, Diff: 7,1, Sum: 39,4]
      [Termination (ms): Min: 0,0, Avg: 0,0, Max: 0,0, Diff: 0,0, Sum: 0,0]
         [Termination Attempts: Min: 1, Avg: 1,5, Max: 2, Diff: 1, Sum: 6]
      [GC Worker Other (ms): Min: 0,0, Avg: 0,0, Max: 0,0, Diff: 0,0, Sum: 0,1]
      [GC Worker Total (ms): Min: 13,4, Avg: 13,8, Max: 14,0, Diff: 0,7, Sum: 55,4]
      [GC Worker End (ms): Min: 23109982,4, Avg: 23109982,4, Max: 23109982,4, Diff: 0,0]
   [Code Root Fixup: 0,0 ms]
   [Code Root Purge: 0,0 ms]
   [Clear CT: 0,3 ms]
   [Other: 0,8 ms]
      [Choose CSet: 0,0 ms]
      [Ref Proc: 0,3 ms]
      [Ref Enq: 0,0 ms]
      [Redirty Cards: 0,4 ms]
      [Humongous Register: 0,0 ms]
      [Humongous Reclaim: 0,0 ms]
      [Free CSet: 0,0 ms]
   [Eden: 41,0M(41,0M)->0,0B(50,0M) Survivors: 9216,0K->6144,0K Heap: 209,0M(256,0M)->172,0M(256,0M)]
 [Times: user=0,08 sys=0,00, real=0,02 secs] 
2019-07-21T03:39:34.531-0300: 23109,984: [GC concurrent-root-region-scan-start]
2019-07-21T03:39:34.536-0300: 23109,989: [GC concurrent-root-region-scan-end, 0,0053086 secs]
2019-07-21T03:39:34.536-0300: 23109,989: [GC concurrent-mark-start]
2019-07-21T03:39:34.553-0300: 23110,006: [GC concurrent-mark-end, 0,0172041 secs]
2019-07-21T03:39:34.553-0300: 23110,007: [GC remark 2019-07-21T03:39:34.553-0300: 23110,007: [Finalize Marking, 0,0003348 secs] 2019-07-21T03:39:34.554-0300: 23110,007: [GC ref-proc, 0,0001420 secs] 2019-07-21T03:39:34.554-0300: 23110,007: [Unloading, 0,0030683 secs], 0,0045231 secs]
 [Times: user=0,05 sys=0,00, real=0,01 secs] 
2019-07-21T03:39:34.558-0300: 23110,012: [GC cleanup 172M->171M(256M), 0,0010966 secs]
 [Times: user=0,00 sys=0,00, real=0,00 secs] 
2019-07-21T03:39:34.559-0300: 23110,013: [GC concurrent-cleanup-start]
2019-07-21T03:39:34.559-0300: 23110,013: [GC concurrent-cleanup-end, 0,0000141 secs]
2019-07-21T03:45:08.989-0300: 23444,443: [GC pause (G1 Evacuation Pause) (young), 0,0124593 secs]
   [Parallel Time: 11,0 ms, GC Workers: 4]
      [GC Worker Start (ms): Min: 23444442,7, Avg: 23444442,8, Max: 23444442,9, Diff: 0,2]
      [Ext Root Scanning (ms): Min: 0,2, Avg: 0,3, Max: 0,6, Diff: 0,4, Sum: 1,2]
      [Update RS (ms): Min: 1,5, Avg: 1,7, Max: 1,8, Diff: 0,3, Sum: 6,8]
         [Processed Buffers: Min: 10, Avg: 17,2, Max: 30, Diff: 20, Sum: 69]
      [Scan RS (ms): Min: 0,0, Avg: 0,0, Max: 0,1, Diff: 0,0, Sum: 0,1]
      [Code Root Scanning (ms): Min: 0,0, Avg: 0,0, Max: 0,0, Diff: 0,0, Sum: 0,1]
      [Object Copy (ms): Min: 8,4, Avg: 8,4, Max: 8,4, Diff: 0,1, Sum: 33,6]
      [Termination (ms): Min: 0,0, Avg: 0,1, Max: 0,3, Diff: 0,3, Sum: 0,6]
         [Termination Attempts: Min: 1, Avg: 1,0, Max: 1, Diff: 0, Sum: 4]
      [GC Worker Other (ms): Min: 0,0, Avg: 0,0, Max: 0,0, Diff: 0,0, Sum: 0,1]
      [GC Worker Total (ms): Min: 10,5, Avg: 10,6, Max: 10,8, Diff: 0,3, Sum: 42,5]
      [GC Worker End (ms): Min: 23444453,4, Avg: 23444453,4, Max: 23444453,6, Diff: 0,2]
   [Code Root Fixup: 0,0 ms]
   [Code Root Purge: 0,0 ms]
   [Clear CT: 0,4 ms]
   [Other: 1,1 ms]
      [Choose CSet: 0,0 ms]
      [Ref Proc: 0,5 ms]
      [Ref Enq: 0,0 ms]
      [Redirty Cards: 0,5 ms]
      [Humongous Register: 0,0 ms]
      [Humongous Reclaim: 0,0 ms]
      [Free CSet: 0,0 ms]
   [Eden: 50,0M(50,0M)->0,0B(5120,0K) Survivors: 6144,0K->7168,0K Heap: 221,0M(256,0M)->177,0M(256,0M)]
 [Times: user=0,06 sys=0,00, real=0,01 secs] 
2019-07-21T03:45:43.491-0300: 23478,944: [GC pause (G1 Evacuation Pause) (mixed), 0,0129080 secs]
   [Parallel Time: 9,4 ms, GC Workers: 4]
      [GC Worker Start (ms): Min: 23478944,5, Avg: 23478947,1, Max: 23478953,7, Diff: 9,3]
      [Ext Root Scanning (ms): Min: 0,0, Avg: 0,3, Max: 0,6, Diff: 0,6, Sum: 1,2]
      [Update RS (ms): Min: 0,0, Avg: 2,3, Max: 3,3, Diff: 3,3, Sum: 9,2]
         [Processed Buffers: Min: 0, Avg: 14,5, Max: 29, Diff: 29, Sum: 58]
      [Scan RS (ms): Min: 0,0, Avg: 0,2, Max: 0,3, Diff: 0,2, Sum: 0,6]
      [Code Root Scanning (ms): Min: 0,0, Avg: 0,0, Max: 0,1, Diff: 0,1, Sum: 0,1]
      [Object Copy (ms): Min: 0,0, Avg: 3,8, Max: 5,2, Diff: 5,2, Sum: 15,3]
      [Termination (ms): Min: 0,0, Avg: 0,1, Max: 0,2, Diff: 0,2, Sum: 0,3]
         [Termination Attempts: Min: 1, Avg: 1,0, Max: 1, Diff: 0, Sum: 4]
      [GC Worker Other (ms): Min: 0,0, Avg: 0,0, Max: 0,0, Diff: 0,0, Sum: 0,1]
      [GC Worker Total (ms): Min: 0,1, Avg: 6,7, Max: 9,3, Diff: 9,3, Sum: 26,8]
      [GC Worker End (ms): Min: 23478953,8, Avg: 23478953,8, Max: 23478953,8, Diff: 0,0]
   [Code Root Fixup: 0,0 ms]
   [Code Root Purge: 0,0 ms]
   [Clear CT: 0,4 ms]
   [Other: 3,1 ms]
      [Choose CSet: 0,0 ms]
      [Ref Proc: 2,6 ms]
      [Ref Enq: 0,0 ms]
      [Redirty Cards: 0,3 ms]
      [Humongous Register: 0,0 ms]
      [Humongous Reclaim: 0,0 ms]
      [Free CSet: 0,0 ms]
   [Eden: 5120,0K(5120,0K)->0,0B(61,0M) Survivors: 7168,0K->2048,0K Heap: 182,0M(256,0M)->160,5M(256,0M)]
 [Times: user=0,03 sys=0,00, real=0,01 secs] 
2019-07-21T03:52:33.849-0300: 23889,303: [GC pause (G1 Evacuation Pause) (young), 0,0193503 secs]
   [Parallel Time: 18,5 ms, GC Workers: 4]
      [GC Worker Start (ms): Min: 23889302,8, Avg: 23889309,6, Max: 23889315,0, Diff: 12,2]
      [Ext Root Scanning (ms): Min: 0,0, Avg: 0,3, Max: 0,9, Diff: 0,9, Sum: 1,0]
      [Update RS (ms): Min: 0,0, Avg: 1,4, Max: 3,7, Diff: 3,7, Sum: 5,5]
         [Processed Buffers: Min: 0, Avg: 14,0, Max: 38, Diff: 38, Sum: 56]
      [Scan RS (ms): Min: 0,0, Avg: 0,2, Max: 0,4, Diff: 0,4, Sum: 0,8]
      [Code Root Scanning (ms): Min: 0,0, Avg: 0,0, Max: 0,0, Diff: 0,0, Sum: 0,1]
      [Object Copy (ms): Min: 5,4, Avg: 9,3, Max: 13,3, Diff: 7,9, Sum: 37,1]
      [Termination (ms): Min: 0,0, Avg: 0,5, Max: 0,8, Diff: 0,8, Sum: 1,9]
         [Termination Attempts: Min: 1, Avg: 1,0, Max: 1, Diff: 0, Sum: 4]
      [GC Worker Other (ms): Min: 0,0, Avg: 0,0, Max: 0,0, Diff: 0,0, Sum: 0,1]
      [GC Worker Total (ms): Min: 6,3, Avg: 11,6, Max: 18,5, Diff: 12,2, Sum: 46,5]
      [GC Worker End (ms): Min: 23889321,2, Avg: 23889321,2, Max: 23889321,2, Diff: 0,0]
   [Code Root Fixup: 0,0 ms]
   [Code Root Purge: 0,0 ms]
   [Clear CT: 0,1 ms]
   [Other: 0,7 ms]
      [Choose CSet: 0,0 ms]
      [Ref Proc: 0,2 ms]
      [Ref Enq: 0,0 ms]
      [Redirty Cards: 0,2 ms]
      [Humongous Register: 0,0 ms]
      [Humongous Reclaim: 0,0 ms]
      [Free CSet: 0,0 ms]
   [Eden: 61,0M(61,0M)->0,0B(53,0M) Survivors: 2048,0K->8192,0K Heap: 221,5M(256,0M)->168,0M(256,0M)]
 [Times: user=0,04 sys=0,00, real=0,02 secs] 
2019-07-21T03:58:27.941-0300: 24243,395: [GC pause (G1 Evacuation Pause) (young) (initial-mark), 0,0158816 secs]
   [Parallel Time: 14,4 ms, GC Workers: 4]
      [GC Worker Start (ms): Min: 24243394,8, Avg: 24243395,2, Max: 24243395,7, Diff: 0,8]
      [Ext Root Scanning (ms): Min: 0,0, Avg: 2,5, Max: 6,8, Diff: 6,8, Sum: 9,9]
      [Update RS (ms): Min: 0,0, Avg: 0,6, Max: 1,2, Diff: 1,2, Sum: 2,4]
         [Processed Buffers: Min: 0, Avg: 11,2, Max: 29, Diff: 29, Sum: 45]
      [Scan RS (ms): Min: 0,0, Avg: 0,0, Max: 0,1, Diff: 0,1, Sum: 0,1]
      [Code Root Scanning (ms): Min: 0,0, Avg: 0,0, Max: 0,0, Diff: 0,0, Sum: 0,1]
      [Object Copy (ms): Min: 7,4, Avg: 10,7, Max: 12,1, Diff: 4,7, Sum: 42,9]
      [Termination (ms): Min: 0,1, Avg: 0,1, Max: 0,1, Diff: 0,0, Sum: 0,2]
         [Termination Attempts: Min: 1, Avg: 1,0, Max: 1, Diff: 0, Sum: 4]
      [GC Worker Other (ms): Min: 0,0, Avg: 0,0, Max: 0,0, Diff: 0,0, Sum: 0,1]
      [GC Worker Total (ms): Min: 13,5, Avg: 13,9, Max: 14,4, Diff: 0,8, Sum: 55,7]
      [GC Worker End (ms): Min: 24243409,2, Avg: 24243409,2, Max: 24243409,2, Diff: 0,0]
   [Code Root Fixup: 0,0 ms]
   [Code Root Purge: 0,0 ms]
   [Clear CT: 0,3 ms]
   [Other: 1,1 ms]
      [Choose CSet: 0,0 ms]
      [Ref Proc: 0,5 ms]
      [Ref Enq: 0,0 ms]
      [Redirty Cards: 0,4 ms]
      [Humongous Register: 0,0 ms]
      [Humongous Reclaim: 0,0 ms]
      [Free CSet: 0,0 ms]
   [Eden: 53,0M(53,0M)->0,0B(48,0M) Survivors: 8192,0K->7168,0K Heap: 221,0M(256,0M)->173,4M(256,0M)]
 [Times: user=0,06 sys=0,00, real=0,02 secs] 
2019-07-21T03:58:27.958-0300: 24243,411: [GC concurrent-root-region-scan-start]
2019-07-21T03:58:27.964-0300: 24243,417: [GC concurrent-root-region-scan-end, 0,0061794 secs]
2019-07-21T03:58:27.964-0300: 24243,417: [GC concurrent-mark-start]
2019-07-21T03:58:27.980-0300: 24243,434: [GC concurrent-mark-end, 0,0166219 secs]
2019-07-21T03:58:27.981-0300: 24243,434: [GC remark 2019-07-21T03:58:27.981-0300: 24243,434: [Finalize Marking, 0,0002324 secs] 2019-07-21T03:58:27.981-0300: 24243,434: [GC ref-proc, 0,0001193 secs] 2019-07-21T03:58:27.981-0300: 24243,434: [Unloading, 0,0030546 secs], 0,0044341 secs]
 [Times: user=0,00 sys=0,00, real=0,01 secs] 
2019-07-21T03:58:27.986-0300: 24243,439: [GC cleanup 174M->170M(256M), 0,0011887 secs]
 [Times: user=0,00 sys=0,00, real=0,00 secs] 
2019-07-21T03:58:27.987-0300: 24243,440: [GC concurrent-cleanup-start]
2019-07-21T03:58:27.987-0300: 24243,440: [GC concurrent-cleanup-end, 0,0000145 secs]
2019-07-21T04:03:53.490-0300: 24568,943: [GC pause (G1 Evacuation Pause) (young), 0,0186686 secs]
   [Parallel Time: 17,3 ms, GC Workers: 4]
      [GC Worker Start (ms): Min: 24568943,5, Avg: 24568948,7, Max: 24568953,7, Diff: 10,2]
      [Ext Root Scanning (ms): Min: 0,0, Avg: 0,3, Max: 1,0, Diff: 0,9, Sum: 1,1]
      [Update RS (ms): Min: 0,0, Avg: 1,7, Max: 3,9, Diff: 3,9, Sum: 6,6]
         [Processed Buffers: Min: 0, Avg: 16,8, Max: 46, Diff: 46, Sum: 67]
      [Scan RS (ms): Min: 0,0, Avg: 0,0, Max: 0,1, Diff: 0,0, Sum: 0,1]
      [Code Root Scanning (ms): Min: 0,0, Avg: 0,0, Max: 0,0, Diff: 0,0, Sum: 0,1]
      [Object Copy (ms): Min: 6,7, Avg: 9,8, Max: 12,0, Diff: 5,3, Sum: 39,3]
      [Termination (ms): Min: 0,0, Avg: 0,0, Max: 0,0, Diff: 0,0, Sum: 0,0]
         [Termination Attempts: Min: 1, Avg: 1,8, Max: 3, Diff: 2, Sum: 7]
      [GC Worker Other (ms): Min: 0,0, Avg: 0,0, Max: 0,0, Diff: 0,0, Sum: 0,1]
      [GC Worker Total (ms): Min: 6,8, Avg: 11,8, Max: 17,0, Diff: 10,2, Sum: 47,3]
      [GC Worker End (ms): Min: 24568960,5, Avg: 24568960,5, Max: 24568960,5, Diff: 0,0]
   [Code Root Fixup: 0,0 ms]
   [Code Root Purge: 0,0 ms]
   [Clear CT: 0,4 ms]
   [Other: 1,0 ms]
      [Choose CSet: 0,0 ms]
      [Ref Proc: 0,4 ms]
      [Ref Enq: 0,0 ms]
      [Redirty Cards: 0,4 ms]
      [Humongous Register: 0,0 ms]
      [Humongous Reclaim: 0,0 ms]
      [Free CSet: 0,0 ms]
   [Eden: 48,0M(48,0M)->0,0B(5120,0K) Survivors: 7168,0K->7168,0K Heap: 217,4M(256,0M)->175,5M(256,0M)]
 [Times: user=0,07 sys=0,00, real=0,02 secs] 
2019-07-21T04:04:25.761-0300: 24601,215: [GC pause (G1 Evacuation Pause) (mixed), 0,0122292 secs]
   [Parallel Time: 11,0 ms, GC Workers: 4]
      [GC Worker Start (ms): Min: 24601214,8, Avg: 24601216,6, Max: 24601221,7, Diff: 6,9]
      [Ext Root Scanning (ms): Min: 0,0, Avg: 0,3, Max: 0,6, Diff: 0,6, Sum: 1,3]
      [Update RS (ms): Min: 0,0, Avg: 2,6, Max: 3,5, Diff: 3,5, Sum: 10,3]
         [Processed Buffers: Min: 0, Avg: 13,2, Max: 26, Diff: 26, Sum: 53]
      [Scan RS (ms): Min: 0,0, Avg: 0,2, Max: 0,4, Diff: 0,4, Sum: 1,0]
      [Code Root Scanning (ms): Min: 0,0, Avg: 0,0, Max: 0,0, Diff: 0,0, Sum: 0,1]
      [Object Copy (ms): Min: 3,2, Avg: 5,4, Max: 6,5, Diff: 3,4, Sum: 21,5]
      [Termination (ms): Min: 0,0, Avg: 0,5, Max: 0,7, Diff: 0,7, Sum: 1,9]
         [Termination Attempts: Min: 1, Avg: 1,5, Max: 2, Diff: 1, Sum: 6]
      [GC Worker Other (ms): Min: 0,0, Avg: 0,1, Max: 0,1, Diff: 0,1, Sum: 0,2]
      [GC Worker Total (ms): Min: 3,9, Avg: 9,1, Max: 10,8, Diff: 6,9, Sum: 36,4]
      [GC Worker End (ms): Min: 24601225,6, Avg: 24601225,6, Max: 24601225,7, Diff: 0,0]
   [Code Root Fixup: 0,0 ms]
   [Code Root Purge: 0,0 ms]
   [Clear CT: 0,4 ms]
   [Other: 0,8 ms]
      [Choose CSet: 0,0 ms]
      [Ref Proc: 0,3 ms]
      [Ref Enq: 0,0 ms]
      [Redirty Cards: 0,3 ms]
      [Humongous Register: 0,0 ms]
      [Humongous Reclaim: 0,0 ms]
      [Free CSet: 0,0 ms]
   [Eden: 5120,0K(5120,0K)->0,0B(60,0M) Survivors: 7168,0K->2048,0K Heap: 180,5M(256,0M)->162,0M(256,0M)]
 [Times: user=0,05 sys=0,00, real=0,01 secs] 
2019-07-21T04:11:06.814-0300: 25002,267: [GC pause (G1 Evacuation Pause) (young), 0,0144735 secs]
   [Parallel Time: 13,1 ms, GC Workers: 4]
      [GC Worker Start (ms): Min: 25002267,2, Avg: 25002270,1, Max: 25002274,4, Diff: 7,3]
      [Ext Root Scanning (ms): Min: 0,0, Avg: 0,3, Max: 0,6, Diff: 0,6, Sum: 1,2]
      [Update RS (ms): Min: 0,0, Avg: 2,0, Max: 4,0, Diff: 4,0, Sum: 8,1]
         [Processed Buffers: Min: 0, Avg: 15,5, Max: 32, Diff: 32, Sum: 62]
      [Scan RS (ms): Min: 0,0, Avg: 0,2, Max: 0,3, Diff: 0,3, Sum: 0,6]
      [Code Root Scanning (ms): Min: 0,0, Avg: 0,0, Max: 0,0, Diff: 0,0, Sum: 0,1]
      [Object Copy (ms): Min: 4,1, Avg: 6,0, Max: 6,7, Diff: 2,6, Sum: 24,0]
      [Termination (ms): Min: 1,5, Avg: 1,6, Max: 1,6, Diff: 0,1, Sum: 6,2]
         [Termination Attempts: Min: 1, Avg: 1,0, Max: 1, Diff: 0, Sum: 4]
      [GC Worker Other (ms): Min: 0,0, Avg: 0,0, Max: 0,1, Diff: 0,0, Sum: 0,2]
      [GC Worker Total (ms): Min: 5,8, Avg: 10,1, Max: 13,0, Diff: 7,2, Sum: 40,4]
      [GC Worker End (ms): Min: 25002280,2, Avg: 25002280,2, Max: 25002280,2, Diff: 0,1]
   [Code Root Fixup: 0,0 ms]
   [Code Root Purge: 0,0 ms]
   [Clear CT: 0,3 ms]
   [Other: 1,0 ms]
      [Choose CSet: 0,0 ms]
      [Ref Proc: 0,4 ms]
      [Ref Enq: 0,0 ms]
      [Redirty Cards: 0,4 ms]
      [Humongous Register: 0,0 ms]
      [Humongous Reclaim: 0,0 ms]
      [Free CSet: 0,0 ms]
   [Eden: 60,0M(60,0M)->0,0B(50,0M) Survivors: 2048,0K->8192,0K Heap: 222,0M(256,0M)->170,5M(256,0M)]
 [Times: user=0,06 sys=0,00, real=0,02 secs] 
2019-07-21T04:16:28.887-0300: 25324,341: [GC pause (G1 Evacuation Pause) (young) (initial-mark), 0,0254778 secs]
   [Parallel Time: 24,3 ms, GC Workers: 4]
      [GC Worker Start (ms): Min: 25324340,7, Avg: 25324341,6, Max: 25324342,0, Diff: 1,3]
      [Ext Root Scanning (ms): Min: 0,0, Avg: 11,8, Max: 17,2, Diff: 17,2, Sum: 47,3]
      [Update RS (ms): Min: 0,0, Avg: 1,2, Max: 4,8, Diff: 4,8, Sum: 4,8]
         [Processed Buffers: Min: 0, Avg: 14,0, Max: 56, Diff: 56, Sum: 56]
      [Scan RS (ms): Min: 0,0, Avg: 0,0, Max: 0,1, Diff: 0,1, Sum: 0,1]
      [Code Root Scanning (ms): Min: 0,0, Avg: 0,0, Max: 0,1, Diff: 0,1, Sum: 0,1]
      [Object Copy (ms): Min: 5,6, Avg: 10,1, Max: 17,8, Diff: 12,2, Sum: 40,5]
      [Termination (ms): Min: 0,0, Avg: 0,1, Max: 0,1, Diff: 0,1, Sum: 0,2]
         [Termination Attempts: Min: 1, Avg: 1,5, Max: 3, Diff: 2, Sum: 6]
      [GC Worker Other (ms): Min: 0,0, Avg: 0,0, Max: 0,0, Diff: 0,0, Sum: 0,1]
      [GC Worker Total (ms): Min: 22,9, Avg: 23,3, Max: 24,1, Diff: 1,3, Sum: 93,1]
      [GC Worker End (ms): Min: 25324364,8, Avg: 25324364,8, Max: 25324364,9, Diff: 0,0]
   [Code Root Fixup: 0,0 ms]
   [Code Root Purge: 0,0 ms]
   [Clear CT: 0,3 ms]
   [Other: 0,9 ms]
      [Choose CSet: 0,0 ms]
      [Ref Proc: 0,4 ms]
      [Ref Enq: 0,0 ms]
      [Redirty Cards: 0,3 ms]
      [Humongous Register: 0,0 ms]
      [Humongous Reclaim: 0,0 ms]
      [Free CSet: 0,0 ms]
   [Eden: 50,0M(50,0M)->0,0B(46,0M) Survivors: 8192,0K->6144,0K Heap: 220,5M(256,0M)->176,4M(256,0M)]
 [Times: user=0,05 sys=0,00, real=0,02 secs] 
2019-07-21T04:16:28.913-0300: 25324,366: [GC concurrent-root-region-scan-start]
2019-07-21T04:16:28.921-0300: 25324,375: [GC concurrent-root-region-scan-end, 0,0082256 secs]
2019-07-21T04:16:28.921-0300: 25324,375: [GC concurrent-mark-start]
2019-07-21T04:16:28.934-0300: 25324,387: [GC concurrent-mark-end, 0,0128008 secs]
2019-07-21T04:16:28.935-0300: 25324,388: [GC remark 2019-07-21T04:16:28.935-0300: 25324,388: [Finalize Marking, 0,0002731 secs] 2019-07-21T04:16:28.935-0300: 25324,388: [GC ref-proc, 0,0001457 secs] 2019-07-21T04:16:28.935-0300: 25324,388: [Unloading, 0,0108612 secs], 0,0124128 secs]
 [Times: user=0,00 sys=0,00, real=0,02 secs] 
2019-07-21T04:16:28.947-0300: 25324,401: [GC cleanup 176M->174M(256M), 0,0013112 secs]
 [Times: user=0,00 sys=0,00, real=0,00 secs] 
2019-07-21T04:16:28.949-0300: 25324,402: [GC concurrent-cleanup-start]
2019-07-21T04:16:28.949-0300: 25324,402: [GC concurrent-cleanup-end, 0,0000165 secs]
2019-07-21T04:19:22.881-0300: 25498,334: [GC pause (G1 Evacuation Pause) (young), 0,0154802 secs]
   [Parallel Time: 14,1 ms, GC Workers: 4]
      [GC Worker Start (ms): Min: 25498333,9, Avg: 25498338,7, Max: 25498341,7, Diff: 7,7]
      [Ext Root Scanning (ms): Min: 0,0, Avg: 0,3, Max: 1,0, Diff: 0,9, Sum: 1,1]
      [Update RS (ms): Min: 0,0, Avg: 1,1, Max: 3,6, Diff: 3,6, Sum: 4,4]
         [Processed Buffers: Min: 0, Avg: 14,2, Max: 34, Diff: 34, Sum: 57]
      [Scan RS (ms): Min: 0,0, Avg: 0,3, Max: 0,5, Diff: 0,5, Sum: 1,0]
      [Code Root Scanning (ms): Min: 0,0, Avg: 0,0, Max: 0,0, Diff: 0,0, Sum: 0,0]
      [Object Copy (ms): Min: 6,2, Avg: 7,6, Max: 9,0, Diff: 2,8, Sum: 30,2]
      [Termination (ms): Min: 0,0, Avg: 0,0, Max: 0,1, Diff: 0,1, Sum: 0,2]
         [Termination Attempts: Min: 1, Avg: 1,5, Max: 2, Diff: 1, Sum: 6]
      [GC Worker Other (ms): Min: 0,0, Avg: 0,0, Max: 0,0, Diff: 0,0, Sum: 0,1]
      [GC Worker Total (ms): Min: 6,3, Avg: 9,2, Max: 14,0, Diff: 7,7, Sum: 37,0]
      [GC Worker End (ms): Min: 25498348,0, Avg: 25498348,0, Max: 25498348,0, Diff: 0,0]
   [Code Root Fixup: 0,0 ms]
   [Code Root Purge: 0,0 ms]
   [Clear CT: 0,5 ms]
   [Other: 0,8 ms]
      [Choose CSet: 0,0 ms]
      [Ref Proc: 0,4 ms]
      [Ref Enq: 0,0 ms]
      [Redirty Cards: 0,3 ms]
      [Humongous Register: 0,0 ms]
      [Humongous Reclaim: 0,0 ms]
      [Free CSet: 0,0 ms]
   [Eden: 26,0M(26,0M)->0,0B(8192,0K) Survivors: 6144,0K->4096,0K Heap: 200,4M(256,0M)->177,5M(256,0M)]
 [Times: user=0,03 sys=0,00, real=0,01 secs] 
2019-07-21T04:20:14.962-0300: 25550,415: [GC pause (G1 Evacuation Pause) (mixed), 0,0132267 secs]
   [Parallel Time: 7,8 ms, GC Workers: 4]
      [GC Worker Start (ms): Min: 25550415,1, Avg: 25550417,9, Max: 25550422,8, Diff: 7,7]
      [Ext Root Scanning (ms): Min: 0,0, Avg: 0,3, Max: 0,6, Diff: 0,6, Sum: 1,1]
      [Update RS (ms): Min: 0,0, Avg: 2,4, Max: 4,2, Diff: 4,2, Sum: 9,5]
         [Processed Buffers: Min: 0, Avg: 15,8, Max: 41, Diff: 41, Sum: 63]
      [Scan RS (ms): Min: 0,0, Avg: 0,1, Max: 0,2, Diff: 0,2, Sum: 0,4]
      [Code Root Scanning (ms): Min: 0,0, Avg: 0,0, Max: 0,0, Diff: 0,0, Sum: 0,1]
      [Object Copy (ms): Min: 0,0, Avg: 2,1, Max: 2,9, Diff: 2,9, Sum: 8,5]
      [Termination (ms): Min: 0,0, Avg: 0,0, Max: 0,0, Diff: 0,0, Sum: 0,0]
         [Termination Attempts: Min: 1, Avg: 1,0, Max: 1, Diff: 0, Sum: 4]
      [GC Worker Other (ms): Min: 0,0, Avg: 0,0, Max: 0,0, Diff: 0,0, Sum: 0,1]
      [GC Worker Total (ms): Min: 0,0, Avg: 4,9, Max: 7,7, Diff: 7,7, Sum: 19,7]
      [GC Worker End (ms): Min: 25550422,8, Avg: 25550422,8, Max: 25550422,8, Diff: 0,0]
   [Code Root Fixup: 0,0 ms]
   [Code Root Purge: 0,0 ms]
   [Clear CT: 0,2 ms]
   [Other: 5,3 ms]
      [Choose CSet: 0,0 ms]
      [Ref Proc: 4,7 ms]
      [Ref Enq: 0,0 ms]
      [Redirty Cards: 0,3 ms]
      [Humongous Register: 0,0 ms]
      [Humongous Reclaim: 0,0 ms]
      [Free CSet: 0,0 ms]
   [Eden: 8192,0K(8192,0K)->0,0B(65,0M) Survivors: 4096,0K->2048,0K Heap: 185,5M(256,0M)->157,0M(256,0M)]
 [Times: user=0,04 sys=0,00, real=0,01 secs] 
2019-07-21T04:27:31.207-0300: 25986,660: [GC pause (G1 Evacuation Pause) (young), 0,0170769 secs]
   [Parallel Time: 15,8 ms, GC Workers: 4]
      [GC Worker Start (ms): Min: 25986660,3, Avg: 25986661,7, Max: 25986665,7, Diff: 5,5]
      [Ext Root Scanning (ms): Min: 0,0, Avg: 0,3, Max: 0,6, Diff: 0,5, Sum: 1,3]
      [Update RS (ms): Min: 0,0, Avg: 1,7, Max: 2,3, Diff: 2,3, Sum: 6,9]
         [Processed Buffers: Min: 0, Avg: 12,5, Max: 26, Diff: 26, Sum: 50]
      [Scan RS (ms): Min: 0,0, Avg: 0,0, Max: 0,1, Diff: 0,0, Sum: 0,1]
      [Code Root Scanning (ms): Min: 0,0, Avg: 0,0, Max: 0,0, Diff: 0,0, Sum: 0,1]
      [Object Copy (ms): Min: 9,9, Avg: 11,9, Max: 12,6, Diff: 2,7, Sum: 47,7]
      [Termination (ms): Min: 0,0, Avg: 0,0, Max: 0,0, Diff: 0,0, Sum: 0,1]
         [Termination Attempts: Min: 1, Avg: 1,0, Max: 1, Diff: 0, Sum: 4]
      [GC Worker Other (ms): Min: 0,0, Avg: 0,0, Max: 0,0, Diff: 0,0, Sum: 0,1]
      [GC Worker Total (ms): Min: 10,0, Avg: 14,1, Max: 15,5, Diff: 5,5, Sum: 56,3]
      [GC Worker End (ms): Min: 25986675,8, Avg: 25986675,8, Max: 25986675,8, Diff: 0,0]
   [Code Root Fixup: 0,0 ms]
   [Code Root Purge: 0,0 ms]
   [Clear CT: 0,4 ms]
   [Other: 0,9 ms]
      [Choose CSet: 0,0 ms]
      [Ref Proc: 0,3 ms]
      [Ref Enq: 0,0 ms]
      [Redirty Cards: 0,3 ms]
      [Humongous Register: 0,0 ms]
      [Humongous Reclaim: 0,0 ms]
      [Free CSet: 0,0 ms]
   [Eden: 65,0M(65,0M)->0,0B(46,0M) Survivors: 2048,0K->9216,0K Heap: 222,0M(256,0M)->163,9M(256,0M)]
 [Times: user=0,08 sys=0,00, real=0,01 secs] 
2019-07-21T04:32:42.454-0300: 26297,907: [GC pause (G1 Evacuation Pause) (young) (initial-mark), 0,0148969 secs]
   [Parallel Time: 13,5 ms, GC Workers: 4]
      [GC Worker Start (ms): Min: 26297907,4, Avg: 26297907,8, Max: 26297908,2, Diff: 0,8]
      [Ext Root Scanning (ms): Min: 0,1, Avg: 2,5, Max: 4,9, Diff: 4,8, Sum: 10,0]
      [Update RS (ms): Min: 0,0, Avg: 0,8, Max: 1,6, Diff: 1,6, Sum: 3,1]
         [Processed Buffers: Min: 0, Avg: 10,5, Max: 22, Diff: 22, Sum: 42]
      [Scan RS (ms): Min: 0,0, Avg: 0,0, Max: 0,1, Diff: 0,1, Sum: 0,1]
      [Code Root Scanning (ms): Min: 0,0, Avg: 0,0, Max: 0,1, Diff: 0,1, Sum: 0,1]
      [Object Copy (ms): Min: 8,2, Avg: 9,4, Max: 10,7, Diff: 2,5, Sum: 37,8]
      [Termination (ms): Min: 0,0, Avg: 0,0, Max: 0,0, Diff: 0,0, Sum: 0,0]
         [Termination Attempts: Min: 1, Avg: 1,0, Max: 1, Diff: 0, Sum: 4]
      [GC Worker Other (ms): Min: 0,0, Avg: 0,0, Max: 0,0, Diff: 0,0, Sum: 0,1]
      [GC Worker Total (ms): Min: 12,4, Avg: 12,8, Max: 13,2, Diff: 0,8, Sum: 51,2]
      [GC Worker End (ms): Min: 26297920,6, Avg: 26297920,6, Max: 26297920,6, Diff: 0,0]
   [Code Root Fixup: 0,0 ms]
   [Code Root Purge: 0,0 ms]
   [Clear CT: 0,4 ms]
   [Other: 1,0 ms]
      [Choose CSet: 0,0 ms]
      [Ref Proc: 0,3 ms]
      [Ref Enq: 0,0 ms]
      [Redirty Cards: 0,5 ms]
      [Humongous Register: 0,0 ms]
      [Humongous Reclaim: 0,0 ms]
      [Free CSet: 0,0 ms]
   [Eden: 46,0M(46,0M)->0,0B(55,0M) Survivors: 9216,0K->6144,0K Heap: 209,9M(256,0M)->167,7M(256,0M)]
 [Times: user=0,06 sys=0,00, real=0,02 secs] 
2019-07-21T04:32:42.469-0300: 26297,922: [GC concurrent-root-region-scan-start]
2019-07-21T04:32:42.478-0300: 26297,931: [GC concurrent-root-region-scan-end, 0,0086972 secs]
2019-07-21T04:32:42.478-0300: 26297,931: [GC concurrent-mark-start]
2019-07-21T04:32:42.494-0300: 26297,947: [GC concurrent-mark-end, 0,0164207 secs]
2019-07-21T04:32:42.495-0300: 26297,948: [GC remark 2019-07-21T04:32:42.495-0300: 26297,948: [Finalize Marking, 0,0002936 secs] 2019-07-21T04:32:42.495-0300: 26297,948: [GC ref-proc, 0,0001643 secs] 2019-07-21T04:32:42.495-0300: 26297,948: [Unloading, 0,0030172 secs], 0,0044833 secs]
 [Times: user=0,00 sys=0,00, real=0,01 secs] 
2019-07-21T04:32:42.500-0300: 26297,953: [GC cleanup 168M->165M(256M), 0,0013008 secs]
 [Times: user=0,00 sys=0,00, real=0,00 secs] 
2019-07-21T04:32:42.501-0300: 26297,954: [GC concurrent-cleanup-start]
2019-07-21T04:32:42.501-0300: 26297,954: [GC concurrent-cleanup-end, 0,0000191 secs]
2019-07-21T04:38:51.814-0300: 26667,267: [GC pause (G1 Evacuation Pause) (young), 0,0288217 secs]
   [Parallel Time: 27,9 ms, GC Workers: 4]
      [GC Worker Start (ms): Min: 26667267,4, Avg: 26667276,2, Max: 26667284,0, Diff: 16,6]
      [Ext Root Scanning (ms): Min: 0,0, Avg: 0,3, Max: 1,0, Diff: 1,0, Sum: 1,1]
      [Update RS (ms): Min: 0,0, Avg: 1,3, Max: 3,2, Diff: 3,2, Sum: 5,3]
         [Processed Buffers: Min: 0, Avg: 16,2, Max: 35, Diff: 35, Sum: 65]
      [Scan RS (ms): Min: 0,0, Avg: 0,2, Max: 0,4, Diff: 0,4, Sum: 0,7]
      [Code Root Scanning (ms): Min: 0,0, Avg: 0,0, Max: 0,1, Diff: 0,1, Sum: 0,1]
      [Object Copy (ms): Min: 2,9, Avg: 10,9, Max: 22,9, Diff: 20,0, Sum: 43,4]
      [Termination (ms): Min: 0,0, Avg: 6,1, Max: 8,2, Diff: 8,2, Sum: 24,5]
         [Termination Attempts: Min: 1, Avg: 1,0, Max: 1, Diff: 0, Sum: 4]
      [GC Worker Other (ms): Min: 0,0, Avg: 0,0, Max: 0,0, Diff: 0,0, Sum: 0,1]
      [GC Worker Total (ms): Min: 11,1, Avg: 18,8, Max: 27,6, Diff: 16,6, Sum: 75,2]
      [GC Worker End (ms): Min: 26667295,0, Avg: 26667295,1, Max: 26667295,1, Diff: 0,1]
   [Code Root Fixup: 0,0 ms]
   [Code Root Purge: 0,0 ms]
   [Clear CT: 0,2 ms]
   [Other: 0,7 ms]
      [Choose CSet: 0,0 ms]
      [Ref Proc: 0,3 ms]
      [Ref Enq: 0,0 ms]
      [Redirty Cards: 0,2 ms]
      [Humongous Register: 0,0 ms]
      [Humongous Reclaim: 0,0 ms]
      [Free CSet: 0,0 ms]
   [Eden: 55,0M(55,0M)->0,0B(5120,0K) Survivors: 6144,0K->7168,0K Heap: 219,7M(256,0M)->171,0M(256,0M)]
 [Times: user=0,10 sys=0,00, real=0,03 secs] 
2019-07-21T04:39:23.634-0300: 26699,087: [GC pause (G1 Evacuation Pause) (mixed), 0,0140042 secs]
   [Parallel Time: 12,9 ms, GC Workers: 4]
      [GC Worker Start (ms): Min: 26699087,6, Avg: 26699091,8, Max: 26699100,2, Diff: 12,6]
      [Ext Root Scanning (ms): Min: 0,0, Avg: 0,3, Max: 1,0, Diff: 1,0, Sum: 1,1]
      [Update RS (ms): Min: 0,0, Avg: 2,5, Max: 4,1, Diff: 4,1, Sum: 10,0]
         [Processed Buffers: Min: 0, Avg: 14,8, Max: 38, Diff: 38, Sum: 59]
      [Scan RS (ms): Min: 0,0, Avg: 0,1, Max: 0,2, Diff: 0,2, Sum: 0,5]
      [Code Root Scanning (ms): Min: 0,0, Avg: 0,0, Max: 0,1, Diff: 0,1, Sum: 0,1]
      [Object Copy (ms): Min: 0,0, Avg: 5,4, Max: 7,2, Diff: 7,2, Sum: 21,6]
      [Termination (ms): Min: 0,0, Avg: 0,2, Max: 0,3, Diff: 0,3, Sum: 0,7]
         [Termination Attempts: Min: 1, Avg: 1,0, Max: 1, Diff: 0, Sum: 4]
      [GC Worker Other (ms): Min: 0,0, Avg: 0,0, Max: 0,0, Diff: 0,0, Sum: 0,1]
      [GC Worker Total (ms): Min: 0,1, Avg: 8,5, Max: 12,8, Diff: 12,7, Sum: 34,2]
      [GC Worker End (ms): Min: 26699100,3, Avg: 26699100,4, Max: 26699100,4, Diff: 0,0]
   [Code Root Fixup: 0,0 ms]
   [Code Root Purge: 0,0 ms]
   [Clear CT: 0,3 ms]
   [Other: 0,8 ms]
      [Choose CSet: 0,0 ms]
      [Ref Proc: 0,3 ms]
      [Ref Enq: 0,0 ms]
      [Redirty Cards: 0,3 ms]
      [Humongous Register: 0,0 ms]
      [Humongous Reclaim: 0,0 ms]
      [Free CSet: 0,0 ms]
   [Eden: 5120,0K(5120,0K)->0,0B(61,0M) Survivors: 7168,0K->2048,0K Heap: 176,0M(256,0M)->161,0M(256,0M)]
 [Times: user=0,04 sys=0,00, real=0,02 secs] 
2019-07-21T04:46:12.663-0300: 27108,116: [GC pause (G1 Evacuation Pause) (young), 0,0137865 secs]
   [Parallel Time: 12,6 ms, GC Workers: 4]
      [GC Worker Start (ms): Min: 27108116,1, Avg: 27108117,9, Max: 27108121,7, Diff: 5,6]
      [Ext Root Scanning (ms): Min: 0,0, Avg: 0,3, Max: 0,6, Diff: 0,6, Sum: 1,1]
      [Update RS (ms): Min: 0,0, Avg: 2,4, Max: 3,6, Diff: 3,6, Sum: 9,5]
         [Processed Buffers: Min: 0, Avg: 16,0, Max: 28, Diff: 28, Sum: 64]
      [Scan RS (ms): Min: 0,0, Avg: 0,2, Max: 0,3, Diff: 0,3, Sum: 0,7]
      [Code Root Scanning (ms): Min: 0,0, Avg: 0,0, Max: 0,0, Diff: 0,0, Sum: 0,1]
      [Object Copy (ms): Min: 6,8, Avg: 7,8, Max: 8,1, Diff: 1,3, Sum: 31,1]
      [Termination (ms): Min: 0,0, Avg: 0,0, Max: 0,0, Diff: 0,0, Sum: 0,0]
         [Termination Attempts: Min: 1, Avg: 1,0, Max: 1, Diff: 0, Sum: 4]
      [GC Worker Other (ms): Min: 0,0, Avg: 0,0, Max: 0,0, Diff: 0,0, Sum: 0,1]
      [GC Worker Total (ms): Min: 6,9, Avg: 10,7, Max: 12,5, Diff: 5,6, Sum: 42,7]
      [GC Worker End (ms): Min: 27108128,6, Avg: 27108128,6, Max: 27108128,6, Diff: 0,0]
   [Code Root Fixup: 0,0 ms]
   [Code Root Purge: 0,0 ms]
   [Clear CT: 0,3 ms]
   [Other: 0,9 ms]
      [Choose CSet: 0,0 ms]
      [Ref Proc: 0,3 ms]
      [Ref Enq: 0,0 ms]
      [Redirty Cards: 0,4 ms]
      [Humongous Register: 0,0 ms]
      [Humongous Reclaim: 0,0 ms]
      [Free CSet: 0,0 ms]
   [Eden: 61,0M(61,0M)->0,0B(52,0M) Survivors: 2048,0K->8192,0K Heap: 222,0M(256,0M)->168,5M(256,0M)]
 [Times: user=0,06 sys=0,00, real=0,02 secs] 
2019-07-21T04:52:01.580-0300: 27457,033: [GC pause (G1 Evacuation Pause) (young) (initial-mark), 0,0142634 secs]
   [Parallel Time: 9,4 ms, GC Workers: 4]
      [GC Worker Start (ms): Min: 27457033,6, Avg: 27457033,8, Max: 27457034,1, Diff: 0,5]
      [Ext Root Scanning (ms): Min: 0,5, Avg: 1,5, Max: 4,5, Diff: 4,1, Sum: 6,2]
      [Update RS (ms): Min: 0,0, Avg: 0,9, Max: 1,3, Diff: 1,3, Sum: 3,7]
         [Processed Buffers: Min: 0, Avg: 11,5, Max: 22, Diff: 22, Sum: 46]
      [Scan RS (ms): Min: 0,0, Avg: 0,0, Max: 0,0, Diff: 0,0, Sum: 0,1]
      [Code Root Scanning (ms): Min: 0,0, Avg: 0,0, Max: 0,0, Diff: 0,0, Sum: 0,1]
      [Object Copy (ms): Min: 4,2, Avg: 6,5, Max: 7,3, Diff: 3,2, Sum: 26,1]
      [Termination (ms): Min: 0,0, Avg: 0,0, Max: 0,0, Diff: 0,0, Sum: 0,0]
         [Termination Attempts: Min: 1, Avg: 1,0, Max: 1, Diff: 0, Sum: 4]
      [GC Worker Other (ms): Min: 0,0, Avg: 0,0, Max: 0,0, Diff: 0,0, Sum: 0,1]
      [GC Worker Total (ms): Min: 8,7, Avg: 9,1, Max: 9,2, Diff: 0,5, Sum: 36,2]
      [GC Worker End (ms): Min: 27457042,9, Avg: 27457042,9, Max: 27457042,9, Diff: 0,0]
   [Code Root Fixup: 0,0 ms]
   [Code Root Purge: 0,0 ms]
   [Clear CT: 4,2 ms]
   [Other: 0,7 ms]
      [Choose CSet: 0,0 ms]
      [Ref Proc: 0,0 ms]
      [Ref Enq: 0,0 ms]
      [Redirty Cards: 0,5 ms]
      [Humongous Register: 0,0 ms]
      [Humongous Reclaim: 0,0 ms]
      [Free CSet: 0,0 ms]
   [Eden: 52,0M(52,0M)->0,0B(48,0M) Survivors: 8192,0K->6144,0K Heap: 220,5M(256,0M)->174,4M(256,0M)]
 [Times: user=0,05 sys=0,00, real=0,01 secs] 
2019-07-21T04:52:01.595-0300: 27457,048: [GC concurrent-root-region-scan-start]
2019-07-21T04:52:01.601-0300: 27457,054: [GC concurrent-root-region-scan-end, 0,0061081 secs]
2019-07-21T04:52:01.601-0300: 27457,054: [GC concurrent-mark-start]
2019-07-21T04:52:01.616-0300: 27457,070: [GC concurrent-mark-end, 0,0156075 secs]
2019-07-21T04:52:01.617-0300: 27457,070: [GC remark 2019-07-21T04:52:01.617-0300: 27457,070: [Finalize Marking, 0,0003165 secs] 2019-07-21T04:52:01.617-0300: 27457,070: [GC ref-proc, 0,0001881 secs] 2019-07-21T04:52:01.617-0300: 27457,071: [Unloading, 0,0033118 secs], 0,0048485 secs]
 [Times: user=0,00 sys=0,00, real=0,00 secs] 
2019-07-21T04:52:01.622-0300: 27457,075: [GC cleanup 174M->174M(256M), 0,0013910 secs]
 [Times: user=0,00 sys=0,00, real=0,00 secs] 
2019-07-21T04:57:27.857-0300: 27783,310: [GC pause (G1 Evacuation Pause) (young), 0,0195750 secs]
   [Parallel Time: 18,4 ms, GC Workers: 4]
      [GC Worker Start (ms): Min: 27783310,3, Avg: 27783315,3, Max: 27783321,6, Diff: 11,3]
      [Ext Root Scanning (ms): Min: 0,0, Avg: 0,1, Max: 0,3, Diff: 0,3, Sum: 0,4]
      [Update RS (ms): Min: 0,0, Avg: 3,4, Max: 10,7, Diff: 10,7, Sum: 13,5]
         [Processed Buffers: Min: 0, Avg: 15,5, Max: 31, Diff: 31, Sum: 62]
      [Scan RS (ms): Min: 0,0, Avg: 0,1, Max: 0,2, Diff: 0,2, Sum: 0,4]
      [Code Root Scanning (ms): Min: 0,0, Avg: 0,0, Max: 0,0, Diff: 0,0, Sum: 0,1]
      [Object Copy (ms): Min: 6,9, Avg: 9,6, Max: 12,0, Diff: 5,2, Sum: 38,4]
      [Termination (ms): Min: 0,0, Avg: 0,1, Max: 0,1, Diff: 0,1, Sum: 0,3]
         [Termination Attempts: Min: 1, Avg: 1,2, Max: 2, Diff: 1, Sum: 5]
      [GC Worker Other (ms): Min: 0,0, Avg: 0,0, Max: 0,1, Diff: 0,1, Sum: 0,2]
      [GC Worker Total (ms): Min: 7,0, Avg: 13,3, Max: 18,4, Diff: 11,3, Sum: 53,2]
      [GC Worker End (ms): Min: 27783328,6, Avg: 27783328,6, Max: 27783328,7, Diff: 0,0]
   [Code Root Fixup: 0,0 ms]
   [Code Root Purge: 0,0 ms]
   [Clear CT: 0,4 ms]
   [Other: 0,8 ms]
      [Choose CSet: 0,0 ms]
      [Ref Proc: 0,3 ms]
      [Ref Enq: 0,0 ms]
      [Redirty Cards: 0,4 ms]
      [Humongous Register: 0,0 ms]
      [Humongous Reclaim: 0,0 ms]
      [Free CSet: 0,0 ms]
   [Eden: 48,0M(48,0M)->0,0B(5120,0K) Survivors: 6144,0K->7168,0K Heap: 222,4M(256,0M)->180,0M(256,0M)]
 [Times: user=0,06 sys=0,00, real=0,02 secs] 
2019-07-21T04:58:00.274-0300: 27815,728: [GC pause (G1 Evacuation Pause) (mixed), 0,0144159 secs]
   [Parallel Time: 13,1 ms, GC Workers: 4]
      [GC Worker Start (ms): Min: 27815727,7, Avg: 27815731,8, Max: 27815734,6, Diff: 6,9]
      [Ext Root Scanning (ms): Min: 0,0, Avg: 0,3, Max: 1,0, Diff: 1,0, Sum: 1,1]
      [Update RS (ms): Min: 0,0, Avg: 1,6, Max: 4,1, Diff: 4,1, Sum: 6,5]
         [Processed Buffers: Min: 0, Avg: 13,2, Max: 39, Diff: 39, Sum: 53]
      [Scan RS (ms): Min: 0,0, Avg: 0,2, Max: 0,5, Diff: 0,5, Sum: 0,9]
      [Code Root Scanning (ms): Min: 0,0, Avg: 0,0, Max: 0,1, Diff: 0,1, Sum: 0,1]
      [Object Copy (ms): Min: 6,1, Avg: 6,7, Max: 7,3, Diff: 1,2, Sum: 26,9]
      [Termination (ms): Min: 0,0, Avg: 0,1, Max: 0,1, Diff: 0,1, Sum: 0,3]
         [Termination Attempts: Min: 1, Avg: 1,2, Max: 2, Diff: 1, Sum: 5]
      [GC Worker Other (ms): Min: 0,0, Avg: 0,0, Max: 0,0, Diff: 0,0, Sum: 0,1]
      [GC Worker Total (ms): Min: 6,2, Avg: 9,0, Max: 13,1, Diff: 6,9, Sum: 35,9]
      [GC Worker End (ms): Min: 27815740,8, Avg: 27815740,8, Max: 27815740,8, Diff: 0,0]
   [Code Root Fixup: 0,0 ms]
   [Code Root Purge: 0,0 ms]
   [Clear CT: 0,3 ms]
   [Other: 1,0 ms]
      [Choose CSet: 0,0 ms]
      [Ref Proc: 0,4 ms]
      [Ref Enq: 0,0 ms]
      [Redirty Cards: 0,4 ms]
      [Humongous Register: 0,0 ms]
      [Humongous Reclaim: 0,0 ms]
      [Free CSet: 0,1 ms]
   [Eden: 5120,0K(5120,0K)->0,0B(61,0M) Survivors: 7168,0K->2048,0K Heap: 185,0M(256,0M)->160,5M(256,0M)]
 [Times: user=0,05 sys=0,00, real=0,02 secs] 
2019-07-21T05:04:50.197-0300: 28225,650: [GC pause (G1 Evacuation Pause) (young), 0,0126771 secs]
   [Parallel Time: 10,5 ms, GC Workers: 4]
      [GC Worker Start (ms): Min: 28225650,4, Avg: 28225650,5, Max: 28225650,7, Diff: 0,2]
      [Ext Root Scanning (ms): Min: 0,2, Avg: 1,1, Max: 3,2, Diff: 3,0, Sum: 4,3]
      [Update RS (ms): Min: 0,0, Avg: 2,2, Max: 2,9, Diff: 2,9, Sum: 8,7]
         [Processed Buffers: Min: 3, Avg: 15,8, Max: 38, Diff: 35, Sum: 63]
      [Scan RS (ms): Min: 0,1, Avg: 0,1, Max: 0,2, Diff: 0,1, Sum: 0,5]
      [Code Root Scanning (ms): Min: 0,0, Avg: 0,0, Max: 0,0, Diff: 0,0, Sum: 0,1]
      [Object Copy (ms): Min: 6,6, Avg: 6,7, Max: 6,7, Diff: 0,1, Sum: 26,7]
      [Termination (ms): Min: 0,1, Avg: 0,1, Max: 0,2, Diff: 0,1, Sum: 0,4]
         [Termination Attempts: Min: 1, Avg: 1,2, Max: 2, Diff: 1, Sum: 5]
      [GC Worker Other (ms): Min: 0,0, Avg: 0,1, Max: 0,1, Diff: 0,0, Sum: 0,2]
      [GC Worker Total (ms): Min: 10,1, Avg: 10,2, Max: 10,3, Diff: 0,2, Sum: 40,9]
      [GC Worker End (ms): Min: 28225660,7, Avg: 28225660,8, Max: 28225660,8, Diff: 0,0]
   [Code Root Fixup: 0,0 ms]
   [Code Root Purge: 0,0 ms]
   [Clear CT: 0,4 ms]
   [Other: 1,8 ms]
      [Choose CSet: 0,0 ms]
      [Ref Proc: 1,0 ms]
      [Ref Enq: 0,0 ms]
      [Redirty Cards: 0,5 ms]
      [Humongous Register: 0,0 ms]
      [Humongous Reclaim: 0,0 ms]
      [Free CSet: 0,0 ms]
   [Eden: 61,0M(61,0M)->0,0B(51,0M) Survivors: 2048,0K->8192,0K Heap: 221,5M(256,0M)->169,5M(256,0M)]
 [Times: user=0,05 sys=0,00, real=0,01 secs] 
2019-07-21T05:10:35.394-0300: 28570,848: [GC pause (G1 Evacuation Pause) (young) (initial-mark), 0,0235939 secs]
   [Parallel Time: 22,1 ms, GC Workers: 4]
      [GC Worker Start (ms): Min: 28570847,8, Avg: 28570848,7, Max: 28570849,1, Diff: 1,3]
      [Ext Root Scanning (ms): Min: 0,0, Avg: 4,2, Max: 5,9, Diff: 5,9, Sum: 16,9]
      [Update RS (ms): Min: 0,0, Avg: 1,0, Max: 4,0, Diff: 4,0, Sum: 4,0]
         [Processed Buffers: Min: 0, Avg: 13,0, Max: 52, Diff: 52, Sum: 52]
      [Scan RS (ms): Min: 0,0, Avg: 0,0, Max: 0,1, Diff: 0,1, Sum: 0,1]
      [Code Root Scanning (ms): Min: 0,0, Avg: 0,0, Max: 0,1, Diff: 0,1, Sum: 0,1]
      [Object Copy (ms): Min: 14,3, Avg: 15,4, Max: 16,1, Diff: 1,8, Sum: 61,7]
      [Termination (ms): Min: 0,0, Avg: 0,4, Max: 0,5, Diff: 0,5, Sum: 1,5]
         [Termination Attempts: Min: 1, Avg: 1,8, Max: 3, Diff: 2, Sum: 7]
      [GC Worker Other (ms): Min: 0,0, Avg: 0,0, Max: 0,0, Diff: 0,0, Sum: 0,1]
      [GC Worker Total (ms): Min: 20,8, Avg: 21,1, Max: 22,1, Diff: 1,3, Sum: 84,4]
      [GC Worker End (ms): Min: 28570869,8, Avg: 28570869,8, Max: 28570869,8, Diff: 0,0]
   [Code Root Fixup: 0,0 ms]
   [Code Root Purge: 0,0 ms]
   [Clear CT: 0,4 ms]
   [Other: 1,1 ms]
      [Choose CSet: 0,0 ms]
      [Ref Proc: 0,4 ms]
      [Ref Enq: 0,0 ms]
      [Redirty Cards: 0,4 ms]
      [Humongous Register: 0,0 ms]
      [Humongous Reclaim: 0,0 ms]
      [Free CSet: 0,0 ms]
   [Eden: 51,0M(51,0M)->0,0B(48,0M) Survivors: 8192,0K->6144,0K Heap: 220,5M(256,0M)->174,8M(256,0M)]
 [Times: user=0,08 sys=0,00, real=0,03 secs] 
2019-07-21T05:10:35.418-0300: 28570,871: [GC concurrent-root-region-scan-start]
2019-07-21T05:10:35.429-0300: 28570,882: [GC concurrent-root-region-scan-end, 0,0104860 secs]
2019-07-21T05:10:35.429-0300: 28570,882: [GC concurrent-mark-start]
2019-07-21T05:10:35.443-0300: 28570,896: [GC concurrent-mark-end, 0,0142330 secs]
2019-07-21T05:10:35.443-0300: 28570,897: [GC remark 2019-07-21T05:10:35.443-0300: 28570,897: [Finalize Marking, 0,0002418 secs] 2019-07-21T05:10:35.444-0300: 28570,897: [GC ref-proc, 0,0001390 secs] 2019-07-21T05:10:35.444-0300: 28570,897: [Unloading, 0,0036079 secs], 0,0049996 secs]
 [Times: user=0,00 sys=0,00, real=0,01 secs] 
2019-07-21T05:10:35.449-0300: 28570,902: [GC cleanup 175M->174M(256M), 0,0013182 secs]
 [Times: user=0,00 sys=0,00, real=0,00 secs] 
2019-07-21T05:10:35.450-0300: 28570,904: [GC concurrent-cleanup-start]
2019-07-21T05:10:35.450-0300: 28570,904: [GC concurrent-cleanup-end, 0,0000168 secs]
2019-07-21T05:15:43.251-0300: 28878,704: [GC pause (G1 Evacuation Pause) (young), 0,0163939 secs]
   [Parallel Time: 15,3 ms, GC Workers: 4]
      [GC Worker Start (ms): Min: 28878704,5, Avg: 28878708,4, Max: 28878713,7, Diff: 9,2]
      [Ext Root Scanning (ms): Min: 0,0, Avg: 0,3, Max: 1,0, Diff: 1,0, Sum: 1,1]
      [Update RS (ms): Min: 0,0, Avg: 1,2, Max: 2,5, Diff: 2,5, Sum: 4,9]
         [Processed Buffers: Min: 0, Avg: 15,5, Max: 37, Diff: 37, Sum: 62]
      [Scan RS (ms): Min: 0,0, Avg: 0,2, Max: 0,4, Diff: 0,4, Sum: 0,9]
      [Code Root Scanning (ms): Min: 0,0, Avg: 0,0, Max: 0,0, Diff: 0,0, Sum: 0,1]
      [Object Copy (ms): Min: 6,0, Avg: 9,6, Max: 11,2, Diff: 5,2, Sum: 38,2]
      [Termination (ms): Min: 0,0, Avg: 0,1, Max: 0,1, Diff: 0,1, Sum: 0,2]
         [Termination Attempts: Min: 1, Avg: 1,0, Max: 1, Diff: 0, Sum: 4]
      [GC Worker Other (ms): Min: 0,0, Avg: 0,0, Max: 0,0, Diff: 0,0, Sum: 0,1]
      [GC Worker Total (ms): Min: 6,1, Avg: 11,4, Max: 15,2, Diff: 9,2, Sum: 45,4]
      [GC Worker End (ms): Min: 28878719,7, Avg: 28878719,7, Max: 28878719,8, Diff: 0,0]
   [Code Root Fixup: 0,0 ms]
   [Code Root Purge: 0,0 ms]
   [Clear CT: 0,2 ms]
   [Other: 0,9 ms]
      [Choose CSet: 0,0 ms]
      [Ref Proc: 0,3 ms]
      [Ref Enq: 0,0 ms]
      [Redirty Cards: 0,3 ms]
      [Humongous Register: 0,0 ms]
      [Humongous Reclaim: 0,0 ms]
      [Free CSet: 0,0 ms]
   [Eden: 48,0M(48,0M)->0,0B(5120,0K) Survivors: 6144,0K->7168,0K Heap: 221,8M(256,0M)->180,0M(256,0M)]
 [Times: user=0,06 sys=0,00, real=0,02 secs] 
2019-07-21T05:16:16.106-0300: 28911,559: [GC pause (G1 Evacuation Pause) (mixed), 0,0117534 secs]
   [Parallel Time: 10,3 ms, GC Workers: 4]
      [GC Worker Start (ms): Min: 28911559,5, Avg: 28911560,1, Max: 28911561,7, Diff: 2,3]
      [Ext Root Scanning (ms): Min: 0,0, Avg: 0,3, Max: 0,6, Diff: 0,6, Sum: 1,3]
      [Update RS (ms): Min: 1,0, Avg: 2,4, Max: 2,9, Diff: 1,9, Sum: 9,4]
         [Processed Buffers: Min: 5, Avg: 15,0, Max: 23, Diff: 18, Sum: 60]
      [Scan RS (ms): Min: 0,2, Avg: 0,3, Max: 0,3, Diff: 0,1, Sum: 1,2]
      [Code Root Scanning (ms): Min: 0,0, Avg: 0,0, Max: 0,0, Diff: 0,0, Sum: 0,0]
      [Object Copy (ms): Min: 6,6, Avg: 6,6, Max: 6,6, Diff: 0,1, Sum: 26,3]
      [Termination (ms): Min: 0,0, Avg: 0,0, Max: 0,0, Diff: 0,0, Sum: 0,0]
         [Termination Attempts: Min: 1, Avg: 1,2, Max: 2, Diff: 1, Sum: 5]
      [GC Worker Other (ms): Min: 0,0, Avg: 0,0, Max: 0,0, Diff: 0,0, Sum: 0,1]
      [GC Worker Total (ms): Min: 8,0, Avg: 9,6, Max: 10,2, Diff: 2,3, Sum: 38,5]
      [GC Worker End (ms): Min: 28911569,7, Avg: 28911569,7, Max: 28911569,7, Diff: 0,0]
   [Code Root Fixup: 0,0 ms]
   [Code Root Purge: 0,0 ms]
   [Clear CT: 0,4 ms]
   [Other: 1,1 ms]
      [Choose CSet: 0,0 ms]
      [Ref Proc: 0,2 ms]
      [Ref Enq: 0,0 ms]
      [Redirty Cards: 0,6 ms]
      [Humongous Register: 0,0 ms]
      [Humongous Reclaim: 0,0 ms]
      [Free CSet: 0,1 ms]
   [Eden: 5120,0K(5120,0K)->0,0B(59,0M) Survivors: 7168,0K->2048,0K Heap: 185,0M(256,0M)->162,5M(256,0M)]
 [Times: user=0,03 sys=0,00, real=0,01 secs] 
2019-07-21T05:22:54.477-0300: 29309,930: [GC pause (G1 Evacuation Pause) (young), 0,0181816 secs]
   [Parallel Time: 13,2 ms, GC Workers: 4]
      [GC Worker Start (ms): Min: 29309930,4, Avg: 29309932,1, Max: 29309933,7, Diff: 3,3]
      [Ext Root Scanning (ms): Min: 0,0, Avg: 0,3, Max: 0,6, Diff: 0,5, Sum: 1,1]
      [Update RS (ms): Min: 1,7, Avg: 3,1, Max: 4,6, Diff: 2,9, Sum: 12,6]
         [Processed Buffers: Min: 12, Avg: 16,2, Max: 18, Diff: 6, Sum: 65]
      [Scan RS (ms): Min: 0,0, Avg: 0,1, Max: 0,2, Diff: 0,1, Sum: 0,4]
      [Code Root Scanning (ms): Min: 0,0, Avg: 0,0, Max: 0,1, Diff: 0,1, Sum: 0,1]
      [Object Copy (ms): Min: 7,9, Avg: 7,9, Max: 7,9, Diff: 0,1, Sum: 31,5]
      [Termination (ms): Min: 0,0, Avg: 0,0, Max: 0,0, Diff: 0,0, Sum: 0,0]
         [Termination Attempts: Min: 1, Avg: 1,0, Max: 1, Diff: 0, Sum: 4]
      [GC Worker Other (ms): Min: 0,0, Avg: 0,0, Max: 0,0, Diff: 0,0, Sum: 0,1]
      [GC Worker Total (ms): Min: 9,8, Avg: 11,4, Max: 13,1, Diff: 3,3, Sum: 45,8]
      [GC Worker End (ms): Min: 29309943,5, Avg: 29309943,5, Max: 29309943,5, Diff: 0,0]
   [Code Root Fixup: 0,0 ms]
   [Code Root Purge: 0,0 ms]
   [Clear CT: 0,6 ms]
   [Other: 4,4 ms]
      [Choose CSet: 0,0 ms]
      [Ref Proc: 3,8 ms]
      [Ref Enq: 0,0 ms]
      [Redirty Cards: 0,3 ms]
      [Humongous Register: 0,0 ms]
      [Humongous Reclaim: 0,0 ms]
      [Free CSet: 0,0 ms]
   [Eden: 59,0M(59,0M)->0,0B(50,0M) Survivors: 2048,0K->8192,0K Heap: 221,5M(256,0M)->171,0M(256,0M)]
 [Times: user=0,07 sys=0,00, real=0,01 secs] 
2019-07-21T05:28:29.808-0300: 29645,261: [GC pause (G1 Evacuation Pause) (young) (initial-mark), 0,0284449 secs]
   [Parallel Time: 26,9 ms, GC Workers: 4]
      [GC Worker Start (ms): Min: 29645261,4, Avg: 29645262,4, Max: 29645262,8, Diff: 1,4]
      [Ext Root Scanning (ms): Min: 0,0, Avg: 10,6, Max: 19,5, Diff: 19,5, Sum: 42,4]
      [Update RS (ms): Min: 0,0, Avg: 0,6, Max: 2,4, Diff: 2,4, Sum: 2,5]
         [Processed Buffers: Min: 0, Avg: 11,5, Max: 46, Diff: 46, Sum: 46]
      [Scan RS (ms): Min: 0,0, Avg: 0,0, Max: 0,1, Diff: 0,1, Sum: 0,1]
      [Code Root Scanning (ms): Min: 0,0, Avg: 0,0, Max: 0,1, Diff: 0,1, Sum: 0,1]
      [Object Copy (ms): Min: 5,3, Avg: 13,7, Max: 22,3, Diff: 17,0, Sum: 54,6]
      [Termination (ms): Min: 0,0, Avg: 0,4, Max: 1,6, Diff: 1,6, Sum: 1,7]
         [Termination Attempts: Min: 1, Avg: 1,5, Max: 2, Diff: 1, Sum: 6]
      [GC Worker Other (ms): Min: 0,0, Avg: 0,1, Max: 0,1, Diff: 0,1, Sum: 0,2]
      [GC Worker Total (ms): Min: 25,0, Avg: 25,4, Max: 26,4, Diff: 1,4, Sum: 101,5]
      [GC Worker End (ms): Min: 29645287,8, Avg: 29645287,8, Max: 29645287,8, Diff: 0,0]
   [Code Root Fixup: 0,0 ms]
   [Code Root Purge: 0,0 ms]
   [Clear CT: 0,3 ms]
   [Other: 1,2 ms]
      [Choose CSet: 0,0 ms]
      [Ref Proc: 0,6 ms]
      [Ref Enq: 0,0 ms]
      [Redirty Cards: 0,4 ms]
      [Humongous Register: 0,0 ms]
      [Humongous Reclaim: 0,0 ms]
      [Free CSet: 0,0 ms]
   [Eden: 50,0M(50,0M)->0,0B(33,0M) Survivors: 8192,0K->7168,0K Heap: 221,0M(256,0M)->176,3M(256,0M)]
 [Times: user=0,08 sys=0,00, real=0,03 secs] 
2019-07-21T05:28:29.837-0300: 29645,290: [GC concurrent-root-region-scan-start]
2019-07-21T05:28:29.843-0300: 29645,297: [GC concurrent-root-region-scan-end, 0,0067341 secs]
2019-07-21T05:28:29.843-0300: 29645,297: [GC concurrent-mark-start]
2019-07-21T05:28:29.858-0300: 29645,311: [GC concurrent-mark-end, 0,0145595 secs]
2019-07-21T05:28:29.858-0300: 29645,312: [GC remark 2019-07-21T05:28:29.858-0300: 29645,312: [Finalize Marking, 0,0002917 secs] 2019-07-21T05:28:29.859-0300: 29645,312: [GC ref-proc, 0,0001275 secs] 2019-07-21T05:28:29.859-0300: 29645,312: [Unloading, 0,0041782 secs], 0,0056127 secs]
 [Times: user=0,04 sys=0,00, real=0,00 secs] 
2019-07-21T05:28:29.865-0300: 29645,318: [GC cleanup 176M->168M(256M), 0,0011301 secs]
 [Times: user=0,00 sys=0,00, real=0,00 secs] 
2019-07-21T05:28:29.866-0300: 29645,319: [GC concurrent-cleanup-start]
2019-07-21T05:28:29.866-0300: 29645,319: [GC concurrent-cleanup-end, 0,0000269 secs]
2019-07-21T05:31:37.988-0300: 29833,441: [GC pause (G1 Evacuation Pause) (young), 0,0238031 secs]
   [Parallel Time: 18,6 ms, GC Workers: 4]
      [GC Worker Start (ms): Min: 29833441,0, Avg: 29833450,8, Max: 29833459,2, Diff: 18,2]
      [Ext Root Scanning (ms): Min: 0,0, Avg: 0,3, Max: 0,9, Diff: 0,9, Sum: 1,0]
      [Update RS (ms): Min: 0,0, Avg: 0,9, Max: 3,7, Diff: 3,7, Sum: 3,7]
         [Processed Buffers: Min: 0, Avg: 14,2, Max: 57, Diff: 57, Sum: 57]
      [Scan RS (ms): Min: 0,0, Avg: 0,2, Max: 0,8, Diff: 0,8, Sum: 0,8]
      [Code Root Scanning (ms): Min: 0,0, Avg: 0,0, Max: 0,0, Diff: 0,0, Sum: 0,0]
      [Object Copy (ms): Min: 0,2, Avg: 7,3, Max: 13,1, Diff: 12,9, Sum: 29,3]
      [Termination (ms): Min: 0,0, Avg: 0,0, Max: 0,0, Diff: 0,0, Sum: 0,0]
         [Termination Attempts: Min: 1, Avg: 1,8, Max: 4, Diff: 3, Sum: 7]
      [GC Worker Other (ms): Min: 0,0, Avg: 0,0, Max: 0,0, Diff: 0,0, Sum: 0,1]
      [GC Worker Total (ms): Min: 0,3, Avg: 8,7, Max: 18,5, Diff: 18,2, Sum: 34,9]
      [GC Worker End (ms): Min: 29833459,5, Avg: 29833459,5, Max: 29833459,5, Diff: 0,0]
   [Code Root Fixup: 0,0 ms]
   [Code Root Purge: 0,0 ms]
   [Clear CT: 0,3 ms]
   [Other: 4,9 ms]
      [Choose CSet: 0,0 ms]
      [Ref Proc: 4,3 ms]
      [Ref Enq: 0,0 ms]
      [Redirty Cards: 0,4 ms]
      [Humongous Register: 0,0 ms]
      [Humongous Reclaim: 0,0 ms]
      [Free CSet: 0,0 ms]
   [Eden: 28,0M(28,0M)->0,0B(7168,0K) Survivors: 7168,0K->5120,0K Heap: 196,3M(256,0M)->171,5M(256,0M)]
 [Times: user=0,04 sys=0,00, real=0,02 secs] 
2019-07-21T05:32:24.982-0300: 29880,435: [GC pause (G1 Evacuation Pause) (mixed), 0,0181139 secs]
   [Parallel Time: 16,9 ms, GC Workers: 4]
      [GC Worker Start (ms): Min: 29880435,5, Avg: 29880441,6, Max: 29880446,6, Diff: 11,1]
      [Ext Root Scanning (ms): Min: 0,0, Avg: 0,3, Max: 1,0, Diff: 0,9, Sum: 1,1]
      [Update RS (ms): Min: 0,0, Avg: 2,1, Max: 4,7, Diff: 4,7, Sum: 8,3]
         [Processed Buffers: Min: 0, Avg: 15,5, Max: 44, Diff: 44, Sum: 62]
      [Scan RS (ms): Min: 0,0, Avg: 0,1, Max: 0,1, Diff: 0,1, Sum: 0,3]
      [Code Root Scanning (ms): Min: 0,0, Avg: 0,0, Max: 0,0, Diff: 0,0, Sum: 0,0]
      [Object Copy (ms): Min: 0,0, Avg: 2,5, Max: 5,1, Diff: 5,1, Sum: 10,1]
      [Termination (ms): Min: 5,6, Avg: 5,8, Max: 5,9, Diff: 0,2, Sum: 23,1]
         [Termination Attempts: Min: 1, Avg: 1,0, Max: 1, Diff: 0, Sum: 4]
      [GC Worker Other (ms): Min: 0,0, Avg: 0,0, Max: 0,0, Diff: 0,0, Sum: 0,1]
      [GC Worker Total (ms): Min: 5,7, Avg: 10,8, Max: 16,8, Diff: 11,1, Sum: 43,0]
      [GC Worker End (ms): Min: 29880452,3, Avg: 29880452,3, Max: 29880452,3, Diff: 0,0]
   [Code Root Fixup: 0,0 ms]
   [Code Root Purge: 0,0 ms]
   [Clear CT: 0,4 ms]
   [Other: 0,8 ms]
      [Choose CSet: 0,0 ms]
      [Ref Proc: 0,3 ms]
      [Ref Enq: 0,0 ms]
      [Redirty Cards: 0,3 ms]
      [Humongous Register: 0,0 ms]
      [Humongous Reclaim: 0,0 ms]
      [Free CSet: 0,0 ms]
   [Eden: 7168,0K(7168,0K)->0,0B(64,0M) Survivors: 5120,0K->2048,0K Heap: 178,5M(256,0M)->157,5M(256,0M)]
 [Times: user=0,04 sys=0,01, real=0,02 secs] 
2019-07-21T05:39:35.129-0300: 30310,582: [GC pause (G1 Evacuation Pause) (young), 0,0143780 secs]
   [Parallel Time: 13,3 ms, GC Workers: 4]
      [GC Worker Start (ms): Min: 30310582,3, Avg: 30310584,4, Max: 30310586,5, Diff: 4,2]
      [Ext Root Scanning (ms): Min: 0,0, Avg: 0,0, Max: 0,0, Diff: 0,0, Sum: 0,1]
      [Update RS (ms): Min: 0,4, Avg: 4,2, Max: 11,5, Diff: 11,1, Sum: 17,0]
         [Processed Buffers: Min: 6, Avg: 15,5, Max: 33, Diff: 27, Sum: 62]
      [Scan RS (ms): Min: 0,0, Avg: 0,0, Max: 0,1, Diff: 0,1, Sum: 0,2]
      [Code Root Scanning (ms): Min: 0,0, Avg: 0,0, Max: 0,0, Diff: 0,0, Sum: 0,1]
      [Object Copy (ms): Min: 1,5, Avg: 6,7, Max: 8,4, Diff: 6,9, Sum: 26,7]
      [Termination (ms): Min: 0,0, Avg: 0,1, Max: 0,1, Diff: 0,1, Sum: 0,3]
         [Termination Attempts: Min: 1, Avg: 1,0, Max: 1, Diff: 0, Sum: 4]
      [GC Worker Other (ms): Min: 0,0, Avg: 0,0, Max: 0,1, Diff: 0,1, Sum: 0,1]
      [GC Worker Total (ms): Min: 9,0, Avg: 11,1, Max: 13,2, Diff: 4,2, Sum: 44,5]
      [GC Worker End (ms): Min: 30310595,5, Avg: 30310595,5, Max: 30310595,5, Diff: 0,0]
   [Code Root Fixup: 0,0 ms]
   [Code Root Purge: 0,0 ms]
   [Clear CT: 0,3 ms]
   [Other: 0,8 ms]
      [Choose CSet: 0,0 ms]
      [Ref Proc: 0,4 ms]
      [Ref Enq: 0,0 ms]
      [Redirty Cards: 0,4 ms]
      [Humongous Register: 0,0 ms]
      [Humongous Reclaim: 0,0 ms]
      [Free CSet: 0,0 ms]
   [Eden: 64,0M(64,0M)->0,0B(42,0M) Survivors: 2048,0K->9216,0K Heap: 221,5M(256,0M)->164,6M(256,0M)]
 [Times: user=0,05 sys=0,00, real=0,01 secs] 
2019-07-21T05:44:19.419-0300: 30594,873: [GC pause (G1 Evacuation Pause) (young) (initial-mark), 0,0132827 secs]
   [Parallel Time: 10,4 ms, GC Workers: 4]
      [GC Worker Start (ms): Min: 30594872,7, Avg: 30594872,9, Max: 30594873,3, Diff: 0,5]
      [Ext Root Scanning (ms): Min: 0,6, Avg: 1,6, Max: 4,5, Diff: 3,8, Sum: 6,4]
      [Update RS (ms): Min: 0,0, Avg: 0,5, Max: 0,7, Diff: 0,7, Sum: 1,9]
         [Processed Buffers: Min: 0, Avg: 11,0, Max: 27, Diff: 27, Sum: 44]
      [Scan RS (ms): Min: 0,0, Avg: 0,0, Max: 0,0, Diff: 0,0, Sum: 0,1]
      [Code Root Scanning (ms): Min: 0,0, Avg: 0,0, Max: 0,0, Diff: 0,0, Sum: 0,1]
      [Object Copy (ms): Min: 5,2, Avg: 7,9, Max: 8,9, Diff: 3,7, Sum: 31,6]
      [Termination (ms): Min: 0,0, Avg: 0,0, Max: 0,0, Diff: 0,0, Sum: 0,0]
         [Termination Attempts: Min: 1, Avg: 1,2, Max: 2, Diff: 1, Sum: 5]
      [GC Worker Other (ms): Min: 0,0, Avg: 0,0, Max: 0,0, Diff: 0,0, Sum: 0,1]
      [GC Worker Total (ms): Min: 9,7, Avg: 10,1, Max: 10,2, Diff: 0,5, Sum: 40,2]
      [GC Worker End (ms): Min: 30594883,0, Avg: 30594883,0, Max: 30594883,0, Diff: 0,0]
   [Code Root Fixup: 0,0 ms]
   [Code Root Purge: 0,0 ms]
   [Clear CT: 0,0 ms]
   [Other: 2,9 ms]
      [Choose CSet: 0,0 ms]
      [Ref Proc: 2,8 ms]
      [Ref Enq: 0,0 ms]
      [Redirty Cards: 0,0 ms]
      [Humongous Register: 0,0 ms]
      [Humongous Reclaim: 0,0 ms]
      [Free CSet: 0,0 ms]
   [Eden: 42,0M(42,0M)->0,0B(54,0M) Survivors: 9216,0K->6144,0K Heap: 206,6M(256,0M)->168,4M(256,0M)]
 [Times: user=0,06 sys=0,00, real=0,01 secs] 
2019-07-21T05:44:19.433-0300: 30594,886: [GC concurrent-root-region-scan-start]
2019-07-21T05:44:19.442-0300: 30594,895: [GC concurrent-root-region-scan-end, 0,0091178 secs]
2019-07-21T05:44:19.442-0300: 30594,895: [GC concurrent-mark-start]
2019-07-21T05:44:19.456-0300: 30594,909: [GC concurrent-mark-end, 0,0143583 secs]
2019-07-21T05:44:19.456-0300: 30594,910: [GC remark 2019-07-21T05:44:19.457-0300: 30594,910: [Finalize Marking, 0,0069284 secs] 2019-07-21T05:44:19.463-0300: 30594,917: [GC ref-proc, 0,0001748 secs] 2019-07-21T05:44:19.464-0300: 30594,917: [Unloading, 0,0058081 secs], 0,0139263 secs]
 [Times: user=0,00 sys=0,00, real=0,01 secs] 
2019-07-21T05:44:19.471-0300: 30594,924: [GC cleanup 169M->168M(256M), 0,0015219 secs]
 [Times: user=0,00 sys=0,00, real=0,00 secs] 
2019-07-21T05:44:19.473-0300: 30594,926: [GC concurrent-cleanup-start]
2019-07-21T05:44:19.473-0300: 30594,926: [GC concurrent-cleanup-end, 0,0000167 secs]
2019-07-21T05:50:21.814-0300: 30957,267: [GC pause (G1 Evacuation Pause) (young), 0,0115146 secs]
   [Parallel Time: 10,4 ms, GC Workers: 4]
      [GC Worker Start (ms): Min: 30957267,3, Avg: 30957268,1, Max: 30957270,5, Diff: 3,3]
      [Ext Root Scanning (ms): Min: 0,0, Avg: 0,3, Max: 0,5, Diff: 0,5, Sum: 1,2]
      [Update RS (ms): Min: 0,0, Avg: 1,1, Max: 1,5, Diff: 1,5, Sum: 4,3]
         [Processed Buffers: Min: 0, Avg: 14,2, Max: 23, Diff: 23, Sum: 57]
      [Scan RS (ms): Min: 0,0, Avg: 0,2, Max: 0,3, Diff: 0,3, Sum: 0,9]
      [Code Root Scanning (ms): Min: 0,0, Avg: 0,0, Max: 0,0, Diff: 0,0, Sum: 0,1]
      [Object Copy (ms): Min: 6,9, Avg: 7,7, Max: 8,0, Diff: 1,1, Sum: 30,9]
      [Termination (ms): Min: 0,0, Avg: 0,0, Max: 0,0, Diff: 0,0, Sum: 0,0]
         [Termination Attempts: Min: 1, Avg: 1,0, Max: 1, Diff: 0, Sum: 4]
      [GC Worker Other (ms): Min: 0,0, Avg: 0,0, Max: 0,0, Diff: 0,0, Sum: 0,1]
      [GC Worker Total (ms): Min: 7,0, Avg: 9,4, Max: 10,2, Diff: 3,3, Sum: 37,4]
      [GC Worker End (ms): Min: 30957277,5, Avg: 30957277,5, Max: 30957277,5, Diff: 0,0]
   [Code Root Fixup: 0,0 ms]
   [Code Root Purge: 0,0 ms]
   [Clear CT: 0,3 ms]
   [Other: 0,8 ms]
      [Choose CSet: 0,0 ms]
      [Ref Proc: 0,3 ms]
      [Ref Enq: 0,0 ms]
      [Redirty Cards: 0,2 ms]
      [Humongous Register: 0,0 ms]
      [Humongous Reclaim: 0,0 ms]
      [Free CSet: 0,0 ms]
   [Eden: 54,0M(54,0M)->0,0B(4096,0K) Survivors: 6144,0K->8192,0K Heap: 221,4M(256,0M)->172,5M(256,0M)]
 [Times: user=0,04 sys=0,00, real=0,02 secs] 
2019-07-21T05:50:49.957-0300: 30985,410: [GC pause (G1 Evacuation Pause) (mixed), 0,0167419 secs]
   [Parallel Time: 15,4 ms, GC Workers: 4]
      [GC Worker Start (ms): Min: 30985410,3, Avg: 30985414,9, Max: 30985421,7, Diff: 11,4]
      [Ext Root Scanning (ms): Min: 0,0, Avg: 0,2, Max: 0,6, Diff: 0,6, Sum: 0,7]
      [Update RS (ms): Min: 0,0, Avg: 1,0, Max: 3,2, Diff: 3,2, Sum: 3,9]
         [Processed Buffers: Min: 0, Avg: 9,2, Max: 20, Diff: 20, Sum: 37]
      [Scan RS (ms): Min: 0,0, Avg: 0,1, Max: 0,2, Diff: 0,2, Sum: 0,5]
      [Code Root Scanning (ms): Min: 0,0, Avg: 0,0, Max: 0,1, Diff: 0,1, Sum: 0,1]
      [Object Copy (ms): Min: 1,9, Avg: 8,0, Max: 11,3, Diff: 9,4, Sum: 31,8]
      [Termination (ms): Min: 0,0, Avg: 1,5, Max: 2,1, Diff: 2,1, Sum: 6,2]
         [Termination Attempts: Min: 1, Avg: 1,8, Max: 3, Diff: 2, Sum: 7]
      [GC Worker Other (ms): Min: 0,0, Avg: 0,0, Max: 0,0, Diff: 0,0, Sum: 0,1]
      [GC Worker Total (ms): Min: 4,0, Avg: 10,8, Max: 15,4, Diff: 11,4, Sum: 43,3]
      [GC Worker End (ms): Min: 30985425,7, Avg: 30985425,7, Max: 30985425,7, Diff: 0,0]
   [Code Root Fixup: 0,0 ms]
   [Code Root Purge: 0,0 ms]
   [Clear CT: 0,3 ms]
   [Other: 1,0 ms]
      [Choose CSet: 0,0 ms]
      [Ref Proc: 0,3 ms]
      [Ref Enq: 0,0 ms]
      [Redirty Cards: 0,4 ms]
      [Humongous Register: 0,0 ms]
      [Humongous Reclaim: 0,0 ms]
      [Free CSet: 0,0 ms]
   [Eden: 4096,0K(4096,0K)->0,0B(58,0M) Survivors: 8192,0K->2048,0K Heap: 176,5M(256,0M)->163,8M(256,0M)]
 [Times: user=0,05 sys=0,00, real=0,01 secs] 
2019-07-21T05:57:18.157-0300: 31373,610: [GC pause (G1 Evacuation Pause) (young), 0,0201949 secs]
   [Parallel Time: 18,8 ms, GC Workers: 4]
      [GC Worker Start (ms): Min: 31373609,9, Avg: 31373618,7, Max: 31373625,7, Diff: 15,8]
      [Ext Root Scanning (ms): Min: 0,0, Avg: 0,3, Max: 1,0, Diff: 1,0, Sum: 1,1]
      [Update RS (ms): Min: 0,0, Avg: 1,2, Max: 3,9, Diff: 3,9, Sum: 5,0]
         [Processed Buffers: Min: 0, Avg: 14,8, Max: 49, Diff: 49, Sum: 59]
      [Scan RS (ms): Min: 0,0, Avg: 0,3, Max: 0,5, Diff: 0,5, Sum: 1,0]
      [Code Root Scanning (ms): Min: 0,0, Avg: 0,0, Max: 0,0, Diff: 0,0, Sum: 0,1]
      [Object Copy (ms): Min: 0,3, Avg: 6,1, Max: 13,2, Diff: 12,9, Sum: 24,6]
      [Termination (ms): Min: 0,0, Avg: 1,9, Max: 2,6, Diff: 2,6, Sum: 7,7]
         [Termination Attempts: Min: 1, Avg: 1,5, Max: 2, Diff: 1, Sum: 6]
      [GC Worker Other (ms): Min: 0,0, Avg: 0,0, Max: 0,0, Diff: 0,0, Sum: 0,1]
      [GC Worker Total (ms): Min: 2,9, Avg: 9,9, Max: 18,7, Diff: 15,8, Sum: 39,6]
      [GC Worker End (ms): Min: 31373628,6, Avg: 31373628,6, Max: 31373628,6, Diff: 0,0]
   [Code Root Fixup: 0,0 ms]
   [Code Root Purge: 0,0 ms]
   [Clear CT: 0,4 ms]
   [Other: 1,1 ms]
      [Choose CSet: 0,0 ms]
      [Ref Proc: 0,3 ms]
      [Ref Enq: 0,0 ms]
      [Redirty Cards: 0,5 ms]
      [Humongous Register: 0,0 ms]
      [Humongous Reclaim: 0,0 ms]
      [Free CSet: 0,0 ms]
   [Eden: 58,0M(58,0M)->0,0B(51,0M) Survivors: 2048,0K->8192,0K Heap: 221,8M(256,0M)->169,8M(256,0M)]
 [Times: user=0,04 sys=0,00, real=0,02 secs] 
2019-07-21T06:03:00.658-0300: 31716,111: [GC pause (G1 Evacuation Pause) (young) (initial-mark), 0,0185852 secs]
   [Parallel Time: 17,3 ms, GC Workers: 4]
      [GC Worker Start (ms): Min: 31716110,9, Avg: 31716111,9, Max: 31716112,3, Diff: 1,4]
      [Ext Root Scanning (ms): Min: 0,0, Avg: 3,4, Max: 5,5, Diff: 5,4, Sum: 13,6]
      [Update RS (ms): Min: 0,0, Avg: 0,5, Max: 1,8, Diff: 1,8, Sum: 2,1]
         [Processed Buffers: Min: 0, Avg: 10,2, Max: 30, Diff: 30, Sum: 41]
      [Scan RS (ms): Min: 0,0, Avg: 0,0, Max: 0,1, Diff: 0,1, Sum: 0,1]
      [Code Root Scanning (ms): Min: 0,0, Avg: 0,0, Max: 0,0, Diff: 0,0, Sum: 0,1]
      [Object Copy (ms): Min: 10,4, Avg: 12,2, Max: 14,1, Diff: 3,7, Sum: 48,8]
      [Termination (ms): Min: 0,0, Avg: 0,0, Max: 0,1, Diff: 0,1, Sum: 0,1]
         [Termination Attempts: Min: 1, Avg: 2,8, Max: 4, Diff: 3, Sum: 11]
      [GC Worker Other (ms): Min: 0,0, Avg: 0,0, Max: 0,0, Diff: 0,0, Sum: 0,1]
      [GC Worker Total (ms): Min: 15,9, Avg: 16,2, Max: 17,2, Diff: 1,4, Sum: 64,9]
      [GC Worker End (ms): Min: 31716128,2, Avg: 31716128,2, Max: 31716128,2, Diff: 0,0]
   [Code Root Fixup: 0,0 ms]
   [Code Root Purge: 0,0 ms]
   [Clear CT: 0,4 ms]
   [Other: 0,9 ms]
      [Choose CSet: 0,0 ms]
      [Ref Proc: 0,3 ms]
      [Ref Enq: 0,0 ms]
      [Redirty Cards: 0,4 ms]
      [Humongous Register: 0,0 ms]
      [Humongous Reclaim: 0,0 ms]
      [Free CSet: 0,0 ms]
   [Eden: 51,0M(51,0M)->0,0B(47,0M) Survivors: 8192,0K->6144,0K Heap: 220,8M(256,0M)->175,8M(256,0M)]
 [Times: user=0,07 sys=0,00, real=0,01 secs] 
2019-07-21T06:03:00.676-0300: 31716,130: [GC concurrent-root-region-scan-start]
2019-07-21T06:03:00.683-0300: 31716,137: [GC concurrent-root-region-scan-end, 0,0070068 secs]
2019-07-21T06:03:00.683-0300: 31716,137: [GC concurrent-mark-start]
2019-07-21T06:03:00.697-0300: 31716,151: [GC concurrent-mark-end, 0,0140771 secs]
2019-07-21T06:03:00.698-0300: 31716,151: [GC remark 2019-07-21T06:03:00.698-0300: 31716,151: [Finalize Marking, 0,0003851 secs] 2019-07-21T06:03:00.698-0300: 31716,152: [GC ref-proc, 0,0001409 secs] 2019-07-21T06:03:00.698-0300: 31716,152: [Unloading, 0,0019702 secs], 0,0025532 secs]
 [Times: user=0,00 sys=0,00, real=0,00 secs] 
2019-07-21T06:03:00.700-0300: 31716,154: [GC cleanup 176M->175M(256M), 0,0045222 secs]
 [Times: user=0,00 sys=0,00, real=0,01 secs] 
2019-07-21T06:03:00.705-0300: 31716,158: [GC concurrent-cleanup-start]
2019-07-21T06:03:00.705-0300: 31716,158: [GC concurrent-cleanup-end, 0,0000128 secs]
2019-07-21T06:08:19.183-0300: 32034,636: [GC pause (G1 Evacuation Pause) (young), 0,0105922 secs]
   [Parallel Time: 9,0 ms, GC Workers: 4]
      [GC Worker Start (ms): Min: 32034635,9, Avg: 32034636,0, Max: 32034636,1, Diff: 0,2]
      [Ext Root Scanning (ms): Min: 0,2, Avg: 0,3, Max: 0,5, Diff: 0,4, Sum: 1,2]
      [Update RS (ms): Min: 1,2, Avg: 1,2, Max: 1,3, Diff: 0,2, Sum: 5,0]
         [Processed Buffers: Min: 8, Avg: 15,5, Max: 23, Diff: 15, Sum: 62]
      [Scan RS (ms): Min: 0,1, Avg: 0,2, Max: 0,3, Diff: 0,1, Sum: 0,7]
      [Code Root Scanning (ms): Min: 0,0, Avg: 0,0, Max: 0,0, Diff: 0,0, Sum: 0,1]
      [Object Copy (ms): Min: 7,0, Avg: 7,0, Max: 7,0, Diff: 0,0, Sum: 28,1]
      [Termination (ms): Min: 0,0, Avg: 0,0, Max: 0,0, Diff: 0,0, Sum: 0,0]
         [Termination Attempts: Min: 1, Avg: 1,0, Max: 1, Diff: 0, Sum: 4]
      [GC Worker Other (ms): Min: 0,0, Avg: 0,0, Max: 0,0, Diff: 0,0, Sum: 0,1]
      [GC Worker Total (ms): Min: 8,7, Avg: 8,8, Max: 8,9, Diff: 0,2, Sum: 35,2]
      [GC Worker End (ms): Min: 32034644,8, Avg: 32034644,8, Max: 32034644,8, Diff: 0,0]
   [Code Root Fixup: 0,1 ms]
   [Code Root Purge: 0,0 ms]
   [Clear CT: 0,5 ms]
   [Other: 1,0 ms]
      [Choose CSet: 0,0 ms]
      [Ref Proc: 0,4 ms]
      [Ref Enq: 0,0 ms]
      [Redirty Cards: 0,4 ms]
      [Humongous Register: 0,0 ms]
      [Humongous Reclaim: 0,0 ms]
      [Free CSet: 0,0 ms]
   [Eden: 47,0M(47,0M)->0,0B(6144,0K) Survivors: 6144,0K->6144,0K Heap: 221,8M(256,0M)->180,0M(256,0M)]
 [Times: user=0,05 sys=0,00, real=0,01 secs] 
2019-07-21T06:08:58.452-0300: 32073,905: [GC pause (G1 Evacuation Pause) (mixed), 0,0193572 secs]
   [Parallel Time: 18,1 ms, GC Workers: 4]
      [GC Worker Start (ms): Min: 32073904,9, Avg: 32073911,3, Max: 32073917,7, Diff: 12,7]
      [Ext Root Scanning (ms): Min: 0,0, Avg: 0,3, Max: 1,1, Diff: 1,0, Sum: 1,2]
      [Update RS (ms): Min: 0,0, Avg: 5,2, Max: 15,7, Diff: 15,7, Sum: 20,9]
         [Processed Buffers: Min: 0, Avg: 15,5, Max: 25, Diff: 25, Sum: 62]
      [Scan RS (ms): Min: 0,0, Avg: 0,1, Max: 0,3, Diff: 0,3, Sum: 0,5]
      [Code Root Scanning (ms): Min: 0,0, Avg: 0,0, Max: 0,1, Diff: 0,1, Sum: 0,2]
      [Object Copy (ms): Min: 1,2, Avg: 5,8, Max: 8,5, Diff: 7,3, Sum: 23,3]
      [Termination (ms): Min: 0,0, Avg: 0,1, Max: 0,1, Diff: 0,1, Sum: 0,2]
         [Termination Attempts: Min: 1, Avg: 1,5, Max: 3, Diff: 2, Sum: 6]
      [GC Worker Other (ms): Min: 0,0, Avg: 0,0, Max: 0,0, Diff: 0,0, Sum: 0,1]
      [GC Worker Total (ms): Min: 5,3, Avg: 11,6, Max: 18,0, Diff: 12,7, Sum: 46,4]
      [GC Worker End (ms): Min: 32073922,9, Avg: 32073922,9, Max: 32073923,0, Diff: 0,0]
   [Code Root Fixup: 0,0 ms]
   [Code Root Purge: 0,0 ms]
   [Clear CT: 0,4 ms]
   [Other: 0,8 ms]
      [Choose CSet: 0,0 ms]
      [Ref Proc: 0,3 ms]
      [Ref Enq: 0,0 ms]
      [Redirty Cards: 0,3 ms]
      [Humongous Register: 0,0 ms]
      [Humongous Reclaim: 0,0 ms]
      [Free CSet: 0,1 ms]
   [Eden: 6144,0K(6144,0K)->0,0B(60,0M) Survivors: 6144,0K->2048,0K Heap: 186,0M(256,0M)->161,5M(256,0M)]
 [Times: user=0,04 sys=0,00, real=0,02 secs] 
2019-07-21T06:15:23.302-0300: 32458,755: [GC pause (G1 Evacuation Pause) (young), 0,0226964 secs]
   [Parallel Time: 18,3 ms, GC Workers: 4]
      [GC Worker Start (ms): Min: 32458755,0, Avg: 32458758,3, Max: 32458761,6, Diff: 6,7]
      [Ext Root Scanning (ms): Min: 0,0, Avg: 0,3, Max: 1,0, Diff: 1,0, Sum: 1,1]
      [Update RS (ms): Min: 0,0, Avg: 2,9, Max: 6,2, Diff: 6,1, Sum: 11,6]
         [Processed Buffers: Min: 0, Avg: 15,8, Max: 37, Diff: 37, Sum: 63]
      [Scan RS (ms): Min: 0,0, Avg: 0,2, Max: 0,4, Diff: 0,4, Sum: 0,7]
      [Code Root Scanning (ms): Min: 0,0, Avg: 0,0, Max: 0,0, Diff: 0,0, Sum: 0,1]
      [Object Copy (ms): Min: 9,2, Avg: 11,4, Max: 12,5, Diff: 3,3, Sum: 45,7]
      [Termination (ms): Min: 0,0, Avg: 0,1, Max: 0,1, Diff: 0,1, Sum: 0,3]
         [Termination Attempts: Min: 1, Avg: 1,0, Max: 1, Diff: 0, Sum: 4]
      [GC Worker Other (ms): Min: 0,0, Avg: 0,0, Max: 0,0, Diff: 0,0, Sum: 0,1]
      [GC Worker Total (ms): Min: 11,5, Avg: 14,9, Max: 18,2, Diff: 6,7, Sum: 59,5]
      [GC Worker End (ms): Min: 32458773,2, Avg: 32458773,2, Max: 32458773,2, Diff: 0,0]
   [Code Root Fixup: 0,0 ms]
   [Code Root Purge: 0,0 ms]
   [Clear CT: 0,3 ms]
   [Other: 4,1 ms]
      [Choose CSet: 0,0 ms]
      [Ref Proc: 3,6 ms]
      [Ref Enq: 0,0 ms]
      [Redirty Cards: 0,3 ms]
      [Humongous Register: 0,0 ms]
      [Humongous Reclaim: 0,0 ms]
      [Free CSet: 0,0 ms]
   [Eden: 60,0M(60,0M)->0,0B(42,0M) Survivors: 2048,0K->8192,0K Heap: 221,5M(256,0M)->170,0M(256,0M)]
 [Times: user=0,08 sys=0,00, real=0,03 secs] 
2019-07-21T06:20:04.610-0300: 32740,064: [GC pause (G1 Evacuation Pause) (young) (initial-mark), 0,0207094 secs]
   [Parallel Time: 18,7 ms, GC Workers: 4]
      [GC Worker Start (ms): Min: 32740063,8, Avg: 32740064,8, Max: 32740065,2, Diff: 1,4]
      [Ext Root Scanning (ms): Min: 0,0, Avg: 5,7, Max: 8,6, Diff: 8,5, Sum: 23,0]
      [Update RS (ms): Min: 0,0, Avg: 0,1, Max: 0,4, Diff: 0,4, Sum: 0,4]
         [Processed Buffers: Min: 0, Avg: 12,8, Max: 51, Diff: 51, Sum: 51]
      [Scan RS (ms): Min: 0,0, Avg: 0,8, Max: 3,3, Diff: 3,3, Sum: 3,3]
      [Code Root Scanning (ms): Min: 0,0, Avg: 0,2, Max: 0,7, Diff: 0,7, Sum: 0,7]
      [Object Copy (ms): Min: 6,6, Avg: 10,1, Max: 12,7, Diff: 6,1, Sum: 40,4]
      [Termination (ms): Min: 0,1, Avg: 0,6, Max: 2,2, Diff: 2,1, Sum: 2,5]
         [Termination Attempts: Min: 1, Avg: 3,0, Max: 5, Diff: 4, Sum: 12]
      [GC Worker Other (ms): Min: 0,0, Avg: 0,0, Max: 0,0, Diff: 0,0, Sum: 0,1]
      [GC Worker Total (ms): Min: 17,2, Avg: 17,6, Max: 18,6, Diff: 1,4, Sum: 70,4]
      [GC Worker End (ms): Min: 32740082,4, Avg: 32740082,5, Max: 32740082,5, Diff: 0,0]
   [Code Root Fixup: 0,0 ms]
   [Code Root Purge: 0,0 ms]
   [Clear CT: 0,2 ms]
   [Other: 1,8 ms]
      [Choose CSet: 0,0 ms]
      [Ref Proc: 1,2 ms]
      [Ref Enq: 0,0 ms]
      [Redirty Cards: 0,4 ms]
      [Humongous Register: 0,0 ms]
      [Humongous Reclaim: 0,0 ms]
      [Free CSet: 0,0 ms]
   [Eden: 42,0M(42,0M)->0,0B(50,0M) Survivors: 8192,0K->4096,0K Heap: 212,0M(256,0M)->172,4M(256,0M)]
 [Times: user=0,07 sys=0,00, real=0,02 secs] 
2019-07-21T06:20:04.631-0300: 32740,085: [GC concurrent-root-region-scan-start]
2019-07-21T06:20:04.636-0300: 32740,089: [GC concurrent-root-region-scan-end, 0,0044582 secs]
2019-07-21T06:20:04.636-0300: 32740,089: [GC concurrent-mark-start]
2019-07-21T06:20:04.648-0300: 32740,101: [GC concurrent-mark-end, 0,0116732 secs]
2019-07-21T06:20:04.648-0300: 32740,101: [GC remark 2019-07-21T06:20:04.648-0300: 32740,101: [Finalize Marking, 0,0003376 secs] 2019-07-21T06:20:04.648-0300: 32740,102: [GC ref-proc, 0,0001620 secs] 2019-07-21T06:20:04.648-0300: 32740,102: [Unloading, 0,0053848 secs], 0,0068252 secs]
 [Times: user=0,00 sys=0,00, real=0,00 secs] 
2019-07-21T06:20:04.655-0300: 32740,108: [GC cleanup 172M->165M(256M), 0,0015411 secs]
 [Times: user=0,00 sys=0,00, real=0,01 secs] 
2019-07-21T06:20:04.657-0300: 32740,110: [GC concurrent-cleanup-start]
2019-07-21T06:20:04.657-0300: 32740,110: [GC concurrent-cleanup-end, 0,0000219 secs]
2019-07-21T06:25:44.360-0300: 33079,813: [GC pause (G1 Evacuation Pause) (young), 0,0256613 secs]
   [Parallel Time: 20,8 ms, GC Workers: 4]
      [GC Worker Start (ms): Min: 33079813,3, Avg: 33079819,7, Max: 33079826,2, Diff: 12,9]
      [Ext Root Scanning (ms): Min: 0,0, Avg: 0,3, Max: 0,9, Diff: 0,9, Sum: 1,0]
      [Update RS (ms): Min: 0,0, Avg: 2,0, Max: 5,8, Diff: 5,8, Sum: 8,2]
         [Processed Buffers: Min: 0, Avg: 17,0, Max: 53, Diff: 53, Sum: 68]
      [Scan RS (ms): Min: 0,0, Avg: 0,0, Max: 0,1, Diff: 0,1, Sum: 0,2]
      [Code Root Scanning (ms): Min: 0,0, Avg: 0,0, Max: 0,1, Diff: 0,1, Sum: 0,1]
      [Object Copy (ms): Min: 7,8, Avg: 11,9, Max: 13,8, Diff: 6,1, Sum: 47,6]
      [Termination (ms): Min: 0,0, Avg: 0,1, Max: 0,1, Diff: 0,1, Sum: 0,2]
         [Termination Attempts: Min: 1, Avg: 1,0, Max: 1, Diff: 0, Sum: 4]
      [GC Worker Other (ms): Min: 0,0, Avg: 0,0, Max: 0,0, Diff: 0,0, Sum: 0,1]
      [GC Worker Total (ms): Min: 7,8, Avg: 14,3, Max: 20,7, Diff: 12,9, Sum: 57,4]
      [GC Worker End (ms): Min: 33079834,0, Avg: 33079834,0, Max: 33079834,1, Diff: 0,0]
   [Code Root Fixup: 0,0 ms]
   [Code Root Purge: 0,0 ms]
   [Clear CT: 0,3 ms]
   [Other: 4,6 ms]
      [Choose CSet: 0,0 ms]
      [Ref Proc: 4,1 ms]
      [Ref Enq: 0,0 ms]
      [Redirty Cards: 0,3 ms]
      [Humongous Register: 0,0 ms]
      [Humongous Reclaim: 0,0 ms]
      [Free CSet: 0,0 ms]
   [Eden: 50,0M(50,0M)->0,0B(5120,0K) Survivors: 4096,0K->7168,0K Heap: 215,4M(256,0M)->170,5M(256,0M)]
 [Times: user=0,06 sys=0,00, real=0,03 secs] 
2019-07-21T06:26:16.814-0300: 33112,267: [GC pause (G1 Evacuation Pause) (mixed), 0,0097367 secs]
   [Parallel Time: 8,6 ms, GC Workers: 4]
      [GC Worker Start (ms): Min: 33112267,2, Avg: 33112269,1, Max: 33112271,0, Diff: 3,7]
      [Ext Root Scanning (ms): Min: 0,0, Avg: 0,3, Max: 0,6, Diff: 0,6, Sum: 1,2]
      [Update RS (ms): Min: 0,0, Avg: 0,7, Max: 1,3, Diff: 1,3, Sum: 2,7]
         [Processed Buffers: Min: 0, Avg: 8,8, Max: 24, Diff: 24, Sum: 35]
      [Scan RS (ms): Min: 0,0, Avg: 0,0, Max: 0,1, Diff: 0,1, Sum: 0,2]
      [Code Root Scanning (ms): Min: 0,0, Avg: 0,0, Max: 0,0, Diff: 0,0, Sum: 0,0]
      [Object Copy (ms): Min: 4,7, Avg: 5,6, Max: 6,5, Diff: 1,8, Sum: 22,2]
      [Termination (ms): Min: 0,0, Avg: 0,1, Max: 0,1, Diff: 0,1, Sum: 0,3]
         [Termination Attempts: Min: 1, Avg: 1,0, Max: 1, Diff: 0, Sum: 4]
      [GC Worker Other (ms): Min: 0,0, Avg: 0,0, Max: 0,0, Diff: 0,0, Sum: 0,1]
      [GC Worker Total (ms): Min: 4,8, Avg: 6,7, Max: 8,5, Diff: 3,7, Sum: 26,7]
      [GC Worker End (ms): Min: 33112275,8, Avg: 33112275,8, Max: 33112275,8, Diff: 0,0]
   [Code Root Fixup: 0,0 ms]
   [Code Root Purge: 0,0 ms]
   [Clear CT: 0,2 ms]
   [Other: 0,8 ms]
      [Choose CSet: 0,0 ms]
      [Ref Proc: 0,3 ms]
      [Ref Enq: 0,0 ms]
      [Redirty Cards: 0,3 ms]
      [Humongous Register: 0,0 ms]
      [Humongous Reclaim: 0,0 ms]
      [Free CSet: 0,0 ms]
   [Eden: 5120,0K(5120,0K)->0,0B(62,0M) Survivors: 7168,0K->2048,0K Heap: 175,5M(256,0M)->159,5M(256,0M)]
 [Times: user=0,03 sys=0,00, real=0,01 secs] 
2019-07-21T06:33:13.805-0300: 33529,258: [GC pause (G1 Evacuation Pause) (young), 0,0140752 secs]
   [Parallel Time: 12,6 ms, GC Workers: 4]
      [GC Worker Start (ms): Min: 33529258,2, Avg: 33529258,4, Max: 33529258,6, Diff: 0,5]
      [Ext Root Scanning (ms): Min: 0,0, Avg: 0,3, Max: 0,5, Diff: 0,5, Sum: 1,2]
      [Update RS (ms): Min: 0,0, Avg: 2,5, Max: 3,5, Diff: 3,5, Sum: 10,2]
         [Processed Buffers: Min: 0, Avg: 14,2, Max: 32, Diff: 32, Sum: 57]
      [Scan RS (ms): Min: 0,0, Avg: 0,0, Max: 0,1, Diff: 0,0, Sum: 0,1]
      [Code Root Scanning (ms): Min: 0,0, Avg: 0,0, Max: 0,0, Diff: 0,0, Sum: 0,1]
      [Object Copy (ms): Min: 8,3, Avg: 9,2, Max: 11,9, Diff: 3,6, Sum: 37,0]
      [Termination (ms): Min: 0,0, Avg: 0,0, Max: 0,0, Diff: 0,0, Sum: 0,0]
         [Termination Attempts: Min: 1, Avg: 1,8, Max: 3, Diff: 2, Sum: 7]
      [GC Worker Other (ms): Min: 0,0, Avg: 0,0, Max: 0,0, Diff: 0,0, Sum: 0,1]
      [GC Worker Total (ms): Min: 11,9, Avg: 12,2, Max: 12,3, Diff: 0,5, Sum: 48,7]
      [GC Worker End (ms): Min: 33529270,5, Avg: 33529270,5, Max: 33529270,5, Diff: 0,0]
   [Code Root Fixup: 0,0 ms]
   [Code Root Purge: 0,0 ms]
   [Clear CT: 0,3 ms]
   [Other: 1,2 ms]
      [Choose CSet: 0,0 ms]
      [Ref Proc: 0,5 ms]
      [Ref Enq: 0,0 ms]
      [Redirty Cards: 0,4 ms]
      [Humongous Register: 0,0 ms]
      [Humongous Reclaim: 0,0 ms]
      [Free CSet: 0,0 ms]
   [Eden: 62,0M(62,0M)->0,0B(52,0M) Survivors: 2048,0K->8192,0K Heap: 221,5M(256,0M)->168,5M(256,0M)]
 [Times: user=0,07 sys=0,00, real=0,01 secs] 
2019-07-21T06:39:02.690-0300: 33878,143: [GC pause (G1 Evacuation Pause) (young) (initial-mark), 0,0136925 secs]
   [Parallel Time: 12,4 ms, GC Workers: 4]
      [GC Worker Start (ms): Min: 33878143,1, Avg: 33878143,2, Max: 33878143,2, Diff: 0,2]
      [Ext Root Scanning (ms): Min: 0,6, Avg: 0,6, Max: 0,8, Diff: 0,2, Sum: 2,5]
      [Update RS (ms): Min: 0,9, Avg: 0,9, Max: 1,0, Diff: 0,1, Sum: 3,8]
         [Processed Buffers: Min: 10, Avg: 12,0, Max: 17, Diff: 7, Sum: 48]
      [Scan RS (ms): Min: 0,0, Avg: 0,1, Max: 0,1, Diff: 0,1, Sum: 0,3]
      [Code Root Scanning (ms): Min: 0,0, Avg: 0,0, Max: 0,1, Diff: 0,1, Sum: 0,2]
      [Object Copy (ms): Min: 10,4, Avg: 10,4, Max: 10,5, Diff: 0,1, Sum: 41,7]
      [Termination (ms): Min: 0,0, Avg: 0,0, Max: 0,0, Diff: 0,0, Sum: 0,0]
         [Termination Attempts: Min: 1, Avg: 1,0, Max: 1, Diff: 0, Sum: 4]
      [GC Worker Other (ms): Min: 0,0, Avg: 0,0, Max: 0,0, Diff: 0,0, Sum: 0,1]
      [GC Worker Total (ms): Min: 12,1, Avg: 12,1, Max: 12,2, Diff: 0,2, Sum: 48,6]
      [GC Worker End (ms): Min: 33878155,3, Avg: 33878155,3, Max: 33878155,3, Diff: 0,0]
   [Code Root Fixup: 0,0 ms]
   [Code Root Purge: 0,0 ms]
   [Clear CT: 0,3 ms]
   [Other: 1,0 ms]
      [Choose CSet: 0,0 ms]
      [Ref Proc: 0,4 ms]
      [Ref Enq: 0,0 ms]
      [Redirty Cards: 0,3 ms]
      [Humongous Register: 0,0 ms]
      [Humongous Reclaim: 0,0 ms]
      [Free CSet: 0,0 ms]
   [Eden: 52,0M(52,0M)->0,0B(48,0M) Survivors: 8192,0K->7168,0K Heap: 220,5M(256,0M)->174,0M(256,0M)]
 [Times: user=0,08 sys=0,00, real=0,01 secs] 
2019-07-21T06:39:02.704-0300: 33878,157: [GC concurrent-root-region-scan-start]
2019-07-21T06:39:02.711-0300: 33878,164: [GC concurrent-root-region-scan-end, 0,0071468 secs]
2019-07-21T06:39:02.711-0300: 33878,164: [GC concurrent-mark-start]
2019-07-21T06:39:02.725-0300: 33878,178: [GC concurrent-mark-end, 0,0137381 secs]
2019-07-21T06:39:02.725-0300: 33878,178: [GC remark 2019-07-21T06:39:02.725-0300: 33878,178: [Finalize Marking, 0,0003435 secs] 2019-07-21T06:39:02.725-0300: 33878,179: [GC ref-proc, 0,0001624 secs] 2019-07-21T06:39:02.725-0300: 33878,179: [Unloading, 0,0030060 secs], 0,0044956 secs]
 [Times: user=0,04 sys=0,00, real=0,00 secs] 
2019-07-21T06:39:02.730-0300: 33878,183: [GC cleanup 173M->172M(256M), 0,0013681 secs]
 [Times: user=0,00 sys=0,00, real=0,00 secs] 
2019-07-21T06:39:02.731-0300: 33878,185: [GC concurrent-cleanup-start]
2019-07-21T06:39:02.731-0300: 33878,185: [GC concurrent-cleanup-end, 0,0000147 secs]
2019-07-21T06:44:26.954-0300: 34202,408: [GC pause (G1 Evacuation Pause) (young), 0,0142436 secs]
   [Parallel Time: 13,0 ms, GC Workers: 4]
      [GC Worker Start (ms): Min: 34202407,8, Avg: 34202407,9, Max: 34202408,0, Diff: 0,2]
      [Ext Root Scanning (ms): Min: 0,2, Avg: 0,3, Max: 0,6, Diff: 0,4, Sum: 1,3]
      [Update RS (ms): Min: 2,6, Avg: 2,8, Max: 2,8, Diff: 0,3, Sum: 11,0]
         [Processed Buffers: Min: 8, Avg: 16,8, Max: 25, Diff: 17, Sum: 67]
      [Scan RS (ms): Min: 0,0, Avg: 0,0, Max: 0,1, Diff: 0,0, Sum: 0,1]
      [Code Root Scanning (ms): Min: 0,0, Avg: 0,0, Max: 0,0, Diff: 0,0, Sum: 0,1]
      [Object Copy (ms): Min: 9,6, Avg: 9,7, Max: 9,7, Diff: 0,0, Sum: 38,6]
      [Termination (ms): Min: 0,0, Avg: 0,0, Max: 0,0, Diff: 0,0, Sum: 0,0]
         [Termination Attempts: Min: 1, Avg: 1,2, Max: 2, Diff: 1, Sum: 5]
      [GC Worker Other (ms): Min: 0,0, Avg: 0,0, Max: 0,0, Diff: 0,0, Sum: 0,1]
      [GC Worker Total (ms): Min: 12,7, Avg: 12,8, Max: 12,9, Diff: 0,2, Sum: 51,3]
      [GC Worker End (ms): Min: 34202420,8, Avg: 34202420,8, Max: 34202420,8, Diff: 0,0]
   [Code Root Fixup: 0,0 ms]
   [Code Root Purge: 0,0 ms]
   [Clear CT: 0,3 ms]
   [Other: 1,0 ms]
      [Choose CSet: 0,0 ms]
      [Ref Proc: 0,3 ms]
      [Ref Enq: 0,0 ms]
      [Redirty Cards: 0,5 ms]
      [Humongous Register: 0,0 ms]
      [Humongous Reclaim: 0,0 ms]
      [Free CSet: 0,0 ms]
   [Eden: 48,0M(48,0M)->0,0B(5120,0K) Survivors: 7168,0K->7168,0K Heap: 221,0M(256,0M)->178,5M(256,0M)]
 [Times: user=0,07 sys=0,00, real=0,02 secs] 
2019-07-21T06:44:58.208-0300: 34233,662: [GC pause (G1 Evacuation Pause) (mixed), 0,0206938 secs]
   [Parallel Time: 17,3 ms, GC Workers: 4]
      [GC Worker Start (ms): Min: 34233661,9, Avg: 34233672,4, Max: 34233679,0, Diff: 17,2]
      [Ext Root Scanning (ms): Min: 0,0, Avg: 0,3, Max: 1,0, Diff: 1,0, Sum: 1,1]
      [Update RS (ms): Min: 0,0, Avg: 1,5, Max: 6,1, Diff: 6,1, Sum: 6,1]
         [Processed Buffers: Min: 0, Avg: 12,8, Max: 51, Diff: 51, Sum: 51]
      [Scan RS (ms): Min: 0,0, Avg: 0,2, Max: 0,7, Diff: 0,7, Sum: 0,8]
      [Code Root Scanning (ms): Min: 0,0, Avg: 0,0, Max: 0,0, Diff: 0,0, Sum: 0,0]
      [Object Copy (ms): Min: 0,0, Avg: 4,5, Max: 9,1, Diff: 9,1, Sum: 18,2]
      [Termination (ms): Min: 0,0, Avg: 0,1, Max: 0,2, Diff: 0,2, Sum: 0,5]
         [Termination Attempts: Min: 1, Avg: 1,8, Max: 4, Diff: 3, Sum: 7]
      [GC Worker Other (ms): Min: 0,0, Avg: 0,0, Max: 0,0, Diff: 0,0, Sum: 0,1]
      [GC Worker Total (ms): Min: 0,1, Avg: 6,7, Max: 17,2, Diff: 17,2, Sum: 26,8]
      [GC Worker End (ms): Min: 34233679,1, Avg: 34233679,1, Max: 34233679,1, Diff: 0,0]
   [Code Root Fixup: 0,0 ms]
   [Code Root Purge: 0,0 ms]
   [Clear CT: 0,4 ms]
   [Other: 3,0 ms]
      [Choose CSet: 0,0 ms]
      [Ref Proc: 2,4 ms]
      [Ref Enq: 0,0 ms]
      [Redirty Cards: 0,4 ms]
      [Humongous Register: 0,0 ms]
      [Humongous Reclaim: 0,0 ms]
      [Free CSet: 0,0 ms]
   [Eden: 5120,0K(5120,0K)->0,0B(60,0M) Survivors: 7168,0K->2048,0K Heap: 183,5M(256,0M)->161,5M(256,0M)]
 [Times: user=0,03 sys=0,00, real=0,02 secs] 
2019-07-21T06:47:51.926-0300: 34407,379: [GC pause (G1 Evacuation Pause) (young), 0,0080581 secs]
   [Parallel Time: 6,7 ms, GC Workers: 4]
      [GC Worker Start (ms): Min: 34407379,1, Avg: 34407379,2, Max: 34407379,2, Diff: 0,1]
      [Ext Root Scanning (ms): Min: 0,2, Avg: 0,3, Max: 0,6, Diff: 0,4, Sum: 1,4]
      [Update RS (ms): Min: 1,8, Avg: 2,0, Max: 2,2, Diff: 0,4, Sum: 8,1]
         [Processed Buffers: Min: 7, Avg: 12,0, Max: 21, Diff: 14, Sum: 48]
      [Scan RS (ms): Min: 0,2, Avg: 0,3, Max: 0,4, Diff: 0,2, Sum: 1,4]
      [Code Root Scanning (ms): Min: 0,0, Avg: 0,0, Max: 0,0, Diff: 0,0, Sum: 0,0]
      [Object Copy (ms): Min: 3,8, Avg: 3,8, Max: 3,9, Diff: 0,1, Sum: 15,3]
      [Termination (ms): Min: 0,0, Avg: 0,0, Max: 0,0, Diff: 0,0, Sum: 0,0]
         [Termination Attempts: Min: 1, Avg: 1,0, Max: 1, Diff: 0, Sum: 4]
      [GC Worker Other (ms): Min: 0,0, Avg: 0,0, Max: 0,0, Diff: 0,0, Sum: 0,1]
      [GC Worker Total (ms): Min: 6,5, Avg: 6,6, Max: 6,6, Diff: 0,1, Sum: 26,3]
      [GC Worker End (ms): Min: 34407385,7, Avg: 34407385,7, Max: 34407385,7, Diff: 0,0]
   [Code Root Fixup: 0,0 ms]
   [Code Root Purge: 0,0 ms]
   [Clear CT: 0,3 ms]
   [Other: 1,0 ms]
      [Choose CSet: 0,0 ms]
      [Ref Proc: 0,5 ms]
      [Ref Enq: 0,0 ms]
      [Redirty Cards: 0,4 ms]
      [Humongous Register: 0,0 ms]
      [Humongous Reclaim: 0,0 ms]
      [Free CSet: 0,0 ms]
   [Eden: 26,0M(26,0M)->0,0B(56,0M) Survivors: 2048,0K->4096,0K Heap: 187,5M(256,0M)->165,5M(256,0M)]
 [Times: user=0,05 sys=0,00, real=0,00 secs] 
2019-07-21T06:54:08.182-0300: 34783,635: [GC pause (G1 Evacuation Pause) (young) (initial-mark), 0,0236345 secs]
   [Parallel Time: 22,7 ms, GC Workers: 4]
      [GC Worker Start (ms): Min: 34783634,9, Avg: 34783635,9, Max: 34783636,3, Diff: 1,4]
      [Ext Root Scanning (ms): Min: 0,0, Avg: 5,8, Max: 10,2, Diff: 10,2, Sum: 23,1]
      [Update RS (ms): Min: 0,0, Avg: 0,9, Max: 2,5, Diff: 2,5, Sum: 3,7]
         [Processed Buffers: Min: 0, Avg: 11,8, Max: 32, Diff: 32, Sum: 47]
      [Scan RS (ms): Min: 0,0, Avg: 0,0, Max: 0,1, Diff: 0,1, Sum: 0,1]
      [Code Root Scanning (ms): Min: 0,0, Avg: 0,0, Max: 0,1, Diff: 0,1, Sum: 0,1]
      [Object Copy (ms): Min: 6,6, Avg: 10,4, Max: 14,2, Diff: 7,6, Sum: 41,6]
      [Termination (ms): Min: 0,0, Avg: 0,0, Max: 0,0, Diff: 0,0, Sum: 0,0]
         [Termination Attempts: Min: 1, Avg: 2,8, Max: 4, Diff: 3, Sum: 11]
      [GC Worker Other (ms): Min: 0,0, Avg: 0,0, Max: 0,0, Diff: 0,0, Sum: 0,1]
      [GC Worker Total (ms): Min: 16,8, Avg: 17,2, Max: 18,2, Diff: 1,4, Sum: 68,8]
      [GC Worker End (ms): Min: 34783653,1, Avg: 34783653,1, Max: 34783653,1, Diff: 0,0]
   [Code Root Fixup: 0,0 ms]
   [Code Root Purge: 0,0 ms]
   [Clear CT: 0,2 ms]
   [Other: 0,8 ms]
      [Choose CSet: 0,0 ms]
      [Ref Proc: 0,3 ms]
      [Ref Enq: 0,0 ms]
      [Redirty Cards: 0,3 ms]
      [Humongous Register: 0,0 ms]
      [Humongous Reclaim: 0,0 ms]
      [Free CSet: 0,0 ms]
   [Eden: 56,0M(56,0M)->0,0B(26,0M) Survivors: 4096,0K->8192,0K Heap: 221,5M(256,0M)->170,7M(256,0M)]
 [Times: user=0,05 sys=0,00, real=0,03 secs] 
2019-07-21T06:54:08.205-0300: 34783,659: [GC concurrent-root-region-scan-start]
2019-07-21T06:54:08.215-0300: 34783,668: [GC concurrent-root-region-scan-end, 0,0096504 secs]
2019-07-21T06:54:08.215-0300: 34783,668: [GC concurrent-mark-start]
2019-07-21T06:54:08.229-0300: 34783,683: [GC concurrent-mark-end, 0,0142671 secs]
2019-07-21T06:54:08.230-0300: 34783,683: [GC remark 2019-07-21T06:54:08.230-0300: 34783,683: [Finalize Marking, 0,0003032 secs] 2019-07-21T06:54:08.230-0300: 34783,683: [GC ref-proc, 0,0001376 secs] 2019-07-21T06:54:08.230-0300: 34783,683: [Unloading, 0,0075716 secs], 0,0089088 secs]
 [Times: user=0,00 sys=0,00, real=0,01 secs] 
2019-07-21T06:54:08.239-0300: 34783,692: [GC cleanup 170M->166M(256M), 0,0015477 secs]
 [Times: user=0,00 sys=0,00, real=0,00 secs] 
2019-07-21T06:54:08.241-0300: 34783,694: [GC concurrent-cleanup-start]
2019-07-21T06:54:08.241-0300: 34783,694: [GC concurrent-cleanup-end, 0,0000174 secs]
2019-07-21T06:57:01.814-0300: 34957,267: [GC pause (G1 Evacuation Pause) (young), 0,0183979 secs]
   [Parallel Time: 14,2 ms, GC Workers: 4]
      [GC Worker Start (ms): Min: 34957267,2, Avg: 34957269,2, Max: 34957272,4, Diff: 5,2]
      [Ext Root Scanning (ms): Min: 0,0, Avg: 0,3, Max: 0,6, Diff: 0,6, Sum: 1,1]
      [Update RS (ms): Min: 0,0, Avg: 1,1, Max: 2,0, Diff: 2,0, Sum: 4,3]
         [Processed Buffers: Min: 0, Avg: 12,0, Max: 23, Diff: 23, Sum: 48]
      [Scan RS (ms): Min: 0,0, Avg: 0,0, Max: 0,0, Diff: 0,0, Sum: 0,1]
      [Code Root Scanning (ms): Min: 0,0, Avg: 0,0, Max: 0,0, Diff: 0,0, Sum: 0,0]
      [Object Copy (ms): Min: 8,7, Avg: 10,6, Max: 11,3, Diff: 2,6, Sum: 42,4]
      [Termination (ms): Min: 0,0, Avg: 0,1, Max: 0,1, Diff: 0,1, Sum: 0,3]
         [Termination Attempts: Min: 1, Avg: 1,2, Max: 2, Diff: 1, Sum: 5]
      [GC Worker Other (ms): Min: 0,0, Avg: 0,0, Max: 0,0, Diff: 0,0, Sum: 0,1]
      [GC Worker Total (ms): Min: 8,8, Avg: 12,1, Max: 14,0, Diff: 5,2, Sum: 48,4]
      [GC Worker End (ms): Min: 34957281,3, Avg: 34957281,3, Max: 34957281,3, Diff: 0,0]
   [Code Root Fixup: 0,0 ms]
   [Code Root Purge: 0,0 ms]
   [Clear CT: 1,9 ms]
   [Other: 2,3 ms]
      [Choose CSet: 0,0 ms]
      [Ref Proc: 1,7 ms]
      [Ref Enq: 0,0 ms]
      [Redirty Cards: 0,5 ms]
      [Humongous Register: 0,0 ms]
      [Humongous Reclaim: 0,0 ms]
      [Free CSet: 0,0 ms]
   [Eden: 26,0M(26,0M)->0,0B(8192,0K) Survivors: 8192,0K->4096,0K Heap: 192,7M(256,0M)->170,2M(256,0M)]
 [Times: user=0,07 sys=0,00, real=0,02 secs] 
2019-07-21T06:57:56.076-0300: 35011,530: [GC pause (G1 Evacuation Pause) (mixed), 0,0094492 secs]
   [Parallel Time: 8,1 ms, GC Workers: 4]
      [GC Worker Start (ms): Min: 35011529,7, Avg: 35011530,2, Max: 35011531,3, Diff: 1,6]
      [Ext Root Scanning (ms): Min: 0,0, Avg: 0,3, Max: 0,6, Diff: 0,5, Sum: 1,1]
      [Update RS (ms): Min: 1,9, Avg: 2,8, Max: 3,2, Diff: 1,3, Sum: 11,2]
         [Processed Buffers: Min: 6, Avg: 16,5, Max: 27, Diff: 21, Sum: 66]
      [Scan RS (ms): Min: 0,1, Avg: 0,1, Max: 0,1, Diff: 0,0, Sum: 0,4]
      [Code Root Scanning (ms): Min: 0,0, Avg: 0,0, Max: 0,0, Diff: 0,0, Sum: 0,0]
      [Object Copy (ms): Min: 4,3, Avg: 4,4, Max: 4,4, Diff: 0,0, Sum: 17,4]
      [Termination (ms): Min: 0,0, Avg: 0,0, Max: 0,0, Diff: 0,0, Sum: 0,0]
         [Termination Attempts: Min: 1, Avg: 1,0, Max: 1, Diff: 0, Sum: 4]
      [GC Worker Other (ms): Min: 0,0, Avg: 0,0, Max: 0,0, Diff: 0,0, Sum: 0,1]
      [GC Worker Total (ms): Min: 6,4, Avg: 7,6, Max: 8,0, Diff: 1,6, Sum: 30,3]
      [GC Worker End (ms): Min: 35011537,7, Avg: 35011537,7, Max: 35011537,7, Diff: 0,0]
   [Code Root Fixup: 0,0 ms]
   [Code Root Purge: 0,0 ms]
   [Clear CT: 0,3 ms]
   [Other: 1,0 ms]
      [Choose CSet: 0,0 ms]
      [Ref Proc: 0,4 ms]
      [Ref Enq: 0,0 ms]
      [Redirty Cards: 0,4 ms]
      [Humongous Register: 0,0 ms]
      [Humongous Reclaim: 0,0 ms]
      [Free CSet: 0,0 ms]
   [Eden: 8192,0K(8192,0K)->0,0B(59,0M) Survivors: 4096,0K->2048,0K Heap: 178,2M(256,0M)->162,5M(256,0M)]
 [Times: user=0,06 sys=0,00, real=0,02 secs] 
2019-07-21T07:04:32.900-0300: 35408,353: [GC pause (G1 Evacuation Pause) (young), 0,0127290 secs]
   [Parallel Time: 11,3 ms, GC Workers: 4]
      [GC Worker Start (ms): Min: 35408353,6, Avg: 35408354,7, Max: 35408357,7, Diff: 4,1]
      [Ext Root Scanning (ms): Min: 0,0, Avg: 0,3, Max: 0,6, Diff: 0,5, Sum: 1,3]
      [Update RS (ms): Min: 0,0, Avg: 1,9, Max: 2,5, Diff: 2,5, Sum: 7,4]
         [Processed Buffers: Min: 0, Avg: 16,2, Max: 31, Diff: 31, Sum: 65]
      [Scan RS (ms): Min: 0,0, Avg: 0,1, Max: 0,1, Diff: 0,1, Sum: 0,2]
      [Code Root Scanning (ms): Min: 0,0, Avg: 0,0, Max: 0,0, Diff: 0,0, Sum: 0,1]
      [Object Copy (ms): Min: 7,0, Avg: 7,8, Max: 8,1, Diff: 1,1, Sum: 31,4]
      [Termination (ms): Min: 0,0, Avg: 0,0, Max: 0,0, Diff: 0,0, Sum: 0,0]
         [Termination Attempts: Min: 1, Avg: 1,0, Max: 1, Diff: 0, Sum: 4]
      [GC Worker Other (ms): Min: 0,0, Avg: 0,0, Max: 0,0, Diff: 0,0, Sum: 0,1]
      [GC Worker Total (ms): Min: 7,1, Avg: 10,1, Max: 11,2, Diff: 4,1, Sum: 40,5]
      [GC Worker End (ms): Min: 35408364,8, Avg: 35408364,8, Max: 35408364,8, Diff: 0,0]
   [Code Root Fixup: 0,0 ms]
   [Code Root Purge: 0,0 ms]
   [Clear CT: 0,3 ms]
   [Other: 1,1 ms]
      [Choose CSet: 0,0 ms]
      [Ref Proc: 0,5 ms]
      [Ref Enq: 0,0 ms]
      [Redirty Cards: 0,4 ms]
      [Humongous Register: 0,0 ms]
      [Humongous Reclaim: 0,0 ms]
      [Free CSet: 0,0 ms]
   [Eden: 59,0M(59,0M)->0,0B(50,0M) Survivors: 2048,0K->8192,0K Heap: 221,5M(256,0M)->170,5M(256,0M)]
 [Times: user=0,05 sys=0,00, real=0,01 secs] 
2019-07-21T07:10:08.319-0300: 35743,773: [GC pause (G1 Evacuation Pause) (young) (initial-mark), 0,0211357 secs]
   [Parallel Time: 19,9 ms, GC Workers: 4]
      [GC Worker Start (ms): Min: 35743772,8, Avg: 35743774,0, Max: 35743774,4, Diff: 1,6]
      [Ext Root Scanning (ms): Min: 0,0, Avg: 5,5, Max: 8,1, Diff: 8,0, Sum: 21,8]
      [Update RS (ms): Min: 0,0, Avg: 0,8, Max: 3,0, Diff: 3,0, Sum: 3,0]
         [Processed Buffers: Min: 0, Avg: 11,8, Max: 47, Diff: 47, Sum: 47]
      [Scan RS (ms): Min: 0,0, Avg: 0,0, Max: 0,1, Diff: 0,1, Sum: 0,1]
      [Code Root Scanning (ms): Min: 0,0, Avg: 0,0, Max: 0,1, Diff: 0,1, Sum: 0,1]
      [Object Copy (ms): Min: 11,3, Avg: 12,4, Max: 15,0, Diff: 3,7, Sum: 49,5]
      [Termination (ms): Min: 0,0, Avg: 0,0, Max: 0,0, Diff: 0,0, Sum: 0,0]
         [Termination Attempts: Min: 1, Avg: 3,0, Max: 6, Diff: 5, Sum: 12]
      [GC Worker Other (ms): Min: 0,0, Avg: 0,0, Max: 0,0, Diff: 0,0, Sum: 0,1]
      [GC Worker Total (ms): Min: 18,2, Avg: 18,7, Max: 19,8, Diff: 1,6, Sum: 74,6]
      [GC Worker End (ms): Min: 35743792,6, Avg: 35743792,6, Max: 35743792,6, Diff: 0,0]
   [Code Root Fixup: 0,0 ms]
   [Code Root Purge: 0,0 ms]
   [Clear CT: 0,3 ms]
   [Other: 0,9 ms]
      [Choose CSet: 0,0 ms]
      [Ref Proc: 0,3 ms]
      [Ref Enq: 0,0 ms]
      [Redirty Cards: 0,4 ms]
      [Humongous Register: 0,0 ms]
      [Humongous Reclaim: 0,0 ms]
      [Free CSet: 0,0 ms]
   [Eden: 50,0M(50,0M)->0,0B(45,0M) Survivors: 8192,0K->7168,0K Heap: 220,5M(256,0M)->176,6M(256,0M)]
 [Times: user=0,08 sys=0,00, real=0,02 secs] 
2019-07-21T07:10:08.341-0300: 35743,794: [GC concurrent-root-region-scan-start]
2019-07-21T07:10:08.348-0300: 35743,801: [GC concurrent-root-region-scan-end, 0,0069389 secs]
2019-07-21T07:10:08.348-0300: 35743,801: [GC concurrent-mark-start]
2019-07-21T07:10:08.362-0300: 35743,815: [GC concurrent-mark-end, 0,0143215 secs]
2019-07-21T07:10:08.362-0300: 35743,816: [GC remark 2019-07-21T07:10:08.362-0300: 35743,816: [Finalize Marking, 0,0004753 secs] 2019-07-21T07:10:08.363-0300: 35743,816: [GC ref-proc, 0,0001322 secs] 2019-07-21T07:10:08.363-0300: 35743,816: [Unloading, 0,0033899 secs], 0,0049169 secs]
 [Times: user=0,07 sys=0,00, real=0,01 secs] 
2019-07-21T07:10:08.368-0300: 35743,821: [GC cleanup 176M->173M(256M), 0,0014372 secs]
 [Times: user=0,00 sys=0,00, real=0,00 secs] 
2019-07-21T07:10:08.369-0300: 35743,823: [GC concurrent-cleanup-start]
2019-07-21T07:10:08.370-0300: 35743,823: [GC concurrent-cleanup-end, 0,0000196 secs]
2019-07-21T07:14:49.128-0300: 36024,581: [GC pause (G1 Evacuation Pause) (young), 0,0175019 secs]
   [Parallel Time: 16,3 ms, GC Workers: 4]
      [GC Worker Start (ms): Min: 36024581,1, Avg: 36024584,5, Max: 36024585,7, Diff: 4,7]
      [Ext Root Scanning (ms): Min: 0,0, Avg: 0,2, Max: 0,6, Diff: 0,6, Sum: 0,7]
      [Update RS (ms): Min: 0,0, Avg: 2,0, Max: 7,9, Diff: 7,9, Sum: 8,1]
         [Processed Buffers: Min: 0, Avg: 13,5, Max: 44, Diff: 44, Sum: 54]
      [Scan RS (ms): Min: 0,0, Avg: 0,3, Max: 0,5, Diff: 0,5, Sum: 1,3]
      [Code Root Scanning (ms): Min: 0,0, Avg: 0,0, Max: 0,0, Diff: 0,0, Sum: 0,1]
      [Object Copy (ms): Min: 7,4, Avg: 10,0, Max: 10,9, Diff: 3,4, Sum: 40,0]
      [Termination (ms): Min: 0,0, Avg: 0,0, Max: 0,0, Diff: 0,0, Sum: 0,0]
         [Termination Attempts: Min: 1, Avg: 1,0, Max: 1, Diff: 0, Sum: 4]
      [GC Worker Other (ms): Min: 0,0, Avg: 0,0, Max: 0,0, Diff: 0,0, Sum: 0,1]
      [GC Worker Total (ms): Min: 11,4, Avg: 12,6, Max: 16,0, Diff: 4,7, Sum: 50,4]
      [GC Worker End (ms): Min: 36024597,1, Avg: 36024597,1, Max: 36024597,1, Diff: 0,0]
   [Code Root Fixup: 0,0 ms]
   [Code Root Purge: 0,0 ms]
   [Clear CT: 0,3 ms]
   [Other: 0,9 ms]
      [Choose CSet: 0,0 ms]
      [Ref Proc: 0,3 ms]
      [Ref Enq: 0,0 ms]
      [Redirty Cards: 0,4 ms]
      [Humongous Register: 0,0 ms]
      [Humongous Reclaim: 0,0 ms]
      [Free CSet: 0,0 ms]
   [Eden: 44,0M(28,0M)->0,0B(7168,0K) Survivors: 7168,0K->5120,0K Heap: 217,6M(256,0M)->179,0M(256,0M)]
 [Times: user=0,06 sys=0,00, real=0,02 secs] 
2019-07-21T07:15:36.431-0300: 36071,884: [GC pause (G1 Evacuation Pause) (mixed), 0,0147583 secs]
   [Parallel Time: 12,8 ms, GC Workers: 4]
      [GC Worker Start (ms): Min: 36071884,2, Avg: 36071885,0, Max: 36071885,4, Diff: 1,2]
      [Ext Root Scanning (ms): Min: 0,0, Avg: 0,3, Max: 1,0, Diff: 1,0, Sum: 1,2]
      [Update RS (ms): Min: 1,1, Avg: 1,1, Max: 1,1, Diff: 0,0, Sum: 4,4]
         [Processed Buffers: Min: 6, Avg: 11,0, Max: 20, Diff: 14, Sum: 44]
      [Scan RS (ms): Min: 0,6, Avg: 0,7, Max: 0,8, Diff: 0,2, Sum: 2,9]
      [Code Root Scanning (ms): Min: 0,0, Avg: 0,1, Max: 0,2, Diff: 0,2, Sum: 0,2]
      [Object Copy (ms): Min: 7,8, Avg: 8,4, Max: 9,4, Diff: 1,6, Sum: 33,5]
      [Termination (ms): Min: 0,0, Avg: 1,1, Max: 1,8, Diff: 1,8, Sum: 4,3]
         [Termination Attempts: Min: 1, Avg: 1,0, Max: 1, Diff: 0, Sum: 4]
      [GC Worker Other (ms): Min: 0,0, Avg: 0,0, Max: 0,0, Diff: 0,0, Sum: 0,1]
      [GC Worker Total (ms): Min: 11,3, Avg: 11,7, Max: 12,7, Diff: 1,4, Sum: 46,6]
      [GC Worker End (ms): Min: 36071896,6, Avg: 36071896,7, Max: 36071896,9, Diff: 0,2]
   [Code Root Fixup: 0,0 ms]
   [Code Root Purge: 0,0 ms]
   [Clear CT: 0,2 ms]
   [Other: 1,7 ms]
      [Choose CSet: 0,0 ms]
      [Ref Proc: 1,3 ms]
      [Ref Enq: 0,0 ms]
      [Redirty Cards: 0,1 ms]
      [Humongous Register: 0,0 ms]
      [Humongous Reclaim: 0,0 ms]
      [Free CSet: 0,1 ms]
   [Eden: 7168,0K(7168,0K)->0,0B(58,0M) Survivors: 5120,0K->2048,0K Heap: 186,0M(256,0M)->163,5M(256,0M)]
 [Times: user=0,08 sys=0,00, real=0,02 secs] 
2019-07-21T07:22:05.605-0300: 36461,058: [GC pause (G1 Evacuation Pause) (young), 0,0196185 secs]
   [Parallel Time: 14,9 ms, GC Workers: 4]
      [GC Worker Start (ms): Min: 36461058,4, Avg: 36461061,1, Max: 36461062,8, Diff: 4,4]
      [Ext Root Scanning (ms): Min: 0,0, Avg: 0,3, Max: 1,0, Diff: 1,0, Sum: 1,1]
      [Update RS (ms): Min: 0,9, Avg: 2,9, Max: 6,6, Diff: 5,7, Sum: 11,5]
         [Processed Buffers: Min: 8, Avg: 14,5, Max: 24, Diff: 16, Sum: 58]
      [Scan RS (ms): Min: 0,0, Avg: 0,1, Max: 0,1, Diff: 0,1, Sum: 0,4]
      [Code Root Scanning (ms): Min: 0,0, Avg: 0,0, Max: 0,0, Diff: 0,0, Sum: 0,1]
      [Object Copy (ms): Min: 7,0, Avg: 8,7, Max: 9,2, Diff: 2,2, Sum: 34,6]
      [Termination (ms): Min: 0,0, Avg: 0,1, Max: 0,1, Diff: 0,1, Sum: 0,3]
         [Termination Attempts: Min: 1, Avg: 2,8, Max: 6, Diff: 5, Sum: 11]
      [GC Worker Other (ms): Min: 0,0, Avg: 0,0, Max: 0,0, Diff: 0,0, Sum: 0,1]
      [GC Worker Total (ms): Min: 10,4, Avg: 12,0, Max: 14,8, Diff: 4,4, Sum: 48,1]
      [GC Worker End (ms): Min: 36461073,2, Avg: 36461073,2, Max: 36461073,2, Diff: 0,0]
   [Code Root Fixup: 0,0 ms]
   [Code Root Purge: 0,0 ms]
   [Clear CT: 0,3 ms]
   [Other: 4,4 ms]
      [Choose CSet: 0,0 ms]
      [Ref Proc: 3,9 ms]
      [Ref Enq: 0,0 ms]
      [Redirty Cards: 0,3 ms]
      [Humongous Register: 0,0 ms]
      [Humongous Reclaim: 0,0 ms]
      [Free CSet: 0,0 ms]
   [Eden: 58,0M(58,0M)->0,0B(43,0M) Survivors: 2048,0K->8192,0K Heap: 221,5M(256,0M)->171,5M(256,0M)]
 [Times: user=0,06 sys=0,00, real=0,02 secs] 
2019-07-21T07:26:56.082-0300: 36751,535: [GC pause (G1 Evacuation Pause) (young) (initial-mark), 0,0151859 secs]
   [Parallel Time: 13,6 ms, GC Workers: 4]
      [GC Worker Start (ms): Min: 36751535,4, Avg: 36751535,8, Max: 36751536,2, Diff: 0,9]
      [Ext Root Scanning (ms): Min: 0,1, Avg: 1,9, Max: 5,5, Diff: 5,5, Sum: 7,4]
      [Update RS (ms): Min: 0,0, Avg: 1,3, Max: 1,7, Diff: 1,7, Sum: 5,1]
         [Processed Buffers: Min: 0, Avg: 13,0, Max: 26, Diff: 26, Sum: 52]
      [Scan RS (ms): Min: 0,0, Avg: 0,0, Max: 0,0, Diff: 0,0, Sum: 0,1]
      [Code Root Scanning (ms): Min: 0,0, Avg: 0,0, Max: 0,0, Diff: 0,0, Sum: 0,1]
      [Object Copy (ms): Min: 7,1, Avg: 9,8, Max: 10,8, Diff: 3,7, Sum: 39,3]
      [Termination (ms): Min: 0,0, Avg: 0,0, Max: 0,0, Diff: 0,0, Sum: 0,0]
         [Termination Attempts: Min: 1, Avg: 1,0, Max: 1, Diff: 0, Sum: 4]
      [GC Worker Other (ms): Min: 0,0, Avg: 0,0, Max: 0,0, Diff: 0,0, Sum: 0,1]
      [GC Worker Total (ms): Min: 12,6, Avg: 13,0, Max: 13,5, Diff: 0,9, Sum: 52,1]
      [GC Worker End (ms): Min: 36751548,8, Avg: 36751548,8, Max: 36751548,8, Diff: 0,0]
   [Code Root Fixup: 0,0 ms]
   [Code Root Purge: 0,0 ms]
   [Clear CT: 0,4 ms]
   [Other: 1,1 ms]
      [Choose CSet: 0,0 ms]
      [Ref Proc: 0,4 ms]
      [Ref Enq: 0,0 ms]
      [Redirty Cards: 0,5 ms]
      [Humongous Register: 0,0 ms]
      [Humongous Reclaim: 0,0 ms]
      [Free CSet: 0,0 ms]
   [Eden: 43,0M(43,0M)->0,0B(45,0M) Survivors: 8192,0K->6144,0K Heap: 214,5M(256,0M)->177,7M(256,0M)]
 [Times: user=0,06 sys=0,00, real=0,02 secs] 
2019-07-21T07:26:56.097-0300: 36751,551: [GC concurrent-root-region-scan-start]
2019-07-21T07:26:56.104-0300: 36751,557: [GC concurrent-root-region-scan-end, 0,0064584 secs]
2019-07-21T07:26:56.104-0300: 36751,557: [GC concurrent-mark-start]
2019-07-21T07:26:56.119-0300: 36751,573: [GC concurrent-mark-end, 0,0155037 secs]
2019-07-21T07:26:56.120-0300: 36751,573: [GC remark 2019-07-21T07:26:56.120-0300: 36751,573: [Finalize Marking, 0,0002985 secs] 2019-07-21T07:26:56.120-0300: 36751,573: [GC ref-proc, 0,0001434 secs] 2019-07-21T07:26:56.120-0300: 36751,573: [Unloading, 0,0032008 secs], 0,0046222 secs]
 [Times: user=0,00 sys=0,00, real=0,00 secs] 
2019-07-21T07:26:56.125-0300: 36751,578: [GC cleanup 178M->171M(256M), 0,0012493 secs]
 [Times: user=0,00 sys=0,00, real=0,00 secs] 
2019-07-21T07:26:56.126-0300: 36751,579: [GC concurrent-cleanup-start]
2019-07-21T07:26:56.126-0300: 36751,579: [GC concurrent-cleanup-end, 0,0000205 secs]
2019-07-21T07:31:58.737-0300: 37054,190: [GC pause (G1 Evacuation Pause) (young), 0,0127194 secs]
   [Parallel Time: 9,3 ms, GC Workers: 4]
      [GC Worker Start (ms): Min: 37054190,0, Avg: 37054190,1, Max: 37054190,4, Diff: 0,4]
      [Ext Root Scanning (ms): Min: 0,0, Avg: 0,3, Max: 0,6, Diff: 0,6, Sum: 1,4]
      [Update RS (ms): Min: 1,1, Avg: 1,3, Max: 1,3, Diff: 0,2, Sum: 5,0]
         [Processed Buffers: Min: 10, Avg: 14,5, Max: 22, Diff: 12, Sum: 58]
      [Scan RS (ms): Min: 0,2, Avg: 0,2, Max: 0,3, Diff: 0,1, Sum: 0,9]
      [Code Root Scanning (ms): Min: 0,0, Avg: 0,0, Max: 0,0, Diff: 0,0, Sum: 0,1]
      [Object Copy (ms): Min: 7,2, Avg: 7,3, Max: 7,3, Diff: 0,1, Sum: 29,0]
      [Termination (ms): Min: 0,0, Avg: 0,0, Max: 0,0, Diff: 0,0, Sum: 0,0]
         [Termination Attempts: Min: 1, Avg: 1,0, Max: 1, Diff: 0, Sum: 4]
      [GC Worker Other (ms): Min: 0,0, Avg: 0,0, Max: 0,0, Diff: 0,0, Sum: 0,1]
      [GC Worker Total (ms): Min: 8,8, Avg: 9,1, Max: 9,3, Diff: 0,4, Sum: 36,5]
      [GC Worker End (ms): Min: 37054199,3, Avg: 37054199,3, Max: 37054199,3, Diff: 0,0]
   [Code Root Fixup: 0,0 ms]
   [Code Root Purge: 0,0 ms]
   [Clear CT: 1,8 ms]
   [Other: 1,6 ms]
      [Choose CSet: 0,0 ms]
      [Ref Proc: 1,0 ms]
      [Ref Enq: 0,0 ms]
      [Redirty Cards: 0,4 ms]
      [Humongous Register: 0,0 ms]
      [Humongous Reclaim: 0,0 ms]
      [Free CSet: 0,0 ms]
   [Eden: 45,0M(45,0M)->0,0B(5120,0K) Survivors: 6144,0K->7168,0K Heap: 215,7M(256,0M)->176,0M(256,0M)]
 [Times: user=0,05 sys=0,00, real=0,01 secs] 
2019-07-21T07:32:33.485-0300: 37088,938: [GC pause (G1 Evacuation Pause) (mixed), 0,0137582 secs]
   [Parallel Time: 12,1 ms, GC Workers: 4]
      [GC Worker Start (ms): Min: 37088938,0, Avg: 37088944,8, Max: 37088949,9, Diff: 11,9]
      [Ext Root Scanning (ms): Min: 0,0, Avg: 0,3, Max: 1,0, Diff: 1,0, Sum: 1,1]
      [Update RS (ms): Min: 0,0, Avg: 1,4, Max: 4,2, Diff: 4,2, Sum: 5,8]
         [Processed Buffers: Min: 0, Avg: 13,0, Max: 29, Diff: 29, Sum: 52]
      [Scan RS (ms): Min: 0,0, Avg: 0,2, Max: 0,5, Diff: 0,5, Sum: 0,9]
      [Code Root Scanning (ms): Min: 0,0, Avg: 0,0, Max: 0,0, Diff: 0,0, Sum: 0,0]
      [Object Copy (ms): Min: 0,0, Avg: 3,0, Max: 5,9, Diff: 5,9, Sum: 11,8]
      [Termination (ms): Min: 0,0, Avg: 0,2, Max: 0,3, Diff: 0,3, Sum: 0,7]
         [Termination Attempts: Min: 1, Avg: 1,0, Max: 1, Diff: 0, Sum: 4]
      [GC Worker Other (ms): Min: 0,0, Avg: 0,0, Max: 0,0, Diff: 0,0, Sum: 0,1]
      [GC Worker Total (ms): Min: 0,1, Avg: 5,1, Max: 12,0, Diff: 11,9, Sum: 20,5]
      [GC Worker End (ms): Min: 37088949,9, Avg: 37088949,9, Max: 37088949,9, Diff: 0,0]
   [Code Root Fixup: 0,0 ms]
   [Code Root Purge: 0,0 ms]
   [Clear CT: 0,3 ms]
   [Other: 1,4 ms]
      [Choose CSet: 0,0 ms]
      [Ref Proc: 0,8 ms]
      [Ref Enq: 0,0 ms]
      [Redirty Cards: 0,3 ms]
      [Humongous Register: 0,0 ms]
      [Humongous Reclaim: 0,0 ms]
      [Free CSet: 0,0 ms]
   [Eden: 5120,0K(5120,0K)->0,0B(63,0M) Survivors: 7168,0K->2048,0K Heap: 181,0M(256,0M)->158,5M(256,0M)]
 [Times: user=0,02 sys=0,01, real=0,01 secs] 
2019-07-21T07:39:36.814-0300: 37512,267: [GC pause (G1 Evacuation Pause) (young), 0,0172280 secs]
   [Parallel Time: 17,0 ms, GC Workers: 4]
      [GC Worker Start (ms): Min: 37512267,2, Avg: 37512275,6, Max: 37512284,0, Diff: 16,8]
      [Ext Root Scanning (ms): Min: 0,0, Avg: 0,3, Max: 1,0, Diff: 1,0, Sum: 1,1]
      [Update RS (ms): Min: 0,0, Avg: 2,4, Max: 5,4, Diff: 5,4, Sum: 9,5]
         [Processed Buffers: Min: 0, Avg: 17,0, Max: 42, Diff: 42, Sum: 68]
      [Scan RS (ms): Min: 0,0, Avg: 0,0, Max: 0,1, Diff: 0,1, Sum: 0,1]
      [Code Root Scanning (ms): Min: 0,0, Avg: 0,0, Max: 0,0, Diff: 0,0, Sum: 0,1]
      [Object Copy (ms): Min: 0,0, Avg: 5,6, Max: 10,1, Diff: 10,1, Sum: 22,6]
      [Termination (ms): Min: 0,0, Avg: 0,1, Max: 0,2, Diff: 0,2, Sum: 0,5]
         [Termination Attempts: Min: 1, Avg: 1,2, Max: 2, Diff: 1, Sum: 5]
      [GC Worker Other (ms): Min: 0,0, Avg: 0,0, Max: 0,0, Diff: 0,0, Sum: 0,1]
      [GC Worker Total (ms): Min: 0,1, Avg: 8,5, Max: 16,9, Diff: 16,8, Sum: 34,0]
      [GC Worker End (ms): Min: 37512284,0, Avg: 37512284,1, Max: 37512284,1, Diff: 0,0]
   [Code Root Fixup: 0,0 ms]
   [Code Root Purge: 0,0 ms]
   [Clear CT: 0,0 ms]
   [Other: 0,2 ms]
      [Choose CSet: 0,0 ms]
      [Ref Proc: 0,1 ms]
      [Ref Enq: 0,0 ms]
      [Redirty Cards: 0,0 ms]
      [Humongous Register: 0,0 ms]
      [Humongous Reclaim: 0,0 ms]
      [Free CSet: 0,0 ms]
   [Eden: 63,0M(63,0M)->0,0B(56,0M) Survivors: 2048,0K->8192,0K Heap: 221,5M(256,0M)->164,3M(256,0M)]
 [Times: user=0,05 sys=0,00, real=0,02 secs] 
2019-07-21T07:45:51.814-0300: 37887,267: [GC pause (G1 Evacuation Pause) (young) (initial-mark), 0,0137929 secs]
   [Parallel Time: 12,6 ms, GC Workers: 4]
      [GC Worker Start (ms): Min: 37887267,3, Avg: 37887267,5, Max: 37887267,6, Diff: 0,3]
      [Ext Root Scanning (ms): Min: 0,6, Avg: 0,7, Max: 1,0, Diff: 0,4, Sum: 2,9]
      [Update RS (ms): Min: 0,7, Avg: 0,8, Max: 0,9, Diff: 0,2, Sum: 3,1]
         [Processed Buffers: Min: 6, Avg: 10,8, Max: 13, Diff: 7, Sum: 43]
      [Scan RS (ms): Min: 0,0, Avg: 0,0, Max: 0,0, Diff: 0,0, Sum: 0,1]
      [Code Root Scanning (ms): Min: 0,0, Avg: 0,0, Max: 0,0, Diff: 0,0, Sum: 0,1]
      [Object Copy (ms): Min: 10,5, Avg: 10,5, Max: 10,5, Diff: 0,0, Sum: 42,0]
      [Termination (ms): Min: 0,0, Avg: 0,0, Max: 0,0, Diff: 0,0, Sum: 0,0]
         [Termination Attempts: Min: 1, Avg: 1,0, Max: 1, Diff: 0, Sum: 4]
      [GC Worker Other (ms): Min: 0,0, Avg: 0,0, Max: 0,0, Diff: 0,0, Sum: 0,1]
      [GC Worker Total (ms): Min: 11,9, Avg: 12,1, Max: 12,3, Diff: 0,3, Sum: 48,3]
      [GC Worker End (ms): Min: 37887279,5, Avg: 37887279,5, Max: 37887279,5, Diff: 0,0]
   [Code Root Fixup: 0,0 ms]
   [Code Root Purge: 0,0 ms]
   [Clear CT: 0,3 ms]
   [Other: 0,9 ms]
      [Choose CSet: 0,0 ms]
      [Ref Proc: 0,3 ms]
      [Ref Enq: 0,0 ms]
      [Redirty Cards: 0,3 ms]
      [Humongous Register: 0,0 ms]
      [Humongous Reclaim: 0,0 ms]
      [Free CSet: 0,0 ms]
   [Eden: 56,0M(56,0M)->0,0B(49,0M) Survivors: 8192,0K->7168,0K Heap: 220,3M(256,0M)->172,3M(256,0M)]
 [Times: user=0,08 sys=0,00, real=0,02 secs] 
2019-07-21T07:45:51.828-0300: 37887,281: [GC concurrent-root-region-scan-start]
2019-07-21T07:45:51.838-0300: 37887,291: [GC concurrent-root-region-scan-end, 0,0104095 secs]
2019-07-21T07:45:51.838-0300: 37887,291: [GC concurrent-mark-start]
2019-07-21T07:45:51.851-0300: 37887,304: [GC concurrent-mark-end, 0,0126522 secs]
2019-07-21T07:45:51.851-0300: 37887,305: [GC remark 2019-07-21T07:45:51.851-0300: 37887,305: [Finalize Marking, 0,0003021 secs] 2019-07-21T07:45:51.852-0300: 37887,305: [GC ref-proc, 0,0001385 secs] 2019-07-21T07:45:51.852-0300: 37887,305: [Unloading, 0,0036195 secs], 0,0050831 secs]
 [Times: user=0,07 sys=0,00, real=0,01 secs] 
2019-07-21T07:45:51.857-0300: 37887,310: [GC cleanup 172M->170M(256M), 0,0013743 secs]
 [Times: user=0,00 sys=0,00, real=0,00 secs] 
2019-07-21T07:45:51.858-0300: 37887,312: [GC concurrent-cleanup-start]
2019-07-21T07:45:51.858-0300: 37887,312: [GC concurrent-cleanup-end, 0,0000174 secs]
2019-07-21T07:51:21.814-0300: 38217,267: [GC pause (G1 Evacuation Pause) (young), 0,0226035 secs]
   [Parallel Time: 17,6 ms, GC Workers: 4]
      [GC Worker Start (ms): Min: 38217267,1, Avg: 38217276,0, Max: 38217284,7, Diff: 17,5]
      [Ext Root Scanning (ms): Min: 0,0, Avg: 0,2, Max: 0,8, Diff: 0,8, Sum: 0,9]
      [Update RS (ms): Min: 0,0, Avg: 1,0, Max: 3,4, Diff: 3,4, Sum: 4,0]
         [Processed Buffers: Min: 0, Avg: 13,2, Max: 38, Diff: 38, Sum: 53]
      [Scan RS (ms): Min: 0,0, Avg: 0,2, Max: 0,5, Diff: 0,5, Sum: 1,0]
      [Code Root Scanning (ms): Min: 0,0, Avg: 0,0, Max: 0,0, Diff: 0,0, Sum: 0,1]
      [Object Copy (ms): Min: 0,0, Avg: 7,2, Max: 12,8, Diff: 12,8, Sum: 28,7]
      [Termination (ms): Min: 0,0, Avg: 0,1, Max: 0,1, Diff: 0,1, Sum: 0,2]
         [Termination Attempts: Min: 1, Avg: 1,5, Max: 2, Diff: 1, Sum: 6]
      [GC Worker Other (ms): Min: 0,0, Avg: 0,0, Max: 0,0, Diff: 0,0, Sum: 0,1]
      [GC Worker Total (ms): Min: 0,0, Avg: 8,7, Max: 17,5, Diff: 17,5, Sum: 34,9]
      [GC Worker End (ms): Min: 38217284,7, Avg: 38217284,7, Max: 38217284,7, Diff: 0,0]
   [Code Root Fixup: 0,0 ms]
   [Code Root Purge: 0,0 ms]
   [Clear CT: 0,2 ms]
   [Other: 4,8 ms]
      [Choose CSet: 0,0 ms]
      [Ref Proc: 4,2 ms]
      [Ref Enq: 0,0 ms]
      [Redirty Cards: 0,4 ms]
      [Humongous Register: 0,0 ms]
      [Humongous Reclaim: 0,0 ms]
      [Free CSet: 0,0 ms]
   [Eden: 49,0M(49,0M)->0,0B(6144,0K) Survivors: 7168,0K->6144,0K Heap: 219,3M(256,0M)->175,0M(256,0M)]
 [Times: user=0,08 sys=0,00, real=0,03 secs] 
2019-07-21T07:52:01.510-0300: 38256,963: [GC pause (G1 Evacuation Pause) (mixed), 0,0138266 secs]
   [Parallel Time: 12,5 ms, GC Workers: 4]
      [GC Worker Start (ms): Min: 38256963,5, Avg: 38256966,2, Max: 38256969,8, Diff: 6,2]
      [Ext Root Scanning (ms): Min: 0,0, Avg: 0,3, Max: 1,0, Diff: 1,0, Sum: 1,1]
      [Update RS (ms): Min: 0,4, Avg: 3,7, Max: 5,6, Diff: 5,2, Sum: 14,8]
         [Processed Buffers: Min: 2, Avg: 15,5, Max: 22, Diff: 20, Sum: 62]
      [Scan RS (ms): Min: 0,1, Avg: 0,1, Max: 0,1, Diff: 0,1, Sum: 0,4]
      [Code Root Scanning (ms): Min: 0,0, Avg: 0,0, Max: 0,0, Diff: 0,0, Sum: 0,0]
      [Object Copy (ms): Min: 5,6, Avg: 5,6, Max: 5,7, Diff: 0,1, Sum: 22,5]
      [Termination (ms): Min: 0,0, Avg: 0,0, Max: 0,0, Diff: 0,0, Sum: 0,0]
         [Termination Attempts: Min: 1, Avg: 1,0, Max: 1, Diff: 0, Sum: 4]
      [GC Worker Other (ms): Min: 0,0, Avg: 0,0, Max: 0,0, Diff: 0,0, Sum: 0,1]
      [GC Worker Total (ms): Min: 6,1, Avg: 9,7, Max: 12,4, Diff: 6,2, Sum: 39,0]
      [GC Worker End (ms): Min: 38256975,9, Avg: 38256975,9, Max: 38256975,9, Diff: 0,0]
   [Code Root Fixup: 0,0 ms]
   [Code Root Purge: 0,0 ms]
   [Clear CT: 0,4 ms]
   [Other: 0,9 ms]
      [Choose CSet: 0,0 ms]
      [Ref Proc: 0,3 ms]
      [Ref Enq: 0,0 ms]
      [Redirty Cards: 0,4 ms]
      [Humongous Register: 0,0 ms]
      [Humongous Reclaim: 0,0 ms]
      [Free CSet: 0,0 ms]
   [Eden: 6144,0K(6144,0K)->0,0B(61,0M) Survivors: 6144,0K->2048,0K Heap: 181,0M(256,0M)->161,0M(256,0M)]
 [Times: user=0,05 sys=0,00, real=0,01 secs] 
2019-07-21T07:58:52.757-0300: 38668,210: [GC pause (G1 Evacuation Pause) (young), 0,0114868 secs]
   [Parallel Time: 10,0 ms, GC Workers: 4]
      [GC Worker Start (ms): Min: 38668210,1, Avg: 38668210,2, Max: 38668210,2, Diff: 0,2]
      [Ext Root Scanning (ms): Min: 0,2, Avg: 0,3, Max: 0,5, Diff: 0,4, Sum: 1,2]
      [Update RS (ms): Min: 1,6, Avg: 1,7, Max: 1,7, Diff: 0,1, Sum: 6,8]
         [Processed Buffers: Min: 5, Avg: 14,0, Max: 26, Diff: 21, Sum: 56]
      [Scan RS (ms): Min: 0,2, Avg: 0,2, Max: 0,2, Diff: 0,0, Sum: 0,9]
      [Code Root Scanning (ms): Min: 0,0, Avg: 0,0, Max: 0,0, Diff: 0,0, Sum: 0,1]
      [Object Copy (ms): Min: 7,5, Avg: 7,5, Max: 7,5, Diff: 0,1, Sum: 30,0]
      [Termination (ms): Min: 0,0, Avg: 0,0, Max: 0,0, Diff: 0,0, Sum: 0,0]
         [Termination Attempts: Min: 1, Avg: 1,0, Max: 1, Diff: 0, Sum: 4]
      [GC Worker Other (ms): Min: 0,0, Avg: 0,0, Max: 0,0, Diff: 0,0, Sum: 0,1]
      [GC Worker Total (ms): Min: 9,7, Avg: 9,8, Max: 9,9, Diff: 0,2, Sum: 39,2]
      [GC Worker End (ms): Min: 38668220,0, Avg: 38668220,0, Max: 38668220,0, Diff: 0,0]
   [Code Root Fixup: 0,0 ms]
   [Code Root Purge: 0,0 ms]
   [Clear CT: 0,4 ms]
   [Other: 1,1 ms]
      [Choose CSet: 0,0 ms]
      [Ref Proc: 0,4 ms]
      [Ref Enq: 0,0 ms]
      [Redirty Cards: 0,5 ms]
      [Humongous Register: 0,0 ms]
      [Humongous Reclaim: 0,0 ms]
      [Free CSet: 0,0 ms]
   [Eden: 61,0M(61,0M)->0,0B(52,0M) Survivors: 2048,0K->8192,0K Heap: 222,0M(256,0M)->169,0M(256,0M)]
 [Times: user=0,06 sys=0,00, real=0,01 secs] 
2019-07-21T08:04:41.814-0300: 39017,267: [GC pause (G1 Evacuation Pause) (young) (initial-mark), 0,0253166 secs]
   [Parallel Time: 21,8 ms, GC Workers: 4]
      [GC Worker Start (ms): Min: 39017267,3, Avg: 39017268,4, Max: 39017268,8, Diff: 1,5]
      [Ext Root Scanning (ms): Min: 0,0, Avg: 3,6, Max: 6,0, Diff: 6,0, Sum: 14,4]
      [Update RS (ms): Min: 0,0, Avg: 0,7, Max: 1,9, Diff: 1,9, Sum: 3,0]
         [Processed Buffers: Min: 0, Avg: 12,5, Max: 33, Diff: 33, Sum: 50]
      [Scan RS (ms): Min: 0,0, Avg: 0,0, Max: 0,1, Diff: 0,1, Sum: 0,1]
      [Code Root Scanning (ms): Min: 0,0, Avg: 0,0, Max: 0,0, Diff: 0,0, Sum: 0,1]
      [Object Copy (ms): Min: 13,9, Avg: 16,0, Max: 18,0, Diff: 4,1, Sum: 64,0]
      [Termination (ms): Min: 0,0, Avg: 0,1, Max: 0,1, Diff: 0,1, Sum: 0,4]
         [Termination Attempts: Min: 1, Avg: 2,2, Max: 4, Diff: 3, Sum: 9]
      [GC Worker Other (ms): Min: 0,0, Avg: 0,0, Max: 0,1, Diff: 0,1, Sum: 0,2]
      [GC Worker Total (ms): Min: 20,1, Avg: 20,5, Max: 21,6, Diff: 1,5, Sum: 82,1]
      [GC Worker End (ms): Min: 39017288,9, Avg: 39017288,9, Max: 39017288,9, Diff: 0,0]
   [Code Root Fixup: 0,0 ms]
   [Code Root Purge: 0,0 ms]
   [Clear CT: 0,3 ms]
   [Other: 3,3 ms]
      [Choose CSet: 0,0 ms]
      [Ref Proc: 2,7 ms]
      [Ref Enq: 0,0 ms]
      [Redirty Cards: 0,3 ms]
      [Humongous Register: 0,0 ms]
      [Humongous Reclaim: 0,0 ms]
      [Free CSet: 0,0 ms]
   [Eden: 52,0M(52,0M)->0,0B(46,0M) Survivors: 8192,0K->6144,0K Heap: 221,0M(256,0M)->176,7M(256,0M)]
 [Times: user=0,07 sys=0,00, real=0,03 secs] 
2019-07-21T08:04:41.839-0300: 39017,293: [GC concurrent-root-region-scan-start]
2019-07-21T08:04:41.848-0300: 39017,301: [GC concurrent-root-region-scan-end, 0,0082366 secs]
2019-07-21T08:04:41.848-0300: 39017,301: [GC concurrent-mark-start]
2019-07-21T08:04:41.861-0300: 39017,314: [GC concurrent-mark-end, 0,0131133 secs]
2019-07-21T08:04:41.861-0300: 39017,314: [GC remark 2019-07-21T08:04:41.861-0300: 39017,314: [Finalize Marking, 0,0003214 secs] 2019-07-21T08:04:41.861-0300: 39017,315: [GC ref-proc, 0,0001245 secs] 2019-07-21T08:04:41.862-0300: 39017,315: [Unloading, 0,0044968 secs], 0,0059968 secs]
 [Times: user=0,00 sys=0,00, real=0,01 secs] 
2019-07-21T08:04:41.868-0300: 39017,321: [GC cleanup 176M->173M(256M), 0,0016777 secs]
 [Times: user=0,00 sys=0,00, real=0,00 secs] 
2019-07-21T08:04:41.870-0300: 39017,323: [GC concurrent-cleanup-start]
2019-07-21T08:04:41.870-0300: 39017,323: [GC concurrent-cleanup-end, 0,0000258 secs]
2019-07-21T08:09:53.209-0300: 39328,662: [GC pause (G1 Evacuation Pause) (young), 0,0232505 secs]
   [Parallel Time: 22,0 ms, GC Workers: 4]
      [GC Worker Start (ms): Min: 39328662,1, Avg: 39328670,8, Max: 39328677,8, Diff: 15,7]
      [Ext Root Scanning (ms): Min: 0,0, Avg: 0,3, Max: 1,1, Diff: 1,0, Sum: 1,2]
      [Update RS (ms): Min: 0,0, Avg: 1,3, Max: 3,8, Diff: 3,8, Sum: 5,1]
         [Processed Buffers: Min: 0, Avg: 14,8, Max: 45, Diff: 45, Sum: 59]
      [Scan RS (ms): Min: 0,0, Avg: 0,2, Max: 0,4, Diff: 0,3, Sum: 0,7]
      [Code Root Scanning (ms): Min: 0,0, Avg: 0,0, Max: 0,0, Diff: 0,0, Sum: 0,1]
      [Object Copy (ms): Min: 2,7, Avg: 8,8, Max: 16,6, Diff: 13,8, Sum: 35,3]
      [Termination (ms): Min: 0,0, Avg: 2,6, Max: 3,4, Diff: 3,4, Sum: 10,3]
         [Termination Attempts: Min: 1, Avg: 1,5, Max: 2, Diff: 1, Sum: 6]
      [GC Worker Other (ms): Min: 0,0, Avg: 0,0, Max: 0,0, Diff: 0,0, Sum: 0,1]
      [GC Worker Total (ms): Min: 6,2, Avg: 13,2, Max: 21,9, Diff: 15,7, Sum: 52,7]
      [GC Worker End (ms): Min: 39328684,0, Avg: 39328684,0, Max: 39328684,0, Diff: 0,0]
   [Code Root Fixup: 0,0 ms]
   [Code Root Purge: 0,0 ms]
   [Clear CT: 0,3 ms]
   [Other: 0,9 ms]
      [Choose CSet: 0,0 ms]
      [Ref Proc: 0,4 ms]
      [Ref Enq: 0,0 ms]
      [Redirty Cards: 0,4 ms]
      [Humongous Register: 0,0 ms]
      [Humongous Reclaim: 0,0 ms]
      [Free CSet: 0,0 ms]
   [Eden: 46,0M(46,0M)->0,0B(6144,0K) Survivors: 6144,0K->6144,0K Heap: 219,7M(256,0M)->179,5M(256,0M)]
 [Times: user=0,05 sys=0,00, real=0,02 secs] 
2019-07-21T08:10:32.489-0300: 39367,942: [GC pause (G1 Evacuation Pause) (mixed), 0,0217573 secs]
   [Parallel Time: 19,9 ms, GC Workers: 4]
      [GC Worker Start (ms): Min: 39367942,0, Avg: 39367950,1, Max: 39367956,4, Diff: 14,4]
      [Ext Root Scanning (ms): Min: 0,0, Avg: 0,6, Max: 1,4, Diff: 1,3, Sum: 2,5]
      [Update RS (ms): Min: 0,0, Avg: 1,8, Max: 4,9, Diff: 4,9, Sum: 7,1]
         [Processed Buffers: Min: 0, Avg: 13,5, Max: 37, Diff: 37, Sum: 54]
      [Scan RS (ms): Min: 0,0, Avg: 0,3, Max: 0,8, Diff: 0,8, Sum: 1,4]
      [Code Root Scanning (ms): Min: 0,0, Avg: 0,1, Max: 0,2, Diff: 0,2, Sum: 0,2]
      [Object Copy (ms): Min: 0,9, Avg: 6,5, Max: 12,9, Diff: 12,0, Sum: 25,9]
      [Termination (ms): Min: 0,0, Avg: 2,3, Max: 3,1, Diff: 3,1, Sum: 9,3]
         [Termination Attempts: Min: 1, Avg: 1,5, Max: 2, Diff: 1, Sum: 6]
      [GC Worker Other (ms): Min: 0,0, Avg: 0,0, Max: 0,1, Diff: 0,0, Sum: 0,1]
      [GC Worker Total (ms): Min: 5,3, Avg: 11,6, Max: 19,8, Diff: 14,4, Sum: 46,6]
      [GC Worker End (ms): Min: 39367961,7, Avg: 39367961,7, Max: 39367961,7, Diff: 0,1]
   [Code Root Fixup: 0,0 ms]
   [Code Root Purge: 0,0 ms]
   [Clear CT: 0,4 ms]
   [Other: 1,4 ms]
      [Choose CSet: 0,0 ms]
      [Ref Proc: 0,9 ms]
      [Ref Enq: 0,0 ms]
      [Redirty Cards: 0,3 ms]
      [Humongous Register: 0,0 ms]
      [Humongous Reclaim: 0,0 ms]
      [Free CSet: 0,0 ms]
   [Eden: 6144,0K(6144,0K)->0,0B(60,0M) Survivors: 6144,0K->2048,0K Heap: 185,5M(256,0M)->162,0M(256,0M)]
 [Times: user=0,07 sys=0,00, real=0,02 secs] 
2019-07-21T08:17:00.001-0300: 39755,454: [GC pause (G1 Evacuation Pause) (young), 0,0196126 secs]
   [Parallel Time: 18,6 ms, GC Workers: 4]
      [GC Worker Start (ms): Min: 39755454,0, Avg: 39755459,6, Max: 39755468,4, Diff: 14,4]
      [Ext Root Scanning (ms): Min: 0,0, Avg: 0,3, Max: 1,0, Diff: 1,0, Sum: 1,1]
      [Update RS (ms): Min: 0,0, Avg: 4,6, Max: 10,7, Diff: 10,7, Sum: 18,5]
         [Processed Buffers: Min: 0, Avg: 15,8, Max: 39, Diff: 39, Sum: 63]
      [Scan RS (ms): Min: 0,0, Avg: 0,2, Max: 0,5, Diff: 0,5, Sum: 0,9]
      [Code Root Scanning (ms): Min: 0,0, Avg: 0,0, Max: 0,0, Diff: 0,0, Sum: 0,1]
      [Object Copy (ms): Min: 4,0, Avg: 7,7, Max: 11,4, Diff: 7,4, Sum: 30,9]
      [Termination (ms): Min: 0,0, Avg: 0,1, Max: 0,1, Diff: 0,1, Sum: 0,2]
         [Termination Attempts: Min: 1, Avg: 1,2, Max: 2, Diff: 1, Sum: 5]
      [GC Worker Other (ms): Min: 0,0, Avg: 0,0, Max: 0,0, Diff: 0,0, Sum: 0,1]
      [GC Worker Total (ms): Min: 4,1, Avg: 12,9, Max: 18,4, Diff: 14,4, Sum: 51,7]
      [GC Worker End (ms): Min: 39755472,5, Avg: 39755472,5, Max: 39755472,5, Diff: 0,0]
   [Code Root Fixup: 0,0 ms]
   [Code Root Purge: 0,0 ms]
   [Clear CT: 0,3 ms]
   [Other: 0,7 ms]
      [Choose CSet: 0,0 ms]
      [Ref Proc: 0,3 ms]
      [Ref Enq: 0,0 ms]
      [Redirty Cards: 0,2 ms]
      [Humongous Register: 0,0 ms]
      [Humongous Reclaim: 0,0 ms]
      [Free CSet: 0,0 ms]
   [Eden: 60,0M(60,0M)->0,0B(35,0M) Survivors: 2048,0K->8192,0K Heap: 222,0M(256,0M)->169,5M(256,0M)]
 [Times: user=0,05 sys=0,00, real=0,02 secs] 
2019-07-21T08:20:56.073-0300: 39991,526: [GC pause (G1 Evacuation Pause) (young) (initial-mark), 0,0164408 secs]
   [Parallel Time: 15,2 ms, GC Workers: 4]
      [GC Worker Start (ms): Min: 39991526,1, Avg: 39991527,1, Max: 39991527,5, Diff: 1,4]
      [Ext Root Scanning (ms): Min: 0,1, Avg: 3,0, Max: 4,7, Diff: 4,6, Sum: 12,0]
      [Update RS (ms): Min: 0,0, Avg: 1,8, Max: 6,2, Diff: 6,2, Sum: 7,1]
         [Processed Buffers: Min: 0, Avg: 12,2, Max: 23, Diff: 23, Sum: 49]
      [Scan RS (ms): Min: 0,0, Avg: 0,0, Max: 0,0, Diff: 0,0, Sum: 0,1]
      [Code Root Scanning (ms): Min: 0,0, Avg: 0,0, Max: 0,0, Diff: 0,0, Sum: 0,1]
      [Object Copy (ms): Min: 7,4, Avg: 9,2, Max: 9,9, Diff: 2,5, Sum: 37,0]
      [Termination (ms): Min: 0,0, Avg: 0,0, Max: 0,0, Diff: 0,0, Sum: 0,1]
         [Termination Attempts: Min: 1, Avg: 4,5, Max: 8, Diff: 7, Sum: 18]
      [GC Worker Other (ms): Min: 0,0, Avg: 0,0, Max: 0,0, Diff: 0,0, Sum: 0,1]
      [GC Worker Total (ms): Min: 13,7, Avg: 14,1, Max: 15,1, Diff: 1,4, Sum: 56,4]
      [GC Worker End (ms): Min: 39991541,2, Avg: 39991541,2, Max: 39991541,2, Diff: 0,0]
   [Code Root Fixup: 0,0 ms]
   [Code Root Purge: 0,0 ms]
   [Clear CT: 0,3 ms]
   [Other: 0,9 ms]
      [Choose CSet: 0,0 ms]
      [Ref Proc: 0,3 ms]
      [Ref Enq: 0,0 ms]
      [Redirty Cards: 0,4 ms]
      [Humongous Register: 0,0 ms]
      [Humongous Reclaim: 0,0 ms]
      [Free CSet: 0,0 ms]
   [Eden: 35,0M(35,0M)->0,0B(49,0M) Survivors: 8192,0K->6144,0K Heap: 204,5M(256,0M)->173,4M(256,0M)]
 [Times: user=0,05 sys=0,00, real=0,02 secs] 
2019-07-21T08:20:56.089-0300: 39991,543: [GC concurrent-root-region-scan-start]
2019-07-21T08:20:56.096-0300: 39991,549: [GC concurrent-root-region-scan-end, 0,0066014 secs]
2019-07-21T08:20:56.096-0300: 39991,549: [GC concurrent-mark-start]
2019-07-21T08:20:56.110-0300: 39991,563: [GC concurrent-mark-end, 0,0136567 secs]
2019-07-21T08:20:56.110-0300: 39991,563: [GC remark 2019-07-21T08:20:56.110-0300: 39991,563: [Finalize Marking, 0,0002600 secs] 2019-07-21T08:20:56.110-0300: 39991,564: [GC ref-proc, 0,0001420 secs] 2019-07-21T08:20:56.110-0300: 39991,564: [Unloading, 0,0029334 secs], 0,0042298 secs]
 [Times: user=0,00 sys=0,00, real=0,00 secs] 
2019-07-21T08:20:56.115-0300: 39991,568: [GC cleanup 173M->169M(256M), 0,0012441 secs]
 [Times: user=0,00 sys=0,00, real=0,00 secs] 
2019-07-21T08:20:56.116-0300: 39991,569: [GC concurrent-cleanup-start]
2019-07-21T08:20:56.116-0300: 39991,570: [GC concurrent-cleanup-end, 0,0000196 secs]
2019-07-21T08:26:25.890-0300: 40321,344: [GC pause (G1 Evacuation Pause) (young), 0,0202010 secs]
   [Parallel Time: 18,8 ms, GC Workers: 4]
      [GC Worker Start (ms): Min: 40321343,9, Avg: 40321349,7, Max: 40321353,7, Diff: 9,8]
      [Ext Root Scanning (ms): Min: 0,0, Avg: 0,3, Max: 1,0, Diff: 0,9, Sum: 1,1]
      [Update RS (ms): Min: 0,0, Avg: 2,4, Max: 6,2, Diff: 6,2, Sum: 9,7]
         [Processed Buffers: Min: 0, Avg: 18,8, Max: 47, Diff: 47, Sum: 75]
      [Scan RS (ms): Min: 0,0, Avg: 0,1, Max: 0,1, Diff: 0,1, Sum: 0,2]
      [Code Root Scanning (ms): Min: 0,0, Avg: 0,0, Max: 0,0, Diff: 0,0, Sum: 0,1]
      [Object Copy (ms): Min: 8,8, Avg: 10,0, Max: 11,3, Diff: 2,5, Sum: 40,2]
      [Termination (ms): Min: 0,0, Avg: 0,1, Max: 0,1, Diff: 0,1, Sum: 0,2]
         [Termination Attempts: Min: 1, Avg: 1,8, Max: 3, Diff: 2, Sum: 7]
      [GC Worker Other (ms): Min: 0,0, Avg: 0,0, Max: 0,0, Diff: 0,0, Sum: 0,1]
      [GC Worker Total (ms): Min: 8,9, Avg: 12,9, Max: 18,7, Diff: 9,8, Sum: 51,6]
      [GC Worker End (ms): Min: 40321362,6, Avg: 40321362,6, Max: 40321362,6, Diff: 0,0]
   [Code Root Fixup: 0,0 ms]
   [Code Root Purge: 0,0 ms]
   [Clear CT: 0,3 ms]
   [Other: 1,0 ms]
      [Choose CSet: 0,0 ms]
      [Ref Proc: 0,3 ms]
      [Ref Enq: 0,0 ms]
      [Redirty Cards: 0,5 ms]
      [Humongous Register: 0,0 ms]
      [Humongous Reclaim: 0,0 ms]
      [Free CSet: 0,0 ms]
   [Eden: 49,0M(49,0M)->0,0B(5120,0K) Survivors: 6144,0K->7168,0K Heap: 218,4M(256,0M)->175,5M(256,0M)]
 [Times: user=0,08 sys=0,00, real=0,02 secs] 
2019-07-21T08:26:58.314-0300: 40353,767: [GC pause (G1 Evacuation Pause) (mixed), 0,0127902 secs]
   [Parallel Time: 11,7 ms, GC Workers: 4]
      [GC Worker Start (ms): Min: 40353767,5, Avg: 40353771,1, Max: 40353773,7, Diff: 6,2]
      [Ext Root Scanning (ms): Min: 0,0, Avg: 0,3, Max: 1,0, Diff: 1,0, Sum: 1,1]
      [Update RS (ms): Min: 0,0, Avg: 2,0, Max: 4,6, Diff: 4,6, Sum: 8,0]
         [Processed Buffers: Min: 0, Avg: 15,2, Max: 40, Diff: 40, Sum: 61]
      [Scan RS (ms): Min: 0,0, Avg: 0,1, Max: 0,2, Diff: 0,2, Sum: 0,3]
      [Code Root Scanning (ms): Min: 0,0, Avg: 0,0, Max: 0,0, Diff: 0,0, Sum: 0,0]
      [Object Copy (ms): Min: 5,3, Avg: 5,6, Max: 5,8, Diff: 0,5, Sum: 22,3]
      [Termination (ms): Min: 0,0, Avg: 0,1, Max: 0,1, Diff: 0,1, Sum: 0,2]
         [Termination Attempts: Min: 1, Avg: 1,2, Max: 2, Diff: 1, Sum: 5]
      [GC Worker Other (ms): Min: 0,0, Avg: 0,0, Max: 0,0, Diff: 0,0, Sum: 0,1]
      [GC Worker Total (ms): Min: 5,4, Avg: 8,0, Max: 11,7, Diff: 6,2, Sum: 32,1]
      [GC Worker End (ms): Min: 40353779,1, Avg: 40353779,2, Max: 40353779,2, Diff: 0,0]
   [Code Root Fixup: 0,0 ms]
   [Code Root Purge: 0,0 ms]
   [Clear CT: 0,2 ms]
   [Other: 0,9 ms]
      [Choose CSet: 0,0 ms]
      [Ref Proc: 0,3 ms]
      [Ref Enq: 0,0 ms]
      [Redirty Cards: 0,3 ms]
      [Humongous Register: 0,0 ms]
      [Humongous Reclaim: 0,0 ms]
      [Free CSet: 0,0 ms]
   [Eden: 5120,0K(5120,0K)->0,0B(61,0M) Survivors: 7168,0K->2048,0K Heap: 180,5M(256,0M)->161,0M(256,0M)]
 [Times: user=0,04 sys=0,00, real=0,02 secs] 
2019-07-21T08:33:50.421-0300: 40765,874: [GC pause (G1 Evacuation Pause) (young), 0,0179385 secs]
   [Parallel Time: 17,9 ms, GC Workers: 4]
      [GC Worker Start (ms): Min: 40765874,2, Avg: 40765881,5, Max: 40765886,4, Diff: 12,2]
      [Ext Root Scanning (ms): Min: 0,0, Avg: 0,3, Max: 1,0, Diff: 1,0, Sum: 1,1]
      [Update RS (ms): Min: 0,0, Avg: 1,5, Max: 6,1, Diff: 6,1, Sum: 6,1]
         [Processed Buffers: Min: 0, Avg: 14,8, Max: 57, Diff: 57, Sum: 59]
      [Scan RS (ms): Min: 0,0, Avg: 0,3, Max: 0,5, Diff: 0,5, Sum: 1,1]
      [Code Root Scanning (ms): Min: 0,0, Avg: 0,0, Max: 0,0, Diff: 0,0, Sum: 0,1]
      [Object Copy (ms): Min: 5,6, Avg: 8,4, Max: 10,2, Diff: 4,6, Sum: 33,7]
      [Termination (ms): Min: 0,0, Avg: 0,0, Max: 0,0, Diff: 0,0, Sum: 0,0]
         [Termination Attempts: Min: 1, Avg: 2,0, Max: 4, Diff: 3, Sum: 8]
      [GC Worker Other (ms): Min: 0,0, Avg: 0,0, Max: 0,0, Diff: 0,0, Sum: 0,1]
      [GC Worker Total (ms): Min: 5,7, Avg: 10,5, Max: 17,8, Diff: 12,2, Sum: 42,2]
      [GC Worker End (ms): Min: 40765892,1, Avg: 40765892,1, Max: 40765892,1, Diff: 0,0]
   [Code Root Fixup: 0,0 ms]
   [Code Root Purge: 0,0 ms]
   [Clear CT: 0,0 ms]
   [Other: 0,1 ms]
      [Choose CSet: 0,0 ms]
      [Ref Proc: 0,0 ms]
      [Ref Enq: 0,0 ms]
      [Redirty Cards: 0,0 ms]
      [Humongous Register: 0,0 ms]
      [Humongous Reclaim: 0,0 ms]
      [Free CSet: 0,0 ms]
   [Eden: 61,0M(61,0M)->0,0B(52,0M) Survivors: 2048,0K->8192,0K Heap: 222,0M(256,0M)->169,0M(256,0M)]
 [Times: user=0,05 sys=0,00, real=0,02 secs] 
2019-07-21T08:39:41.813-0300: 41117,266: [GC pause (G1 Evacuation Pause) (young) (initial-mark), 0,0190162 secs]
   [Parallel Time: 17,6 ms, GC Workers: 4]
      [GC Worker Start (ms): Min: 41117266,1, Avg: 41117267,2, Max: 41117267,6, Diff: 1,5]
      [Ext Root Scanning (ms): Min: 0,1, Avg: 4,7, Max: 12,6, Diff: 12,5, Sum: 18,8]
      [Update RS (ms): Min: 0,0, Avg: 1,0, Max: 2,8, Diff: 2,8, Sum: 4,0]
         [Processed Buffers: Min: 0, Avg: 12,5, Max: 24, Diff: 24, Sum: 50]
      [Scan RS (ms): Min: 0,0, Avg: 0,0, Max: 0,1, Diff: 0,0, Sum: 0,1]
      [Code Root Scanning (ms): Min: 0,0, Avg: 0,0, Max: 0,0, Diff: 0,0, Sum: 0,1]
      [Object Copy (ms): Min: 2,8, Avg: 10,0, Max: 12,4, Diff: 9,6, Sum: 39,9]
      [Termination (ms): Min: 0,1, Avg: 0,1, Max: 0,2, Diff: 0,2, Sum: 0,6]
         [Termination Attempts: Min: 1, Avg: 2,0, Max: 3, Diff: 2, Sum: 8]
      [GC Worker Other (ms): Min: 0,1, Avg: 0,1, Max: 0,1, Diff: 0,0, Sum: 0,4]
      [GC Worker Total (ms): Min: 15,5, Avg: 16,0, Max: 17,1, Diff: 1,5, Sum: 63,8]
      [GC Worker End (ms): Min: 41117283,2, Avg: 41117283,2, Max: 41117283,2, Diff: 0,0]
   [Code Root Fixup: 0,0 ms]
   [Code Root Purge: 0,0 ms]
   [Clear CT: 0,4 ms]
   [Other: 1,0 ms]
      [Choose CSet: 0,0 ms]
      [Ref Proc: 0,4 ms]
      [Ref Enq: 0,0 ms]
      [Redirty Cards: 0,4 ms]
      [Humongous Register: 0,0 ms]
      [Humongous Reclaim: 0,0 ms]
      [Free CSet: 0,0 ms]
   [Eden: 52,0M(52,0M)->0,0B(46,0M) Survivors: 8192,0K->7168,0K Heap: 221,0M(256,0M)->175,7M(256,0M)]
 [Times: user=0,07 sys=0,00, real=0,02 secs] 
2019-07-21T08:39:41.832-0300: 41117,285: [GC concurrent-root-region-scan-start]
2019-07-21T08:39:41.839-0300: 41117,293: [GC concurrent-root-region-scan-end, 0,0073344 secs]
2019-07-21T08:39:41.839-0300: 41117,293: [GC concurrent-mark-start]
2019-07-21T08:39:41.852-0300: 41117,306: [GC concurrent-mark-end, 0,0129673 secs]
2019-07-21T08:39:41.853-0300: 41117,306: [GC remark 2019-07-21T08:39:41.853-0300: 41117,306: [Finalize Marking, 0,0002867 secs] 2019-07-21T08:39:41.853-0300: 41117,306: [GC ref-proc, 0,0001757 secs] 2019-07-21T08:39:41.853-0300: 41117,306: [Unloading, 0,0027814 secs], 0,0042473 secs]
 [Times: user=0,05 sys=0,00, real=0,01 secs] 
2019-07-21T08:39:41.857-0300: 41117,311: [GC cleanup 175M->172M(256M), 0,0011685 secs]
 [Times: user=0,00 sys=0,00, real=0,00 secs] 
2019-07-21T08:39:41.859-0300: 41117,312: [GC concurrent-cleanup-start]
2019-07-21T08:39:41.859-0300: 41117,312: [GC concurrent-cleanup-end, 0,0000176 secs]
2019-07-21T08:44:53.082-0300: 41428,535: [GC pause (G1 Evacuation Pause) (young), 0,0154944 secs]
   [Parallel Time: 14,3 ms, GC Workers: 4]
      [GC Worker Start (ms): Min: 41428534,9, Avg: 41428536,3, Max: 41428537,8, Diff: 2,9]
      [Ext Root Scanning (ms): Min: 0,0, Avg: 0,3, Max: 0,6, Diff: 0,6, Sum: 1,2]
      [Update RS (ms): Min: 1,1, Avg: 2,3, Max: 3,4, Diff: 2,3, Sum: 9,0]
         [Processed Buffers: Min: 12, Avg: 17,8, Max: 23, Diff: 11, Sum: 71]
      [Scan RS (ms): Min: 0,1, Avg: 0,1, Max: 0,1, Diff: 0,1, Sum: 0,5]
      [Code Root Scanning (ms): Min: 0,0, Avg: 0,0, Max: 0,0, Diff: 0,0, Sum: 0,1]
      [Object Copy (ms): Min: 10,0, Avg: 10,0, Max: 10,0, Diff: 0,0, Sum: 40,0]
      [Termination (ms): Min: 0,1, Avg: 0,1, Max: 0,1, Diff: 0,0, Sum: 0,4]
         [Termination Attempts: Min: 1, Avg: 1,0, Max: 1, Diff: 0, Sum: 4]
      [GC Worker Other (ms): Min: 0,0, Avg: 0,0, Max: 0,0, Diff: 0,0, Sum: 0,1]
      [GC Worker Total (ms): Min: 11,4, Avg: 12,8, Max: 14,2, Diff: 2,9, Sum: 51,3]
      [GC Worker End (ms): Min: 41428549,2, Avg: 41428549,2, Max: 41428549,2, Diff: 0,0]
   [Code Root Fixup: 0,0 ms]
   [Code Root Purge: 0,0 ms]
   [Clear CT: 0,3 ms]
   [Other: 0,9 ms]
      [Choose CSet: 0,0 ms]
      [Ref Proc: 0,3 ms]
      [Ref Enq: 0,0 ms]
      [Redirty Cards: 0,4 ms]
      [Humongous Register: 0,0 ms]
      [Humongous Reclaim: 0,0 ms]
      [Free CSet: 0,0 ms]
   [Eden: 46,0M(46,0M)->0,0B(5120,0K) Survivors: 7168,0K->7168,0K Heap: 218,7M(256,0M)->178,5M(256,0M)]
 [Times: user=0,07 sys=0,00, real=0,02 secs] 
2019-07-21T08:45:26.105-0300: 41461,558: [GC pause (G1 Evacuation Pause) (mixed), 0,0236441 secs]
   [Parallel Time: 10,0 ms, GC Workers: 4]
      [GC Worker Start (ms): Min: 41461558,1, Avg: 41461561,9, Max: 41461568,0, Diff: 9,9]
      [Ext Root Scanning (ms): Min: 0,0, Avg: 2,6, Max: 10,0, Diff: 9,9, Sum: 10,4]
      [Update RS (ms): Min: 0,0, Avg: 1,5, Max: 4,6, Diff: 4,6, Sum: 6,0]
         [Processed Buffers: Min: 0, Avg: 12,5, Max: 41, Diff: 41, Sum: 50]
      [Scan RS (ms): Min: 0,0, Avg: 0,3, Max: 0,7, Diff: 0,7, Sum: 1,3]
      [Code Root Scanning (ms): Min: 0,0, Avg: 0,0, Max: 0,1, Diff: 0,1, Sum: 0,2]
      [Object Copy (ms): Min: 0,0, Avg: 1,3, Max: 2,9, Diff: 2,9, Sum: 5,1]
      [Termination (ms): Min: 0,0, Avg: 0,4, Max: 1,1, Diff: 1,1, Sum: 1,5]
         [Termination Attempts: Min: 1, Avg: 1,2, Max: 2, Diff: 1, Sum: 5]
      [GC Worker Other (ms): Min: 0,0, Avg: 0,0, Max: 0,0, Diff: 0,0, Sum: 0,1]
      [GC Worker Total (ms): Min: 0,1, Avg: 6,2, Max: 10,0, Diff: 9,9, Sum: 24,6]
      [GC Worker End (ms): Min: 41461568,1, Avg: 41461568,1, Max: 41461568,1, Diff: 0,0]
   [Code Root Fixup: 0,0 ms]
   [Code Root Purge: 0,0 ms]
   [Clear CT: 0,3 ms]
   [Other: 13,4 ms]
      [Choose CSet: 0,0 ms]
      [Ref Proc: 12,9 ms]
      [Ref Enq: 0,0 ms]
      [Redirty Cards: 0,3 ms]
      [Humongous Register: 0,0 ms]
      [Humongous Reclaim: 0,0 ms]
      [Free CSet: 0,0 ms]
   [Eden: 5120,0K(5120,0K)->0,0B(40,0M) Survivors: 7168,0K->2048,0K Heap: 183,5M(256,0M)->161,0M(256,0M)]
 [Times: user=0,03 sys=0,00, real=0,02 secs] 
2019-07-21T08:49:56.073-0300: 41731,526: [GC pause (G1 Evacuation Pause) (young), 0,0122874 secs]
   [Parallel Time: 11,2 ms, GC Workers: 4]
      [GC Worker Start (ms): Min: 41731525,9, Avg: 41731529,0, Max: 41731534,6, Diff: 8,7]
      [Ext Root Scanning (ms): Min: 0,0, Avg: 0,3, Max: 0,6, Diff: 0,5, Sum: 1,2]
      [Update RS (ms): Min: 0,0, Avg: 2,1, Max: 4,0, Diff: 4,0, Sum: 8,2]
         [Processed Buffers: Min: 0, Avg: 15,2, Max: 39, Diff: 39, Sum: 61]
      [Scan RS (ms): Min: 0,0, Avg: 0,2, Max: 0,4, Diff: 0,4, Sum: 0,8]
      [Code Root Scanning (ms): Min: 0,0, Avg: 0,0, Max: 0,0, Diff: 0,0, Sum: 0,0]
      [Object Copy (ms): Min: 2,0, Avg: 5,3, Max: 6,4, Diff: 4,3, Sum: 21,1]
      [Termination (ms): Min: 0,0, Avg: 0,1, Max: 0,1, Diff: 0,1, Sum: 0,2]
         [Termination Attempts: Min: 1, Avg: 1,8, Max: 2, Diff: 1, Sum: 7]
      [GC Worker Other (ms): Min: 0,0, Avg: 0,0, Max: 0,1, Diff: 0,1, Sum: 0,2]
      [GC Worker Total (ms): Min: 2,4, Avg: 7,9, Max: 11,1, Diff: 8,7, Sum: 31,8]
      [GC Worker End (ms): Min: 41731537,0, Avg: 41731537,0, Max: 41731537,0, Diff: 0,0]
   [Code Root Fixup: 0,0 ms]
   [Code Root Purge: 0,0 ms]
   [Clear CT: 0,2 ms]
   [Other: 0,9 ms]
      [Choose CSet: 0,0 ms]
      [Ref Proc: 0,4 ms]
      [Ref Enq: 0,0 ms]
      [Redirty Cards: 0,3 ms]
      [Humongous Register: 0,0 ms]
      [Humongous Reclaim: 0,0 ms]
      [Free CSet: 0,0 ms]
   [Eden: 40,0M(40,0M)->0,0B(46,0M) Survivors: 2048,0K->6144,0K Heap: 201,0M(256,0M)->167,5M(256,0M)]
 [Times: user=0,03 sys=0,00, real=0,02 secs] 
2019-07-21T08:55:04.962-0300: 42040,416: [GC pause (G1 Evacuation Pause) (young) (initial-mark), 0,0219730 secs]
   [Parallel Time: 20,5 ms, GC Workers: 4]
      [GC Worker Start (ms): Min: 42040415,8, Avg: 42040416,9, Max: 42040417,3, Diff: 1,5]
      [Ext Root Scanning (ms): Min: 0,0, Avg: 6,7, Max: 12,4, Diff: 12,4, Sum: 26,9]
      [Update RS (ms): Min: 0,0, Avg: 0,9, Max: 3,8, Diff: 3,8, Sum: 3,8]
         [Processed Buffers: Min: 0, Avg: 12,8, Max: 51, Diff: 51, Sum: 51]
      [Scan RS (ms): Min: 0,0, Avg: 0,0, Max: 0,1, Diff: 0,1, Sum: 0,1]
      [Code Root Scanning (ms): Min: 0,0, Avg: 0,0, Max: 0,1, Diff: 0,1, Sum: 0,1]
      [Object Copy (ms): Min: 5,3, Avg: 10,7, Max: 14,2, Diff: 8,9, Sum: 42,9]
      [Termination (ms): Min: 0,5, Avg: 0,7, Max: 1,1, Diff: 0,7, Sum: 3,0]
         [Termination Attempts: Min: 1, Avg: 7,0, Max: 12, Diff: 11, Sum: 28]
      [GC Worker Other (ms): Min: 0,0, Avg: 0,1, Max: 0,1, Diff: 0,0, Sum: 0,2]
      [GC Worker Total (ms): Min: 18,9, Avg: 19,2, Max: 20,2, Diff: 1,3, Sum: 76,9]
      [GC Worker End (ms): Min: 42040436,0, Avg: 42040436,1, Max: 42040436,1, Diff: 0,2]
   [Code Root Fixup: 0,0 ms]
   [Code Root Purge: 0,0 ms]
   [Clear CT: 0,4 ms]
   [Other: 1,1 ms]
      [Choose CSet: 0,0 ms]
      [Ref Proc: 0,4 ms]
      [Ref Enq: 0,0 ms]
      [Redirty Cards: 0,5 ms]
      [Humongous Register: 0,0 ms]
      [Humongous Reclaim: 0,0 ms]
      [Free CSet: 0,0 ms]
   [Eden: 46,0M(46,0M)->0,0B(32,0M) Survivors: 6144,0K->7168,0K Heap: 213,5M(256,0M)->172,4M(256,0M)]
 [Times: user=0,07 sys=0,00, real=0,03 secs] 
2019-07-21T08:55:04.985-0300: 42040,438: [GC concurrent-root-region-scan-start]
2019-07-21T08:55:04.994-0300: 42040,448: [GC concurrent-root-region-scan-end, 0,0096678 secs]
2019-07-21T08:55:04.994-0300: 42040,448: [GC concurrent-mark-start]
2019-07-21T08:55:05.011-0300: 42040,464: [GC concurrent-mark-end, 0,0168319 secs]
2019-07-21T08:55:05.011-0300: 42040,465: [GC remark 2019-07-21T08:55:05.011-0300: 42040,465: [Finalize Marking, 0,0004912 secs] 2019-07-21T08:55:05.012-0300: 42040,465: [GC ref-proc, 0,0001422 secs] 2019-07-21T08:55:05.012-0300: 42040,465: [Unloading, 0,0029944 secs], 0,0045949 secs]
 [Times: user=0,00 sys=0,00, real=0,00 secs] 
2019-07-21T08:55:05.016-0300: 42040,470: [GC cleanup 172M->172M(256M), 0,0012988 secs]
 [Times: user=0,00 sys=0,00, real=0,01 secs] 
2019-07-21T08:58:44.186-0300: 42259,639: [GC pause (G1 Evacuation Pause) (young), 0,0189291 secs]
   [Parallel Time: 17,5 ms, GC Workers: 4]
      [GC Worker Start (ms): Min: 42259639,6, Avg: 42259643,6, Max: 42259647,3, Diff: 7,8]
      [Ext Root Scanning (ms): Min: 0,0, Avg: 0,3, Max: 1,1, Diff: 1,1, Sum: 1,2]
      [Update RS (ms): Min: 0,0, Avg: 1,4, Max: 3,3, Diff: 3,3, Sum: 5,7]
         [Processed Buffers: Min: 0, Avg: 13,8, Max: 28, Diff: 28, Sum: 55]
      [Scan RS (ms): Min: 0,0, Avg: 0,0, Max: 0,0, Diff: 0,0, Sum: 0,1]
      [Code Root Scanning (ms): Min: 0,0, Avg: 0,0, Max: 0,0, Diff: 0,0, Sum: 0,0]
      [Object Copy (ms): Min: 9,2, Avg: 11,3, Max: 12,6, Diff: 3,4, Sum: 45,3]
      [Termination (ms): Min: 0,0, Avg: 0,0, Max: 0,0, Diff: 0,0, Sum: 0,1]
         [Termination Attempts: Min: 1, Avg: 1,5, Max: 2, Diff: 1, Sum: 6]
      [GC Worker Other (ms): Min: 0,0, Avg: 0,0, Max: 0,0, Diff: 0,0, Sum: 0,1]
      [GC Worker Total (ms): Min: 9,3, Avg: 13,1, Max: 17,1, Diff: 7,8, Sum: 52,4]
      [GC Worker End (ms): Min: 42259656,7, Avg: 42259656,7, Max: 42259656,7, Diff: 0,0]
   [Code Root Fixup: 0,0 ms]
   [Code Root Purge: 0,0 ms]
   [Clear CT: 0,4 ms]
   [Other: 1,1 ms]
      [Choose CSet: 0,0 ms]
      [Ref Proc: 0,5 ms]
      [Ref Enq: 0,0 ms]
      [Redirty Cards: 0,3 ms]
      [Humongous Register: 0,0 ms]
      [Humongous Reclaim: 0,0 ms]
      [Free CSet: 0,0 ms]
   [Eden: 32,0M(32,0M)->0,0B(7168,0K) Survivors: 7168,0K->5120,0K Heap: 204,4M(256,0M)->178,2M(256,0M)]
 [Times: user=0,06 sys=0,00, real=0,02 secs] 
2019-07-21T08:59:30.105-0300: 42305,558: [GC pause (G1 Evacuation Pause) (mixed), 0,0206781 secs]
   [Parallel Time: 19,4 ms, GC Workers: 4]
      [GC Worker Start (ms): Min: 42305558,4, Avg: 42305562,5, Max: 42305570,6, Diff: 12,2]
      [Ext Root Scanning (ms): Min: 0,0, Avg: 3,9, Max: 15,4, Diff: 15,3, Sum: 15,8]
      [Update RS (ms): Min: 0,0, Avg: 2,9, Max: 6,9, Diff: 6,9, Sum: 11,6]
         [Processed Buffers: Min: 0, Avg: 16,5, Max: 37, Diff: 37, Sum: 66]
      [Scan RS (ms): Min: 0,0, Avg: 0,2, Max: 0,4, Diff: 0,3, Sum: 0,6]
      [Code Root Scanning (ms): Min: 0,0, Avg: 0,0, Max: 0,0, Diff: 0,0, Sum: 0,0]
      [Object Copy (ms): Min: 0,0, Avg: 5,2, Max: 10,9, Diff: 10,9, Sum: 20,8]
      [Termination (ms): Min: 0,0, Avg: 3,0, Max: 4,0, Diff: 4,0, Sum: 11,9]
         [Termination Attempts: Min: 1, Avg: 1,5, Max: 2, Diff: 1, Sum: 6]
      [GC Worker Other (ms): Min: 0,0, Avg: 0,0, Max: 0,1, Diff: 0,0, Sum: 0,1]
      [GC Worker Total (ms): Min: 7,1, Avg: 15,2, Max: 19,3, Diff: 12,2, Sum: 60,9]
      [GC Worker End (ms): Min: 42305577,7, Avg: 42305577,7, Max: 42305577,7, Diff: 0,0]
   [Code Root Fixup: 0,0 ms]
   [Code Root Purge: 0,0 ms]
   [Clear CT: 0,3 ms]
   [Other: 0,9 ms]
      [Choose CSet: 0,0 ms]
      [Ref Proc: 0,4 ms]
      [Ref Enq: 0,0 ms]
      [Redirty Cards: 0,3 ms]
      [Humongous Register: 0,0 ms]
      [Humongous Reclaim: 0,0 ms]
      [Free CSet: 0,0 ms]
   [Eden: 7168,0K(7168,0K)->0,0B(58,0M) Survivors: 5120,0K->2048,0K Heap: 185,2M(256,0M)->163,5M(256,0M)]
 [Times: user=0,04 sys=0,00, real=0,02 secs] 
2019-07-21T09:05:59.238-0300: 42694,691: [GC pause (G1 Evacuation Pause) (young), 0,0123285 secs]
   [Parallel Time: 11,1 ms, GC Workers: 4]
      [GC Worker Start (ms): Min: 42694691,4, Avg: 42694692,0, Max: 42694693,7, Diff: 2,3]
      [Ext Root Scanning (ms): Min: 0,0, Avg: 0,3, Max: 0,5, Diff: 0,5, Sum: 1,2]
      [Update RS (ms): Min: 1,3, Avg: 2,7, Max: 3,3, Diff: 2,0, Sum: 10,9]
         [Processed Buffers: Min: 11, Avg: 17,2, Max: 25, Diff: 14, Sum: 69]
      [Scan RS (ms): Min: 0,0, Avg: 0,0, Max: 0,1, Diff: 0,0, Sum: 0,1]
      [Code Root Scanning (ms): Min: 0,0, Avg: 0,0, Max: 0,0, Diff: 0,0, Sum: 0,1]
      [Object Copy (ms): Min: 7,2, Avg: 7,2, Max: 7,3, Diff: 0,0, Sum: 29,0]
      [Termination (ms): Min: 0,0, Avg: 0,0, Max: 0,0, Diff: 0,0, Sum: 0,0]
         [Termination Attempts: Min: 1, Avg: 1,2, Max: 2, Diff: 1, Sum: 5]
      [GC Worker Other (ms): Min: 0,0, Avg: 0,0, Max: 0,0, Diff: 0,0, Sum: 0,1]
      [GC Worker Total (ms): Min: 8,7, Avg: 10,3, Max: 11,0, Diff: 2,3, Sum: 41,4]
      [GC Worker End (ms): Min: 42694702,4, Avg: 42694702,4, Max: 42694702,4, Diff: 0,0]
   [Code Root Fixup: 0,0 ms]
   [Code Root Purge: 0,0 ms]
   [Clear CT: 0,3 ms]
   [Other: 0,9 ms]
      [Choose CSet: 0,0 ms]
      [Ref Proc: 0,3 ms]
      [Ref Enq: 0,0 ms]
      [Redirty Cards: 0,4 ms]
      [Humongous Register: 0,0 ms]
      [Humongous Reclaim: 0,0 ms]
      [Free CSet: 0,0 ms]
   [Eden: 58,0M(58,0M)->0,0B(50,0M) Survivors: 2048,0K->8192,0K Heap: 221,5M(256,0M)->171,0M(256,0M)]
 [Times: user=0,07 sys=0,00, real=0,01 secs] 
2019-07-21T09:11:38.827-0300: 43034,281: [GC pause (G1 Evacuation Pause) (young) (initial-mark), 0,0253159 secs]
   [Parallel Time: 24,2 ms, GC Workers: 4]
      [GC Worker Start (ms): Min: 43034280,9, Avg: 43034281,5, Max: 43034281,9, Diff: 1,1]
      [Ext Root Scanning (ms): Min: 1,2, Avg: 7,0, Max: 15,7, Diff: 14,5, Sum: 28,2]
      [Update RS (ms): Min: 0,0, Avg: 4,1, Max: 15,7, Diff: 15,7, Sum: 16,3]
         [Processed Buffers: Min: 0, Avg: 11,8, Max: 36, Diff: 36, Sum: 47]
      [Scan RS (ms): Min: 0,0, Avg: 0,0, Max: 0,1, Diff: 0,1, Sum: 0,1]
      [Code Root Scanning (ms): Min: 0,0, Avg: 0,0, Max: 0,1, Diff: 0,1, Sum: 0,1]
      [Object Copy (ms): Min: 7,2, Avg: 12,3, Max: 19,3, Diff: 12,2, Sum: 49,1]
      [Termination (ms): Min: 0,0, Avg: 0,0, Max: 0,0, Diff: 0,0, Sum: 0,0]
         [Termination Attempts: Min: 1, Avg: 1,5, Max: 2, Diff: 1, Sum: 6]
      [GC Worker Other (ms): Min: 0,0, Avg: 0,0, Max: 0,1, Diff: 0,0, Sum: 0,1]
      [GC Worker Total (ms): Min: 23,0, Avg: 23,5, Max: 24,1, Diff: 1,1, Sum: 93,9]
      [GC Worker End (ms): Min: 43034305,0, Avg: 43034305,0, Max: 43034305,0, Diff: 0,0]
   [Code Root Fixup: 0,0 ms]
   [Code Root Purge: 0,0 ms]
   [Clear CT: 0,3 ms]
   [Other: 0,8 ms]
      [Choose CSet: 0,0 ms]
      [Ref Proc: 0,3 ms]
      [Ref Enq: 0,0 ms]
      [Redirty Cards: 0,3 ms]
      [Humongous Register: 0,0 ms]
      [Humongous Reclaim: 0,0 ms]
      [Free CSet: 0,0 ms]
   [Eden: 50,0M(50,0M)->0,0B(11,0M) Survivors: 8192,0K->7168,0K Heap: 221,0M(256,0M)->176,0M(256,0M)]
 [Times: user=0,05 sys=0,00, real=0,02 secs] 
2019-07-21T09:11:38.853-0300: 43034,306: [GC concurrent-root-region-scan-start]
2019-07-21T09:11:38.860-0300: 43034,313: [GC concurrent-root-region-scan-end, 0,0070894 secs]
2019-07-21T09:11:38.860-0300: 43034,313: [GC concurrent-mark-start]
2019-07-21T09:11:38.874-0300: 43034,327: [GC concurrent-mark-end, 0,0138942 secs]
2019-07-21T09:11:38.874-0300: 43034,328: [GC remark 2019-07-21T09:11:38.874-0300: 43034,328: [Finalize Marking, 0,0002734 secs] 2019-07-21T09:11:38.875-0300: 43034,328: [GC ref-proc, 0,0001253 secs] 2019-07-21T09:11:38.875-0300: 43034,328: [Unloading, 0,0033288 secs], 0,0047035 secs]
 [Times: user=0,03 sys=0,00, real=0,01 secs] 
2019-07-21T09:11:38.880-0300: 43034,333: [GC cleanup 175M->173M(256M), 0,0012571 secs]
 [Times: user=0,00 sys=0,00, real=0,00 secs] 
2019-07-21T09:11:38.881-0300: 43034,334: [GC concurrent-cleanup-start]
2019-07-21T09:11:38.881-0300: 43034,334: [GC concurrent-cleanup-end, 0,0000189 secs]
2019-07-21T09:12:25.597-0300: 43081,051: [GC pause (G1 Evacuation Pause) (young), 0,0064632 secs]
   [Parallel Time: 5,1 ms, GC Workers: 4]
      [GC Worker Start (ms): Min: 43081050,8, Avg: 43081050,9, Max: 43081051,0, Diff: 0,2]
      [Ext Root Scanning (ms): Min: 0,2, Avg: 0,3, Max: 0,5, Diff: 0,4, Sum: 1,2]
      [Update RS (ms): Min: 1,1, Avg: 1,2, Max: 1,3, Diff: 0,2, Sum: 4,8]
         [Processed Buffers: Min: 8, Avg: 14,2, Max: 28, Diff: 20, Sum: 57]
      [Scan RS (ms): Min: 0,2, Avg: 0,2, Max: 0,2, Diff: 0,0, Sum: 0,8]
      [Code Root Scanning (ms): Min: 0,0, Avg: 0,0, Max: 0,0, Diff: 0,0, Sum: 0,0]
      [Object Copy (ms): Min: 3,1, Avg: 3,1, Max: 3,2, Diff: 0,0, Sum: 12,6]
      [Termination (ms): Min: 0,0, Avg: 0,0, Max: 0,0, Diff: 0,0, Sum: 0,0]
         [Termination Attempts: Min: 1, Avg: 1,0, Max: 1, Diff: 0, Sum: 4]
      [GC Worker Other (ms): Min: 0,0, Avg: 0,0, Max: 0,0, Diff: 0,0, Sum: 0,1]
      [GC Worker Total (ms): Min: 4,8, Avg: 4,9, Max: 5,0, Diff: 0,2, Sum: 19,5]
      [GC Worker End (ms): Min: 43081055,8, Avg: 43081055,8, Max: 43081055,8, Diff: 0,0]
   [Code Root Fixup: 0,0 ms]
   [Code Root Purge: 0,0 ms]
   [Clear CT: 0,4 ms]
   [Other: 1,0 ms]
      [Choose CSet: 0,0 ms]
      [Ref Proc: 0,3 ms]
      [Ref Enq: 0,0 ms]
      [Redirty Cards: 0,4 ms]
      [Humongous Register: 0,0 ms]
      [Humongous Reclaim: 0,0 ms]
      [Free CSet: 0,0 ms]
   [Eden: 7168,0K(7168,0K)->0,0B(10,0M) Survivors: 7168,0K->2048,0K Heap: 181,0M(256,0M)->175,5M(256,0M)]
 [Times: user=0,02 sys=0,00, real=0,00 secs] 
2019-07-21T09:13:32.370-0300: 43147,823: [GC pause (G1 Evacuation Pause) (mixed), 0,0069452 secs]
   [Parallel Time: 5,4 ms, GC Workers: 4]
      [GC Worker Start (ms): Min: 43147823,3, Avg: 43147823,4, Max: 43147823,4, Diff: 0,2]
      [Ext Root Scanning (ms): Min: 0,2, Avg: 0,3, Max: 0,6, Diff: 0,4, Sum: 1,4]
      [Update RS (ms): Min: 1,9, Avg: 1,9, Max: 2,0, Diff: 0,1, Sum: 7,7]
         [Processed Buffers: Min: 5, Avg: 13,2, Max: 28, Diff: 23, Sum: 53]
      [Scan RS (ms): Min: 0,2, Avg: 0,3, Max: 0,4, Diff: 0,2, Sum: 1,2]
      [Code Root Scanning (ms): Min: 0,0, Avg: 0,0, Max: 0,0, Diff: 0,0, Sum: 0,0]
      [Object Copy (ms): Min: 2,6, Avg: 2,6, Max: 2,6, Diff: 0,1, Sum: 10,4]
      [Termination (ms): Min: 0,0, Avg: 0,0, Max: 0,0, Diff: 0,0, Sum: 0,0]
         [Termination Attempts: Min: 1, Avg: 1,5, Max: 3, Diff: 2, Sum: 6]
      [GC Worker Other (ms): Min: 0,0, Avg: 0,0, Max: 0,0, Diff: 0,0, Sum: 0,1]
      [GC Worker Total (ms): Min: 5,1, Avg: 5,2, Max: 5,3, Diff: 0,2, Sum: 20,9]
      [GC Worker End (ms): Min: 43147828,6, Avg: 43147828,6, Max: 43147828,6, Diff: 0,0]
   [Code Root Fixup: 0,0 ms]
   [Code Root Purge: 0,0 ms]
   [Clear CT: 0,4 ms]
   [Other: 1,1 ms]
      [Choose CSet: 0,0 ms]
      [Ref Proc: 0,4 ms]
      [Ref Enq: 0,0 ms]
      [Redirty Cards: 0,5 ms]
      [Humongous Register: 0,0 ms]
      [Humongous Reclaim: 0,0 ms]
      [Free CSet: 0,0 ms]
   [Eden: 10,0M(10,0M)->0,0B(62,0M) Survivors: 2048,0K->2048,0K Heap: 185,5M(256,0M)->159,5M(256,0M)]
 [Times: user=0,03 sys=0,00, real=0,01 secs] 
2019-07-21T09:20:10.289-0300: 43545,742: [GC pause (G1 Evacuation Pause) (young), 0,0083208 secs]
   [Parallel Time: 7,1 ms, GC Workers: 4]
      [GC Worker Start (ms): Min: 43545742,0, Avg: 43545742,1, Max: 43545742,2, Diff: 0,2]
      [Ext Root Scanning (ms): Min: 0,2, Avg: 0,3, Max: 0,6, Diff: 0,4, Sum: 1,3]
      [Update RS (ms): Min: 1,6, Avg: 1,8, Max: 1,8, Diff: 0,2, Sum: 7,1]
         [Processed Buffers: Min: 7, Avg: 14,2, Max: 34, Diff: 27, Sum: 57]
      [Scan RS (ms): Min: 0,0, Avg: 0,0, Max: 0,0, Diff: 0,0, Sum: 0,1]
      [Code Root Scanning (ms): Min: 0,0, Avg: 0,0, Max: 0,0, Diff: 0,0, Sum: 0,1]
      [Object Copy (ms): Min: 4,7, Avg: 4,7, Max: 4,7, Diff: 0,0, Sum: 18,8]
      [Termination (ms): Min: 0,0, Avg: 0,0, Max: 0,0, Diff: 0,0, Sum: 0,0]
         [Termination Attempts: Min: 1, Avg: 1,2, Max: 2, Diff: 1, Sum: 5]
      [GC Worker Other (ms): Min: 0,0, Avg: 0,0, Max: 0,0, Diff: 0,0, Sum: 0,1]
      [GC Worker Total (ms): Min: 6,8, Avg: 6,9, Max: 7,0, Diff: 0,2, Sum: 27,6]
      [GC Worker End (ms): Min: 43545749,0, Avg: 43545749,0, Max: 43545749,0, Diff: 0,0]
   [Code Root Fixup: 0,0 ms]
   [Code Root Purge: 0,0 ms]
   [Clear CT: 0,4 ms]
   [Other: 0,9 ms]
      [Choose CSet: 0,0 ms]
      [Ref Proc: 0,3 ms]
      [Ref Enq: 0,0 ms]
      [Redirty Cards: 0,3 ms]
      [Humongous Register: 0,0 ms]
      [Humongous Reclaim: 0,0 ms]
      [Free CSet: 0,0 ms]
   [Eden: 62,0M(62,0M)->0,0B(55,0M) Survivors: 2048,0K->8192,0K Heap: 221,5M(256,0M)->165,2M(256,0M)]
 [Times: user=0,02 sys=0,01, real=0,01 secs] 
2019-07-21T09:26:21.556-0300: 43917,009: [GC pause (G1 Evacuation Pause) (young) (initial-mark), 0,0260651 secs]
   [Parallel Time: 24,9 ms, GC Workers: 4]
      [GC Worker Start (ms): Min: 43917009,1, Avg: 43917010,2, Max: 43917010,7, Diff: 1,6]
      [Ext Root Scanning (ms): Min: 0,0, Avg: 9,0, Max: 14,7, Diff: 14,7, Sum: 36,0]
      [Update RS (ms): Min: 0,0, Avg: 0,8, Max: 3,1, Diff: 3,1, Sum: 3,1]
         [Processed Buffers: Min: 0, Avg: 12,2, Max: 49, Diff: 49, Sum: 49]
      [Scan RS (ms): Min: 0,0, Avg: 0,0, Max: 0,1, Diff: 0,1, Sum: 0,1]
      [Code Root Scanning (ms): Min: 0,0, Avg: 0,0, Max: 0,1, Diff: 0,1, Sum: 0,1]
      [Object Copy (ms): Min: 2,5, Avg: 9,1, Max: 19,9, Diff: 17,4, Sum: 36,4]
      [Termination (ms): Min: 0,0, Avg: 4,6, Max: 8,6, Diff: 8,6, Sum: 18,6]
         [Termination Attempts: Min: 1, Avg: 2,5, Max: 3, Diff: 2, Sum: 10]
      [GC Worker Other (ms): Min: 0,0, Avg: 0,1, Max: 0,2, Diff: 0,2, Sum: 0,4]
      [GC Worker Total (ms): Min: 23,2, Avg: 23,6, Max: 24,8, Diff: 1,6, Sum: 94,6]
      [GC Worker End (ms): Min: 43917033,9, Avg: 43917033,9, Max: 43917033,9, Diff: 0,0]
   [Code Root Fixup: 0,0 ms]
   [Code Root Purge: 0,0 ms]
   [Clear CT: 0,3 ms]
   [Other: 0,9 ms]
      [Choose CSet: 0,0 ms]
      [Ref Proc: 0,5 ms]
      [Ref Enq: 0,0 ms]
      [Redirty Cards: 0,2 ms]
      [Humongous Register: 0,0 ms]
      [Humongous Reclaim: 0,0 ms]
      [Free CSet: 0,0 ms]
   [Eden: 55,0M(55,0M)->0,0B(59,0M) Survivors: 8192,0K->5120,0K Heap: 220,2M(256,0M)->163,6M(256,0M)]
 [Times: user=0,03 sys=0,00, real=0,03 secs] 
2019-07-21T09:26:21.582-0300: 43917,035: [GC concurrent-root-region-scan-start]
2019-07-21T09:26:21.587-0300: 43917,040: [GC concurrent-root-region-scan-end, 0,0049455 secs]
2019-07-21T09:26:21.587-0300: 43917,040: [GC concurrent-mark-start]
2019-07-21T09:26:21.603-0300: 43917,056: [GC concurrent-mark-end, 0,0158966 secs]
2019-07-21T09:26:21.603-0300: 43917,057: [GC remark 2019-07-21T09:26:21.603-0300: 43917,057: [Finalize Marking, 0,0003928 secs] 2019-07-21T09:26:21.604-0300: 43917,057: [GC ref-proc, 0,0001307 secs] 2019-07-21T09:26:21.604-0300: 43917,057: [Unloading, 0,0047424 secs], 0,0062116 secs]
 [Times: user=0,00 sys=0,00, real=0,01 secs] 
2019-07-21T09:26:21.610-0300: 43917,063: [GC cleanup 164M->163M(256M), 0,0009384 secs]
 [Times: user=0,03 sys=0,00, real=0,00 secs] 
2019-07-21T09:26:21.611-0300: 43917,064: [GC concurrent-cleanup-start]
2019-07-21T09:26:21.611-0300: 43917,064: [GC concurrent-cleanup-end, 0,0000199 secs]
2019-07-21T09:32:58.861-0300: 44314,315: [GC pause (G1 Evacuation Pause) (young), 0,0151341 secs]
   [Parallel Time: 14,0 ms, GC Workers: 4]
      [GC Worker Start (ms): Min: 44314314,7, Avg: 44314320,3, Max: 44314326,1, Diff: 11,4]
      [Ext Root Scanning (ms): Min: 0,0, Avg: 0,3, Max: 1,1, Diff: 1,0, Sum: 1,3]
      [Update RS (ms): Min: 0,0, Avg: 1,0, Max: 4,1, Diff: 4,1, Sum: 4,1]
         [Processed Buffers: Min: 0, Avg: 12,8, Max: 51, Diff: 51, Sum: 51]
      [Scan RS (ms): Min: 0,0, Avg: 0,1, Max: 0,2, Diff: 0,2, Sum: 0,3]
      [Code Root Scanning (ms): Min: 0,0, Avg: 0,0, Max: 0,1, Diff: 0,1, Sum: 0,1]
      [Object Copy (ms): Min: 2,4, Avg: 3,9, Max: 5,4, Diff: 3,0, Sum: 15,8]
      [Termination (ms): Min: 0,0, Avg: 1,3, Max: 2,7, Diff: 2,7, Sum: 5,3]
         [Termination Attempts: Min: 1, Avg: 2,5, Max: 3, Diff: 2, Sum: 10]
      [GC Worker Other (ms): Min: 0,0, Avg: 1,6, Max: 6,2, Diff: 6,2, Sum: 6,3]
      [GC Worker Total (ms): Min: 2,5, Avg: 8,3, Max: 13,9, Diff: 11,4, Sum: 33,1]
      [GC Worker End (ms): Min: 44314328,6, Avg: 44314328,6, Max: 44314328,6, Diff: 0,0]
   [Code Root Fixup: 0,0 ms]
   [Code Root Purge: 0,0 ms]
   [Clear CT: 0,3 ms]
   [Other: 0,8 ms]
      [Choose CSet: 0,0 ms]
      [Ref Proc: 0,3 ms]
      [Ref Enq: 0,0 ms]
      [Redirty Cards: 0,3 ms]
      [Humongous Register: 0,0 ms]
      [Humongous Reclaim: 0,0 ms]
      [Free CSet: 0,0 ms]
   [Eden: 59,0M(59,0M)->0,0B(7168,0K) Survivors: 5120,0K->5120,0K Heap: 221,6M(256,0M)->162,6M(256,0M)]
 [Times: user=0,03 sys=0,00, real=0,02 secs] 
2019-07-21T09:33:47.286-0300: 44362,739: [GC pause (G1 Evacuation Pause) (mixed), 0,0109641 secs]
   [Parallel Time: 9,3 ms, GC Workers: 4]
      [GC Worker Start (ms): Min: 44362739,2, Avg: 44362740,6, Max: 44362742,0, Diff: 2,8]
      [Ext Root Scanning (ms): Min: 0,0, Avg: 0,3, Max: 0,6, Diff: 0,6, Sum: 1,2]
      [Update RS (ms): Min: 0,0, Avg: 0,8, Max: 1,7, Diff: 1,7, Sum: 3,3]
         [Processed Buffers: Min: 0, Avg: 9,8, Max: 24, Diff: 24, Sum: 39]
      [Scan RS (ms): Min: 0,0, Avg: 0,1, Max: 0,3, Diff: 0,3, Sum: 0,6]
      [Code Root Scanning (ms): Min: 0,0, Avg: 0,0, Max: 0,1, Diff: 0,1, Sum: 0,2]
      [Object Copy (ms): Min: 5,0, Avg: 5,4, Max: 6,0, Diff: 0,9, Sum: 21,6]
      [Termination (ms): Min: 0,0, Avg: 0,7, Max: 1,3, Diff: 1,3, Sum: 2,7]
         [Termination Attempts: Min: 1, Avg: 1,2, Max: 2, Diff: 1, Sum: 5]
      [GC Worker Other (ms): Min: 0,0, Avg: 0,0, Max: 0,0, Diff: 0,0, Sum: 0,1]
      [GC Worker Total (ms): Min: 5,8, Avg: 7,4, Max: 9,1, Diff: 3,3, Sum: 29,7]
      [GC Worker End (ms): Min: 44362747,8, Avg: 44362748,0, Max: 44362748,4, Diff: 0,6]
   [Code Root Fixup: 0,0 ms]
   [Code Root Purge: 0,0 ms]
   [Clear CT: 0,5 ms]
   [Other: 1,1 ms]
      [Choose CSet: 0,0 ms]
      [Ref Proc: 0,5 ms]
      [Ref Enq: 0,0 ms]
      [Redirty Cards: 0,4 ms]
      [Humongous Register: 0,0 ms]
      [Humongous Reclaim: 0,0 ms]
      [Free CSet: 0,0 ms]
   [Eden: 7168,0K(7168,0K)->0,0B(71,0M) Survivors: 5120,0K->2048,0K Heap: 169,6M(256,0M)->152,3M(256,0M)]
 [Times: user=0,02 sys=0,01, real=0,01 secs] 
2019-07-21T09:41:47.570-0300: 44843,023: [GC pause (G1 Evacuation Pause) (young), 0,0179060 secs]
   [Parallel Time: 16,6 ms, GC Workers: 4]
      [GC Worker Start (ms): Min: 44843022,9, Avg: 44843028,1, Max: 44843031,2, Diff: 8,3]
      [Ext Root Scanning (ms): Min: 0,0, Avg: 0,3, Max: 1,0, Diff: 1,0, Sum: 1,1]
      [Update RS (ms): Min: 0,0, Avg: 2,1, Max: 5,7, Diff: 5,7, Sum: 8,3]
         [Processed Buffers: Min: 0, Avg: 16,0, Max: 40, Diff: 40, Sum: 64]
      [Scan RS (ms): Min: 0,0, Avg: 0,1, Max: 0,3, Diff: 0,3, Sum: 0,5]
      [Code Root Scanning (ms): Min: 0,0, Avg: 0,0, Max: 0,1, Diff: 0,1, Sum: 0,1]
      [Object Copy (ms): Min: 8,2, Avg: 8,9, Max: 9,6, Diff: 1,4, Sum: 35,6]
      [Termination (ms): Min: 0,0, Avg: 0,0, Max: 0,0, Diff: 0,0, Sum: 0,0]
         [Termination Attempts: Min: 1, Avg: 1,2, Max: 2, Diff: 1, Sum: 5]
      [GC Worker Other (ms): Min: 0,0, Avg: 0,0, Max: 0,1, Diff: 0,0, Sum: 0,1]
      [GC Worker Total (ms): Min: 8,3, Avg: 11,5, Max: 16,6, Diff: 8,3, Sum: 45,8]
      [GC Worker End (ms): Min: 44843039,5, Avg: 44843039,5, Max: 44843039,5, Diff: 0,0]
   [Code Root Fixup: 0,0 ms]
   [Code Root Purge: 0,0 ms]
   [Clear CT: 0,3 ms]
   [Other: 0,9 ms]
      [Choose CSet: 0,0 ms]
      [Ref Proc: 0,3 ms]
      [Ref Enq: 0,0 ms]
      [Redirty Cards: 0,4 ms]
      [Humongous Register: 0,0 ms]
      [Humongous Reclaim: 0,0 ms]
      [Free CSet: 0,0 ms]
   [Eden: 71,0M(71,0M)->0,0B(60,0M) Survivors: 2048,0K->9216,0K Heap: 223,3M(256,0M)->158,5M(256,0M)]
 [Times: user=0,04 sys=0,00, real=0,02 secs] 
2019-07-21T09:48:29.747-0300: 45245,200: [GC pause (G1 Evacuation Pause) (young) (initial-mark), 0,0149071 secs]
   [Parallel Time: 13,5 ms, GC Workers: 4]
      [GC Worker Start (ms): Min: 45245200,0, Avg: 45245200,1, Max: 45245200,2, Diff: 0,2]
      [Ext Root Scanning (ms): Min: 0,6, Avg: 0,7, Max: 0,8, Diff: 0,2, Sum: 2,8]
      [Update RS (ms): Min: 0,6, Avg: 0,7, Max: 0,7, Diff: 0,1, Sum: 2,6]
         [Processed Buffers: Min: 2, Avg: 10,8, Max: 20, Diff: 18, Sum: 43]
      [Scan RS (ms): Min: 0,0, Avg: 0,0, Max: 0,1, Diff: 0,1, Sum: 0,2]
      [Code Root Scanning (ms): Min: 0,0, Avg: 0,0, Max: 0,0, Diff: 0,0, Sum: 0,1]
      [Object Copy (ms): Min: 11,8, Avg: 11,8, Max: 11,8, Diff: 0,1, Sum: 47,2]
      [Termination (ms): Min: 0,0, Avg: 0,0, Max: 0,0, Diff: 0,0, Sum: 0,0]
         [Termination Attempts: Min: 1, Avg: 1,0, Max: 1, Diff: 0, Sum: 4]
      [GC Worker Other (ms): Min: 0,0, Avg: 0,1, Max: 0,1, Diff: 0,1, Sum: 0,2]
      [GC Worker Total (ms): Min: 13,2, Avg: 13,3, Max: 13,4, Diff: 0,2, Sum: 53,2]
      [GC Worker End (ms): Min: 45245213,4, Avg: 45245213,4, Max: 45245213,4, Diff: 0,0]
   [Code Root Fixup: 0,0 ms]
   [Code Root Purge: 0,0 ms]
   [Clear CT: 0,4 ms]
   [Other: 1,0 ms]
      [Choose CSet: 0,0 ms]
      [Ref Proc: 0,4 ms]
      [Ref Enq: 0,0 ms]
      [Redirty Cards: 0,4 ms]
      [Humongous Register: 0,0 ms]
      [Humongous Reclaim: 0,0 ms]
      [Free CSet: 0,0 ms]
   [Eden: 60,0M(60,0M)->0,0B(54,0M) Survivors: 9216,0K->8192,0K Heap: 218,5M(256,0M)->165,6M(256,0M)]
 [Times: user=0,06 sys=0,00, real=0,01 secs] 
2019-07-21T09:48:29.762-0300: 45245,215: [GC concurrent-root-region-scan-start]
2019-07-21T09:48:29.769-0300: 45245,223: [GC concurrent-root-region-scan-end, 0,0075079 secs]
2019-07-21T09:48:29.769-0300: 45245,223: [GC concurrent-mark-start]
2019-07-21T09:48:29.783-0300: 45245,236: [GC concurrent-mark-end, 0,0136639 secs]
2019-07-21T09:48:29.783-0300: 45245,237: [GC remark 2019-07-21T09:48:29.783-0300: 45245,237: [Finalize Marking, 0,0003243 secs] 2019-07-21T09:48:29.784-0300: 45245,237: [GC ref-proc, 0,0001236 secs] 2019-07-21T09:48:29.784-0300: 45245,237: [Unloading, 0,0030183 secs], 0,0044472 secs]
 [Times: user=0,00 sys=0,00, real=0,01 secs] 
2019-07-21T09:48:29.788-0300: 45245,242: [GC cleanup 166M->160M(256M), 0,0013296 secs]
 [Times: user=0,00 sys=0,00, real=0,00 secs] 
2019-07-21T09:48:29.790-0300: 45245,243: [GC concurrent-cleanup-start]
2019-07-21T09:48:29.790-0300: 45245,243: [GC concurrent-cleanup-end, 0,0000228 secs]
2019-07-21T09:54:31.784-0300: 45607,237: [GC pause (G1 Evacuation Pause) (young), 0,0164277 secs]
   [Parallel Time: 14,9 ms, GC Workers: 4]
      [GC Worker Start (ms): Min: 45607236,9, Avg: 45607239,1, Max: 45607242,3, Diff: 5,4]
      [Ext Root Scanning (ms): Min: 0,1, Avg: 0,5, Max: 1,6, Diff: 1,6, Sum: 1,9]
      [Update RS (ms): Min: 0,0, Avg: 1,4, Max: 1,8, Diff: 1,8, Sum: 5,5]
         [Processed Buffers: Min: 0, Avg: 15,2, Max: 21, Diff: 21, Sum: 61]
      [Scan RS (ms): Min: 0,0, Avg: 0,1, Max: 0,2, Diff: 0,2, Sum: 0,5]
      [Code Root Scanning (ms): Min: 0,0, Avg: 0,0, Max: 0,0, Diff: 0,0, Sum: 0,1]
      [Object Copy (ms): Min: 9,3, Avg: 10,6, Max: 11,1, Diff: 1,8, Sum: 42,5]
      [Termination (ms): Min: 0,0, Avg: 0,0, Max: 0,0, Diff: 0,0, Sum: 0,0]
         [Termination Attempts: Min: 1, Avg: 1,0, Max: 1, Diff: 0, Sum: 4]
      [GC Worker Other (ms): Min: 0,0, Avg: 0,0, Max: 0,1, Diff: 0,0, Sum: 0,1]
      [GC Worker Total (ms): Min: 9,4, Avg: 12,7, Max: 14,8, Diff: 5,4, Sum: 50,6]
      [GC Worker End (ms): Min: 45607251,7, Avg: 45607251,7, Max: 45607251,7, Diff: 0,0]
   [Code Root Fixup: 0,0 ms]
   [Code Root Purge: 0,0 ms]
   [Clear CT: 0,3 ms]
   [Other: 1,2 ms]
      [Choose CSet: 0,0 ms]
      [Ref Proc: 0,5 ms]
      [Ref Enq: 0,0 ms]
      [Redirty Cards: 0,5 ms]
      [Humongous Register: 0,0 ms]
      [Humongous Reclaim: 0,0 ms]
      [Free CSet: 0,0 ms]
   [Eden: 54,0M(54,0M)->0,0B(5120,0K) Survivors: 8192,0K->7168,0K Heap: 214,5M(256,0M)->166,0M(256,0M)]
 [Times: user=0,06 sys=0,00, real=0,02 secs] 
2019-07-21T09:55:02.685-0300: 45638,138: [GC pause (G1 Evacuation Pause) (mixed), 0,0192587 secs]
   [Parallel Time: 18,1 ms, GC Workers: 4]
      [GC Worker Start (ms): Min: 45638138,5, Avg: 45638142,6, Max: 45638149,6, Diff: 11,2]
      [Ext Root Scanning (ms): Min: 0,0, Avg: 0,3, Max: 1,0, Diff: 1,0, Sum: 1,2]
      [Update RS (ms): Min: 0,0, Avg: 4,6, Max: 12,1, Diff: 12,1, Sum: 18,6]
         [Processed Buffers: Min: 0, Avg: 13,2, Max: 26, Diff: 26, Sum: 53]
      [Scan RS (ms): Min: 0,0, Avg: 0,2, Max: 0,4, Diff: 0,4, Sum: 0,8]
      [Code Root Scanning (ms): Min: 0,0, Avg: 0,0, Max: 0,0, Diff: 0,0, Sum: 0,0]
      [Object Copy (ms): Min: 0,4, Avg: 5,3, Max: 11,6, Diff: 11,3, Sum: 21,4]
      [Termination (ms): Min: 0,0, Avg: 3,2, Max: 4,9, Diff: 4,9, Sum: 13,0]
         [Termination Attempts: Min: 1, Avg: 1,2, Max: 2, Diff: 1, Sum: 5]
      [GC Worker Other (ms): Min: 0,0, Avg: 0,2, Max: 0,5, Diff: 0,5, Sum: 0,6]
      [GC Worker Total (ms): Min: 6,9, Avg: 13,9, Max: 18,0, Diff: 11,2, Sum: 55,6]
      [GC Worker End (ms): Min: 45638156,5, Avg: 45638156,5, Max: 45638156,5, Diff: 0,0]
   [Code Root Fixup: 0,0 ms]
   [Code Root Purge: 0,0 ms]
   [Clear CT: 0,3 ms]
   [Other: 0,9 ms]
      [Choose CSet: 0,0 ms]
      [Ref Proc: 0,3 ms]
      [Ref Enq: 0,0 ms]
      [Redirty Cards: 0,4 ms]
      [Humongous Register: 0,0 ms]
      [Humongous Reclaim: 0,0 ms]
      [Free CSet: 0,0 ms]
   [Eden: 5120,0K(5120,0K)->0,0B(61,0M) Survivors: 7168,0K->2048,0K Heap: 171,0M(256,0M)->161,0M(256,0M)]
 [Times: user=0,04 sys=0,00, real=0,02 secs] 
2019-07-21T10:01:54.918-0300: 46050,372: [GC pause (G1 Evacuation Pause) (young), 0,0168408 secs]
   [Parallel Time: 15,9 ms, GC Workers: 4]
      [GC Worker Start (ms): Min: 46050371,9, Avg: 46050377,7, Max: 46050383,9, Diff: 12,1]
      [Ext Root Scanning (ms): Min: 0,0, Avg: 0,3, Max: 1,1, Diff: 1,1, Sum: 1,2]
      [Update RS (ms): Min: 0,0, Avg: 2,2, Max: 4,7, Diff: 4,7, Sum: 8,8]
         [Processed Buffers: Min: 0, Avg: 16,2, Max: 37, Diff: 37, Sum: 65]
      [Scan RS (ms): Min: 0,0, Avg: 0,1, Max: 0,2, Diff: 0,2, Sum: 0,4]
      [Code Root Scanning (ms): Min: 0,0, Avg: 0,0, Max: 0,0, Diff: 0,0, Sum: 0,1]
      [Object Copy (ms): Min: 3,6, Avg: 7,3, Max: 9,6, Diff: 6,0, Sum: 29,1]
      [Termination (ms): Min: 0,0, Avg: 0,1, Max: 0,1, Diff: 0,1, Sum: 0,2]
         [Termination Attempts: Min: 1, Avg: 1,0, Max: 1, Diff: 0, Sum: 4]
      [GC Worker Other (ms): Min: 0,0, Avg: 0,0, Max: 0,0, Diff: 0,0, Sum: 0,1]
      [GC Worker Total (ms): Min: 3,8, Avg: 10,0, Max: 15,8, Diff: 12,0, Sum: 39,9]
      [GC Worker End (ms): Min: 46050387,7, Avg: 46050387,7, Max: 46050387,7, Diff: 0,0]
   [Code Root Fixup: 0,0 ms]
   [Code Root Purge: 0,0 ms]
   [Clear CT: 0,3 ms]
   [Other: 0,6 ms]
      [Choose CSet: 0,0 ms]
      [Ref Proc: 0,2 ms]
      [Ref Enq: 0,0 ms]
      [Redirty Cards: 0,3 ms]
      [Humongous Register: 0,0 ms]
      [Humongous Reclaim: 0,0 ms]
      [Free CSet: 0,0 ms]
   [Eden: 61,0M(61,0M)->0,0B(52,0M) Survivors: 2048,0K->8192,0K Heap: 222,0M(256,0M)->168,5M(256,0M)]
 [Times: user=0,06 sys=0,00, real=0,01 secs] 
2019-07-21T10:07:43.572-0300: 46399,025: [GC pause (G1 Evacuation Pause) (young) (initial-mark), 0,0164926 secs]
   [Parallel Time: 15,3 ms, GC Workers: 4]
      [GC Worker Start (ms): Min: 46399025,0, Avg: 46399025,2, Max: 46399025,6, Diff: 0,6]
      [Ext Root Scanning (ms): Min: 0,7, Avg: 2,0, Max: 5,7, Diff: 5,0, Sum: 8,0]
      [Update RS (ms): Min: 0,0, Avg: 0,9, Max: 1,3, Diff: 1,3, Sum: 3,7]
         [Processed Buffers: Min: 0, Avg: 11,5, Max: 22, Diff: 22, Sum: 46]
      [Scan RS (ms): Min: 0,0, Avg: 0,0, Max: 0,0, Diff: 0,0, Sum: 0,1]
      [Code Root Scanning (ms): Min: 0,0, Avg: 0,0, Max: 0,0, Diff: 0,0, Sum: 0,1]
      [Object Copy (ms): Min: 8,8, Avg: 12,0, Max: 13,1, Diff: 4,2, Sum: 48,0]
      [Termination (ms): Min: 0,0, Avg: 0,0, Max: 0,0, Diff: 0,0, Sum: 0,0]
         [Termination Attempts: Min: 1, Avg: 1,0, Max: 1, Diff: 0, Sum: 4]
      [GC Worker Other (ms): Min: 0,0, Avg: 0,0, Max: 0,0, Diff: 0,0, Sum: 0,1]
      [GC Worker Total (ms): Min: 14,6, Avg: 15,0, Max: 15,2, Diff: 0,6, Sum: 60,0]
      [GC Worker End (ms): Min: 46399040,2, Avg: 46399040,2, Max: 46399040,2, Diff: 0,0]
   [Code Root Fixup: 0,0 ms]
   [Code Root Purge: 0,0 ms]
   [Clear CT: 0,3 ms]
   [Other: 0,9 ms]
      [Choose CSet: 0,0 ms]
      [Ref Proc: 0,3 ms]
      [Ref Enq: 0,0 ms]
      [Redirty Cards: 0,4 ms]
      [Humongous Register: 0,0 ms]
      [Humongous Reclaim: 0,0 ms]
      [Free CSet: 0,0 ms]
   [Eden: 52,0M(52,0M)->0,0B(47,0M) Survivors: 8192,0K->7168,0K Heap: 220,5M(256,0M)->174,6M(256,0M)]
 [Times: user=0,09 sys=0,00, real=0,02 secs] 
2019-07-21T10:07:43.588-0300: 46399,042: [GC concurrent-root-region-scan-start]
2019-07-21T10:07:43.596-0300: 46399,049: [GC concurrent-root-region-scan-end, 0,0072111 secs]
2019-07-21T10:07:43.596-0300: 46399,049: [GC concurrent-mark-start]
2019-07-21T10:07:43.609-0300: 46399,063: [GC concurrent-mark-end, 0,0137853 secs]
2019-07-21T10:07:43.610-0300: 46399,063: [GC remark 2019-07-21T10:07:43.610-0300: 46399,063: [Finalize Marking, 0,0002312 secs] 2019-07-21T10:07:43.610-0300: 46399,063: [GC ref-proc, 0,0001336 secs] 2019-07-21T10:07:43.610-0300: 46399,063: [Unloading, 0,0032999 secs], 0,0045917 secs]
 [Times: user=0,06 sys=0,00, real=0,00 secs] 
2019-07-21T10:07:43.615-0300: 46399,068: [GC cleanup 174M->172M(256M), 0,0011448 secs]
 [Times: user=0,00 sys=0,00, real=0,00 secs] 
2019-07-21T10:07:43.616-0300: 46399,069: [GC concurrent-cleanup-start]
2019-07-21T10:07:43.616-0300: 46399,069: [GC concurrent-cleanup-end, 0,0000180 secs]
2019-07-21T10:12:56.814-0300: 46712,267: [GC pause (G1 Evacuation Pause) (young), 0,0232357 secs]
   [Parallel Time: 22,1 ms, GC Workers: 4]
      [GC Worker Start (ms): Min: 46712267,4, Avg: 46712273,4, Max: 46712281,7, Diff: 14,3]
      [Ext Root Scanning (ms): Min: 0,0, Avg: 0,3, Max: 1,0, Diff: 1,0, Sum: 1,1]
      [Update RS (ms): Min: 0,0, Avg: 1,8, Max: 5,0, Diff: 5,0, Sum: 7,4]
         [Processed Buffers: Min: 0, Avg: 17,2, Max: 46, Diff: 46, Sum: 69]
      [Scan RS (ms): Min: 0,0, Avg: 0,0, Max: 0,1, Diff: 0,1, Sum: 0,1]
      [Code Root Scanning (ms): Min: 0,0, Avg: 0,0, Max: 0,0, Diff: 0,0, Sum: 0,1]
      [Object Copy (ms): Min: 4,9, Avg: 11,7, Max: 15,9, Diff: 11,0, Sum: 47,0]
      [Termination (ms): Min: 0,0, Avg: 2,1, Max: 2,7, Diff: 2,7, Sum: 8,2]
         [Termination Attempts: Min: 1, Avg: 1,8, Max: 3, Diff: 2, Sum: 7]
      [GC Worker Other (ms): Min: 0,0, Avg: 0,0, Max: 0,0, Diff: 0,0, Sum: 0,1]
      [GC Worker Total (ms): Min: 7,7, Avg: 16,0, Max: 22,1, Diff: 14,3, Sum: 64,0]
      [GC Worker End (ms): Min: 46712289,4, Avg: 46712289,4, Max: 46712289,4, Diff: 0,0]
   [Code Root Fixup: 0,0 ms]
   [Code Root Purge: 0,0 ms]
   [Clear CT: 0,3 ms]
   [Other: 0,8 ms]
      [Choose CSet: 0,0 ms]
      [Ref Proc: 0,3 ms]
      [Ref Enq: 0,0 ms]
      [Redirty Cards: 0,3 ms]
      [Humongous Register: 0,0 ms]
      [Humongous Reclaim: 0,0 ms]
      [Free CSet: 0,0 ms]
   [Eden: 47,0M(47,0M)->0,0B(6144,0K) Survivors: 7168,0K->6144,0K Heap: 219,6M(256,0M)->177,5M(256,0M)]
 [Times: user=0,08 sys=0,00, real=0,03 secs] 
2019-07-21T10:13:38.451-0300: 46753,904: [GC pause (G1 Evacuation Pause) (mixed), 0,0106034 secs]
   [Parallel Time: 9,2 ms, GC Workers: 4]
      [GC Worker Start (ms): Min: 46753904,6, Avg: 46753904,9, Max: 46753905,6, Diff: 1,1]
      [Ext Root Scanning (ms): Min: 0,0, Avg: 0,3, Max: 0,6, Diff: 0,6, Sum: 1,3]
      [Update RS (ms): Min: 2,9, Avg: 3,4, Max: 3,8, Diff: 0,9, Sum: 13,5]
         [Processed Buffers: Min: 3, Avg: 15,0, Max: 21, Diff: 18, Sum: 60]
      [Scan RS (ms): Min: 0,0, Avg: 0,1, Max: 0,2, Diff: 0,2, Sum: 0,5]
      [Code Root Scanning (ms): Min: 0,0, Avg: 0,0, Max: 0,0, Diff: 0,0, Sum: 0,0]
      [Object Copy (ms): Min: 4,9, Avg: 4,9, Max: 5,0, Diff: 0,1, Sum: 19,7]
      [Termination (ms): Min: 0,0, Avg: 0,0, Max: 0,0, Diff: 0,0, Sum: 0,0]
         [Termination Attempts: Min: 1, Avg: 1,0, Max: 1, Diff: 0, Sum: 4]
      [GC Worker Other (ms): Min: 0,0, Avg: 0,0, Max: 0,0, Diff: 0,0, Sum: 0,1]
      [GC Worker Total (ms): Min: 8,0, Avg: 8,8, Max: 9,1, Diff: 1,1, Sum: 35,2]
      [GC Worker End (ms): Min: 46753913,7, Avg: 46753913,7, Max: 46753913,7, Diff: 0,0]
   [Code Root Fixup: 0,0 ms]
   [Code Root Purge: 0,0 ms]
   [Clear CT: 0,3 ms]
   [Other: 1,0 ms]
      [Choose CSet: 0,0 ms]
      [Ref Proc: 0,3 ms]
      [Ref Enq: 0,0 ms]
      [Redirty Cards: 0,5 ms]
      [Humongous Register: 0,0 ms]
      [Humongous Reclaim: 0,0 ms]
      [Free CSet: 0,0 ms]
   [Eden: 6144,0K(6144,0K)->0,0B(61,0M) Survivors: 6144,0K->2048,0K Heap: 183,5M(256,0M)->161,0M(256,0M)]
 [Times: user=0,06 sys=0,00, real=0,01 secs] 
2019-07-21T10:20:07.868-0300: 47143,321: [GC pause (G1 Evacuation Pause) (young), 0,0103791 secs]
   [Parallel Time: 6,8 ms, GC Workers: 4]
      [GC Worker Start (ms): Min: 47143321,0, Avg: 47143321,1, Max: 47143321,1, Diff: 0,1]
      [Ext Root Scanning (ms): Min: 0,2, Avg: 0,3, Max: 0,6, Diff: 0,4, Sum: 1,3]
      [Update RS (ms): Min: 1,9, Avg: 2,2, Max: 2,6, Diff: 0,7, Sum: 8,7]
         [Processed Buffers: Min: 5, Avg: 14,8, Max: 33, Diff: 28, Sum: 59]
      [Scan RS (ms): Min: 0,1, Avg: 0,4, Max: 0,5, Diff: 0,5, Sum: 1,5]
      [Code Root Scanning (ms): Min: 0,0, Avg: 0,0, Max: 0,0, Diff: 0,0, Sum: 0,1]
      [Object Copy (ms): Min: 3,7, Avg: 3,7, Max: 3,7, Diff: 0,0, Sum: 14,9]
      [Termination (ms): Min: 0,0, Avg: 0,0, Max: 0,0, Diff: 0,0, Sum: 0,0]
         [Termination Attempts: Min: 1, Avg: 1,0, Max: 1, Diff: 0, Sum: 4]
      [GC Worker Other (ms): Min: 0,0, Avg: 0,0, Max: 0,1, Diff: 0,1, Sum: 0,2]
      [GC Worker Total (ms): Min: 6,6, Avg: 6,7, Max: 6,7, Diff: 0,1, Sum: 26,7]
      [GC Worker End (ms): Min: 47143327,7, Avg: 47143327,7, Max: 47143327,7, Diff: 0,0]
   [Code Root Fixup: 0,0 ms]
   [Code Root Purge: 0,0 ms]
   [Clear CT: 0,9 ms]
   [Other: 2,6 ms]
      [Choose CSet: 0,0 ms]
      [Ref Proc: 2,1 ms]
      [Ref Enq: 0,0 ms]
      [Redirty Cards: 0,2 ms]
      [Humongous Register: 0,0 ms]
      [Humongous Reclaim: 0,0 ms]
      [Free CSet: 0,0 ms]
   [Eden: 61,0M(61,0M)->0,0B(58,0M) Survivors: 2048,0K->6144,0K Heap: 222,0M(256,0M)->164,4M(256,0M)]
 [Times: user=0,05 sys=0,00, real=0,01 secs] 
2019-07-21T10:26:38.303-0300: 47533,756: [GC pause (G1 Evacuation Pause) (young) (initial-mark), 0,0080905 secs]
   [Parallel Time: 6,6 ms, GC Workers: 4]
      [GC Worker Start (ms): Min: 47533756,0, Avg: 47533756,1, Max: 47533756,3, Diff: 0,3]
      [Ext Root Scanning (ms): Min: 0,3, Avg: 0,4, Max: 0,6, Diff: 0,3, Sum: 1,8]
      [Update RS (ms): Min: 0,0, Avg: 0,9, Max: 1,2, Diff: 1,2, Sum: 3,6]
         [Processed Buffers: Min: 0, Avg: 11,8, Max: 23, Diff: 23, Sum: 47]
      [Scan RS (ms): Min: 0,0, Avg: 0,0, Max: 0,1, Diff: 0,1, Sum: 0,1]
      [Code Root Scanning (ms): Min: 0,0, Avg: 0,0, Max: 0,0, Diff: 0,0, Sum: 0,1]
      [Object Copy (ms): Min: 4,4, Avg: 4,7, Max: 5,7, Diff: 1,3, Sum: 19,0]
      [Termination (ms): Min: 0,0, Avg: 0,0, Max: 0,0, Diff: 0,0, Sum: 0,1]
         [Termination Attempts: Min: 1, Avg: 1,5, Max: 3, Diff: 2, Sum: 6]
      [GC Worker Other (ms): Min: 0,0, Avg: 0,0, Max: 0,1, Diff: 0,0, Sum: 0,1]
      [GC Worker Total (ms): Min: 6,0, Avg: 6,2, Max: 6,4, Diff: 0,3, Sum: 24,9]
      [GC Worker End (ms): Min: 47533762,3, Avg: 47533762,3, Max: 47533762,3, Diff: 0,0]
   [Code Root Fixup: 0,0 ms]
   [Code Root Purge: 0,0 ms]
   [Clear CT: 0,4 ms]
   [Other: 1,1 ms]
      [Choose CSet: 0,0 ms]
      [Ref Proc: 0,5 ms]
      [Ref Enq: 0,0 ms]
      [Redirty Cards: 0,4 ms]
      [Humongous Register: 0,0 ms]
      [Humongous Reclaim: 0,0 ms]
      [Free CSet: 0,0 ms]
   [Eden: 58,0M(58,0M)->0,0B(58,0M) Survivors: 6144,0K->6144,0K Heap: 222,4M(256,0M)->165,0M(256,0M)]
 [Times: user=0,04 sys=0,00, real=0,01 secs] 
2019-07-21T10:26:38.311-0300: 47533,764: [GC concurrent-root-region-scan-start]
2019-07-21T10:26:38.318-0300: 47533,771: [GC concurrent-root-region-scan-end, 0,0073437 secs]
2019-07-21T10:26:38.318-0300: 47533,772: [GC concurrent-mark-start]
2019-07-21T10:26:38.333-0300: 47533,787: [GC concurrent-mark-end, 0,0151028 secs]
2019-07-21T10:26:38.334-0300: 47533,787: [GC remark 2019-07-21T10:26:38.334-0300: 47533,787: [Finalize Marking, 0,0003466 secs] 2019-07-21T10:26:38.334-0300: 47533,787: [GC ref-proc, 0,0001259 secs] 2019-07-21T10:26:38.334-0300: 47533,788: [Unloading, 0,0040705 secs], 0,0054991 secs]
 [Times: user=0,00 sys=0,00, real=0,01 secs] 
2019-07-21T10:26:38.340-0300: 47533,793: [GC cleanup 165M->165M(256M), 0,0012390 secs]
 [Times: user=0,00 sys=0,00, real=0,00 secs] 
2019-07-21T10:33:08.357-0300: 47923,810: [GC pause (G1 Evacuation Pause) (young), 0,0143835 secs]
   [Parallel Time: 10,8 ms, GC Workers: 4]
      [GC Worker Start (ms): Min: 47923810,5, Avg: 47923815,8, Max: 47923821,1, Diff: 10,6]
      [Ext Root Scanning (ms): Min: 0,0, Avg: 0,3, Max: 1,0, Diff: 1,0, Sum: 1,1]
      [Update RS (ms): Min: 0,0, Avg: 0,8, Max: 2,7, Diff: 2,7, Sum: 3,3]
         [Processed Buffers: Min: 0, Avg: 12,2, Max: 25, Diff: 25, Sum: 49]
      [Scan RS (ms): Min: 0,0, Avg: 0,0, Max: 0,1, Diff: 0,1, Sum: 0,1]
      [Code Root Scanning (ms): Min: 0,0, Avg: 0,0, Max: 0,0, Diff: 0,0, Sum: 0,1]
      [Object Copy (ms): Min: 0,0, Avg: 4,1, Max: 6,7, Diff: 6,7, Sum: 16,5]
      [Termination (ms): Min: 0,0, Avg: 0,1, Max: 0,2, Diff: 0,2, Sum: 0,6]
         [Termination Attempts: Min: 1, Avg: 2,0, Max: 4, Diff: 3, Sum: 8]
      [GC Worker Other (ms): Min: 0,0, Avg: 0,0, Max: 0,0, Diff: 0,0, Sum: 0,1]
      [GC Worker Total (ms): Min: 0,1, Avg: 5,5, Max: 10,7, Diff: 10,6, Sum: 21,8]
      [GC Worker End (ms): Min: 47923821,2, Avg: 47923821,2, Max: 47923821,2, Diff: 0,0]
   [Code Root Fixup: 0,0 ms]
   [Code Root Purge: 0,0 ms]
   [Clear CT: 0,3 ms]
   [Other: 3,2 ms]
      [Choose CSet: 0,0 ms]
      [Ref Proc: 2,8 ms]
      [Ref Enq: 0,0 ms]
      [Redirty Cards: 0,2 ms]
      [Humongous Register: 0,0 ms]
      [Humongous Reclaim: 0,0 ms]
      [Free CSet: 0,0 ms]
   [Eden: 58,0M(58,0M)->0,0B(7168,0K) Survivors: 6144,0K->5120,0K Heap: 223,0M(256,0M)->164,7M(256,0M)]
 [Times: user=0,03 sys=0,00, real=0,01 secs] 
2019-07-21T10:33:56.076-0300: 47971,529: [GC pause (G1 Evacuation Pause) (mixed), 0,0052344 secs]
   [Parallel Time: 3,9 ms, GC Workers: 4]
      [GC Worker Start (ms): Min: 47971529,3, Avg: 47971529,5, Max: 47971529,7, Diff: 0,5]
      [Ext Root Scanning (ms): Min: 0,1, Avg: 0,3, Max: 0,6, Diff: 0,5, Sum: 1,2]
      [Update RS (ms): Min: 1,0, Avg: 1,1, Max: 1,1, Diff: 0,1, Sum: 4,4]
         [Processed Buffers: Min: 5, Avg: 11,8, Max: 23, Diff: 18, Sum: 47]
      [Scan RS (ms): Min: 0,0, Avg: 0,1, Max: 0,1, Diff: 0,0, Sum: 0,2]
      [Code Root Scanning (ms): Min: 0,0, Avg: 0,0, Max: 0,0, Diff: 0,0, Sum: 0,0]
      [Object Copy (ms): Min: 2,1, Avg: 2,2, Max: 2,2, Diff: 0,1, Sum: 8,6]
      [Termination (ms): Min: 0,0, Avg: 0,0, Max: 0,0, Diff: 0,0, Sum: 0,0]
         [Termination Attempts: Min: 1, Avg: 1,0, Max: 1, Diff: 0, Sum: 4]
      [GC Worker Other (ms): Min: 0,0, Avg: 0,0, Max: 0,0, Diff: 0,0, Sum: 0,1]
      [GC Worker Total (ms): Min: 3,4, Avg: 3,6, Max: 3,9, Diff: 0,5, Sum: 14,6]
      [GC Worker End (ms): Min: 47971533,1, Avg: 47971533,1, Max: 47971533,1, Diff: 0,0]
   [Code Root Fixup: 0,0 ms]
   [Code Root Purge: 0,0 ms]
   [Clear CT: 0,4 ms]
   [Other: 0,9 ms]
      [Choose CSet: 0,0 ms]
      [Ref Proc: 0,3 ms]
      [Ref Enq: 0,0 ms]
      [Redirty Cards: 0,5 ms]
      [Humongous Register: 0,0 ms]
      [Humongous Reclaim: 0,0 ms]
      [Free CSet: 0,0 ms]
   [Eden: 7168,0K(7168,0K)->0,0B(70,0M) Survivors: 5120,0K->2048,0K Heap: 171,7M(256,0M)->152,7M(256,0M)]
 [Times: user=0,01 sys=0,01, real=0,01 secs] 
2019-07-21T10:41:47.433-0300: 48442,886: [GC pause (G1 Evacuation Pause) (young), 0,0185964 secs]
   [Parallel Time: 17,3 ms, GC Workers: 4]
      [GC Worker Start (ms): Min: 48442886,2, Avg: 48442890,0, Max: 48442895,6, Diff: 9,4]
      [Ext Root Scanning (ms): Min: 0,0, Avg: 0,2, Max: 0,8, Diff: 0,8, Sum: 0,9]
      [Update RS (ms): Min: 0,0, Avg: 3,9, Max: 6,7, Diff: 6,7, Sum: 15,4]
         [Processed Buffers: Min: 0, Avg: 15,8, Max: 38, Diff: 38, Sum: 63]
      [Scan RS (ms): Min: 0,0, Avg: 0,1, Max: 0,1, Diff: 0,1, Sum: 0,3]
      [Code Root Scanning (ms): Min: 0,0, Avg: 0,0, Max: 0,1, Diff: 0,1, Sum: 0,1]
      [Object Copy (ms): Min: 7,8, Avg: 9,3, Max: 9,8, Diff: 2,0, Sum: 37,2]
      [Termination (ms): Min: 0,0, Avg: 0,0, Max: 0,0, Diff: 0,0, Sum: 0,0]
         [Termination Attempts: Min: 1, Avg: 1,0, Max: 1, Diff: 0, Sum: 4]
      [GC Worker Other (ms): Min: 0,0, Avg: 0,0, Max: 0,0, Diff: 0,0, Sum: 0,1]
      [GC Worker Total (ms): Min: 7,9, Avg: 13,5, Max: 17,3, Diff: 9,4, Sum: 54,0]
      [GC Worker End (ms): Min: 48442903,5, Avg: 48442903,5, Max: 48442903,5, Diff: 0,0]
   [Code Root Fixup: 0,0 ms]
   [Code Root Purge: 0,0 ms]
   [Clear CT: 0,3 ms]
   [Other: 0,9 ms]
      [Choose CSet: 0,0 ms]
      [Ref Proc: 0,4 ms]
      [Ref Enq: 0,0 ms]
      [Redirty Cards: 0,4 ms]
      [Humongous Register: 0,0 ms]
      [Humongous Reclaim: 0,0 ms]
      [Free CSet: 0,0 ms]
   [Eden: 70,0M(70,0M)->0,0B(58,0M) Survivors: 2048,0K->9216,0K Heap: 222,7M(256,0M)->162,0M(256,0M)]
 [Times: user=0,06 sys=0,00, real=0,02 secs] 
2019-07-21T10:48:17.781-0300: 48833,235: [GC pause (G1 Evacuation Pause) (young) (initial-mark), 0,0227270 secs]
   [Parallel Time: 21,6 ms, GC Workers: 4]
      [GC Worker Start (ms): Min: 48833234,8, Avg: 48833235,9, Max: 48833236,3, Diff: 1,5]
      [Ext Root Scanning (ms): Min: 0,0, Avg: 4,1, Max: 8,5, Diff: 8,5, Sum: 16,4]
      [Update RS (ms): Min: 0,0, Avg: 0,7, Max: 2,8, Diff: 2,8, Sum: 2,8]
         [Processed Buffers: Min: 0, Avg: 11,2, Max: 45, Diff: 45, Sum: 45]
      [Scan RS (ms): Min: 0,0, Avg: 1,4, Max: 5,5, Diff: 5,5, Sum: 5,6]
      [Code Root Scanning (ms): Min: 0,0, Avg: 0,0, Max: 0,1, Diff: 0,1, Sum: 0,2]
      [Object Copy (ms): Min: 11,3, Avg: 14,0, Max: 16,6, Diff: 5,4, Sum: 55,9]
      [Termination (ms): Min: 0,0, Avg: 0,2, Max: 0,3, Diff: 0,3, Sum: 0,7]
         [Termination Attempts: Min: 1, Avg: 2,0, Max: 4, Diff: 3, Sum: 8]
      [GC Worker Other (ms): Min: 0,0, Avg: 0,0, Max: 0,1, Diff: 0,0, Sum: 0,1]
      [GC Worker Total (ms): Min: 20,0, Avg: 20,4, Max: 21,5, Diff: 1,5, Sum: 81,7]
      [GC Worker End (ms): Min: 48833256,4, Avg: 48833256,4, Max: 48833256,4, Diff: 0,0]
   [Code Root Fixup: 0,0 ms]
   [Code Root Purge: 0,0 ms]
   [Clear CT: 0,2 ms]
   [Other: 0,9 ms]
      [Choose CSet: 0,0 ms]
      [Ref Proc: 0,4 ms]
      [Ref Enq: 0,0 ms]
      [Redirty Cards: 0,3 ms]
      [Humongous Register: 0,0 ms]
      [Humongous Reclaim: 0,0 ms]
      [Free CSet: 0,0 ms]
   [Eden: 58,0M(58,0M)->0,0B(55,0M) Survivors: 9216,0K->7168,0K Heap: 220,0M(256,0M)->166,8M(256,0M)]
 [Times: user=0,08 sys=0,00, real=0,02 secs] 
2019-07-21T10:48:17.804-0300: 48833,258: [GC concurrent-root-region-scan-start]
2019-07-21T10:48:17.812-0300: 48833,265: [GC concurrent-root-region-scan-end, 0,0073912 secs]
2019-07-21T10:48:17.812-0300: 48833,265: [GC concurrent-mark-start]
2019-07-21T10:48:17.825-0300: 48833,278: [GC concurrent-mark-end, 0,0127521 secs]
2019-07-21T10:48:17.825-0300: 48833,278: [GC remark 2019-07-21T10:48:17.825-0300: 48833,278: [Finalize Marking, 0,0002443 secs] 2019-07-21T10:48:17.825-0300: 48833,279: [GC ref-proc, 0,0001519 secs] 2019-07-21T10:48:17.825-0300: 48833,279: [Unloading, 0,0052958 secs], 0,0066333 secs]
 [Times: user=0,00 sys=0,00, real=0,00 secs] 
2019-07-21T10:48:17.832-0300: 48833,285: [GC cleanup 166M->163M(256M), 0,0026131 secs]
 [Times: user=0,00 sys=0,00, real=0,00 secs] 
2019-07-21T10:48:17.835-0300: 48833,288: [GC concurrent-cleanup-start]
2019-07-21T10:48:17.835-0300: 48833,288: [GC concurrent-cleanup-end, 0,0000171 secs]
2019-07-21T10:54:28.098-0300: 49203,552: [GC pause (G1 Evacuation Pause) (young), 0,0175991 secs]
   [Parallel Time: 16,4 ms, GC Workers: 4]
      [GC Worker Start (ms): Min: 49203551,9, Avg: 49203554,0, Max: 49203558,5, Diff: 6,6]
      [Ext Root Scanning (ms): Min: 0,0, Avg: 0,3, Max: 0,6, Diff: 0,6, Sum: 1,2]
      [Update RS (ms): Min: 0,0, Avg: 2,8, Max: 6,4, Diff: 6,4, Sum: 11,2]
         [Processed Buffers: Min: 0, Avg: 17,0, Max: 32, Diff: 32, Sum: 68]
      [Scan RS (ms): Min: 0,0, Avg: 0,0, Max: 0,1, Diff: 0,1, Sum: 0,1]
      [Code Root Scanning (ms): Min: 0,0, Avg: 0,0, Max: 0,0, Diff: 0,0, Sum: 0,1]
      [Object Copy (ms): Min: 9,2, Avg: 10,9, Max: 12,6, Diff: 3,4, Sum: 43,8]
      [Termination (ms): Min: 0,0, Avg: 0,1, Max: 0,2, Diff: 0,2, Sum: 0,4]
         [Termination Attempts: Min: 1, Avg: 1,5, Max: 2, Diff: 1, Sum: 6]
      [GC Worker Other (ms): Min: 0,0, Avg: 0,0, Max: 0,1, Diff: 0,1, Sum: 0,2]
      [GC Worker Total (ms): Min: 9,7, Avg: 14,3, Max: 16,4, Diff: 6,7, Sum: 57,0]
      [GC Worker End (ms): Min: 49203568,2, Avg: 49203568,2, Max: 49203568,3, Diff: 0,0]
   [Code Root Fixup: 0,0 ms]
   [Code Root Purge: 0,0 ms]
   [Clear CT: 0,4 ms]
   [Other: 0,7 ms]
      [Choose CSet: 0,0 ms]
      [Ref Proc: 0,2 ms]
      [Ref Enq: 0,0 ms]
      [Redirty Cards: 0,3 ms]
      [Humongous Register: 0,0 ms]
      [Humongous Reclaim: 0,0 ms]
      [Free CSet: 0,0 ms]
   [Eden: 55,0M(55,0M)->0,0B(5120,0K) Survivors: 7168,0K->7168,0K Heap: 218,8M(256,0M)->169,5M(256,0M)]
 [Times: user=0,06 sys=0,00, real=0,01 secs] 
2019-07-21T10:54:59.494-0300: 49234,947: [GC pause (G1 Evacuation Pause) (mixed), 0,0153988 secs]
   [Parallel Time: 14,1 ms, GC Workers: 4]
      [GC Worker Start (ms): Min: 49234947,1, Avg: 49234954,2, Max: 49234961,0, Diff: 13,9]
      [Ext Root Scanning (ms): Min: 0,0, Avg: 0,3, Max: 1,0, Diff: 1,0, Sum: 1,1]
      [Update RS (ms): Min: 0,0, Avg: 2,2, Max: 5,2, Diff: 5,2, Sum: 8,9]
         [Processed Buffers: Min: 0, Avg: 15,0, Max: 33, Diff: 33, Sum: 60]
      [Scan RS (ms): Min: 0,0, Avg: 0,1, Max: 0,1, Diff: 0,1, Sum: 0,3]
      [Code Root Scanning (ms): Min: 0,0, Avg: 0,0, Max: 0,0, Diff: 0,0, Sum: 0,0]
      [Object Copy (ms): Min: 0,0, Avg: 4,2, Max: 7,5, Diff: 7,4, Sum: 16,7]
      [Termination (ms): Min: 0,0, Avg: 0,1, Max: 0,1, Diff: 0,1, Sum: 0,4]
         [Termination Attempts: Min: 1, Avg: 1,0, Max: 1, Diff: 0, Sum: 4]
      [GC Worker Other (ms): Min: 0,0, Avg: 0,0, Max: 0,0, Diff: 0,0, Sum: 0,1]
      [GC Worker Total (ms): Min: 0,1, Avg: 6,9, Max: 13,9, Diff: 13,9, Sum: 27,4]
      [GC Worker End (ms): Min: 49234961,0, Avg: 49234961,0, Max: 49234961,1, Diff: 0,0]
   [Code Root Fixup: 0,0 ms]
   [Code Root Purge: 0,0 ms]
   [Clear CT: 0,3 ms]
   [Other: 1,1 ms]
      [Choose CSet: 0,0 ms]
      [Ref Proc: 0,5 ms]
      [Ref Enq: 0,0 ms]
      [Redirty Cards: 0,4 ms]
      [Humongous Register: 0,0 ms]
      [Humongous Reclaim: 0,0 ms]
      [Free CSet: 0,0 ms]
   [Eden: 5120,0K(5120,0K)->0,0B(59,0M) Survivors: 7168,0K->2048,0K Heap: 174,5M(256,0M)->162,5M(256,0M)]
 [Times: user=0,03 sys=0,00, real=0,02 secs] 
2019-07-21T11:01:37.778-0300: 49633,232: [GC pause (G1 Evacuation Pause) (young), 0,0204291 secs]
   [Parallel Time: 19,3 ms, GC Workers: 4]
      [GC Worker Start (ms): Min: 49633231,8, Avg: 49633239,4, Max: 49633246,8, Diff: 15,0]
      [Ext Root Scanning (ms): Min: 0,0, Avg: 0,3, Max: 1,0, Diff: 0,9, Sum: 1,2]
      [Update RS (ms): Min: 0,0, Avg: 1,3, Max: 5,1, Diff: 5,1, Sum: 5,3]
         [Processed Buffers: Min: 0, Avg: 13,5, Max: 41, Diff: 41, Sum: 54]
      [Scan RS (ms): Min: 0,0, Avg: 0,3, Max: 0,6, Diff: 0,6, Sum: 1,1]
      [Code Root Scanning (ms): Min: 0,0, Avg: 0,0, Max: 0,0, Diff: 0,0, Sum: 0,1]
      [Object Copy (ms): Min: 4,0, Avg: 9,7, Max: 12,6, Diff: 8,6, Sum: 38,6]
      [Termination (ms): Min: 0,0, Avg: 0,1, Max: 0,1, Diff: 0,1, Sum: 0,2]
         [Termination Attempts: Min: 1, Avg: 1,0, Max: 1, Diff: 0, Sum: 4]
      [GC Worker Other (ms): Min: 0,0, Avg: 0,0, Max: 0,1, Diff: 0,1, Sum: 0,1]
      [GC Worker Total (ms): Min: 4,3, Avg: 11,7, Max: 19,3, Diff: 15,0, Sum: 46,7]
      [GC Worker End (ms): Min: 49633251,1, Avg: 49633251,1, Max: 49633251,1, Diff: 0,0]
   [Code Root Fixup: 0,0 ms]
   [Code Root Purge: 0,0 ms]
   [Clear CT: 0,3 ms]
   [Other: 0,8 ms]
      [Choose CSet: 0,0 ms]
      [Ref Proc: 0,3 ms]
      [Ref Enq: 0,0 ms]
      [Redirty Cards: 0,3 ms]
      [Humongous Register: 0,0 ms]
      [Humongous Reclaim: 0,0 ms]
      [Free CSet: 0,0 ms]
   [Eden: 59,0M(59,0M)->0,0B(51,0M) Survivors: 2048,0K->8192,0K Heap: 221,5M(256,0M)->170,0M(256,0M)]
 [Times: user=0,05 sys=0,00, real=0,02 secs] 
2019-07-21T11:07:19.507-0300: 49974,961: [GC pause (G1 Evacuation Pause) (young) (initial-mark), 0,0140563 secs]
   [Parallel Time: 12,6 ms, GC Workers: 4]
      [GC Worker Start (ms): Min: 49974960,7, Avg: 49974961,5, Max: 49974961,8, Diff: 1,1]
      [Ext Root Scanning (ms): Min: 0,1, Avg: 0,3, Max: 1,1, Diff: 1,0, Sum: 1,4]
      [Update RS (ms): Min: 1,0, Avg: 1,0, Max: 1,0, Diff: 0,0, Sum: 4,1]
         [Processed Buffers: Min: 4, Avg: 11,2, Max: 20, Diff: 16, Sum: 45]
      [Scan RS (ms): Min: 0,0, Avg: 0,0, Max: 0,0, Diff: 0,0, Sum: 0,1]
      [Code Root Scanning (ms): Min: 0,0, Avg: 0,0, Max: 0,0, Diff: 0,0, Sum: 0,1]
      [Object Copy (ms): Min: 10,3, Avg: 10,3, Max: 10,4, Diff: 0,1, Sum: 41,3]
      [Termination (ms): Min: 0,0, Avg: 0,0, Max: 0,0, Diff: 0,0, Sum: 0,0]
         [Termination Attempts: Min: 1, Avg: 1,0, Max: 1, Diff: 0, Sum: 4]
      [GC Worker Other (ms): Min: 0,0, Avg: 0,0, Max: 0,0, Diff: 0,0, Sum: 0,1]
      [GC Worker Total (ms): Min: 11,5, Avg: 11,8, Max: 12,6, Diff: 1,1, Sum: 47,1]
      [GC Worker End (ms): Min: 49974973,3, Avg: 49974973,3, Max: 49974973,3, Diff: 0,0]
   [Code Root Fixup: 0,0 ms]
   [Code Root Purge: 0,0 ms]
   [Clear CT: 0,3 ms]
   [Other: 1,1 ms]
      [Choose CSet: 0,0 ms]
      [Ref Proc: 0,5 ms]
      [Ref Enq: 0,0 ms]
      [Redirty Cards: 0,5 ms]
      [Humongous Register: 0,0 ms]
      [Humongous Reclaim: 0,0 ms]
      [Free CSet: 0,0 ms]
   [Eden: 51,0M(51,0M)->0,0B(44,0M) Survivors: 8192,0K->7168,0K Heap: 221,0M(256,0M)->177,4M(256,0M)]
 [Times: user=0,05 sys=0,00, real=0,01 secs] 
2019-07-21T11:07:19.522-0300: 49974,975: [GC concurrent-root-region-scan-start]
2019-07-21T11:07:19.531-0300: 49974,984: [GC concurrent-root-region-scan-end, 0,0093332 secs]
2019-07-21T11:07:19.531-0300: 49974,984: [GC concurrent-mark-start]
2019-07-21T11:07:19.545-0300: 49974,998: [GC concurrent-mark-end, 0,0137276 secs]
2019-07-21T11:07:19.545-0300: 49974,998: [GC remark 2019-07-21T11:07:19.545-0300: 49974,998: [Finalize Marking, 0,0003698 secs] 2019-07-21T11:07:19.545-0300: 49974,999: [GC ref-proc, 0,0001411 secs] 2019-07-21T11:07:19.546-0300: 49974,999: [Unloading, 0,0041004 secs], 0,0056699 secs]
 [Times: user=0,00 sys=0,00, real=0,00 secs] 
2019-07-21T11:07:19.551-0300: 49975,004: [GC cleanup 177M->175M(256M), 0,0011552 secs]
 [Times: user=0,00 sys=0,00, real=0,00 secs] 
2019-07-21T11:07:19.552-0300: 49975,006: [GC concurrent-cleanup-start]
2019-07-21T11:07:19.553-0300: 49975,006: [GC concurrent-cleanup-end, 0,0000167 secs]
2019-07-21T11:12:17.521-0300: 50272,974: [GC pause (G1 Evacuation Pause) (young), 0,0122718 secs]
   [Parallel Time: 10,9 ms, GC Workers: 4]
      [GC Worker Start (ms): Min: 50272974,3, Avg: 50272974,3, Max: 50272974,3, Diff: 0,0]
      [Ext Root Scanning (ms): Min: 0,0, Avg: 0,0, Max: 0,0, Diff: 0,0, Sum: 0,0]
      [Update RS (ms): Min: 0,0, Avg: 0,0, Max: 0,0, Diff: 0,0, Sum: 0,0]
         [Processed Buffers: Min: 9, Avg: 13,5, Max: 20, Diff: 11, Sum: 54]
      [Scan RS (ms): Min: 0,0, Avg: 0,0, Max: 0,0, Diff: 0,0, Sum: 0,0]
      [Code Root Scanning (ms): Min: 0,0, Avg: 0,0, Max: 0,0, Diff: 0,0, Sum: 0,0]
      [Object Copy (ms): Min: 10,5, Avg: 10,5, Max: 10,5, Diff: 0,0, Sum: 42,1]
      [Termination (ms): Min: 0,0, Avg: 0,0, Max: 0,0, Diff: 0,0, Sum: 0,1]
         [Termination Attempts: Min: 1, Avg: 1,8, Max: 2, Diff: 1, Sum: 7]
      [GC Worker Other (ms): Min: 0,0, Avg: 0,0, Max: 0,0, Diff: 0,0, Sum: 0,0]
      [GC Worker Total (ms): Min: 10,6, Avg: 10,6, Max: 10,6, Diff: 0,0, Sum: 42,2]
      [GC Worker End (ms): Min: 50272984,9, Avg: 50272984,9, Max: 50272984,9, Diff: 0,0]
   [Code Root Fixup: 0,0 ms]
   [Code Root Purge: 0,0 ms]
   [Clear CT: 0,5 ms]
   [Other: 0,9 ms]
      [Choose CSet: 0,0 ms]
      [Ref Proc: 0,4 ms]
      [Ref Enq: 0,0 ms]
      [Redirty Cards: 0,4 ms]
      [Humongous Register: 0,0 ms]
      [Humongous Reclaim: 0,0 ms]
      [Free CSet: 0,0 ms]
   [Eden: 44,0M(44,0M)->0,0B(6144,0K) Survivors: 7168,0K->6144,0K Heap: 219,4M(256,0M)->180,0M(256,0M)]
 [Times: user=0,05 sys=0,00, real=0,01 secs] 
2019-07-21T11:12:57.823-0300: 50313,276: [GC pause (G1 Evacuation Pause) (mixed), 0,0156086 secs]
   [Parallel Time: 14,1 ms, GC Workers: 4]
      [GC Worker Start (ms): Min: 50313276,1, Avg: 50313280,2, Max: 50313285,5, Diff: 9,4]
      [Ext Root Scanning (ms): Min: 0,0, Avg: 0,3, Max: 1,0, Diff: 1,0, Sum: 1,2]
      [Update RS (ms): Min: 0,0, Avg: 1,3, Max: 2,9, Diff: 2,9, Sum: 5,4]
         [Processed Buffers: Min: 0, Avg: 13,0, Max: 31, Diff: 31, Sum: 52]
      [Scan RS (ms): Min: 0,0, Avg: 0,3, Max: 0,6, Diff: 0,6, Sum: 1,2]
      [Code Root Scanning (ms): Min: 0,0, Avg: 0,0, Max: 0,2, Diff: 0,2, Sum: 0,2]
      [Object Copy (ms): Min: 4,0, Avg: 7,6, Max: 9,3, Diff: 5,3, Sum: 30,3]
      [Termination (ms): Min: 0,0, Avg: 0,3, Max: 0,5, Diff: 0,5, Sum: 1,3]
         [Termination Attempts: Min: 1, Avg: 1,2, Max: 2, Diff: 1, Sum: 5]
      [GC Worker Other (ms): Min: 0,0, Avg: 0,0, Max: 0,0, Diff: 0,0, Sum: 0,1]
      [GC Worker Total (ms): Min: 4,7, Avg: 9,9, Max: 14,0, Diff: 9,3, Sum: 39,6]
      [GC Worker End (ms): Min: 50313290,1, Avg: 50313290,1, Max: 50313290,2, Diff: 0,0]
   [Code Root Fixup: 0,0 ms]
   [Code Root Purge: 0,0 ms]
   [Clear CT: 0,5 ms]
   [Other: 1,0 ms]
      [Choose CSet: 0,0 ms]
      [Ref Proc: 0,4 ms]
      [Ref Enq: 0,0 ms]
      [Redirty Cards: 0,3 ms]
      [Humongous Register: 0,0 ms]
      [Humongous Reclaim: 0,0 ms]
      [Free CSet: 0,0 ms]
   [Eden: 6144,0K(6144,0K)->0,0B(61,0M) Survivors: 6144,0K->2048,0K Heap: 186,0M(256,0M)->160,5M(256,0M)]
 [Times: user=0,05 sys=0,00, real=0,02 secs] 
2019-07-21T11:19:31.815-0300: 50707,268: [GC pause (G1 Evacuation Pause) (young), 0,0147884 secs]
   [Parallel Time: 13,7 ms, GC Workers: 4]
      [GC Worker Start (ms): Min: 50707268,1, Avg: 50707268,6, Max: 50707269,4, Diff: 1,3]
      [Ext Root Scanning (ms): Min: 0,0, Avg: 2,9, Max: 9,4, Diff: 9,4, Sum: 11,7]
      [Update RS (ms): Min: 0,0, Avg: 4,8, Max: 7,5, Diff: 7,5, Sum: 19,1]
         [Processed Buffers: Min: 0, Avg: 15,5, Max: 36, Diff: 36, Sum: 62]
      [Scan RS (ms): Min: 0,0, Avg: 0,3, Max: 0,6, Diff: 0,6, Sum: 1,1]
      [Code Root Scanning (ms): Min: 0,0, Avg: 0,0, Max: 0,0, Diff: 0,0, Sum: 0,1]
      [Object Copy (ms): Min: 3,8, Avg: 5,0, Max: 6,2, Diff: 2,4, Sum: 20,0]
      [Termination (ms): Min: 0,0, Avg: 0,1, Max: 0,1, Diff: 0,1, Sum: 0,2]
         [Termination Attempts: Min: 1, Avg: 1,0, Max: 1, Diff: 0, Sum: 4]
      [GC Worker Other (ms): Min: 0,0, Avg: 0,0, Max: 0,1, Diff: 0,0, Sum: 0,1]
      [GC Worker Total (ms): Min: 12,4, Avg: 13,1, Max: 13,6, Diff: 1,3, Sum: 52,3]
      [GC Worker End (ms): Min: 50707281,7, Avg: 50707281,7, Max: 50707281,7, Diff: 0,0]
   [Code Root Fixup: 0,0 ms]
   [Code Root Purge: 0,0 ms]
   [Clear CT: 0,3 ms]
   [Other: 0,8 ms]
      [Choose CSet: 0,0 ms]
      [Ref Proc: 0,3 ms]
      [Ref Enq: 0,0 ms]
      [Redirty Cards: 0,3 ms]
      [Humongous Register: 0,0 ms]
      [Humongous Reclaim: 0,0 ms]
      [Free CSet: 0,0 ms]
   [Eden: 61,0M(61,0M)->0,0B(56,0M) Survivors: 2048,0K->7168,0K Heap: 221,5M(256,0M)->165,2M(256,0M)]
 [Times: user=0,02 sys=0,00, real=0,02 secs] 
2019-07-21T11:25:49.251-0300: 51084,704: [GC pause (G1 Evacuation Pause) (young) (initial-mark), 0,0083745 secs]
   [Parallel Time: 7,1 ms, GC Workers: 4]
      [GC Worker Start (ms): Min: 51084704,5, Avg: 51084704,7, Max: 51084705,1, Diff: 0,6]
      [Ext Root Scanning (ms): Min: 0,6, Avg: 0,8, Max: 1,4, Diff: 0,8, Sum: 3,3]
      [Update RS (ms): Min: 0,6, Avg: 1,5, Max: 1,9, Diff: 1,3, Sum: 6,0]
         [Processed Buffers: Min: 4, Avg: 12,0, Max: 28, Diff: 24, Sum: 48]
      [Scan RS (ms): Min: 0,0, Avg: 0,0, Max: 0,0, Diff: 0,0, Sum: 0,1]
      [Code Root Scanning (ms): Min: 0,0, Avg: 0,0, Max: 0,0, Diff: 0,0, Sum: 0,1]
      [Object Copy (ms): Min: 2,8, Avg: 2,8, Max: 2,8, Diff: 0,1, Sum: 11,2]
      [Termination (ms): Min: 0,9, Avg: 1,1, Max: 1,2, Diff: 0,3, Sum: 4,3]
         [Termination Attempts: Min: 1, Avg: 1,0, Max: 1, Diff: 0, Sum: 4]
      [GC Worker Other (ms): Min: 0,1, Avg: 0,1, Max: 0,1, Diff: 0,1, Sum: 0,4]
      [GC Worker Total (ms): Min: 6,0, Avg: 6,4, Max: 6,6, Diff: 0,6, Sum: 25,4]
      [GC Worker End (ms): Min: 51084710,8, Avg: 51084711,1, Max: 51084711,2, Diff: 0,3]
   [Code Root Fixup: 0,0 ms]
   [Code Root Purge: 0,0 ms]
   [Clear CT: 0,4 ms]
   [Other: 0,9 ms]
      [Choose CSet: 0,0 ms]
      [Ref Proc: 0,3 ms]
      [Ref Enq: 0,0 ms]
      [Redirty Cards: 0,4 ms]
      [Humongous Register: 0,0 ms]
      [Humongous Reclaim: 0,0 ms]
      [Free CSet: 0,0 ms]
   [Eden: 56,0M(56,0M)->0,0B(57,0M) Survivors: 7168,0K->6144,0K Heap: 221,2M(256,0M)->165,3M(256,0M)]
 [Times: user=0,05 sys=0,00, real=0,01 secs] 
2019-07-21T11:25:49.260-0300: 51084,713: [GC concurrent-root-region-scan-start]
2019-07-21T11:25:49.266-0300: 51084,719: [GC concurrent-root-region-scan-end, 0,0061658 secs]
2019-07-21T11:25:49.266-0300: 51084,719: [GC concurrent-mark-start]
2019-07-21T11:25:49.279-0300: 51084,733: [GC concurrent-mark-end, 0,0134868 secs]
2019-07-21T11:25:49.280-0300: 51084,733: [GC remark 2019-07-21T11:25:49.280-0300: 51084,733: [Finalize Marking, 0,0002464 secs] 2019-07-21T11:25:49.280-0300: 51084,733: [GC ref-proc, 0,0001742 secs] 2019-07-21T11:25:49.280-0300: 51084,733: [Unloading, 0,0070633 secs], 0,0084804 secs]
 [Times: user=0,00 sys=0,00, real=0,01 secs] 
2019-07-21T11:25:49.289-0300: 51084,742: [GC cleanup 166M->166M(256M), 0,0015180 secs]
 [Times: user=0,00 sys=0,00, real=0,00 secs] 
2019-07-21T11:32:11.814-0300: 51467,267: [GC pause (G1 Evacuation Pause) (young), 0,0155288 secs]
   [Parallel Time: 14,3 ms, GC Workers: 4]
      [GC Worker Start (ms): Min: 51467267,3, Avg: 51467273,1, Max: 51467277,7, Diff: 10,4]
      [Ext Root Scanning (ms): Min: 0,0, Avg: 0,3, Max: 1,0, Diff: 1,0, Sum: 1,1]
      [Update RS (ms): Min: 0,0, Avg: 1,2, Max: 3,0, Diff: 3,0, Sum: 4,8]
         [Processed Buffers: Min: 0, Avg: 12,5, Max: 38, Diff: 38, Sum: 50]
      [Scan RS (ms): Min: 0,0, Avg: 0,1, Max: 0,2, Diff: 0,2, Sum: 0,3]
      [Code Root Scanning (ms): Min: 0,0, Avg: 0,1, Max: 0,1, Diff: 0,1, Sum: 0,2]
      [Object Copy (ms): Min: 0,0, Avg: 3,0, Max: 6,0, Diff: 6,0, Sum: 11,9]
      [Termination (ms): Min: 3,6, Avg: 3,7, Max: 3,8, Diff: 0,2, Sum: 14,7]
         [Termination Attempts: Min: 1, Avg: 1,0, Max: 1, Diff: 0, Sum: 4]
      [GC Worker Other (ms): Min: 0,0, Avg: 0,0, Max: 0,1, Diff: 0,0, Sum: 0,1]
      [GC Worker Total (ms): Min: 3,7, Avg: 8,3, Max: 14,1, Diff: 10,4, Sum: 33,1]
      [GC Worker End (ms): Min: 51467281,3, Avg: 51467281,4, Max: 51467281,4, Diff: 0,1]
   [Code Root Fixup: 0,0 ms]
   [Code Root Purge: 0,0 ms]
   [Clear CT: 0,3 ms]
   [Other: 0,9 ms]
      [Choose CSet: 0,0 ms]
      [Ref Proc: 0,3 ms]
      [Ref Enq: 0,0 ms]
      [Redirty Cards: 0,3 ms]
      [Humongous Register: 0,0 ms]
      [Humongous Reclaim: 0,0 ms]
      [Free CSet: 0,0 ms]
   [Eden: 57,0M(57,0M)->0,0B(9216,0K) Survivors: 6144,0K->3072,0K Heap: 222,3M(256,0M)->165,4M(256,0M)]
 [Times: user=0,02 sys=0,01, real=0,02 secs] 
2019-07-21T11:33:12.182-0300: 51527,636: [GC pause (G1 Evacuation Pause) (mixed), 0,0079286 secs]
   [Parallel Time: 6,9 ms, GC Workers: 4]
      [GC Worker Start (ms): Min: 51527635,9, Avg: 51527638,2, Max: 51527641,7, Diff: 5,8]
      [Ext Root Scanning (ms): Min: 0,0, Avg: 0,3, Max: 1,0, Diff: 0,9, Sum: 1,1]
      [Update RS (ms): Min: 0,0, Avg: 2,1, Max: 3,3, Diff: 3,3, Sum: 8,4]
         [Processed Buffers: Min: 0, Avg: 13,8, Max: 28, Diff: 28, Sum: 55]
      [Scan RS (ms): Min: 0,0, Avg: 0,1, Max: 0,2, Diff: 0,2, Sum: 0,3]
      [Code Root Scanning (ms): Min: 0,0, Avg: 0,0, Max: 0,0, Diff: 0,0, Sum: 0,0]
      [Object Copy (ms): Min: 0,5, Avg: 1,6, Max: 2,2, Diff: 1,7, Sum: 6,4]
      [Termination (ms): Min: 0,0, Avg: 0,3, Max: 0,4, Diff: 0,4, Sum: 1,2]
         [Termination Attempts: Min: 1, Avg: 1,0, Max: 1, Diff: 0, Sum: 4]
      [GC Worker Other (ms): Min: 0,0, Avg: 0,0, Max: 0,0, Diff: 0,0, Sum: 0,1]
      [GC Worker Total (ms): Min: 1,0, Avg: 4,4, Max: 6,7, Diff: 5,7, Sum: 17,5]
      [GC Worker End (ms): Min: 51527642,6, Avg: 51527642,6, Max: 51527642,6, Diff: 0,0]
   [Code Root Fixup: 0,0 ms]
   [Code Root Purge: 0,0 ms]
   [Clear CT: 0,3 ms]
   [Other: 0,8 ms]
      [Choose CSet: 0,0 ms]
      [Ref Proc: 0,3 ms]
      [Ref Enq: 0,0 ms]
      [Redirty Cards: 0,3 ms]
      [Humongous Register: 0,0 ms]
      [Humongous Reclaim: 0,0 ms]
      [Free CSet: 0,0 ms]
   [Eden: 9216,0K(9216,0K)->0,0B(69,0M) Survivors: 3072,0K->2048,0K Heap: 174,4M(256,0M)->154,9M(256,0M)]
 [Times: user=0,02 sys=0,00, real=0,01 secs] 
2019-07-21T11:40:56.814-0300: 51992,267: [GC pause (G1 Evacuation Pause) (young), 0,0110204 secs]
   [Parallel Time: 9,6 ms, GC Workers: 4]
      [GC Worker Start (ms): Min: 51992267,2, Avg: 51992267,3, Max: 51992267,6, Diff: 0,4]
      [Ext Root Scanning (ms): Min: 0,0, Avg: 0,3, Max: 0,6, Diff: 0,5, Sum: 1,2]
      [Update RS (ms): Min: 0,0, Avg: 0,9, Max: 1,2, Diff: 1,2, Sum: 3,4]
         [Processed Buffers: Min: 0, Avg: 11,0, Max: 22, Diff: 22, Sum: 44]
      [Scan RS (ms): Min: 0,0, Avg: 0,0, Max: 0,1, Diff: 0,1, Sum: 0,1]
      [Code Root Scanning (ms): Min: 0,0, Avg: 0,0, Max: 0,0, Diff: 0,0, Sum: 0,1]
      [Object Copy (ms): Min: 7,8, Avg: 8,1, Max: 9,1, Diff: 1,3, Sum: 32,4]
      [Termination (ms): Min: 0,0, Avg: 0,0, Max: 0,0, Diff: 0,0, Sum: 0,0]
         [Termination Attempts: Min: 1, Avg: 1,0, Max: 1, Diff: 0, Sum: 4]
      [GC Worker Other (ms): Min: 0,0, Avg: 0,0, Max: 0,0, Diff: 0,0, Sum: 0,1]
      [GC Worker Total (ms): Min: 9,1, Avg: 9,3, Max: 9,5, Diff: 0,4, Sum: 37,3]
      [GC Worker End (ms): Min: 51992276,7, Avg: 51992276,7, Max: 51992276,7, Diff: 0,0]
   [Code Root Fixup: 0,0 ms]
   [Code Root Purge: 0,0 ms]
   [Clear CT: 0,3 ms]
   [Other: 1,1 ms]
      [Choose CSet: 0,0 ms]
      [Ref Proc: 0,5 ms]
      [Ref Enq: 0,0 ms]
      [Redirty Cards: 0,4 ms]
      [Humongous Register: 0,0 ms]
      [Humongous Reclaim: 0,0 ms]
      [Free CSet: 0,0 ms]
   [Eden: 69,0M(69,0M)->0,0B(57,0M) Survivors: 2048,0K->9216,0K Heap: 223,9M(256,0M)->162,3M(256,0M)]
 [Times: user=0,05 sys=0,00, real=0,02 secs] 
2019-07-21T11:47:21.816-0300: 52377,269: [GC pause (G1 Evacuation Pause) (young) (initial-mark), 0,0177427 secs]
   [Parallel Time: 16,4 ms, GC Workers: 4]
      [GC Worker Start (ms): Min: 52377269,6, Avg: 52377269,6, Max: 52377269,7, Diff: 0,2]
      [Ext Root Scanning (ms): Min: 0,7, Avg: 0,8, Max: 0,9, Diff: 0,2, Sum: 3,0]
      [Update RS (ms): Min: 0,5, Avg: 0,5, Max: 0,6, Diff: 0,1, Sum: 2,1]
         [Processed Buffers: Min: 2, Avg: 10,5, Max: 18, Diff: 16, Sum: 42]
      [Scan RS (ms): Min: 0,0, Avg: 0,0, Max: 0,0, Diff: 0,0, Sum: 0,1]
      [Code Root Scanning (ms): Min: 0,0, Avg: 0,0, Max: 0,0, Diff: 0,0, Sum: 0,1]
      [Object Copy (ms): Min: 14,1, Avg: 14,1, Max: 14,1, Diff: 0,0, Sum: 56,4]
      [Termination (ms): Min: 0,0, Avg: 0,0, Max: 0,0, Diff: 0,0, Sum: 0,0]
         [Termination Attempts: Min: 1, Avg: 1,0, Max: 1, Diff: 0, Sum: 4]
      [GC Worker Other (ms): Min: 0,0, Avg: 0,0, Max: 0,0, Diff: 0,0, Sum: 0,1]
      [GC Worker Total (ms): Min: 15,4, Avg: 15,5, Max: 15,6, Diff: 0,2, Sum: 62,0]
      [GC Worker End (ms): Min: 52377285,1, Avg: 52377285,1, Max: 52377285,1, Diff: 0,0]
   [Code Root Fixup: 0,0 ms]
   [Code Root Purge: 0,0 ms]
   [Clear CT: 0,4 ms]
   [Other: 0,9 ms]
      [Choose CSet: 0,0 ms]
      [Ref Proc: 0,3 ms]
      [Ref Enq: 0,0 ms]
      [Redirty Cards: 0,4 ms]
      [Humongous Register: 0,0 ms]
      [Humongous Reclaim: 0,0 ms]
      [Free CSet: 0,0 ms]
   [Eden: 57,0M(57,0M)->0,0B(55,0M) Survivors: 9216,0K->7168,0K Heap: 219,3M(256,0M)->167,0M(256,0M)]
 [Times: user=0,09 sys=0,00, real=0,02 secs] 
2019-07-21T11:47:21.834-0300: 52377,288: [GC concurrent-root-region-scan-start]
2019-07-21T11:47:21.844-0300: 52377,297: [GC concurrent-root-region-scan-end, 0,0094410 secs]
2019-07-21T11:47:21.844-0300: 52377,297: [GC concurrent-mark-start]
2019-07-21T11:47:21.862-0300: 52377,315: [GC concurrent-mark-end, 0,0176582 secs]
2019-07-21T11:47:21.862-0300: 52377,315: [GC remark 2019-07-21T11:47:21.862-0300: 52377,315: [Finalize Marking, 0,0002743 secs] 2019-07-21T11:47:21.862-0300: 52377,316: [GC ref-proc, 0,0001265 secs] 2019-07-21T11:47:21.863-0300: 52377,316: [Unloading, 0,0041734 secs], 0,0058639 secs]
 [Times: user=0,00 sys=0,00, real=0,01 secs] 
2019-07-21T11:47:21.869-0300: 52377,322: [GC cleanup 167M->163M(256M), 0,0016658 secs]
 [Times: user=0,00 sys=0,00, real=0,00 secs] 
2019-07-21T11:47:21.871-0300: 52377,324: [GC concurrent-cleanup-start]
2019-07-21T11:47:21.871-0300: 52377,324: [GC concurrent-cleanup-end, 0,0000232 secs]
2019-07-21T11:53:33.159-0300: 52748,612: [GC pause (G1 Evacuation Pause) (young), 0,0205052 secs]
   [Parallel Time: 19,1 ms, GC Workers: 4]
      [GC Worker Start (ms): Min: 52748612,2, Avg: 52748616,3, Max: 52748621,7, Diff: 9,5]
      [Ext Root Scanning (ms): Min: 0,0, Avg: 0,3, Max: 1,0, Diff: 1,0, Sum: 1,1]
      [Update RS (ms): Min: 0,0, Avg: 2,4, Max: 4,8, Diff: 4,8, Sum: 9,4]
         [Processed Buffers: Min: 0, Avg: 16,0, Max: 41, Diff: 41, Sum: 64]
      [Scan RS (ms): Min: 0,0, Avg: 0,1, Max: 0,1, Diff: 0,1, Sum: 0,3]
      [Code Root Scanning (ms): Min: 0,0, Avg: 0,0, Max: 0,0, Diff: 0,0, Sum: 0,1]
      [Object Copy (ms): Min: 9,4, Avg: 12,0, Max: 13,0, Diff: 3,6, Sum: 48,2]
      [Termination (ms): Min: 0,0, Avg: 0,0, Max: 0,0, Diff: 0,0, Sum: 0,0]
         [Termination Attempts: Min: 1, Avg: 1,0, Max: 1, Diff: 0, Sum: 4]
      [GC Worker Other (ms): Min: 0,0, Avg: 0,0, Max: 0,0, Diff: 0,0, Sum: 0,1]
      [GC Worker Total (ms): Min: 9,5, Avg: 14,8, Max: 18,9, Diff: 9,5, Sum: 59,2]
      [GC Worker End (ms): Min: 52748631,1, Avg: 52748631,1, Max: 52748631,2, Diff: 0,0]
   [Code Root Fixup: 0,0 ms]
   [Code Root Purge: 0,0 ms]
   [Clear CT: 0,4 ms]
   [Other: 1,0 ms]
      [Choose CSet: 0,0 ms]
      [Ref Proc: 0,4 ms]
      [Ref Enq: 0,0 ms]
      [Redirty Cards: 0,4 ms]
      [Humongous Register: 0,0 ms]
      [Humongous Reclaim: 0,0 ms]
      [Free CSet: 0,0 ms]
   [Eden: 55,0M(55,0M)->0,0B(5120,0K) Survivors: 7168,0K->7168,0K Heap: 218,0M(256,0M)->169,0M(256,0M)]
 [Times: user=0,09 sys=0,00, real=0,02 secs] 
2019-07-21T11:54:06.365-0300: 52781,818: [GC pause (G1 Evacuation Pause) (mixed), 0,0101964 secs]
   [Parallel Time: 8,7 ms, GC Workers: 4]
      [GC Worker Start (ms): Min: 52781818,4, Avg: 52781818,5, Max: 52781818,6, Diff: 0,2]
      [Ext Root Scanning (ms): Min: 0,2, Avg: 0,4, Max: 0,7, Diff: 0,4, Sum: 1,4]
      [Update RS (ms): Min: 2,5, Avg: 2,7, Max: 2,8, Diff: 0,3, Sum: 10,8]
         [Processed Buffers: Min: 6, Avg: 14,5, Max: 29, Diff: 23, Sum: 58]
      [Scan RS (ms): Min: 0,2, Avg: 0,3, Max: 0,4, Diff: 0,1, Sum: 1,2]
      [Code Root Scanning (ms): Min: 0,0, Avg: 0,1, Max: 0,2, Diff: 0,2, Sum: 0,2]
      [Object Copy (ms): Min: 4,9, Avg: 5,0, Max: 5,1, Diff: 0,2, Sum: 20,2]
      [Termination (ms): Min: 0,0, Avg: 0,0, Max: 0,0, Diff: 0,0, Sum: 0,0]
         [Termination Attempts: Min: 1, Avg: 1,0, Max: 1, Diff: 0, Sum: 4]
      [GC Worker Other (ms): Min: 0,0, Avg: 0,0, Max: 0,0, Diff: 0,0, Sum: 0,1]
      [GC Worker Total (ms): Min: 8,4, Avg: 8,5, Max: 8,6, Diff: 0,2, Sum: 33,9]
      [GC Worker End (ms): Min: 52781826,9, Avg: 52781826,9, Max: 52781827,0, Diff: 0,0]
   [Code Root Fixup: 0,0 ms]
   [Code Root Purge: 0,0 ms]
   [Clear CT: 0,5 ms]
   [Other: 1,0 ms]
      [Choose CSet: 0,0 ms]
      [Ref Proc: 0,3 ms]
      [Ref Enq: 0,0 ms]
      [Redirty Cards: 0,5 ms]
      [Humongous Register: 0,0 ms]
      [Humongous Reclaim: 0,0 ms]
      [Free CSet: 0,0 ms]
   [Eden: 5120,0K(5120,0K)->0,0B(59,0M) Survivors: 7168,0K->2048,0K Heap: 174,0M(256,0M)->163,0M(256,0M)]
 [Times: user=0,05 sys=0,00, real=0,00 secs] 
2019-07-21T12:00:41.229-0300: 53176,683: [GC pause (G1 Evacuation Pause) (young), 0,0161493 secs]
   [Parallel Time: 15,0 ms, GC Workers: 4]
      [GC Worker Start (ms): Min: 53176682,8, Avg: 53176683,8, Max: 53176685,7, Diff: 2,9]
      [Ext Root Scanning (ms): Min: 0,0, Avg: 0,3, Max: 0,6, Diff: 0,6, Sum: 1,1]
      [Update RS (ms): Min: 0,9, Avg: 4,6, Max: 11,9, Diff: 11,0, Sum: 18,6]
         [Processed Buffers: Min: 2, Avg: 14,8, Max: 26, Diff: 24, Sum: 59]
      [Scan RS (ms): Min: 0,0, Avg: 0,2, Max: 0,3, Diff: 0,3, Sum: 0,9]
      [Code Root Scanning (ms): Min: 0,0, Avg: 0,0, Max: 0,0, Diff: 0,0, Sum: 0,1]
      [Object Copy (ms): Min: 0,1, Avg: 7,0, Max: 10,8, Diff: 10,6, Sum: 27,9]
      [Termination (ms): Min: 0,0, Avg: 1,7, Max: 2,3, Diff: 2,3, Sum: 6,9]
         [Termination Attempts: Min: 1, Avg: 1,2, Max: 2, Diff: 1, Sum: 5]
      [GC Worker Other (ms): Min: 0,0, Avg: 0,0, Max: 0,0, Diff: 0,0, Sum: 0,1]
      [GC Worker Total (ms): Min: 12,0, Avg: 13,9, Max: 14,9, Diff: 2,9, Sum: 55,6]
      [GC Worker End (ms): Min: 53176697,7, Avg: 53176697,7, Max: 53176697,7, Diff: 0,0]
   [Code Root Fixup: 0,0 ms]
   [Code Root Purge: 0,0 ms]
   [Clear CT: 0,3 ms]
   [Other: 0,9 ms]
      [Choose CSet: 0,0 ms]
      [Ref Proc: 0,3 ms]
      [Ref Enq: 0,0 ms]
      [Redirty Cards: 0,3 ms]
      [Humongous Register: 0,0 ms]
      [Humongous Reclaim: 0,0 ms]
      [Free CSet: 0,0 ms]
   [Eden: 59,0M(59,0M)->0,0B(50,0M) Survivors: 2048,0K->8192,0K Heap: 222,0M(256,0M)->170,5M(256,0M)]
 [Times: user=0,07 sys=0,00, real=0,02 secs] 
2019-07-21T12:06:14.946-0300: 53510,400: [GC pause (G1 Evacuation Pause) (young) (initial-mark), 0,0136652 secs]
   [Parallel Time: 12,3 ms, GC Workers: 4]
      [GC Worker Start (ms): Min: 53510399,8, Avg: 53510399,9, Max: 53510400,0, Diff: 0,2]
      [Ext Root Scanning (ms): Min: 0,6, Avg: 0,7, Max: 0,7, Diff: 0,1, Sum: 2,6]
      [Update RS (ms): Min: 1,0, Avg: 1,0, Max: 1,0, Diff: 0,1, Sum: 4,0]
         [Processed Buffers: Min: 6, Avg: 12,8, Max: 28, Diff: 22, Sum: 51]
      [Scan RS (ms): Min: 0,0, Avg: 0,0, Max: 0,0, Diff: 0,0, Sum: 0,1]
      [Code Root Scanning (ms): Min: 0,0, Avg: 0,0, Max: 0,1, Diff: 0,1, Sum: 0,2]
      [Object Copy (ms): Min: 10,3, Avg: 10,3, Max: 10,3, Diff: 0,0, Sum: 41,2]
      [Termination (ms): Min: 0,1, Avg: 0,1, Max: 0,1, Diff: 0,0, Sum: 0,3]
         [Termination Attempts: Min: 1, Avg: 1,0, Max: 1, Diff: 0, Sum: 4]
      [GC Worker Other (ms): Min: 0,0, Avg: 0,0, Max: 0,0, Diff: 0,0, Sum: 0,1]
      [GC Worker Total (ms): Min: 12,1, Avg: 12,1, Max: 12,2, Diff: 0,2, Sum: 48,6]
      [GC Worker End (ms): Min: 53510412,0, Avg: 53510412,0, Max: 53510412,1, Diff: 0,0]
   [Code Root Fixup: 0,0 ms]
   [Code Root Purge: 0,0 ms]
   [Clear CT: 0,3 ms]
   [Other: 1,0 ms]
      [Choose CSet: 0,0 ms]
      [Ref Proc: 0,4 ms]
      [Ref Enq: 0,0 ms]
      [Redirty Cards: 0,5 ms]
      [Humongous Register: 0,0 ms]
      [Humongous Reclaim: 0,0 ms]
      [Free CSet: 0,0 ms]
   [Eden: 50,0M(50,0M)->0,0B(44,0M) Survivors: 8192,0K->7168,0K Heap: 220,5M(256,0M)->177,2M(256,0M)]
 [Times: user=0,07 sys=0,00, real=0,01 secs] 
2019-07-21T12:06:14.960-0300: 53510,414: [GC concurrent-root-region-scan-start]
2019-07-21T12:06:14.968-0300: 53510,422: [GC concurrent-root-region-scan-end, 0,0079960 secs]
2019-07-21T12:06:14.968-0300: 53510,422: [GC concurrent-mark-start]
2019-07-21T12:06:14.983-0300: 53510,436: [GC concurrent-mark-end, 0,0146367 secs]
2019-07-21T12:06:14.983-0300: 53510,437: [GC remark 2019-07-21T12:06:14.984-0300: 53510,437: [Finalize Marking, 0,0003257 secs] 2019-07-21T12:06:14.984-0300: 53510,437: [GC ref-proc, 0,0001565 secs] 2019-07-21T12:06:14.984-0300: 53510,437: [Unloading, 0,0041573 secs], 0,0067169 secs]
 [Times: user=0,04 sys=0,00, real=0,01 secs] 
2019-07-21T12:06:14.991-0300: 53510,444: [GC cleanup 177M->172M(256M), 0,0012235 secs]
 [Times: user=0,00 sys=0,00, real=0,00 secs] 
2019-07-21T12:06:14.992-0300: 53510,445: [GC concurrent-cleanup-start]
2019-07-21T12:06:14.992-0300: 53510,445: [GC concurrent-cleanup-end, 0,0000172 secs]
2019-07-21T12:11:13.253-0300: 53808,706: [GC pause (G1 Evacuation Pause) (young), 0,0175554 secs]
   [Parallel Time: 16,3 ms, GC Workers: 4]
      [GC Worker Start (ms): Min: 53808706,3, Avg: 53808708,2, Max: 53808713,7, Diff: 7,4]
      [Ext Root Scanning (ms): Min: 0,0, Avg: 0,6, Max: 1,0, Diff: 1,0, Sum: 2,4]
      [Update RS (ms): Min: 0,0, Avg: 1,5, Max: 2,1, Diff: 2,1, Sum: 5,9]
         [Processed Buffers: Min: 0, Avg: 14,2, Max: 37, Diff: 37, Sum: 57]
      [Scan RS (ms): Min: 0,0, Avg: 0,3, Max: 0,4, Diff: 0,4, Sum: 1,1]
      [Code Root Scanning (ms): Min: 0,0, Avg: 0,0, Max: 0,0, Diff: 0,0, Sum: 0,1]
      [Object Copy (ms): Min: 7,0, Avg: 10,8, Max: 12,7, Diff: 5,7, Sum: 43,3]
      [Termination (ms): Min: 0,0, Avg: 0,9, Max: 1,7, Diff: 1,7, Sum: 3,5]
         [Termination Attempts: Min: 1, Avg: 1,0, Max: 1, Diff: 0, Sum: 4]
      [GC Worker Other (ms): Min: 0,0, Avg: 0,0, Max: 0,1, Diff: 0,0, Sum: 0,2]
      [GC Worker Total (ms): Min: 8,6, Avg: 14,1, Max: 16,1, Diff: 7,5, Sum: 56,4]
      [GC Worker End (ms): Min: 53808722,2, Avg: 53808722,3, Max: 53808722,4, Diff: 0,2]
   [Code Root Fixup: 0,0 ms]
   [Code Root Purge: 0,0 ms]
   [Clear CT: 0,3 ms]
   [Other: 0,9 ms]
      [Choose CSet: 0,0 ms]
      [Ref Proc: 0,3 ms]
      [Ref Enq: 0,0 ms]
      [Redirty Cards: 0,4 ms]
      [Humongous Register: 0,0 ms]
      [Humongous Reclaim: 0,0 ms]
      [Free CSet: 0,0 ms]
   [Eden: 44,0M(44,0M)->0,0B(6144,0K) Survivors: 7168,0K->6144,0K Heap: 216,2M(256,0M)->177,0M(256,0M)]
 [Times: user=0,07 sys=0,00, real=0,02 secs] 
2019-07-21T12:11:55.163-0300: 53850,616: [GC pause (G1 Evacuation Pause) (mixed), 0,0135782 secs]
   [Parallel Time: 11,4 ms, GC Workers: 4]
      [GC Worker Start (ms): Min: 53850616,4, Avg: 53850620,5, Max: 53850627,6, Diff: 11,2]
      [Ext Root Scanning (ms): Min: 0,0, Avg: 0,3, Max: 0,5, Diff: 0,5, Sum: 1,0]
      [Update RS (ms): Min: 0,0, Avg: 0,0, Max: 0,0, Diff: 0,0, Sum: 0,0]
         [Processed Buffers: Min: 0, Avg: 11,5, Max: 28, Diff: 28, Sum: 46]
      [Scan RS (ms): Min: 0,0, Avg: 0,0, Max: 0,0, Diff: 0,0, Sum: 0,0]
      [Code Root Scanning (ms): Min: 0,0, Avg: 0,0, Max: 0,0, Diff: 0,0, Sum: 0,0]
      [Object Copy (ms): Min: 0,1, Avg: 6,9, Max: 10,8, Diff: 10,7, Sum: 27,6]
      [Termination (ms): Min: 0,0, Avg: 0,0, Max: 0,0, Diff: 0,0, Sum: 0,0]
         [Termination Attempts: Min: 1, Avg: 1,0, Max: 1, Diff: 0, Sum: 4]
      [GC Worker Other (ms): Min: 0,0, Avg: 0,0, Max: 0,0, Diff: 0,0, Sum: 0,1]
      [GC Worker Total (ms): Min: 0,2, Avg: 7,2, Max: 11,3, Diff: 11,2, Sum: 28,7]
      [GC Worker End (ms): Min: 53850627,7, Avg: 53850627,7, Max: 53850627,7, Diff: 0,0]
   [Code Root Fixup: 0,0 ms]
   [Code Root Purge: 0,0 ms]
   [Clear CT: 0,4 ms]
   [Other: 1,8 ms]
      [Choose CSet: 0,0 ms]
      [Ref Proc: 0,3 ms]
      [Ref Enq: 0,0 ms]
      [Redirty Cards: 1,3 ms]
      [Humongous Register: 0,0 ms]
      [Humongous Reclaim: 0,0 ms]
      [Free CSet: 0,0 ms]
   [Eden: 6144,0K(6144,0K)->0,0B(61,0M) Survivors: 6144,0K->2048,0K Heap: 183,0M(256,0M)->160,5M(256,0M)]
 [Times: user=0,05 sys=0,00, real=0,02 secs] 
2019-07-21T12:18:26.814-0300: 54242,267: [GC pause (G1 Evacuation Pause) (young), 0,0150110 secs]
   [Parallel Time: 13,4 ms, GC Workers: 4]
      [GC Worker Start (ms): Min: 54242267,4, Avg: 54242268,4, Max: 54242269,7, Diff: 2,3]
      [Ext Root Scanning (ms): Min: 0,0, Avg: 3,3, Max: 9,6, Diff: 9,5, Sum: 13,3]
      [Update RS (ms): Min: 0,0, Avg: 2,7, Max: 4,8, Diff: 4,8, Sum: 10,7]
         [Processed Buffers: Min: 0, Avg: 18,8, Max: 31, Diff: 31, Sum: 75]
      [Scan RS (ms): Min: 0,0, Avg: 0,0, Max: 0,1, Diff: 0,0, Sum: 0,1]
      [Code Root Scanning (ms): Min: 0,0, Avg: 0,0, Max: 0,0, Diff: 0,0, Sum: 0,1]
      [Object Copy (ms): Min: 3,0, Avg: 6,2, Max: 7,2, Diff: 4,2, Sum: 24,6]
      [Termination (ms): Min: 0,0, Avg: 0,0, Max: 0,0, Diff: 0,0, Sum: 0,0]
         [Termination Attempts: Min: 1, Avg: 1,0, Max: 1, Diff: 0, Sum: 4]
      [GC Worker Other (ms): Min: 0,0, Avg: 0,0, Max: 0,0, Diff: 0,0, Sum: 0,1]
      [GC Worker Total (ms): Min: 11,0, Avg: 12,2, Max: 13,3, Diff: 2,3, Sum: 48,9]
      [GC Worker End (ms): Min: 54242280,6, Avg: 54242280,6, Max: 54242280,6, Diff: 0,0]
   [Code Root Fixup: 0,0 ms]
   [Code Root Purge: 0,0 ms]
   [Clear CT: 0,5 ms]
   [Other: 1,2 ms]
      [Choose CSet: 0,0 ms]
      [Ref Proc: 0,6 ms]
      [Ref Enq: 0,0 ms]
      [Redirty Cards: 0,4 ms]
      [Humongous Register: 0,0 ms]
      [Humongous Reclaim: 0,0 ms]
      [Free CSet: 0,0 ms]
   [Eden: 61,0M(61,0M)->0,0B(52,0M) Survivors: 2048,0K->8192,0K Heap: 221,5M(256,0M)->168,5M(256,0M)]
 [Times: user=0,05 sys=0,00, real=0,02 secs] 
2019-07-21T12:24:18.320-0300: 54593,773: [GC pause (G1 Evacuation Pause) (young) (initial-mark), 0,0126366 secs]
   [Parallel Time: 10,7 ms, GC Workers: 4]
      [GC Worker Start (ms): Min: 54593772,9, Avg: 54593773,1, Max: 54593773,5, Diff: 0,6]
      [Ext Root Scanning (ms): Min: 0,6, Avg: 2,6, Max: 4,8, Diff: 4,1, Sum: 10,3]
      [Update RS (ms): Min: 0,0, Avg: 1,0, Max: 2,0, Diff: 2,0, Sum: 4,0]
         [Processed Buffers: Min: 0, Avg: 12,0, Max: 30, Diff: 30, Sum: 48]
      [Scan RS (ms): Min: 0,0, Avg: 0,0, Max: 0,1, Diff: 0,1, Sum: 0,1]
      [Code Root Scanning (ms): Min: 0,0, Avg: 0,0, Max: 0,0, Diff: 0,0, Sum: 0,1]
      [Object Copy (ms): Min: 5,6, Avg: 6,6, Max: 7,6, Diff: 2,0, Sum: 26,5]
      [Termination (ms): Min: 0,0, Avg: 0,0, Max: 0,0, Diff: 0,0, Sum: 0,0]
         [Termination Attempts: Min: 1, Avg: 1,0, Max: 1, Diff: 0, Sum: 4]
      [GC Worker Other (ms): Min: 0,0, Avg: 0,0, Max: 0,0, Diff: 0,0, Sum: 0,1]
      [GC Worker Total (ms): Min: 9,9, Avg: 10,3, Max: 10,4, Diff: 0,6, Sum: 41,1]
      [GC Worker End (ms): Min: 54593783,4, Avg: 54593783,4, Max: 54593783,4, Diff: 0,0]
   [Code Root Fixup: 0,0 ms]
   [Code Root Purge: 0,0 ms]
   [Clear CT: 0,4 ms]
   [Other: 1,5 ms]
      [Choose CSet: 0,0 ms]
      [Ref Proc: 0,8 ms]
      [Ref Enq: 0,0 ms]
      [Redirty Cards: 0,6 ms]
      [Humongous Register: 0,0 ms]
      [Humongous Reclaim: 0,0 ms]
      [Free CSet: 0,0 ms]
   [Eden: 52,0M(52,0M)->0,0B(55,0M) Survivors: 8192,0K->3072,0K Heap: 220,5M(256,0M)->168,3M(256,0M)]
 [Times: user=0,03 sys=0,00, real=0,01 secs] 
2019-07-21T12:24:18.332-0300: 54593,786: [GC concurrent-root-region-scan-start]
2019-07-21T12:24:18.336-0300: 54593,789: [GC concurrent-root-region-scan-end, 0,0032103 secs]
2019-07-21T12:24:18.336-0300: 54593,789: [GC concurrent-mark-start]
2019-07-21T12:24:18.349-0300: 54593,802: [GC concurrent-mark-end, 0,0135712 secs]
2019-07-21T12:24:18.350-0300: 54593,803: [GC remark 2019-07-21T12:24:18.350-0300: 54593,803: [Finalize Marking, 0,0002430 secs] 2019-07-21T12:24:18.350-0300: 54593,803: [GC ref-proc, 0,0001486 secs] 2019-07-21T12:24:18.350-0300: 54593,803: [Unloading, 0,0031641 secs], 0,0044879 secs]
 [Times: user=0,03 sys=0,00, real=0,00 secs] 
2019-07-21T12:24:18.355-0300: 54593,808: [GC cleanup 168M->163M(256M), 0,0014140 secs]
 [Times: user=0,00 sys=0,00, real=0,00 secs] 
2019-07-21T12:24:18.356-0300: 54593,809: [GC concurrent-cleanup-start]
2019-07-21T12:24:18.356-0300: 54593,809: [GC concurrent-cleanup-end, 0,0000205 secs]
2019-07-21T12:30:26.814-0300: 54962,267: [GC pause (G1 Evacuation Pause) (young), 0,0231833 secs]
   [Parallel Time: 14,1 ms, GC Workers: 4]
      [GC Worker Start (ms): Min: 54962267,5, Avg: 54962273,3, Max: 54962280,9, Diff: 13,4]
      [Ext Root Scanning (ms): Min: 0,0, Avg: 0,4, Max: 1,6, Diff: 1,5, Sum: 1,7]
      [Update RS (ms): Min: 0,0, Avg: 2,2, Max: 5,1, Diff: 5,1, Sum: 8,9]
         [Processed Buffers: Min: 0, Avg: 17,0, Max: 38, Diff: 38, Sum: 68]
      [Scan RS (ms): Min: 0,0, Avg: 0,0, Max: 0,0, Diff: 0,0, Sum: 0,1]
      [Code Root Scanning (ms): Min: 0,0, Avg: 0,0, Max: 0,0, Diff: 0,0, Sum: 0,1]
      [Object Copy (ms): Min: 0,4, Avg: 5,4, Max: 7,0, Diff: 6,6, Sum: 21,4]
      [Termination (ms): Min: 0,1, Avg: 0,1, Max: 0,2, Diff: 0,1, Sum: 0,5]
         [Termination Attempts: Min: 12, Avg: 22,0, Max: 34, Diff: 22, Sum: 88]
      [GC Worker Other (ms): Min: 0,0, Avg: 0,0, Max: 0,0, Diff: 0,0, Sum: 0,1]
      [GC Worker Total (ms): Min: 0,6, Avg: 8,2, Max: 13,9, Diff: 13,3, Sum: 32,7]
      [GC Worker End (ms): Min: 54962281,5, Avg: 54962281,5, Max: 54962281,5, Diff: 0,0]
   [Code Root Fixup: 0,0 ms]
   [Code Root Purge: 0,0 ms]
   [Clear CT: 0,4 ms]
   [Other: 8,6 ms]
      [Choose CSet: 0,0 ms]
      [Ref Proc: 8,0 ms]
      [Ref Enq: 0,0 ms]
      [Redirty Cards: 0,4 ms]
      [Humongous Register: 0,0 ms]
      [Humongous Reclaim: 0,0 ms]
      [Free CSet: 0,0 ms]
   [Eden: 55,0M(55,0M)->0,0B(4096,0K) Survivors: 3072,0K->8192,0K Heap: 218,3M(256,0M)->168,8M(256,0M)]
 [Times: user=0,04 sys=0,01, real=0,03 secs] 
2019-07-21T12:30:54.599-0300: 54990,052: [GC pause (G1 Evacuation Pause) (mixed), 0,0105049 secs]
   [Parallel Time: 9,1 ms, GC Workers: 4]
      [GC Worker Start (ms): Min: 54990052,1, Avg: 54990055,6, Max: 54990060,1, Diff: 8,0]
      [Ext Root Scanning (ms): Min: 0,0, Avg: 0,3, Max: 1,0, Diff: 1,0, Sum: 1,1]
      [Update RS (ms): Min: 0,0, Avg: 0,2, Max: 0,7, Diff: 0,7, Sum: 0,9]
         [Processed Buffers: Min: 0, Avg: 7,2, Max: 20, Diff: 20, Sum: 29]
      [Scan RS (ms): Min: 0,0, Avg: 0,1, Max: 0,2, Diff: 0,2, Sum: 0,3]
      [Code Root Scanning (ms): Min: 0,0, Avg: 0,0, Max: 0,1, Diff: 0,1, Sum: 0,1]
      [Object Copy (ms): Min: 0,9, Avg: 5,0, Max: 7,1, Diff: 6,2, Sum: 19,8]
      [Termination (ms): Min: 0,0, Avg: 0,1, Max: 0,1, Diff: 0,1, Sum: 0,2]
         [Termination Attempts: Min: 1, Avg: 1,2, Max: 2, Diff: 1, Sum: 5]
      [GC Worker Other (ms): Min: 0,0, Avg: 0,0, Max: 0,0, Diff: 0,0, Sum: 0,1]
      [GC Worker Total (ms): Min: 1,1, Avg: 5,6, Max: 9,1, Diff: 8,0, Sum: 22,6]
      [GC Worker End (ms): Min: 54990061,2, Avg: 54990061,2, Max: 54990061,2, Diff: 0,0]
   [Code Root Fixup: 0,0 ms]
   [Code Root Purge: 0,0 ms]
   [Clear CT: 0,3 ms]
   [Other: 1,1 ms]
      [Choose CSet: 0,0 ms]
      [Ref Proc: 0,5 ms]
      [Ref Enq: 0,0 ms]
      [Redirty Cards: 0,4 ms]
      [Humongous Register: 0,0 ms]
      [Humongous Reclaim: 0,0 ms]
      [Free CSet: 0,0 ms]
   [Eden: 4096,0K(4096,0K)->0,0B(65,0M) Survivors: 8192,0K->2048,0K Heap: 172,8M(256,0M)->156,7M(256,0M)]
 [Times: user=0,03 sys=0,00, real=0,01 secs] 
2019-07-21T12:38:12.507-0300: 55427,960: [GC pause (G1 Evacuation Pause) (young), 0,0143554 secs]
   [Parallel Time: 13,3 ms, GC Workers: 4]
      [GC Worker Start (ms): Min: 55427960,6, Avg: 55427962,4, Max: 55427965,6, Diff: 5,1]
      [Ext Root Scanning (ms): Min: 0,0, Avg: 0,3, Max: 1,0, Diff: 1,0, Sum: 1,1]
      [Update RS (ms): Min: 0,0, Avg: 2,0, Max: 2,7, Diff: 2,7, Sum: 8,1]
         [Processed Buffers: Min: 0, Avg: 12,8, Max: 22, Diff: 22, Sum: 51]
      [Scan RS (ms): Min: 0,0, Avg: 0,0, Max: 0,1, Diff: 0,1, Sum: 0,1]
      [Code Root Scanning (ms): Min: 0,0, Avg: 0,0, Max: 0,1, Diff: 0,1, Sum: 0,1]
      [Object Copy (ms): Min: 8,0, Avg: 8,9, Max: 9,3, Diff: 1,3, Sum: 35,7]
      [Termination (ms): Min: 0,1, Avg: 0,1, Max: 0,1, Diff: 0,0, Sum: 0,3]
         [Termination Attempts: Min: 1, Avg: 1,0, Max: 1, Diff: 0, Sum: 4]
      [GC Worker Other (ms): Min: 0,0, Avg: 0,0, Max: 0,0, Diff: 0,0, Sum: 0,1]
      [GC Worker Total (ms): Min: 8,1, Avg: 11,4, Max: 13,2, Diff: 5,1, Sum: 45,5]
      [GC Worker End (ms): Min: 55427973,8, Avg: 55427973,8, Max: 55427973,8, Diff: 0,0]
   [Code Root Fixup: 0,0 ms]
   [Code Root Purge: 0,0 ms]
   [Clear CT: 0,2 ms]
   [Other: 0,8 ms]
      [Choose CSet: 0,0 ms]
      [Ref Proc: 0,3 ms]
      [Ref Enq: 0,0 ms]
      [Redirty Cards: 0,3 ms]
      [Humongous Register: 0,0 ms]
      [Humongous Reclaim: 0,0 ms]
      [Free CSet: 0,0 ms]
   [Eden: 65,0M(65,0M)->0,0B(54,0M) Survivors: 2048,0K->9216,0K Heap: 221,7M(256,0M)->166,0M(256,0M)]
 [Times: user=0,04 sys=0,00, real=0,01 secs] 
2019-07-21T12:44:18.409-0300: 55793,862: [GC pause (G1 Evacuation Pause) (young) (initial-mark), 0,0188267 secs]
   [Parallel Time: 17,5 ms, GC Workers: 4]
      [GC Worker Start (ms): Min: 55793862,0, Avg: 55793862,5, Max: 55793862,9, Diff: 0,9]
      [Ext Root Scanning (ms): Min: 0,1, Avg: 1,2, Max: 3,6, Diff: 3,6, Sum: 5,0]
      [Update RS (ms): Min: 0,0, Avg: 1,1, Max: 1,6, Diff: 1,6, Sum: 4,3]
         [Processed Buffers: Min: 0, Avg: 11,2, Max: 22, Diff: 22, Sum: 45]
      [Scan RS (ms): Min: 0,0, Avg: 0,0, Max: 0,1, Diff: 0,1, Sum: 0,1]
      [Code Root Scanning (ms): Min: 0,0, Avg: 0,0, Max: 0,0, Diff: 0,0, Sum: 0,1]
      [Object Copy (ms): Min: 13,6, Avg: 14,5, Max: 14,9, Diff: 1,3, Sum: 58,0]
      [Termination (ms): Min: 0,0, Avg: 0,0, Max: 0,0, Diff: 0,0, Sum: 0,0]
         [Termination Attempts: Min: 1, Avg: 1,2, Max: 2, Diff: 1, Sum: 5]
      [GC Worker Other (ms): Min: 0,0, Avg: 0,0, Max: 0,0, Diff: 0,0, Sum: 0,2]
      [GC Worker Total (ms): Min: 16,5, Avg: 16,9, Max: 17,4, Diff: 0,9, Sum: 67,7]
      [GC Worker End (ms): Min: 55793879,4, Avg: 55793879,4, Max: 55793879,4, Diff: 0,0]
   [Code Root Fixup: 0,0 ms]
   [Code Root Purge: 0,0 ms]
   [Clear CT: 0,2 ms]
   [Other: 1,1 ms]
      [Choose CSet: 0,0 ms]
      [Ref Proc: 0,4 ms]
      [Ref Enq: 0,0 ms]
      [Redirty Cards: 0,4 ms]
      [Humongous Register: 0,0 ms]
      [Humongous Reclaim: 0,0 ms]
      [Free CSet: 0,1 ms]
   [Eden: 54,0M(54,0M)->0,0B(49,0M) Survivors: 9216,0K->7168,0K Heap: 220,0M(256,0M)->171,9M(256,0M)]
 [Times: user=0,10 sys=0,00, real=0,02 secs] 
2019-07-21T12:44:18.428-0300: 55793,881: [GC concurrent-root-region-scan-start]
2019-07-21T12:44:18.438-0300: 55793,891: [GC concurrent-root-region-scan-end, 0,0101585 secs]
2019-07-21T12:44:18.438-0300: 55793,891: [GC concurrent-mark-start]
2019-07-21T12:44:18.452-0300: 55793,906: [GC concurrent-mark-end, 0,0145193 secs]
2019-07-21T12:44:18.453-0300: 55793,906: [GC remark 2019-07-21T12:44:18.453-0300: 55793,906: [Finalize Marking, 0,0003859 secs] 2019-07-21T12:44:18.453-0300: 55793,906: [GC ref-proc, 0,0001465 secs] 2019-07-21T12:44:18.453-0300: 55793,907: [Unloading, 0,0045163 secs], 0,0060254 secs]
 [Times: user=0,06 sys=0,00, real=0,01 secs] 
2019-07-21T12:44:18.459-0300: 55793,913: [GC cleanup 171M->170M(256M), 0,0013601 secs]
 [Times: user=0,00 sys=0,00, real=0,00 secs] 
2019-07-21T12:44:18.461-0300: 55793,914: [GC concurrent-cleanup-start]
2019-07-21T12:44:18.461-0300: 55793,914: [GC concurrent-cleanup-end, 0,0000210 secs]
2019-07-21T12:49:51.195-0300: 56126,649: [GC pause (G1 Evacuation Pause) (young), 0,0166989 secs]
   [Parallel Time: 15,4 ms, GC Workers: 4]
      [GC Worker Start (ms): Min: 56126648,7, Avg: 56126652,0, Max: 56126656,3, Diff: 7,6]
      [Ext Root Scanning (ms): Min: 0,0, Avg: 0,3, Max: 1,0, Diff: 1,0, Sum: 1,1]
      [Update RS (ms): Min: 0,0, Avg: 1,2, Max: 2,4, Diff: 2,4, Sum: 4,8]
         [Processed Buffers: Min: 0, Avg: 14,0, Max: 38, Diff: 38, Sum: 56]
      [Scan RS (ms): Min: 0,0, Avg: 0,2, Max: 0,4, Diff: 0,4, Sum: 0,7]
      [Code Root Scanning (ms): Min: 0,0, Avg: 0,0, Max: 0,0, Diff: 0,0, Sum: 0,1]
      [Object Copy (ms): Min: 7,7, Avg: 10,3, Max: 11,5, Diff: 3,8, Sum: 41,3]
      [Termination (ms): Min: 0,0, Avg: 0,1, Max: 0,1, Diff: 0,1, Sum: 0,2]
         [Termination Attempts: Min: 1, Avg: 1,0, Max: 1, Diff: 0, Sum: 4]
      [GC Worker Other (ms): Min: 0,0, Avg: 0,0, Max: 0,0, Diff: 0,0, Sum: 0,1]
      [GC Worker Total (ms): Min: 7,8, Avg: 12,1, Max: 15,4, Diff: 7,6, Sum: 48,4]
      [GC Worker End (ms): Min: 56126664,1, Avg: 56126664,1, Max: 56126664,1, Diff: 0,0]
   [Code Root Fixup: 0,0 ms]
   [Code Root Purge: 0,0 ms]
   [Clear CT: 0,4 ms]
   [Other: 0,9 ms]
      [Choose CSet: 0,0 ms]
      [Ref Proc: 0,4 ms]
      [Ref Enq: 0,0 ms]
      [Redirty Cards: 0,4 ms]
      [Humongous Register: 0,0 ms]
      [Humongous Reclaim: 0,0 ms]
      [Free CSet: 0,0 ms]
   [Eden: 49,0M(49,0M)->0,0B(6144,0K) Survivors: 7168,0K->6144,0K Heap: 219,9M(256,0M)->176,5M(256,0M)]
 [Times: user=0,06 sys=0,00, real=0,02 secs] 
2019-07-21T12:50:30.683-0300: 56166,136: [GC pause (G1 Evacuation Pause) (mixed), 0,0123600 secs]
   [Parallel Time: 11,3 ms, GC Workers: 4]
      [GC Worker Start (ms): Min: 56166136,4, Avg: 56166140,4, Max: 56166147,5, Diff: 11,1]
      [Ext Root Scanning (ms): Min: 0,0, Avg: 0,0, Max: 0,0, Diff: 0,0, Sum: 0,1]
      [Update RS (ms): Min: 0,0, Avg: 2,3, Max: 4,7, Diff: 4,7, Sum: 9,3]
         [Processed Buffers: Min: 0, Avg: 13,8, Max: 34, Diff: 34, Sum: 55]
      [Scan RS (ms): Min: 0,0, Avg: 0,3, Max: 0,5, Diff: 0,5, Sum: 1,0]
      [Code Root Scanning (ms): Min: 0,0, Avg: 0,0, Max: 0,1, Diff: 0,1, Sum: 0,2]
      [Object Copy (ms): Min: 0,0, Avg: 4,3, Max: 5,7, Diff: 5,7, Sum: 17,2]
      [Termination (ms): Min: 0,0, Avg: 0,1, Max: 0,2, Diff: 0,2, Sum: 0,5]
         [Termination Attempts: Min: 1, Avg: 1,2, Max: 2, Diff: 1, Sum: 5]
      [GC Worker Other (ms): Min: 0,0, Avg: 0,1, Max: 0,3, Diff: 0,2, Sum: 0,4]
      [GC Worker Total (ms): Min: 0,1, Avg: 7,2, Max: 11,2, Diff: 11,1, Sum: 28,6]
      [GC Worker End (ms): Min: 56166147,5, Avg: 56166147,5, Max: 56166147,5, Diff: 0,0]
   [Code Root Fixup: 0,0 ms]
   [Code Root Purge: 0,0 ms]
   [Clear CT: 0,3 ms]
   [Other: 0,8 ms]
      [Choose CSet: 0,0 ms]
      [Ref Proc: 0,3 ms]
      [Ref Enq: 0,0 ms]
      [Redirty Cards: 0,3 ms]
      [Humongous Register: 0,0 ms]
      [Humongous Reclaim: 0,0 ms]
      [Free CSet: 0,0 ms]
   [Eden: 6144,0K(6144,0K)->0,0B(60,0M) Survivors: 6144,0K->2048,0K Heap: 182,5M(256,0M)->161,5M(256,0M)]
 [Times: user=0,04 sys=0,00, real=0,01 secs] 
2019-07-21T12:57:14.364-0300: 56569,817: [GC pause (G1 Evacuation Pause) (young), 0,0176831 secs]
   [Parallel Time: 15,6 ms, GC Workers: 4]
      [GC Worker Start (ms): Min: 56569817,0, Avg: 56569817,1, Max: 56569817,4, Diff: 0,4]
      [Ext Root Scanning (ms): Min: 0,0, Avg: 0,3, Max: 0,6, Diff: 0,5, Sum: 1,1]
      [Update RS (ms): Min: 2,4, Avg: 3,4, Max: 3,8, Diff: 1,3, Sum: 13,5]
         [Processed Buffers: Min: 9, Avg: 16,5, Max: 34, Diff: 25, Sum: 66]
      [Scan RS (ms): Min: 0,2, Avg: 0,2, Max: 0,2, Diff: 0,0, Sum: 0,9]
      [Code Root Scanning (ms): Min: 0,0, Avg: 0,0, Max: 0,0, Diff: 0,0, Sum: 0,1]
      [Object Copy (ms): Min: 11,0, Avg: 11,4, Max: 12,4, Diff: 1,4, Sum: 45,4]
      [Termination (ms): Min: 0,0, Avg: 0,0, Max: 0,0, Diff: 0,0, Sum: 0,1]
         [Termination Attempts: Min: 1, Avg: 1,2, Max: 2, Diff: 1, Sum: 5]
      [GC Worker Other (ms): Min: 0,0, Avg: 0,0, Max: 0,0, Diff: 0,0, Sum: 0,1]
      [GC Worker Total (ms): Min: 15,0, Avg: 15,3, Max: 15,5, Diff: 0,4, Sum: 61,2]
      [GC Worker End (ms): Min: 56569832,4, Avg: 56569832,4, Max: 56569832,4, Diff: 0,0]
   [Code Root Fixup: 0,0 ms]
   [Code Root Purge: 0,0 ms]
   [Clear CT: 1,1 ms]
   [Other: 1,0 ms]
      [Choose CSet: 0,0 ms]
      [Ref Proc: 0,3 ms]
      [Ref Enq: 0,0 ms]
      [Redirty Cards: 0,5 ms]
      [Humongous Register: 0,0 ms]
      [Humongous Reclaim: 0,0 ms]
      [Free CSet: 0,0 ms]
   [Eden: 60,0M(60,0M)->0,0B(52,0M) Survivors: 2048,0K->8192,0K Heap: 221,5M(256,0M)->169,0M(256,0M)]
 [Times: user=0,10 sys=0,00, real=0,02 secs] 
2019-07-21T13:03:04.148-0300: 56919,601: [GC pause (G1 Evacuation Pause) (young) (initial-mark), 0,0117729 secs]
   [Parallel Time: 10,3 ms, GC Workers: 4]
      [GC Worker Start (ms): Min: 56919601,4, Avg: 56919601,5, Max: 56919601,5, Diff: 0,2]
      [Ext Root Scanning (ms): Min: 0,5, Avg: 0,6, Max: 0,7, Diff: 0,2, Sum: 2,5]
      [Update RS (ms): Min: 0,8, Avg: 0,9, Max: 1,0, Diff: 0,2, Sum: 3,6]
         [Processed Buffers: Min: 4, Avg: 11,5, Max: 15, Diff: 11, Sum: 46]
      [Scan RS (ms): Min: 0,0, Avg: 0,0, Max: 0,0, Diff: 0,0, Sum: 0,1]
      [Code Root Scanning (ms): Min: 0,0, Avg: 0,0, Max: 0,0, Diff: 0,0, Sum: 0,1]
      [Object Copy (ms): Min: 8,2, Avg: 8,3, Max: 8,3, Diff: 0,0, Sum: 33,0]
      [Termination (ms): Min: 0,0, Avg: 0,0, Max: 0,0, Diff: 0,0, Sum: 0,0]
         [Termination Attempts: Min: 1, Avg: 1,2, Max: 2, Diff: 1, Sum: 5]
      [GC Worker Other (ms): Min: 0,0, Avg: 0,0, Max: 0,0, Diff: 0,0, Sum: 0,1]
      [GC Worker Total (ms): Min: 9,8, Avg: 9,9, Max: 9,9, Diff: 0,2, Sum: 39,4]
      [GC Worker End (ms): Min: 56919611,3, Avg: 56919611,3, Max: 56919611,3, Diff: 0,0]
   [Code Root Fixup: 0,0 ms]
   [Code Root Purge: 0,0 ms]
   [Clear CT: 0,4 ms]
   [Other: 1,1 ms]
      [Choose CSet: 0,0 ms]
      [Ref Proc: 0,4 ms]
      [Ref Enq: 0,0 ms]
      [Redirty Cards: 0,5 ms]
      [Humongous Register: 0,0 ms]
      [Humongous Reclaim: 0,0 ms]
      [Free CSet: 0,0 ms]
   [Eden: 52,0M(52,0M)->0,0B(45,0M) Survivors: 8192,0K->7168,0K Heap: 221,0M(256,0M)->176,2M(256,0M)]
 [Times: user=0,06 sys=0,00, real=0,01 secs] 
2019-07-21T13:03:04.160-0300: 56919,613: [GC concurrent-root-region-scan-start]
2019-07-21T13:03:04.167-0300: 56919,620: [GC concurrent-root-region-scan-end, 0,0068864 secs]
2019-07-21T13:03:04.167-0300: 56919,620: [GC concurrent-mark-start]
2019-07-21T13:03:04.187-0300: 56919,641: [GC concurrent-mark-end, 0,0204536 secs]
2019-07-21T13:03:04.188-0300: 56919,641: [GC remark 2019-07-21T13:03:04.188-0300: 56919,641: [Finalize Marking, 0,0003537 secs] 2019-07-21T13:03:04.188-0300: 56919,642: [GC ref-proc, 0,0001716 secs] 2019-07-21T13:03:04.189-0300: 56919,642: [Unloading, 0,0040401 secs], 0,0059442 secs]
 [Times: user=0,00 sys=0,00, real=0,00 secs] 
2019-07-21T13:03:04.194-0300: 56919,648: [GC cleanup 176M->173M(256M), 0,0011265 secs]
 [Times: user=0,00 sys=0,00, real=0,00 secs] 
2019-07-21T13:03:04.196-0300: 56919,649: [GC concurrent-cleanup-start]
2019-07-21T13:03:04.196-0300: 56919,649: [GC concurrent-cleanup-end, 0,0000185 secs]
2019-07-21T13:08:09.061-0300: 57224,515: [GC pause (G1 Evacuation Pause) (young), 0,0165992 secs]
   [Parallel Time: 15,4 ms, GC Workers: 4]
      [GC Worker Start (ms): Min: 57224514,6, Avg: 57224518,4, Max: 57224523,4, Diff: 8,8]
      [Ext Root Scanning (ms): Min: 0,0, Avg: 0,3, Max: 1,0, Diff: 1,0, Sum: 1,1]
      [Update RS (ms): Min: 0,0, Avg: 1,6, Max: 3,5, Diff: 3,5, Sum: 6,4]
         [Processed Buffers: Min: 0, Avg: 14,5, Max: 25, Diff: 25, Sum: 58]
      [Scan RS (ms): Min: 0,0, Avg: 0,2, Max: 0,3, Diff: 0,3, Sum: 0,9]
      [Code Root Scanning (ms): Min: 0,0, Avg: 0,0, Max: 0,0, Diff: 0,0, Sum: 0,1]
      [Object Copy (ms): Min: 6,4, Avg: 9,3, Max: 10,3, Diff: 3,9, Sum: 37,2]
      [Termination (ms): Min: 0,0, Avg: 0,1, Max: 0,1, Diff: 0,1, Sum: 0,2]
         [Termination Attempts: Min: 1, Avg: 1,0, Max: 1, Diff: 0, Sum: 4]
      [GC Worker Other (ms): Min: 0,0, Avg: 0,0, Max: 0,0, Diff: 0,0, Sum: 0,1]
      [GC Worker Total (ms): Min: 6,4, Avg: 11,5, Max: 15,2, Diff: 8,8, Sum: 46,0]
      [GC Worker End (ms): Min: 57224529,8, Avg: 57224529,8, Max: 57224529,9, Diff: 0,0]
   [Code Root Fixup: 0,0 ms]
   [Code Root Purge: 0,0 ms]
   [Clear CT: 0,3 ms]
   [Other: 0,8 ms]
      [Choose CSet: 0,0 ms]
      [Ref Proc: 0,3 ms]
      [Ref Enq: 0,0 ms]
      [Redirty Cards: 0,4 ms]
      [Humongous Register: 0,0 ms]
      [Humongous Reclaim: 0,0 ms]
      [Free CSet: 0,0 ms]
   [Eden: 45,0M(45,0M)->0,0B(6144,0K) Survivors: 7168,0K->6144,0K Heap: 218,2M(256,0M)->179,0M(256,0M)]
 [Times: user=0,06 sys=0,00, real=0,02 secs] 
2019-07-21T13:08:51.116-0300: 57266,569: [GC pause (G1 Evacuation Pause) (mixed), 0,0170744 secs]
   [Parallel Time: 15,6 ms, GC Workers: 4]
      [GC Worker Start (ms): Min: 57266569,0, Avg: 57266575,7, Max: 57266578,3, Diff: 9,3]
      [Ext Root Scanning (ms): Min: 0,0, Avg: 0,2, Max: 0,9, Diff: 0,8, Sum: 1,0]
      [Update RS (ms): Min: 0,0, Avg: 1,4, Max: 5,5, Diff: 5,5, Sum: 5,5]
         [Processed Buffers: Min: 0, Avg: 12,0, Max: 48, Diff: 48, Sum: 48]
      [Scan RS (ms): Min: 0,0, Avg: 0,2, Max: 0,9, Diff: 0,9, Sum: 0,9]
      [Code Root Scanning (ms): Min: 0,0, Avg: 0,0, Max: 0,1, Diff: 0,1, Sum: 0,1]
      [Object Copy (ms): Min: 5,8, Avg: 6,7, Max: 8,1, Diff: 2,2, Sum: 26,7]
      [Termination (ms): Min: 0,0, Avg: 0,2, Max: 0,9, Diff: 0,9, Sum: 0,9]
         [Termination Attempts: Min: 1, Avg: 3,2, Max: 6, Diff: 5, Sum: 13]
      [GC Worker Other (ms): Min: 0,0, Avg: 0,0, Max: 0,0, Diff: 0,0, Sum: 0,1]
      [GC Worker Total (ms): Min: 6,1, Avg: 8,8, Max: 15,5, Diff: 9,3, Sum: 35,2]
      [GC Worker End (ms): Min: 57266584,4, Avg: 57266584,4, Max: 57266584,4, Diff: 0,0]
   [Code Root Fixup: 0,1 ms]
   [Code Root Purge: 0,0 ms]
   [Clear CT: 0,3 ms]
   [Other: 1,1 ms]
      [Choose CSet: 0,0 ms]
      [Ref Proc: 0,4 ms]
      [Ref Enq: 0,0 ms]
      [Redirty Cards: 0,4 ms]
      [Humongous Register: 0,0 ms]
      [Humongous Reclaim: 0,0 ms]
      [Free CSet: 0,1 ms]
   [Eden: 6144,0K(6144,0K)->0,0B(60,0M) Survivors: 6144,0K->2048,0K Heap: 185,0M(256,0M)->162,0M(256,0M)]
 [Times: user=0,04 sys=0,00, real=0,02 secs] 
2019-07-21T13:15:15.234-0300: 57650,687: [GC pause (G1 Evacuation Pause) (young), 0,0139754 secs]
   [Parallel Time: 12,6 ms, GC Workers: 4]
      [GC Worker Start (ms): Min: 57650687,3, Avg: 57650687,9, Max: 57650689,7, Diff: 2,4]
      [Ext Root Scanning (ms): Min: 0,0, Avg: 0,3, Max: 0,5, Diff: 0,5, Sum: 1,2]
      [Update RS (ms): Min: 1,6, Avg: 2,6, Max: 3,6, Diff: 2,0, Sum: 10,5]
         [Processed Buffers: Min: 8, Avg: 16,5, Max: 31, Diff: 23, Sum: 66]
      [Scan RS (ms): Min: 0,2, Avg: 0,3, Max: 0,4, Diff: 0,2, Sum: 1,2]
      [Code Root Scanning (ms): Min: 0,0, Avg: 0,0, Max: 0,0, Diff: 0,0, Sum: 0,1]
      [Object Copy (ms): Min: 8,1, Avg: 8,6, Max: 10,1, Diff: 2,0, Sum: 34,5]
      [Termination (ms): Min: 0,0, Avg: 0,0, Max: 0,0, Diff: 0,0, Sum: 0,0]
         [Termination Attempts: Min: 1, Avg: 1,0, Max: 1, Diff: 0, Sum: 4]
      [GC Worker Other (ms): Min: 0,0, Avg: 0,0, Max: 0,0, Diff: 0,0, Sum: 0,1]
      [GC Worker Total (ms): Min: 10,1, Avg: 11,9, Max: 12,6, Diff: 2,4, Sum: 47,6]
      [GC Worker End (ms): Min: 57650699,8, Avg: 57650699,8, Max: 57650699,8, Diff: 0,0]
   [Code Root Fixup: 0,0 ms]
   [Code Root Purge: 0,0 ms]
   [Clear CT: 0,4 ms]
   [Other: 0,9 ms]
      [Choose CSet: 0,0 ms]
      [Ref Proc: 0,4 ms]
      [Ref Enq: 0,0 ms]
      [Redirty Cards: 0,4 ms]
      [Humongous Register: 0,0 ms]
      [Humongous Reclaim: 0,0 ms]
      [Free CSet: 0,0 ms]
   [Eden: 60,0M(60,0M)->0,0B(50,0M) Survivors: 2048,0K->8192,0K Heap: 222,0M(256,0M)->170,5M(256,0M)]
 [Times: user=0,07 sys=0,00, real=0,02 secs] 
2019-07-21T13:20:56.074-0300: 57991,527: [GC pause (G1 Evacuation Pause) (young) (initial-mark), 0,0281156 secs]
   [Parallel Time: 26,5 ms, GC Workers: 4]
      [GC Worker Start (ms): Min: 57991527,2, Avg: 57991528,1, Max: 57991528,4, Diff: 1,2]
      [Ext Root Scanning (ms): Min: 0,0, Avg: 3,9, Max: 6,0, Diff: 6,0, Sum: 15,6]
      [Update RS (ms): Min: 4,8, Avg: 7,3, Max: 8,8, Diff: 4,0, Sum: 29,2]
         [Processed Buffers: Min: 1, Avg: 14,0, Max: 51, Diff: 50, Sum: 56]
      [Scan RS (ms): Min: 0,0, Avg: 0,1, Max: 0,6, Diff: 0,6, Sum: 0,6]
      [Code Root Scanning (ms): Min: 0,0, Avg: 0,0, Max: 0,1, Diff: 0,1, Sum: 0,1]
      [Object Copy (ms): Min: 11,4, Avg: 13,9, Max: 17,4, Diff: 6,0, Sum: 55,7]
      [Termination (ms): Min: 0,0, Avg: 0,0, Max: 0,1, Diff: 0,1, Sum: 0,2]
         [Termination Attempts: Min: 1, Avg: 4,8, Max: 11, Diff: 10, Sum: 19]
      [GC Worker Other (ms): Min: 0,0, Avg: 0,0, Max: 0,0, Diff: 0,0, Sum: 0,1]
      [GC Worker Total (ms): Min: 25,1, Avg: 25,4, Max: 26,3, Diff: 1,2, Sum: 101,4]
      [GC Worker End (ms): Min: 57991553,4, Avg: 57991553,5, Max: 57991553,5, Diff: 0,0]
   [Code Root Fixup: 0,0 ms]
   [Code Root Purge: 0,0 ms]
   [Clear CT: 0,4 ms]
   [Other: 1,2 ms]
      [Choose CSet: 0,0 ms]
      [Ref Proc: 0,6 ms]
      [Ref Enq: 0,0 ms]
      [Redirty Cards: 0,4 ms]
      [Humongous Register: 0,0 ms]
      [Humongous Reclaim: 0,0 ms]
      [Free CSet: 0,0 ms]
   [Eden: 50,0M(50,0M)->0,0B(31,0M) Survivors: 8192,0K->7168,0K Heap: 220,5M(256,0M)->175,5M(256,0M)]
 [Times: user=0,07 sys=0,00, real=0,03 secs] 
2019-07-21T13:20:56.103-0300: 57991,556: [GC concurrent-root-region-scan-start]
2019-07-21T13:20:56.111-0300: 57991,564: [GC concurrent-root-region-scan-end, 0,0079391 secs]
2019-07-21T13:20:56.111-0300: 57991,564: [GC concurrent-mark-start]
2019-07-21T13:20:56.123-0300: 57991,577: [GC concurrent-mark-end, 0,0127241 secs]
2019-07-21T13:20:56.123-0300: 57991,577: [GC remark 2019-07-21T13:20:56.123-0300: 57991,577: [Finalize Marking, 0,0000004 secs] 2019-07-21T13:20:56.123-0300: 57991,577: [GC ref-proc, 0,0000001 secs] 2019-07-21T13:20:56.123-0300: 57991,577: [Unloading, 0,0073018 secs], 0,0085562 secs]
 [Times: user=0,04 sys=0,00, real=0,01 secs] 
2019-07-21T13:20:56.133-0300: 57991,586: [GC cleanup 175M->166M(256M), 0,0012288 secs]
 [Times: user=0,00 sys=0,00, real=0,00 secs] 
2019-07-21T13:20:56.134-0300: 57991,587: [GC concurrent-cleanup-start]
2019-07-21T13:20:56.134-0300: 57991,587: [GC concurrent-cleanup-end, 0,0000261 secs]
2019-07-21T13:24:25.812-0300: 58201,265: [GC pause (G1 Evacuation Pause) (young), 0,0115462 secs]
   [Parallel Time: 9,9 ms, GC Workers: 4]
      [GC Worker Start (ms): Min: 58201265,8, Avg: 58201265,9, Max: 58201266,0, Diff: 0,2]
      [Ext Root Scanning (ms): Min: 0,2, Avg: 0,8, Max: 2,1, Diff: 1,9, Sum: 3,1]
      [Update RS (ms): Min: 0,0, Avg: 1,2, Max: 1,7, Diff: 1,7, Sum: 4,9]
         [Processed Buffers: Min: 0, Avg: 13,5, Max: 28, Diff: 28, Sum: 54]
      [Scan RS (ms): Min: 0,2, Avg: 0,2, Max: 0,2, Diff: 0,0, Sum: 0,9]
      [Code Root Scanning (ms): Min: 0,0, Avg: 0,0, Max: 0,0, Diff: 0,0, Sum: 0,1]
      [Object Copy (ms): Min: 7,1, Avg: 7,2, Max: 7,2, Diff: 0,1, Sum: 28,7]
      [Termination (ms): Min: 0,0, Avg: 0,0, Max: 0,0, Diff: 0,0, Sum: 0,0]
         [Termination Attempts: Min: 1, Avg: 1,0, Max: 1, Diff: 0, Sum: 4]
      [GC Worker Other (ms): Min: 0,0, Avg: 0,0, Max: 0,0, Diff: 0,0, Sum: 0,1]
      [GC Worker Total (ms): Min: 9,3, Avg: 9,4, Max: 9,6, Diff: 0,2, Sum: 37,8]
      [GC Worker End (ms): Min: 58201275,3, Avg: 58201275,3, Max: 58201275,3, Diff: 0,0]
   [Code Root Fixup: 0,0 ms]
   [Code Root Purge: 0,0 ms]
   [Clear CT: 0,4 ms]
   [Other: 1,2 ms]
      [Choose CSet: 0,0 ms]
      [Ref Proc: 0,5 ms]
      [Ref Enq: 0,0 ms]
      [Redirty Cards: 0,4 ms]
      [Humongous Register: 0,0 ms]
      [Humongous Reclaim: 0,0 ms]
      [Free CSet: 0,0 ms]
   [Eden: 31,0M(31,0M)->0,0B(7168,0K) Survivors: 7168,0K->5120,0K Heap: 197,5M(256,0M)->170,5M(256,0M)]
 [Times: user=0,06 sys=0,00, real=0,01 secs] 
2019-07-21T13:25:07.646-0300: 58243,099: [GC pause (G1 Evacuation Pause) (mixed), 0,0126251 secs]
   [Parallel Time: 11,1 ms, GC Workers: 4]
      [GC Worker Start (ms): Min: 58243099,5, Avg: 58243102,6, Max: 58243103,6, Diff: 4,2]
      [Ext Root Scanning (ms): Min: 0,0, Avg: 0,4, Max: 1,3, Diff: 1,3, Sum: 1,4]
      [Update RS (ms): Min: 1,5, Avg: 2,8, Max: 6,4, Diff: 4,9, Sum: 11,2]
         [Processed Buffers: Min: 5, Avg: 13,5, Max: 29, Diff: 24, Sum: 54]
      [Scan RS (ms): Min: 0,0, Avg: 0,2, Max: 0,3, Diff: 0,3, Sum: 0,8]
      [Code Root Scanning (ms): Min: 0,0, Avg: 0,0, Max: 0,0, Diff: 0,0, Sum: 0,0]
      [Object Copy (ms): Min: 3,0, Avg: 4,2, Max: 4,6, Diff: 1,6, Sum: 16,8]
      [Termination (ms): Min: 0,0, Avg: 0,0, Max: 0,0, Diff: 0,0, Sum: 0,0]
         [Termination Attempts: Min: 1, Avg: 1,2, Max: 2, Diff: 1, Sum: 5]
      [GC Worker Other (ms): Min: 0,0, Avg: 0,0, Max: 0,0, Diff: 0,0, Sum: 0,1]
      [GC Worker Total (ms): Min: 6,5, Avg: 7,6, Max: 10,7, Diff: 4,2, Sum: 30,4]
      [GC Worker End (ms): Min: 58243110,2, Avg: 58243110,2, Max: 58243110,2, Diff: 0,0]
   [Code Root Fixup: 0,0 ms]
   [Code Root Purge: 0,0 ms]
   [Clear CT: 0,3 ms]
   [Other: 1,2 ms]
      [Choose CSet: 0,0 ms]
      [Ref Proc: 0,4 ms]
      [Ref Enq: 0,0 ms]
      [Redirty Cards: 0,5 ms]
      [Humongous Register: 0,0 ms]
      [Humongous Reclaim: 0,0 ms]
      [Free CSet: 0,0 ms]
   [Eden: 7168,0K(7168,0K)->0,0B(62,0M) Survivors: 5120,0K->2048,0K Heap: 177,5M(256,0M)->160,0M(256,0M)]
 [Times: user=0,05 sys=0,00, real=0,01 secs] 
2019-07-21T13:31:49.763-0300: 58645,216: [GC pause (G1 Evacuation Pause) (young), 0,0154057 secs]
   [Parallel Time: 13,9 ms, GC Workers: 4]
      [GC Worker Start (ms): Min: 58645216,3, Avg: 58645216,4, Max: 58645216,5, Diff: 0,2]
      [Ext Root Scanning (ms): Min: 0,2, Avg: 0,3, Max: 0,6, Diff: 0,4, Sum: 1,3]
      [Update RS (ms): Min: 2,2, Avg: 2,3, Max: 2,4, Diff: 0,2, Sum: 9,3]
         [Processed Buffers: Min: 9, Avg: 14,8, Max: 30, Diff: 21, Sum: 59]
      [Scan RS (ms): Min: 0,3, Avg: 0,4, Max: 0,4, Diff: 0,1, Sum: 1,4]
      [Code Root Scanning (ms): Min: 0,0, Avg: 0,0, Max: 0,0, Diff: 0,0, Sum: 0,1]
      [Object Copy (ms): Min: 10,5, Avg: 10,5, Max: 10,5, Diff: 0,0, Sum: 42,0]
      [Termination (ms): Min: 0,0, Avg: 0,0, Max: 0,0, Diff: 0,0, Sum: 0,0]
         [Termination Attempts: Min: 1, Avg: 1,0, Max: 1, Diff: 0, Sum: 4]
      [GC Worker Other (ms): Min: 0,0, Avg: 0,0, Max: 0,0, Diff: 0,0, Sum: 0,1]
      [GC Worker Total (ms): Min: 13,5, Avg: 13,6, Max: 13,7, Diff: 0,2, Sum: 54,4]
      [GC Worker End (ms): Min: 58645230,0, Avg: 58645230,0, Max: 58645230,0, Diff: 0,0]
   [Code Root Fixup: 0,0 ms]
   [Code Root Purge: 0,0 ms]
   [Clear CT: 0,3 ms]
   [Other: 1,1 ms]
      [Choose CSet: 0,0 ms]
      [Ref Proc: 0,4 ms]
      [Ref Enq: 0,0 ms]
      [Redirty Cards: 0,5 ms]
      [Humongous Register: 0,0 ms]
      [Humongous Reclaim: 0,0 ms]
      [Free CSet: 0,1 ms]
   [Eden: 62,0M(62,0M)->0,0B(52,0M) Survivors: 2048,0K->8192,0K Heap: 222,0M(256,0M)->165,3M(256,0M)]
 [Times: user=0,10 sys=0,00, real=0,02 secs] 
2019-07-21T13:37:34.957-0300: 58990,410: [GC pause (G1 Evacuation Pause) (young) (initial-mark), 0,0175115 secs]
   [Parallel Time: 16,3 ms, GC Workers: 4]
      [GC Worker Start (ms): Min: 58990410,0, Avg: 58990410,1, Max: 58990410,1, Diff: 0,2]
      [Ext Root Scanning (ms): Min: 0,7, Avg: 0,7, Max: 0,9, Diff: 0,2, Sum: 2,9]
      [Update RS (ms): Min: 0,9, Avg: 0,9, Max: 1,0, Diff: 0,1, Sum: 3,6]
         [Processed Buffers: Min: 3, Avg: 11,5, Max: 18, Diff: 15, Sum: 46]
      [Scan RS (ms): Min: 0,0, Avg: 0,0, Max: 0,0, Diff: 0,0, Sum: 0,1]
      [Code Root Scanning (ms): Min: 0,0, Avg: 0,0, Max: 0,0, Diff: 0,0, Sum: 0,1]
      [Object Copy (ms): Min: 14,3, Avg: 14,3, Max: 14,4, Diff: 0,1, Sum: 57,4]
      [Termination (ms): Min: 0,0, Avg: 0,0, Max: 0,0, Diff: 0,0, Sum: 0,0]
         [Termination Attempts: Min: 1, Avg: 1,0, Max: 1, Diff: 0, Sum: 4]
      [GC Worker Other (ms): Min: 0,0, Avg: 0,0, Max: 0,0, Diff: 0,0, Sum: 0,1]
      [GC Worker Total (ms): Min: 16,0, Avg: 16,1, Max: 16,1, Diff: 0,2, Sum: 64,3]
      [GC Worker End (ms): Min: 58990426,1, Avg: 58990426,1, Max: 58990426,1, Diff: 0,0]
   [Code Root Fixup: 0,0 ms]
   [Code Root Purge: 0,0 ms]
   [Clear CT: 0,3 ms]
   [Other: 0,9 ms]
      [Choose CSet: 0,0 ms]
      [Ref Proc: 0,4 ms]
      [Ref Enq: 0,0 ms]
      [Redirty Cards: 0,3 ms]
      [Humongous Register: 0,0 ms]
      [Humongous Reclaim: 0,0 ms]
      [Free CSet: 0,0 ms]
   [Eden: 52,0M(52,0M)->0,0B(50,0M) Survivors: 8192,0K->7168,0K Heap: 217,3M(256,0M)->171,6M(256,0M)]
 [Times: user=0,11 sys=0,00, real=0,01 secs] 
2019-07-21T13:37:34.974-0300: 58990,428: [GC concurrent-root-region-scan-start]
2019-07-21T13:37:34.983-0300: 58990,436: [GC concurrent-root-region-scan-end, 0,0089077 secs]
2019-07-21T13:37:34.983-0300: 58990,437: [GC concurrent-mark-start]
2019-07-21T13:37:35.001-0300: 58990,454: [GC concurrent-mark-end, 0,0178600 secs]
2019-07-21T13:37:35.002-0300: 58990,455: [GC remark 2019-07-21T13:37:35.002-0300: 58990,455: [Finalize Marking, 0,0003094 secs] 2019-07-21T13:37:35.002-0300: 58990,455: [GC ref-proc, 0,0001591 secs] 2019-07-21T13:37:35.002-0300: 58990,455: [Unloading, 0,0036622 secs], 0,0058633 secs]
 [Times: user=0,06 sys=0,00, real=0,01 secs] 
2019-07-21T13:37:35.008-0300: 58990,462: [GC cleanup 171M->171M(256M), 0,0015812 secs]
 [Times: user=0,00 sys=0,00, real=0,00 secs] 
2019-07-21T13:43:06.558-0300: 59322,011: [GC pause (G1 Evacuation Pause) (young), 0,0160534 secs]
   [Parallel Time: 14,5 ms, GC Workers: 4]
      [GC Worker Start (ms): Min: 59322011,1, Avg: 59322011,2, Max: 59322011,3, Diff: 0,2]
      [Ext Root Scanning (ms): Min: 0,3, Avg: 0,5, Max: 0,8, Diff: 0,6, Sum: 1,8]
      [Update RS (ms): Min: 1,7, Avg: 2,0, Max: 2,1, Diff: 0,4, Sum: 7,9]
         [Processed Buffers: Min: 13, Avg: 16,0, Max: 17, Diff: 4, Sum: 64]
      [Scan RS (ms): Min: 0,2, Avg: 0,3, Max: 0,3, Diff: 0,1, Sum: 1,0]
      [Code Root Scanning (ms): Min: 0,0, Avg: 0,0, Max: 0,0, Diff: 0,0, Sum: 0,1]
      [Object Copy (ms): Min: 11,4, Avg: 11,5, Max: 11,5, Diff: 0,1, Sum: 45,9]
      [Termination (ms): Min: 0,0, Avg: 0,0, Max: 0,0, Diff: 0,0, Sum: 0,0]
         [Termination Attempts: Min: 1, Avg: 1,2, Max: 2, Diff: 1, Sum: 5]
      [GC Worker Other (ms): Min: 0,0, Avg: 0,1, Max: 0,1, Diff: 0,1, Sum: 0,2]
      [GC Worker Total (ms): Min: 14,2, Avg: 14,3, Max: 14,3, Diff: 0,2, Sum: 57,0]
      [GC Worker End (ms): Min: 59322025,4, Avg: 59322025,4, Max: 59322025,4, Diff: 0,0]
   [Code Root Fixup: 0,0 ms]
   [Code Root Purge: 0,0 ms]
   [Clear CT: 0,3 ms]
   [Other: 1,3 ms]
      [Choose CSet: 0,0 ms]
      [Ref Proc: 0,5 ms]
      [Ref Enq: 0,0 ms]
      [Redirty Cards: 0,3 ms]
      [Humongous Register: 0,0 ms]
      [Humongous Reclaim: 0,0 ms]
      [Free CSet: 0,1 ms]
   [Eden: 50,0M(50,0M)->0,0B(5120,0K) Survivors: 7168,0K->7168,0K Heap: 221,6M(256,0M)->177,0M(256,0M)]
 [Times: user=0,06 sys=0,00, real=0,01 secs] 
2019-07-21T13:43:40.531-0300: 59355,985: [GC pause (G1 Evacuation Pause) (mixed), 0,0173650 secs]
   [Parallel Time: 16,2 ms, GC Workers: 4]
      [GC Worker Start (ms): Min: 59355984,8, Avg: 59355991,3, Max: 59355995,4, Diff: 10,6]
      [Ext Root Scanning (ms): Min: 0,0, Avg: 0,3, Max: 1,0, Diff: 0,9, Sum: 1,1]
      [Update RS (ms): Min: 0,0, Avg: 1,6, Max: 5,1, Diff: 5,1, Sum: 6,4]
         [Processed Buffers: Min: 0, Avg: 13,0, Max: 27, Diff: 27, Sum: 52]
      [Scan RS (ms): Min: 0,0, Avg: 0,4, Max: 0,9, Diff: 0,9, Sum: 1,7]
      [Code Root Scanning (ms): Min: 0,0, Avg: 0,1, Max: 0,2, Diff: 0,2, Sum: 0,3]
      [Object Copy (ms): Min: 5,4, Avg: 7,2, Max: 9,0, Diff: 3,6, Sum: 28,7]
      [Termination (ms): Min: 0,0, Avg: 0,0, Max: 0,0, Diff: 0,0, Sum: 0,0]
         [Termination Attempts: Min: 1, Avg: 1,5, Max: 3, Diff: 2, Sum: 6]
      [GC Worker Other (ms): Min: 0,0, Avg: 0,0, Max: 0,0, Diff: 0,0, Sum: 0,1]
      [GC Worker Total (ms): Min: 5,5, Avg: 9,6, Max: 16,1, Diff: 10,6, Sum: 38,3]
      [GC Worker End (ms): Min: 59356000,9, Avg: 59356000,9, Max: 59356000,9, Diff: 0,0]
   [Code Root Fixup: 0,0 ms]
   [Code Root Purge: 0,0 ms]
   [Clear CT: 0,3 ms]
   [Other: 0,9 ms]
      [Choose CSet: 0,0 ms]
      [Ref Proc: 0,3 ms]
      [Ref Enq: 0,0 ms]
      [Redirty Cards: 0,3 ms]
      [Humongous Register: 0,0 ms]
      [Humongous Reclaim: 0,0 ms]
      [Free CSet: 0,1 ms]
   [Eden: 5120,0K(5120,0K)->0,0B(60,0M) Survivors: 7168,0K->2048,0K Heap: 182,0M(256,0M)->161,5M(256,0M)]
 [Times: user=0,05 sys=0,00, real=0,02 secs] 
2019-07-21T13:50:21.814-0300: 59757,267: [GC pause (G1 Evacuation Pause) (young), 0,0194158 secs]
   [Parallel Time: 14,8 ms, GC Workers: 4]
      [GC Worker Start (ms): Min: 59757267,4, Avg: 59757267,5, Max: 59757267,6, Diff: 0,2]
      [Ext Root Scanning (ms): Min: 0,3, Avg: 0,5, Max: 0,9, Diff: 0,6, Sum: 2,1]
      [Update RS (ms): Min: 2,7, Avg: 3,0, Max: 3,3, Diff: 0,7, Sum: 12,1]
         [Processed Buffers: Min: 6, Avg: 15,0, Max: 28, Diff: 22, Sum: 60]
      [Scan RS (ms): Min: 0,1, Avg: 0,3, Max: 0,4, Diff: 0,3, Sum: 1,2]
      [Code Root Scanning (ms): Min: 0,0, Avg: 0,0, Max: 0,0, Diff: 0,0, Sum: 0,1]
      [Object Copy (ms): Min: 10,6, Avg: 10,6, Max: 10,7, Diff: 0,1, Sum: 42,5]
      [Termination (ms): Min: 0,0, Avg: 0,0, Max: 0,0, Diff: 0,0, Sum: 0,0]
         [Termination Attempts: Min: 1, Avg: 1,2, Max: 2, Diff: 1, Sum: 5]
      [GC Worker Other (ms): Min: 0,0, Avg: 0,0, Max: 0,0, Diff: 0,0, Sum: 0,2]
      [GC Worker Total (ms): Min: 14,4, Avg: 14,5, Max: 14,6, Diff: 0,2, Sum: 58,2]
      [GC Worker End (ms): Min: 59757282,0, Avg: 59757282,0, Max: 59757282,0, Diff: 0,0]
   [Code Root Fixup: 0,0 ms]
   [Code Root Purge: 0,0 ms]
   [Clear CT: 0,3 ms]
   [Other: 4,3 ms]
      [Choose CSet: 0,0 ms]
      [Ref Proc: 3,7 ms]
      [Ref Enq: 0,0 ms]
      [Redirty Cards: 0,3 ms]
      [Humongous Register: 0,0 ms]
      [Humongous Reclaim: 0,0 ms]
      [Free CSet: 0,0 ms]
   [Eden: 60,0M(60,0M)->0,0B(51,0M) Survivors: 2048,0K->8192,0K Heap: 221,5M(256,0M)->169,5M(256,0M)]
 [Times: user=0,13 sys=0,00, real=0,02 secs] 
2019-07-21T13:55:56.814-0300: 60092,267: [GC pause (G1 Evacuation Pause) (young) (initial-mark), 0,0230026 secs]
   [Parallel Time: 21,3 ms, GC Workers: 4]
      [GC Worker Start (ms): Min: 60092267,2, Avg: 60092267,3, Max: 60092267,4, Diff: 0,2]
      [Ext Root Scanning (ms): Min: 0,6, Avg: 3,7, Max: 10,5, Diff: 9,9, Sum: 14,8]
      [Update RS (ms): Min: 0,0, Avg: 1,1, Max: 2,2, Diff: 2,2, Sum: 4,4]
         [Processed Buffers: Min: 0, Avg: 13,0, Max: 37, Diff: 37, Sum: 52]
      [Scan RS (ms): Min: 0,0, Avg: 0,0, Max: 0,1, Diff: 0,1, Sum: 0,1]
      [Code Root Scanning (ms): Min: 0,0, Avg: 0,0, Max: 0,1, Diff: 0,1, Sum: 0,1]
      [Object Copy (ms): Min: 10,5, Avg: 14,3, Max: 18,0, Diff: 7,6, Sum: 57,1]
      [Termination (ms): Min: 0,0, Avg: 0,0, Max: 0,0, Diff: 0,0, Sum: 0,0]
         [Termination Attempts: Min: 1, Avg: 1,2, Max: 2, Diff: 1, Sum: 5]
      [GC Worker Other (ms): Min: 0,0, Avg: 2,0, Max: 7,7, Diff: 7,7, Sum: 7,8]
      [GC Worker Total (ms): Min: 21,0, Avg: 21,1, Max: 21,2, Diff: 0,2, Sum: 84,4]
      [GC Worker End (ms): Min: 60092288,4, Avg: 60092288,4, Max: 60092288,4, Diff: 0,0]
   [Code Root Fixup: 0,0 ms]
   [Code Root Purge: 0,0 ms]
   [Clear CT: 0,4 ms]
   [Other: 1,3 ms]
      [Choose CSet: 0,0 ms]
      [Ref Proc: 0,5 ms]
      [Ref Enq: 0,0 ms]
      [Redirty Cards: 0,5 ms]
      [Humongous Register: 0,0 ms]
      [Humongous Reclaim: 0,0 ms]
      [Free CSet: 0,1 ms]
   [Eden: 51,0M(51,0M)->0,0B(47,0M) Survivors: 8192,0K->7168,0K Heap: 220,5M(256,0M)->174,1M(256,0M)]
 [Times: user=0,09 sys=0,00, real=0,03 secs] 
2019-07-21T13:55:56.837-0300: 60092,291: [GC concurrent-root-region-scan-start]
2019-07-21T13:55:56.847-0300: 60092,300: [GC concurrent-root-region-scan-end, 0,0099512 secs]
2019-07-21T13:55:56.847-0300: 60092,300: [GC concurrent-mark-start]
2019-07-21T13:55:56.864-0300: 60092,318: [GC concurrent-mark-end, 0,0172391 secs]
2019-07-21T13:55:56.865-0300: 60092,318: [GC remark 2019-07-21T13:55:56.865-0300: 60092,318: [Finalize Marking, 0,0002594 secs] 2019-07-21T13:55:56.865-0300: 60092,318: [GC ref-proc, 0,0001816 secs] 2019-07-21T13:55:56.865-0300: 60092,319: [Unloading, 0,0046566 secs], 0,0061740 secs]
 [Times: user=0,00 sys=0,00, real=0,00 secs] 
2019-07-21T13:55:56.872-0300: 60092,325: [GC cleanup 174M->174M(256M), 0,0012873 secs]
 [Times: user=0,00 sys=0,00, real=0,00 secs] 
2019-07-21T14:00:49.080-0300: 60384,533: [GC pause (G1 Evacuation Pause) (young), 0,0227517 secs]
   [Parallel Time: 21,7 ms, GC Workers: 4]
      [GC Worker Start (ms): Min: 60384533,1, Avg: 60384542,2, Max: 60384549,7, Diff: 16,5]
      [Ext Root Scanning (ms): Min: 0,0, Avg: 0,3, Max: 1,0, Diff: 1,0, Sum: 1,1]
      [Update RS (ms): Min: 0,0, Avg: 0,9, Max: 3,7, Diff: 3,7, Sum: 3,7]
         [Processed Buffers: Min: 0, Avg: 13,2, Max: 53, Diff: 53, Sum: 53]
      [Scan RS (ms): Min: 0,0, Avg: 0,3, Max: 1,2, Diff: 1,2, Sum: 1,2]
      [Code Root Scanning (ms): Min: 0,0, Avg: 0,0, Max: 0,1, Diff: 0,1, Sum: 0,1]
      [Object Copy (ms): Min: 5,0, Avg: 11,0, Max: 15,6, Diff: 10,6, Sum: 43,9]
      [Termination (ms): Min: 0,0, Avg: 0,1, Max: 0,1, Diff: 0,1, Sum: 0,2]
         [Termination Attempts: Min: 1, Avg: 1,5, Max: 3, Diff: 2, Sum: 6]
      [GC Worker Other (ms): Min: 0,0, Avg: 0,0, Max: 0,0, Diff: 0,0, Sum: 0,1]
      [GC Worker Total (ms): Min: 5,1, Avg: 12,6, Max: 21,7, Diff: 16,5, Sum: 50,3]
      [GC Worker End (ms): Min: 60384554,8, Avg: 60384554,8, Max: 60384554,8, Diff: 0,0]
   [Code Root Fixup: 0,0 ms]
   [Code Root Purge: 0,0 ms]
   [Clear CT: 0,2 ms]
   [Other: 0,8 ms]
      [Choose CSet: 0,0 ms]
      [Ref Proc: 0,3 ms]
      [Ref Enq: 0,0 ms]
      [Redirty Cards: 0,3 ms]
      [Humongous Register: 0,0 ms]
      [Humongous Reclaim: 0,0 ms]
      [Free CSet: 0,1 ms]
   [Eden: 44,0M(44,0M)->0,0B(6144,0K) Survivors: 7168,0K->6144,0K Heap: 218,1M(256,0M)->179,5M(256,0M)]
 [Times: user=0,08 sys=0,00, real=0,02 secs] 
2019-07-21T14:01:28.491-0300: 60423,944: [GC pause (G1 Evacuation Pause) (mixed), 0,0176113 secs]
   [Parallel Time: 16,2 ms, GC Workers: 4]
      [GC Worker Start (ms): Min: 60423944,4, Avg: 60423950,7, Max: 60423956,4, Diff: 12,0]
      [Ext Root Scanning (ms): Min: 0,0, Avg: 0,3, Max: 1,2, Diff: 1,2, Sum: 1,4]
      [Update RS (ms): Min: 0,0, Avg: 2,4, Max: 4,8, Diff: 4,8, Sum: 9,6]
         [Processed Buffers: Min: 0, Avg: 16,0, Max: 47, Diff: 47, Sum: 64]
      [Scan RS (ms): Min: 0,0, Avg: 0,3, Max: 0,5, Diff: 0,5, Sum: 1,0]
      [Code Root Scanning (ms): Min: 0,0, Avg: 0,0, Max: 0,1, Diff: 0,1, Sum: 0,1]
      [Object Copy (ms): Min: 4,1, Avg: 6,8, Max: 9,6, Diff: 5,4, Sum: 27,3]
      [Termination (ms): Min: 0,0, Avg: 0,0, Max: 0,0, Diff: 0,0, Sum: 0,0]
         [Termination Attempts: Min: 1, Avg: 1,0, Max: 1, Diff: 0, Sum: 4]
      [GC Worker Other (ms): Min: 0,0, Avg: 0,0, Max: 0,0, Diff: 0,0, Sum: 0,1]
      [GC Worker Total (ms): Min: 4,2, Avg: 9,9, Max: 16,2, Diff: 12,0, Sum: 39,5]
      [GC Worker End (ms): Min: 60423960,6, Avg: 60423960,6, Max: 60423960,6, Diff: 0,0]
   [Code Root Fixup: 0,0 ms]
   [Code Root Purge: 0,0 ms]
   [Clear CT: 0,3 ms]
   [Other: 1,0 ms]
      [Choose CSet: 0,0 ms]
      [Ref Proc: 0,4 ms]
      [Ref Enq: 0,0 ms]
      [Redirty Cards: 0,3 ms]
      [Humongous Register: 0,0 ms]
      [Humongous Reclaim: 0,0 ms]
      [Free CSet: 0,0 ms]
   [Eden: 6144,0K(6144,0K)->0,0B(60,0M) Survivors: 6144,0K->2048,0K Heap: 185,5M(256,0M)->161,5M(256,0M)]
 [Times: user=0,05 sys=0,00, real=0,02 secs] 
2019-07-21T14:08:03.933-0300: 60819,386: [GC pause (G1 Evacuation Pause) (young), 0,0167334 secs]
   [Parallel Time: 15,1 ms, GC Workers: 4]
      [GC Worker Start (ms): Min: 60819386,1, Avg: 60819388,9, Max: 60819389,9, Diff: 3,7]
      [Ext Root Scanning (ms): Min: 0,0, Avg: 0,3, Max: 1,0, Diff: 1,0, Sum: 1,2]
      [Update RS (ms): Min: 1,0, Avg: 1,7, Max: 3,6, Diff: 2,6, Sum: 6,9]
         [Processed Buffers: Min: 3, Avg: 14,0, Max: 21, Diff: 18, Sum: 56]
      [Scan RS (ms): Min: 0,0, Avg: 0,1, Max: 0,2, Diff: 0,2, Sum: 0,6]
      [Code Root Scanning (ms): Min: 0,0, Avg: 0,0, Max: 0,0, Diff: 0,0, Sum: 0,1]
      [Object Copy (ms): Min: 10,0, Avg: 10,1, Max: 10,1, Diff: 0,1, Sum: 40,2]
      [Termination (ms): Min: 0,0, Avg: 0,0, Max: 0,0, Diff: 0,0, Sum: 0,0]
         [Termination Attempts: Min: 1, Avg: 1,5, Max: 3, Diff: 2, Sum: 6]
      [GC Worker Other (ms): Min: 0,0, Avg: 0,0, Max: 0,0, Diff: 0,0, Sum: 0,1]
      [GC Worker Total (ms): Min: 11,3, Avg: 12,3, Max: 15,0, Diff: 3,7, Sum: 49,1]
      [GC Worker End (ms): Min: 60819401,2, Avg: 60819401,2, Max: 60819401,2, Diff: 0,0]
   [Code Root Fixup: 0,0 ms]
   [Code Root Purge: 0,0 ms]
   [Clear CT: 0,5 ms]
   [Other: 1,1 ms]
      [Choose CSet: 0,0 ms]
      [Ref Proc: 0,6 ms]
      [Ref Enq: 0,0 ms]
      [Redirty Cards: 0,3 ms]
      [Humongous Register: 0,0 ms]
      [Humongous Reclaim: 0,0 ms]
      [Free CSet: 0,0 ms]
   [Eden: 60,0M(60,0M)->0,0B(49,0M) Survivors: 2048,0K->8192,0K Heap: 221,5M(256,0M)->169,0M(256,0M)]
 [Times: user=0,06 sys=0,00, real=0,02 secs] 
2019-07-21T14:13:31.284-0300: 61146,737: [GC pause (G1 Evacuation Pause) (young) (initial-mark), 0,0141781 secs]
   [Parallel Time: 12,9 ms, GC Workers: 4]
      [GC Worker Start (ms): Min: 61146737,4, Avg: 61146737,5, Max: 61146737,6, Diff: 0,2]
      [Ext Root Scanning (ms): Min: 0,6, Avg: 0,7, Max: 0,7, Diff: 0,2, Sum: 2,7]
      [Update RS (ms): Min: 0,7, Avg: 0,8, Max: 0,8, Diff: 0,1, Sum: 3,1]
         [Processed Buffers: Min: 9, Avg: 12,5, Max: 15, Diff: 6, Sum: 50]
      [Scan RS (ms): Min: 0,0, Avg: 0,0, Max: 0,0, Diff: 0,0, Sum: 0,1]
      [Code Root Scanning (ms): Min: 0,0, Avg: 0,0, Max: 0,0, Diff: 0,0, Sum: 0,1]
      [Object Copy (ms): Min: 11,2, Avg: 11,2, Max: 11,3, Diff: 0,1, Sum: 44,9]
      [Termination (ms): Min: 0,0, Avg: 0,0, Max: 0,0, Diff: 0,0, Sum: 0,0]
         [Termination Attempts: Min: 1, Avg: 1,5, Max: 2, Diff: 1, Sum: 6]
      [GC Worker Other (ms): Min: 0,0, Avg: 0,0, Max: 0,0, Diff: 0,0, Sum: 0,1]
      [GC Worker Total (ms): Min: 12,7, Avg: 12,8, Max: 12,8, Diff: 0,2, Sum: 51,0]
      [GC Worker End (ms): Min: 61146750,3, Avg: 61146750,3, Max: 61146750,3, Diff: 0,0]
   [Code Root Fixup: 0,0 ms]
   [Code Root Purge: 0,0 ms]
   [Clear CT: 0,3 ms]
   [Other: 0,9 ms]
      [Choose CSet: 0,0 ms]
      [Ref Proc: 0,3 ms]
      [Ref Enq: 0,0 ms]
      [Redirty Cards: 0,4 ms]
      [Humongous Register: 0,0 ms]
      [Humongous Reclaim: 0,0 ms]
      [Free CSet: 0,0 ms]
   [Eden: 49,0M(49,0M)->0,0B(47,0M) Survivors: 8192,0K->7168,0K Heap: 218,0M(256,0M)->174,1M(256,0M)]
 [Times: user=0,10 sys=0,00, real=0,02 secs] 
2019-07-21T14:13:31.298-0300: 61146,752: [GC concurrent-root-region-scan-start]
2019-07-21T14:13:31.307-0300: 61146,760: [GC concurrent-root-region-scan-end, 0,0083052 secs]
2019-07-21T14:13:31.307-0300: 61146,760: [GC concurrent-mark-start]
2019-07-21T14:13:31.322-0300: 61146,776: [GC concurrent-mark-end, 0,0155885 secs]
2019-07-21T14:13:31.323-0300: 61146,776: [GC remark 2019-07-21T14:13:31.323-0300: 61146,776: [Finalize Marking, 0,0004215 secs] 2019-07-21T14:13:31.323-0300: 61146,777: [GC ref-proc, 0,0001404 secs] 2019-07-21T14:13:31.324-0300: 61146,777: [Unloading, 0,0035090 secs], 0,0050998 secs]
 [Times: user=0,00 sys=0,00, real=0,01 secs] 
2019-07-21T14:13:31.329-0300: 61146,782: [GC cleanup 174M->173M(256M), 0,0014174 secs]
 [Times: user=0,00 sys=0,00, real=0,00 secs] 
2019-07-21T14:13:31.330-0300: 61146,784: [GC concurrent-cleanup-start]
2019-07-21T14:13:31.330-0300: 61146,784: [GC concurrent-cleanup-end, 0,0000177 secs]
2019-07-21T14:18:25.095-0300: 61440,549: [GC pause (G1 Evacuation Pause) (young), 0,0108531 secs]
   [Parallel Time: 9,3 ms, GC Workers: 4]
      [GC Worker Start (ms): Min: 61440548,7, Avg: 61440549,5, Max: 61440549,8, Diff: 1,0]
      [Ext Root Scanning (ms): Min: 0,0, Avg: 0,3, Max: 1,0, Diff: 1,0, Sum: 1,2]
      [Update RS (ms): Min: 1,7, Avg: 1,7, Max: 1,8, Diff: 0,1, Sum: 6,9]
         [Processed Buffers: Min: 13, Avg: 16,5, Max: 22, Diff: 9, Sum: 66]
      [Scan RS (ms): Min: 0,2, Avg: 0,2, Max: 0,3, Diff: 0,1, Sum: 0,9]
      [Code Root Scanning (ms): Min: 0,0, Avg: 0,0, Max: 0,0, Diff: 0,0, Sum: 0,1]
      [Object Copy (ms): Min: 6,2, Avg: 6,2, Max: 6,3, Diff: 0,1, Sum: 25,0]
      [Termination (ms): Min: 0,0, Avg: 0,0, Max: 0,0, Diff: 0,0, Sum: 0,0]
         [Termination Attempts: Min: 1, Avg: 1,2, Max: 2, Diff: 1, Sum: 5]
      [GC Worker Other (ms): Min: 0,0, Avg: 0,0, Max: 0,0, Diff: 0,0, Sum: 0,1]
      [GC Worker Total (ms): Min: 8,2, Avg: 8,5, Max: 9,3, Diff: 1,0, Sum: 34,1]
      [GC Worker End (ms): Min: 61440558,0, Avg: 61440558,0, Max: 61440558,0, Diff: 0,0]
   [Code Root Fixup: 0,0 ms]
   [Code Root Purge: 0,0 ms]
   [Clear CT: 0,5 ms]
   [Other: 1,0 ms]
      [Choose CSet: 0,0 ms]
      [Ref Proc: 0,5 ms]
      [Ref Enq: 0,0 ms]
      [Redirty Cards: 0,3 ms]
      [Humongous Register: 0,0 ms]
      [Humongous Reclaim: 0,0 ms]
      [Free CSet: 0,0 ms]
   [Eden: 47,0M(47,0M)->0,0B(7168,0K) Survivors: 7168,0K->5120,0K Heap: 220,1M(256,0M)->176,5M(256,0M)]
 [Times: user=0,06 sys=0,00, real=0,02 secs] 
2019-07-21T14:19:10.540-0300: 61485,993: [GC pause (G1 Evacuation Pause) (mixed), 0,0137247 secs]
   [Parallel Time: 10,2 ms, GC Workers: 4]
      [GC Worker Start (ms): Min: 61485993,2, Avg: 61485996,9, Max: 61486003,2, Diff: 10,0]
      [Ext Root Scanning (ms): Min: 0,0, Avg: 0,3, Max: 0,6, Diff: 0,6, Sum: 1,3]
      [Update RS (ms): Min: 0,0, Avg: 1,7, Max: 3,5, Diff: 3,5, Sum: 6,9]
         [Processed Buffers: Min: 0, Avg: 13,5, Max: 37, Diff: 37, Sum: 54]
      [Scan RS (ms): Min: 0,0, Avg: 0,5, Max: 0,8, Diff: 0,8, Sum: 1,8]
      [Code Root Scanning (ms): Min: 0,0, Avg: 0,0, Max: 0,0, Diff: 0,0, Sum: 0,1]
      [Object Copy (ms): Min: 0,0, Avg: 3,8, Max: 5,1, Diff: 5,1, Sum: 15,2]
      [Termination (ms): Min: 0,0, Avg: 0,2, Max: 0,2, Diff: 0,2, Sum: 0,6]
         [Termination Attempts: Min: 1, Avg: 1,0, Max: 1, Diff: 0, Sum: 4]
      [GC Worker Other (ms): Min: 0,0, Avg: 0,0, Max: 0,0, Diff: 0,0, Sum: 0,1]
      [GC Worker Total (ms): Min: 0,1, Avg: 6,5, Max: 10,1, Diff: 10,0, Sum: 25,9]
      [GC Worker End (ms): Min: 61486003,3, Avg: 61486003,3, Max: 61486003,4, Diff: 0,0]
   [Code Root Fixup: 0,0 ms]
   [Code Root Purge: 0,0 ms]
   [Clear CT: 0,4 ms]
   [Other: 3,2 ms]
      [Choose CSet: 0,0 ms]
      [Ref Proc: 2,6 ms]
      [Ref Enq: 0,0 ms]
      [Redirty Cards: 0,3 ms]
      [Humongous Register: 0,0 ms]
      [Humongous Reclaim: 0,0 ms]
      [Free CSet: 0,1 ms]
   [Eden: 7168,0K(7168,0K)->0,0B(63,0M) Survivors: 5120,0K->2048,0K Heap: 183,5M(256,0M)->158,5M(256,0M)]
 [Times: user=0,05 sys=0,00, real=0,01 secs] 
2019-07-21T14:26:06.157-0300: 61901,610: [GC pause (G1 Evacuation Pause) (young), 0,0227226 secs]
   [Parallel Time: 21,3 ms, GC Workers: 4]
      [GC Worker Start (ms): Min: 61901610,4, Avg: 61901619,5, Max: 61901627,0, Diff: 16,6]
      [Ext Root Scanning (ms): Min: 0,0, Avg: 0,3, Max: 1,0, Diff: 1,0, Sum: 1,1]
      [Update RS (ms): Min: 0,0, Avg: 2,1, Max: 5,3, Diff: 5,3, Sum: 8,2]
         [Processed Buffers: Min: 0, Avg: 16,2, Max: 36, Diff: 36, Sum: 65]
      [Scan RS (ms): Min: 0,0, Avg: 0,0, Max: 0,1, Diff: 0,1, Sum: 0,1]
      [Code Root Scanning (ms): Min: 0,0, Avg: 0,0, Max: 0,1, Diff: 0,1, Sum: 0,1]
      [Object Copy (ms): Min: 1,7, Avg: 7,6, Max: 14,7, Diff: 13,0, Sum: 30,4]
      [Termination (ms): Min: 0,0, Avg: 2,1, Max: 2,7, Diff: 2,7, Sum: 8,2]
         [Termination Attempts: Min: 1, Avg: 1,0, Max: 1, Diff: 0, Sum: 4]
      [GC Worker Other (ms): Min: 0,0, Avg: 0,0, Max: 0,0, Diff: 0,0, Sum: 0,1]
      [GC Worker Total (ms): Min: 4,6, Avg: 12,1, Max: 21,2, Diff: 16,6, Sum: 48,3]
      [GC Worker End (ms): Min: 61901631,6, Avg: 61901631,6, Max: 61901631,6, Diff: 0,0]
   [Code Root Fixup: 0,0 ms]
   [Code Root Purge: 0,0 ms]
   [Clear CT: 0,5 ms]
   [Other: 0,9 ms]
      [Choose CSet: 0,0 ms]
      [Ref Proc: 0,3 ms]
      [Ref Enq: 0,0 ms]
      [Redirty Cards: 0,4 ms]
      [Humongous Register: 0,0 ms]
      [Humongous Reclaim: 0,0 ms]
      [Free CSet: 0,0 ms]
   [Eden: 63,0M(63,0M)->0,0B(56,0M) Survivors: 2048,0K->8192,0K Heap: 221,5M(256,0M)->164,3M(256,0M)]
 [Times: user=0,05 sys=0,00, real=0,02 secs] 
2019-07-21T14:32:11.814-0300: 62267,267: [GC pause (G1 Evacuation Pause) (young) (initial-mark), 0,0165986 secs]
   [Parallel Time: 15,3 ms, GC Workers: 4]
      [GC Worker Start (ms): Min: 62267267,2, Avg: 62267267,4, Max: 62267267,8, Diff: 0,5]
      [Ext Root Scanning (ms): Min: 0,6, Avg: 2,0, Max: 5,9, Diff: 5,3, Sum: 7,9]
      [Update RS (ms): Min: 0,0, Avg: 0,9, Max: 1,2, Diff: 1,2, Sum: 3,4]
         [Processed Buffers: Min: 0, Avg: 11,2, Max: 31, Diff: 31, Sum: 45]
      [Scan RS (ms): Min: 0,0, Avg: 0,0, Max: 0,0, Diff: 0,0, Sum: 0,1]
      [Code Root Scanning (ms): Min: 0,0, Avg: 0,0, Max: 0,1, Diff: 0,1, Sum: 0,1]
      [Object Copy (ms): Min: 5,4, Avg: 9,6, Max: 13,2, Diff: 7,8, Sum: 38,4]
      [Termination (ms): Min: 0,0, Avg: 2,5, Max: 3,3, Diff: 3,3, Sum: 9,9]
         [Termination Attempts: Min: 1, Avg: 1,0, Max: 1, Diff: 0, Sum: 4]
      [GC Worker Other (ms): Min: 0,0, Avg: 0,0, Max: 0,0, Diff: 0,0, Sum: 0,1]
      [GC Worker Total (ms): Min: 14,6, Avg: 15,0, Max: 15,2, Diff: 0,5, Sum: 59,9]
      [GC Worker End (ms): Min: 62267282,4, Avg: 62267282,4, Max: 62267282,4, Diff: 0,0]
   [Code Root Fixup: 0,0 ms]
   [Code Root Purge: 0,0 ms]
   [Clear CT: 0,2 ms]
   [Other: 1,1 ms]
      [Choose CSet: 0,0 ms]
      [Ref Proc: 0,5 ms]
      [Ref Enq: 0,0 ms]
      [Redirty Cards: 0,4 ms]
      [Humongous Register: 0,0 ms]
      [Humongous Reclaim: 0,0 ms]
      [Free CSet: 0,0 ms]
   [Eden: 56,0M(56,0M)->0,0B(51,0M) Survivors: 8192,0K->7168,0K Heap: 220,3M(256,0M)->169,7M(256,0M)]
 [Times: user=0,07 sys=0,00, real=0,02 secs] 
2019-07-21T14:32:11.831-0300: 62267,284: [GC concurrent-root-region-scan-start]
2019-07-21T14:32:11.838-0300: 62267,292: [GC concurrent-root-region-scan-end, 0,0077862 secs]
2019-07-21T14:32:11.838-0300: 62267,292: [GC concurrent-mark-start]
2019-07-21T14:32:11.853-0300: 62267,307: [GC concurrent-mark-end, 0,0148731 secs]
2019-07-21T14:32:11.854-0300: 62267,307: [GC remark 2019-07-21T14:32:11.854-0300: 62267,307: [Finalize Marking, 0,0002928 secs] 2019-07-21T14:32:11.854-0300: 62267,307: [GC ref-proc, 0,0001644 secs] 2019-07-21T14:32:11.854-0300: 62267,307: [Unloading, 0,0033096 secs], 0,0047740 secs]
 [Times: user=0,06 sys=0,00, real=0,01 secs] 
2019-07-21T14:32:11.859-0300: 62267,312: [GC cleanup 169M->168M(256M), 0,0014816 secs]
 [Times: user=0,00 sys=0,00, real=0,00 secs] 
2019-07-21T14:32:11.860-0300: 62267,314: [GC concurrent-cleanup-start]
2019-07-21T14:32:11.860-0300: 62267,314: [GC concurrent-cleanup-end, 0,0000186 secs]
2019-07-21T14:37:49.932-0300: 62605,386: [GC pause (G1 Evacuation Pause) (young), 0,0167639 secs]
   [Parallel Time: 15,5 ms, GC Workers: 4]
      [GC Worker Start (ms): Min: 62605385,7, Avg: 62605389,1, Max: 62605393,7, Diff: 7,9]
      [Ext Root Scanning (ms): Min: 0,0, Avg: 0,3, Max: 0,6, Diff: 0,5, Sum: 1,1]
      [Update RS (ms): Min: 0,0, Avg: 1,2, Max: 2,4, Diff: 2,4, Sum: 4,7]
         [Processed Buffers: Min: 0, Avg: 14,8, Max: 33, Diff: 33, Sum: 59]
      [Scan RS (ms): Min: 0,0, Avg: 0,3, Max: 0,6, Diff: 0,6, Sum: 1,2]
      [Code Root Scanning (ms): Min: 0,0, Avg: 0,0, Max: 0,1, Diff: 0,1, Sum: 0,1]
      [Object Copy (ms): Min: 7,3, Avg: 10,1, Max: 11,7, Diff: 4,4, Sum: 40,2]
      [Termination (ms): Min: 0,0, Avg: 0,1, Max: 0,1, Diff: 0,1, Sum: 0,3]
         [Termination Attempts: Min: 1, Avg: 1,0, Max: 1, Diff: 0, Sum: 4]
      [GC Worker Other (ms): Min: 0,0, Avg: 0,0, Max: 0,0, Diff: 0,0, Sum: 0,1]
      [GC Worker Total (ms): Min: 7,3, Avg: 11,9, Max: 15,3, Diff: 7,9, Sum: 47,7]
      [GC Worker End (ms): Min: 62605401,0, Avg: 62605401,0, Max: 62605401,0, Diff: 0,0]
   [Code Root Fixup: 0,0 ms]
   [Code Root Purge: 0,0 ms]
   [Clear CT: 0,3 ms]
   [Other: 0,9 ms]
      [Choose CSet: 0,0 ms]
      [Ref Proc: 0,4 ms]
      [Ref Enq: 0,0 ms]
      [Redirty Cards: 0,3 ms]
      [Humongous Register: 0,0 ms]
      [Humongous Reclaim: 0,0 ms]
      [Free CSet: 0,0 ms]
   [Eden: 51,0M(51,0M)->0,0B(5120,0K) Survivors: 7168,0K->7168,0K Heap: 219,7M(256,0M)->176,0M(256,0M)]
 [Times: user=0,06 sys=0,00, real=0,02 secs] 
2019-07-21T14:38:21.497-0300: 62636,951: [GC pause (G1 Evacuation Pause) (mixed), 0,0154068 secs]
   [Parallel Time: 14,1 ms, GC Workers: 4]
      [GC Worker Start (ms): Min: 62636950,8, Avg: 62636954,6, Max: 62636957,6, Diff: 6,8]
      [Ext Root Scanning (ms): Min: 0,0, Avg: 0,3, Max: 1,1, Diff: 1,1, Sum: 1,2]
      [Update RS (ms): Min: 1,0, Avg: 4,6, Max: 8,1, Diff: 7,1, Sum: 18,5]
         [Processed Buffers: Min: 5, Avg: 17,0, Max: 42, Diff: 37, Sum: 68]
      [Scan RS (ms): Min: 0,0, Avg: 0,1, Max: 0,3, Diff: 0,3, Sum: 0,6]
      [Code Root Scanning (ms): Min: 0,0, Avg: 0,1, Max: 0,2, Diff: 0,2, Sum: 0,3]
      [Object Copy (ms): Min: 2,8, Avg: 4,9, Max: 5,7, Diff: 2,9, Sum: 19,7]
      [Termination (ms): Min: 0,0, Avg: 0,1, Max: 0,1, Diff: 0,1, Sum: 0,3]
         [Termination Attempts: Min: 1, Avg: 1,2, Max: 2, Diff: 1, Sum: 5]
      [GC Worker Other (ms): Min: 0,0, Avg: 0,0, Max: 0,0, Diff: 0,0, Sum: 0,1]
      [GC Worker Total (ms): Min: 7,1, Avg: 10,2, Max: 13,9, Diff: 6,8, Sum: 40,7]
      [GC Worker End (ms): Min: 62636964,7, Avg: 62636964,8, Max: 62636964,8, Diff: 0,0]
   [Code Root Fixup: 0,0 ms]
   [Code Root Purge: 0,0 ms]
   [Clear CT: 0,4 ms]
   [Other: 0,9 ms]
      [Choose CSet: 0,0 ms]
      [Ref Proc: 0,3 ms]
      [Ref Enq: 0,0 ms]
      [Redirty Cards: 0,4 ms]
      [Humongous Register: 0,0 ms]
      [Humongous Reclaim: 0,0 ms]
      [Free CSet: 0,1 ms]
   [Eden: 5120,0K(5120,0K)->0,0B(60,0M) Survivors: 7168,0K->2048,0K Heap: 181,0M(256,0M)->162,0M(256,0M)]
 [Times: user=0,04 sys=0,00, real=0,01 secs] 
2019-07-21T14:44:56.073-0300: 63031,526: [GC pause (G1 Evacuation Pause) (young), 0,0131418 secs]
   [Parallel Time: 11,8 ms, GC Workers: 4]
      [GC Worker Start (ms): Min: 63031526,0, Avg: 63031526,6, Max: 63031527,2, Diff: 1,2]
      [Ext Root Scanning (ms): Min: 0,0, Avg: 0,3, Max: 0,6, Diff: 0,5, Sum: 1,1]
      [Update RS (ms): Min: 1,9, Avg: 2,3, Max: 2,7, Diff: 0,8, Sum: 9,3]
         [Processed Buffers: Min: 7, Avg: 17,0, Max: 36, Diff: 29, Sum: 68]
      [Scan RS (ms): Min: 0,1, Avg: 0,2, Max: 0,2, Diff: 0,1, Sum: 0,7]
      [Code Root Scanning (ms): Min: 0,0, Avg: 0,0, Max: 0,0, Diff: 0,0, Sum: 0,1]
      [Object Copy (ms): Min: 8,1, Avg: 8,1, Max: 8,2, Diff: 0,1, Sum: 32,5]
      [Termination (ms): Min: 0,0, Avg: 0,0, Max: 0,0, Diff: 0,0, Sum: 0,0]
         [Termination Attempts: Min: 1, Avg: 1,2, Max: 2, Diff: 1, Sum: 5]
      [GC Worker Other (ms): Min: 0,0, Avg: 0,0, Max: 0,0, Diff: 0,0, Sum: 0,1]
      [GC Worker Total (ms): Min: 10,3, Avg: 11,0, Max: 11,6, Diff: 1,2, Sum: 43,9]
      [GC Worker End (ms): Min: 63031537,6, Avg: 63031537,6, Max: 63031537,6, Diff: 0,0]
   [Code Root Fixup: 0,0 ms]
   [Code Root Purge: 0,0 ms]
   [Clear CT: 0,3 ms]
   [Other: 1,0 ms]
      [Choose CSet: 0,0 ms]
      [Ref Proc: 0,4 ms]
      [Ref Enq: 0,0 ms]
      [Redirty Cards: 0,4 ms]
      [Humongous Register: 0,0 ms]
      [Humongous Reclaim: 0,0 ms]
      [Free CSet: 0,0 ms]
   [Eden: 60,0M(60,0M)->0,0B(50,0M) Survivors: 2048,0K->8192,0K Heap: 222,0M(256,0M)->170,5M(256,0M)]
 [Times: user=0,05 sys=0,00, real=0,02 secs] 
2019-07-21T14:50:25.923-0300: 63361,376: [GC pause (G1 Evacuation Pause) (young) (initial-mark), 0,0262302 secs]
   [Parallel Time: 24,8 ms, GC Workers: 4]
      [GC Worker Start (ms): Min: 63361376,2, Avg: 63361377,3, Max: 63361377,7, Diff: 1,5]
      [Ext Root Scanning (ms): Min: 0,1, Avg: 4,0, Max: 6,3, Diff: 6,2, Sum: 16,2]
      [Update RS (ms): Min: 0,0, Avg: 4,3, Max: 16,0, Diff: 16,0, Sum: 17,1]
         [Processed Buffers: Min: 0, Avg: 13,0, Max: 37, Diff: 37, Sum: 52]
      [Scan RS (ms): Min: 0,0, Avg: 0,0, Max: 0,1, Diff: 0,1, Sum: 0,1]
      [Code Root Scanning (ms): Min: 0,0, Avg: 0,0, Max: 0,1, Diff: 0,1, Sum: 0,1]
      [Object Copy (ms): Min: 7,0, Avg: 15,1, Max: 18,3, Diff: 11,3, Sum: 60,5]
      [Termination (ms): Min: 0,0, Avg: 0,1, Max: 0,1, Diff: 0,1, Sum: 0,3]
         [Termination Attempts: Min: 1, Avg: 2,5, Max: 4, Diff: 3, Sum: 10]
      [GC Worker Other (ms): Min: 0,0, Avg: 0,0, Max: 0,0, Diff: 0,0, Sum: 0,1]
      [GC Worker Total (ms): Min: 23,2, Avg: 23,6, Max: 24,7, Diff: 1,5, Sum: 94,4]
      [GC Worker End (ms): Min: 63361400,9, Avg: 63361400,9, Max: 63361400,9, Diff: 0,0]
   [Code Root Fixup: 0,0 ms]
   [Code Root Purge: 0,0 ms]
   [Clear CT: 0,5 ms]
   [Other: 0,9 ms]
      [Choose CSet: 0,0 ms]
      [Ref Proc: 0,4 ms]
      [Ref Enq: 0,0 ms]
      [Redirty Cards: 0,4 ms]
      [Humongous Register: 0,0 ms]
      [Humongous Reclaim: 0,0 ms]
      [Free CSet: 0,0 ms]
   [Eden: 50,0M(50,0M)->0,0B(43,0M) Survivors: 8192,0K->7168,0K Heap: 220,5M(256,0M)->177,8M(256,0M)]
 [Times: user=0,06 sys=0,00, real=0,03 secs] 
2019-07-21T14:50:25.949-0300: 63361,402: [GC concurrent-root-region-scan-start]
2019-07-21T14:50:25.959-0300: 63361,412: [GC concurrent-root-region-scan-end, 0,0100098 secs]
2019-07-21T14:50:25.959-0300: 63361,413: [GC concurrent-mark-start]
2019-07-21T14:50:25.974-0300: 63361,427: [GC concurrent-mark-end, 0,0145473 secs]
2019-07-21T14:50:25.974-0300: 63361,427: [GC remark 2019-07-21T14:50:25.974-0300: 63361,427: [Finalize Marking, 0,0003069 secs] 2019-07-21T14:50:25.974-0300: 63361,428: [GC ref-proc, 0,0001332 secs] 2019-07-21T14:50:25.975-0300: 63361,428: [Unloading, 0,0048283 secs], 0,0061838 secs]
 [Times: user=0,00 sys=0,00, real=0,01 secs] 
2019-07-21T14:50:25.981-0300: 63361,434: [GC cleanup 178M->177M(256M), 0,0015309 secs]
 [Times: user=0,00 sys=0,00, real=0,00 secs] 
2019-07-21T14:50:25.982-0300: 63361,435: [GC concurrent-cleanup-start]
2019-07-21T14:50:25.982-0300: 63361,435: [GC concurrent-cleanup-end, 0,0000136 secs]
2019-07-21T14:55:08.881-0300: 63644,335: [GC pause (G1 Evacuation Pause) (young), 0,0191590 secs]
   [Parallel Time: 17,9 ms, GC Workers: 4]
      [GC Worker Start (ms): Min: 63644334,7, Avg: 63644340,0, Max: 63644341,8, Diff: 7,0]
      [Ext Root Scanning (ms): Min: 0,0, Avg: 0,3, Max: 1,0, Diff: 1,0, Sum: 1,1]
      [Update RS (ms): Min: 0,0, Avg: 1,0, Max: 4,0, Diff: 4,0, Sum: 4,0]
         [Processed Buffers: Min: 0, Avg: 13,8, Max: 55, Diff: 55, Sum: 55]
      [Scan RS (ms): Min: 0,0, Avg: 0,3, Max: 1,2, Diff: 1,2, Sum: 1,2]
      [Code Root Scanning (ms): Min: 0,0, Avg: 0,0, Max: 0,1, Diff: 0,1, Sum: 0,1]
      [Object Copy (ms): Min: 10,7, Avg: 10,9, Max: 11,4, Diff: 0,7, Sum: 43,6]
      [Termination (ms): Min: 0,0, Avg: 0,0, Max: 0,0, Diff: 0,0, Sum: 0,0]
         [Termination Attempts: Min: 1, Avg: 4,2, Max: 7, Diff: 6, Sum: 17]
      [GC Worker Other (ms): Min: 0,0, Avg: 0,0, Max: 0,0, Diff: 0,0, Sum: 0,1]
      [GC Worker Total (ms): Min: 10,7, Avg: 12,5, Max: 17,8, Diff: 7,0, Sum: 50,2]
      [GC Worker End (ms): Min: 63644352,5, Avg: 63644352,5, Max: 63644352,5, Diff: 0,0]
   [Code Root Fixup: 0,0 ms]
   [Code Root Purge: 0,0 ms]
   [Clear CT: 0,3 ms]
   [Other: 1,0 ms]
      [Choose CSet: 0,0 ms]
      [Ref Proc: 0,3 ms]
      [Ref Enq: 0,0 ms]
      [Redirty Cards: 0,4 ms]
      [Humongous Register: 0,0 ms]
      [Humongous Reclaim: 0,0 ms]
      [Free CSet: 0,0 ms]
   [Eden: 43,0M(43,0M)->0,0B(6144,0K) Survivors: 7168,0K->6144,0K Heap: 219,8M(256,0M)->181,5M(256,0M)]
 [Times: user=0,05 sys=0,00, real=0,02 secs] 
2019-07-21T14:55:50.405-0300: 63685,858: [GC pause (G1 Evacuation Pause) (mixed), 0,0157391 secs]
   [Parallel Time: 14,0 ms, GC Workers: 4]
      [GC Worker Start (ms): Min: 63685858,1, Avg: 63685861,7, Max: 63685865,8, Diff: 7,6]
      [Ext Root Scanning (ms): Min: 0,0, Avg: 0,3, Max: 0,9, Diff: 0,9, Sum: 1,1]
      [Update RS (ms): Min: 0,0, Avg: 1,9, Max: 6,1, Diff: 6,1, Sum: 7,6]
         [Processed Buffers: Min: 0, Avg: 11,5, Max: 26, Diff: 26, Sum: 46]
      [Scan RS (ms): Min: 0,0, Avg: 0,7, Max: 1,1, Diff: 1,1, Sum: 3,0]
      [Code Root Scanning (ms): Min: 0,0, Avg: 0,0, Max: 0,1, Diff: 0,1, Sum: 0,1]
      [Object Copy (ms): Min: 5,5, Avg: 7,4, Max: 13,0, Diff: 7,4, Sum: 29,6]
      [Termination (ms): Min: 0,0, Avg: 0,0, Max: 0,0, Diff: 0,0, Sum: 0,0]
         [Termination Attempts: Min: 1, Avg: 2,8, Max: 4, Diff: 3, Sum: 11]
      [GC Worker Other (ms): Min: 0,0, Avg: 0,0, Max: 0,0, Diff: 0,0, Sum: 0,1]
      [GC Worker Total (ms): Min: 6,3, Avg: 10,4, Max: 14,0, Diff: 7,6, Sum: 41,5]
      [GC Worker End (ms): Min: 63685872,1, Avg: 63685872,1, Max: 63685872,1, Diff: 0,0]
   [Code Root Fixup: 0,0 ms]
   [Code Root Purge: 0,0 ms]
   [Clear CT: 0,4 ms]
   [Other: 1,3 ms]
      [Choose CSet: 0,0 ms]
      [Ref Proc: 0,4 ms]
      [Ref Enq: 0,0 ms]
      [Redirty Cards: 0,5 ms]
      [Humongous Register: 0,0 ms]
      [Humongous Reclaim: 0,0 ms]
      [Free CSet: 0,1 ms]
   [Eden: 6144,0K(6144,0K)->0,0B(61,0M) Survivors: 6144,0K->2048,0K Heap: 187,5M(256,0M)->160,5M(256,0M)]
 [Times: user=0,04 sys=0,00, real=0,01 secs] 
2019-07-21T15:02:30.555-0300: 64086,009: [GC pause (G1 Evacuation Pause) (young), 0,0100699 secs]
   [Parallel Time: 8,9 ms, GC Workers: 4]
      [GC Worker Start (ms): Min: 64086008,8, Avg: 64086008,8, Max: 64086008,9, Diff: 0,1]
      [Ext Root Scanning (ms): Min: 0,2, Avg: 0,3, Max: 0,5, Diff: 0,3, Sum: 1,1]
      [Update RS (ms): Min: 1,7, Avg: 1,9, Max: 2,0, Diff: 0,2, Sum: 7,5]
         [Processed Buffers: Min: 5, Avg: 13,0, Max: 24, Diff: 19, Sum: 52]
      [Scan RS (ms): Min: 0,2, Avg: 0,3, Max: 0,3, Diff: 0,1, Sum: 1,1]
      [Code Root Scanning (ms): Min: 0,0, Avg: 0,0, Max: 0,0, Diff: 0,0, Sum: 0,1]
      [Object Copy (ms): Min: 6,2, Avg: 6,2, Max: 6,3, Diff: 0,1, Sum: 24,9]
      [Termination (ms): Min: 0,0, Avg: 0,0, Max: 0,0, Diff: 0,0, Sum: 0,0]
         [Termination Attempts: Min: 1, Avg: 1,0, Max: 1, Diff: 0, Sum: 4]
      [GC Worker Other (ms): Min: 0,0, Avg: 0,0, Max: 0,1, Diff: 0,0, Sum: 0,1]
      [GC Worker Total (ms): Min: 8,7, Avg: 8,7, Max: 8,8, Diff: 0,1, Sum: 34,9]
      [GC Worker End (ms): Min: 64086017,5, Avg: 64086017,5, Max: 64086017,5, Diff: 0,0]
   [Code Root Fixup: 0,0 ms]
   [Code Root Purge: 0,0 ms]
   [Clear CT: 0,3 ms]
   [Other: 0,8 ms]
      [Choose CSet: 0,0 ms]
      [Ref Proc: 0,3 ms]
      [Ref Enq: 0,0 ms]
      [Redirty Cards: 0,4 ms]
      [Humongous Register: 0,0 ms]
      [Humongous Reclaim: 0,0 ms]
      [Free CSet: 0,0 ms]
   [Eden: 61,0M(61,0M)->0,0B(54,0M) Survivors: 2048,0K->8192,0K Heap: 221,5M(256,0M)->166,1M(256,0M)]
 [Times: user=0,05 sys=0,00, real=0,02 secs] 
2019-07-21T15:08:26.589-0300: 64442,042: [GC pause (G1 Evacuation Pause) (young) (initial-mark), 0,0207131 secs]
   [Parallel Time: 19,5 ms, GC Workers: 4]
      [GC Worker Start (ms): Min: 64442042,2, Avg: 64442043,4, Max: 64442043,8, Diff: 1,5]
      [Ext Root Scanning (ms): Min: 0,0, Avg: 4,1, Max: 9,9, Diff: 9,9, Sum: 16,3]
      [Update RS (ms): Min: 0,0, Avg: 0,7, Max: 2,4, Diff: 2,4, Sum: 2,9]
         [Processed Buffers: Min: 0, Avg: 12,0, Max: 33, Diff: 33, Sum: 48]
      [Scan RS (ms): Min: 0,0, Avg: 0,0, Max: 0,1, Diff: 0,0, Sum: 0,1]
      [Code Root Scanning (ms): Min: 0,0, Avg: 0,0, Max: 0,1, Diff: 0,1, Sum: 0,1]
      [Object Copy (ms): Min: 7,9, Avg: 13,4, Max: 15,4, Diff: 7,5, Sum: 53,7]
      [Termination (ms): Min: 0,0, Avg: 0,1, Max: 0,1, Diff: 0,1, Sum: 0,3]
         [Termination Attempts: Min: 1, Avg: 3,2, Max: 6, Diff: 5, Sum: 13]
      [GC Worker Other (ms): Min: 0,0, Avg: 0,0, Max: 0,0, Diff: 0,0, Sum: 0,1]
      [GC Worker Total (ms): Min: 17,9, Avg: 18,4, Max: 19,5, Diff: 1,5, Sum: 73,5]
      [GC Worker End (ms): Min: 64442061,7, Avg: 64442061,7, Max: 64442061,7, Diff: 0,0]
   [Code Root Fixup: 0,0 ms]
   [Code Root Purge: 0,0 ms]
   [Clear CT: 0,2 ms]
   [Other: 0,9 ms]
      [Choose CSet: 0,0 ms]
      [Ref Proc: 0,4 ms]
      [Ref Enq: 0,0 ms]
      [Redirty Cards: 0,3 ms]
      [Humongous Register: 0,0 ms]
      [Humongous Reclaim: 0,0 ms]
      [Free CSet: 0,0 ms]
   [Eden: 54,0M(54,0M)->0,0B(48,0M) Survivors: 8192,0K->7168,0K Heap: 220,1M(256,0M)->173,3M(256,0M)]
 [Times: user=0,06 sys=0,00, real=0,02 secs] 
2019-07-21T15:08:26.610-0300: 64442,063: [GC concurrent-root-region-scan-start]
2019-07-21T15:08:26.617-0300: 64442,070: [GC concurrent-root-region-scan-end, 0,0069924 secs]
2019-07-21T15:08:26.617-0300: 64442,070: [GC concurrent-mark-start]
2019-07-21T15:08:26.632-0300: 64442,086: [GC concurrent-mark-end, 0,0156117 secs]
2019-07-21T15:08:26.633-0300: 64442,086: [GC remark 2019-07-21T15:08:26.633-0300: 64442,086: [Finalize Marking, 0,0004390 secs] 2019-07-21T15:08:26.633-0300: 64442,087: [GC ref-proc, 0,0001478 secs] 2019-07-21T15:08:26.633-0300: 64442,087: [Unloading, 0,0071087 secs], 0,0087721 secs]
 [Times: user=0,00 sys=0,00, real=0,01 secs] 
2019-07-21T15:08:26.642-0300: 64442,095: [GC cleanup 173M->172M(256M), 0,0011751 secs]
 [Times: user=0,00 sys=0,00, real=0,00 secs] 
2019-07-21T15:08:26.643-0300: 64442,097: [GC concurrent-cleanup-start]
2019-07-21T15:08:26.643-0300: 64442,097: [GC concurrent-cleanup-end, 0,0000989 secs]
2019-07-21T15:13:45.297-0300: 64760,750: [GC pause (G1 Evacuation Pause) (young), 0,0197126 secs]
   [Parallel Time: 18,7 ms, GC Workers: 4]
      [GC Worker Start (ms): Min: 64760750,2, Avg: 64760752,8, Max: 64760753,8, Diff: 3,6]
      [Ext Root Scanning (ms): Min: 0,0, Avg: 0,3, Max: 1,0, Diff: 1,0, Sum: 1,1]
      [Update RS (ms): Min: 1,0, Avg: 1,8, Max: 4,0, Diff: 3,0, Sum: 7,1]
         [Processed Buffers: Min: 11, Avg: 16,0, Max: 26, Diff: 15, Sum: 64]
      [Scan RS (ms): Min: 0,0, Avg: 0,2, Max: 0,3, Diff: 0,3, Sum: 0,9]
      [Code Root Scanning (ms): Min: 0,0, Avg: 0,0, Max: 0,0, Diff: 0,0, Sum: 0,1]
      [Object Copy (ms): Min: 10,5, Avg: 10,8, Max: 10,9, Diff: 0,4, Sum: 43,2]
      [Termination (ms): Min: 2,7, Avg: 2,8, Max: 3,1, Diff: 0,4, Sum: 11,3]
         [Termination Attempts: Min: 1, Avg: 1,0, Max: 1, Diff: 0, Sum: 4]
      [GC Worker Other (ms): Min: 0,0, Avg: 0,0, Max: 0,0, Diff: 0,0, Sum: 0,1]
      [GC Worker Total (ms): Min: 15,0, Avg: 16,0, Max: 18,7, Diff: 3,6, Sum: 63,9]
      [GC Worker End (ms): Min: 64760768,8, Avg: 64760768,8, Max: 64760768,8, Diff: 0,0]
   [Code Root Fixup: 0,0 ms]
   [Code Root Purge: 0,0 ms]
   [Clear CT: 0,3 ms]
   [Other: 0,7 ms]
      [Choose CSet: 0,0 ms]
      [Ref Proc: 0,2 ms]
      [Ref Enq: 0,0 ms]
      [Redirty Cards: 0,3 ms]
      [Humongous Register: 0,0 ms]
      [Humongous Reclaim: 0,0 ms]
      [Free CSet: 0,0 ms]
   [Eden: 48,0M(48,0M)->0,0B(6144,0K) Survivors: 7168,0K->6144,0K Heap: 220,3M(256,0M)->177,0M(256,0M)]
 [Times: user=0,07 sys=0,00, real=0,02 secs] 
2019-07-21T15:14:23.371-0300: 64798,824: [GC pause (G1 Evacuation Pause) (mixed), 0,0112632 secs]
   [Parallel Time: 9,9 ms, GC Workers: 4]
      [GC Worker Start (ms): Min: 64798824,4, Avg: 64798825,8, Max: 64798829,8, Diff: 5,4]
      [Ext Root Scanning (ms): Min: 0,0, Avg: 0,3, Max: 0,7, Diff: 0,6, Sum: 1,4]
      [Update RS (ms): Min: 0,0, Avg: 2,9, Max: 3,9, Diff: 3,9, Sum: 11,6]
         [Processed Buffers: Min: 0, Avg: 16,5, Max: 30, Diff: 30, Sum: 66]
      [Scan RS (ms): Min: 0,0, Avg: 0,3, Max: 0,4, Diff: 0,4, Sum: 1,1]
      [Code Root Scanning (ms): Min: 0,0, Avg: 0,1, Max: 0,3, Diff: 0,3, Sum: 0,4]
      [Object Copy (ms): Min: 4,3, Avg: 4,7, Max: 4,9, Diff: 0,7, Sum: 18,8]
      [Termination (ms): Min: 0,0, Avg: 0,0, Max: 0,1, Diff: 0,0, Sum: 0,2]
         [Termination Attempts: Min: 1, Avg: 1,0, Max: 1, Diff: 0, Sum: 4]
      [GC Worker Other (ms): Min: 0,0, Avg: 0,0, Max: 0,0, Diff: 0,0, Sum: 0,1]
      [GC Worker Total (ms): Min: 4,4, Avg: 8,4, Max: 9,8, Diff: 5,4, Sum: 33,5]
      [GC Worker End (ms): Min: 64798834,2, Avg: 64798834,2, Max: 64798834,2, Diff: 0,0]
   [Code Root Fixup: 0,0 ms]
   [Code Root Purge: 0,0 ms]
   [Clear CT: 0,3 ms]
   [Other: 1,0 ms]
      [Choose CSet: 0,0 ms]
      [Ref Proc: 0,3 ms]
      [Ref Enq: 0,0 ms]
      [Redirty Cards: 0,4 ms]
      [Humongous Register: 0,0 ms]
      [Humongous Reclaim: 0,0 ms]
      [Free CSet: 0,1 ms]
   [Eden: 6144,0K(6144,0K)->0,0B(61,0M) Survivors: 6144,0K->2048,0K Heap: 183,0M(256,0M)->161,0M(256,0M)]
 [Times: user=0,07 sys=0,00, real=0,01 secs] 
2019-07-21T15:20:47.763-0300: 65183,217: [GC pause (G1 Evacuation Pause) (young), 0,0145119 secs]
   [Parallel Time: 13,1 ms, GC Workers: 4]
      [GC Worker Start (ms): Min: 65183216,6, Avg: 65183221,9, Max: 65183226,6, Diff: 10,0]
      [Ext Root Scanning (ms): Min: 0,0, Avg: 0,3, Max: 1,0, Diff: 1,0, Sum: 1,1]
      [Update RS (ms): Min: 0,0, Avg: 1,5, Max: 3,0, Diff: 3,0, Sum: 6,0]
         [Processed Buffers: Min: 0, Avg: 14,5, Max: 37, Diff: 37, Sum: 58]
      [Scan RS (ms): Min: 0,0, Avg: 0,3, Max: 0,6, Diff: 0,5, Sum: 1,1]
      [Code Root Scanning (ms): Min: 0,0, Avg: 0,0, Max: 0,0, Diff: 0,0, Sum: 0,1]
      [Object Copy (ms): Min: 0,2, Avg: 3,6, Max: 8,4, Diff: 8,2, Sum: 14,4]
      [Termination (ms): Min: 0,0, Avg: 2,1, Max: 2,8, Diff: 2,8, Sum: 8,4]
         [Termination Attempts: Min: 1, Avg: 1,5, Max: 2, Diff: 1, Sum: 6]
      [GC Worker Other (ms): Min: 0,0, Avg: 0,0, Max: 0,0, Diff: 0,0, Sum: 0,1]
      [GC Worker Total (ms): Min: 3,0, Avg: 7,8, Max: 13,0, Diff: 10,0, Sum: 31,2]
      [GC Worker End (ms): Min: 65183229,6, Avg: 65183229,7, Max: 65183229,7, Diff: 0,0]
   [Code Root Fixup: 0,0 ms]
   [Code Root Purge: 0,0 ms]
   [Clear CT: 0,4 ms]
   [Other: 1,1 ms]
      [Choose CSet: 0,0 ms]
      [Ref Proc: 0,5 ms]
      [Ref Enq: 0,0 ms]
      [Redirty Cards: 0,3 ms]
      [Humongous Register: 0,0 ms]
      [Humongous Reclaim: 0,0 ms]
      [Free CSet: 0,0 ms]
   [Eden: 61,0M(61,0M)->0,0B(58,0M) Survivors: 2048,0K->6144,0K Heap: 222,0M(256,0M)->164,7M(256,0M)]
 [Times: user=0,06 sys=0,00, real=0,02 secs] 
2019-07-21T15:27:08.805-0300: 65564,259: [GC pause (G1 Evacuation Pause) (young) (initial-mark), 0,0125310 secs]
   [Parallel Time: 11,1 ms, GC Workers: 4]
      [GC Worker Start (ms): Min: 65564258,7, Avg: 65564258,7, Max: 65564258,8, Diff: 0,0]
      [Ext Root Scanning (ms): Min: 0,0, Avg: 3,4, Max: 4,6, Diff: 4,6, Sum: 13,8]
      [Update RS (ms): Min: 0,2, Avg: 2,7, Max: 9,9, Diff: 9,6, Sum: 10,7]
         [Processed Buffers: Min: 7, Avg: 12,2, Max: 19, Diff: 12, Sum: 49]
      [Scan RS (ms): Min: 0,0, Avg: 0,0, Max: 0,1, Diff: 0,0, Sum: 0,1]
      [Code Root Scanning (ms): Min: 0,0, Avg: 0,0, Max: 0,0, Diff: 0,0, Sum: 0,1]
      [Object Copy (ms): Min: 1,0, Avg: 4,3, Max: 5,8, Diff: 4,8, Sum: 17,4]
      [Termination (ms): Min: 0,0, Avg: 0,3, Max: 1,1, Diff: 1,1, Sum: 1,3]
         [Termination Attempts: Min: 1, Avg: 2,2, Max: 4, Diff: 3, Sum: 9]
      [GC Worker Other (ms): Min: 0,0, Avg: 0,0, Max: 0,0, Diff: 0,0, Sum: 0,1]
      [GC Worker Total (ms): Min: 10,9, Avg: 10,9, Max: 10,9, Diff: 0,0, Sum: 43,5]
      [GC Worker End (ms): Min: 65564269,6, Avg: 65564269,6, Max: 65564269,7, Diff: 0,0]
   [Code Root Fixup: 0,0 ms]
   [Code Root Purge: 0,0 ms]
   [Clear CT: 0,5 ms]
   [Other: 1,0 ms]
      [Choose CSet: 0,0 ms]
      [Ref Proc: 0,4 ms]
      [Ref Enq: 0,0 ms]
      [Redirty Cards: 0,4 ms]
      [Humongous Register: 0,0 ms]
      [Humongous Reclaim: 0,0 ms]
      [Free CSet: 0,0 ms]
   [Eden: 58,0M(58,0M)->0,0B(60,0M) Survivors: 6144,0K->5120,0K Heap: 222,7M(256,0M)->163,5M(256,0M)]
 [Times: user=0,02 sys=0,01, real=0,01 secs] 
2019-07-21T15:27:08.818-0300: 65564,271: [GC concurrent-root-region-scan-start]
2019-07-21T15:27:08.825-0300: 65564,278: [GC concurrent-root-region-scan-end, 0,0065151 secs]
2019-07-21T15:27:08.825-0300: 65564,278: [GC concurrent-mark-start]
2019-07-21T15:27:08.841-0300: 65564,294: [GC concurrent-mark-end, 0,0161799 secs]
2019-07-21T15:27:08.842-0300: 65564,295: [GC remark 2019-07-21T15:27:08.842-0300: 65564,295: [Finalize Marking, 0,0030905 secs] 2019-07-21T15:27:08.845-0300: 65564,298: [GC ref-proc, 0,0001667 secs] 2019-07-21T15:27:08.845-0300: 65564,298: [Unloading, 0,0054021 secs], 0,0095628 secs]
 [Times: user=0,04 sys=0,00, real=0,01 secs] 
2019-07-21T15:27:08.852-0300: 65564,305: [GC cleanup 164M->163M(256M), 0,0015963 secs]
 [Times: user=0,00 sys=0,00, real=0,00 secs] 
2019-07-21T15:27:08.853-0300: 65564,307: [GC concurrent-cleanup-start]
2019-07-21T15:27:08.853-0300: 65564,307: [GC concurrent-cleanup-end, 0,0000180 secs]
2019-07-21T15:33:38.932-0300: 65954,385: [GC pause (G1 Evacuation Pause) (young), 0,0173006 secs]
   [Parallel Time: 16,5 ms, GC Workers: 4]
      [GC Worker Start (ms): Min: 65954385,3, Avg: 65954390,6, Max: 65954393,7, Diff: 8,4]
      [Ext Root Scanning (ms): Min: 0,0, Avg: 0,3, Max: 1,1, Diff: 1,0, Sum: 1,2]
      [Update RS (ms): Min: 0,0, Avg: 1,4, Max: 4,4, Diff: 4,4, Sum: 5,5]
         [Processed Buffers: Min: 0, Avg: 13,2, Max: 30, Diff: 30, Sum: 53]
      [Scan RS (ms): Min: 0,0, Avg: 0,0, Max: 0,1, Diff: 0,1, Sum: 0,1]
      [Code Root Scanning (ms): Min: 0,0, Avg: 0,0, Max: 0,1, Diff: 0,1, Sum: 0,1]
      [Object Copy (ms): Min: 6,4, Avg: 8,5, Max: 10,7, Diff: 4,3, Sum: 34,0]
      [Termination (ms): Min: 0,0, Avg: 0,8, Max: 1,5, Diff: 1,5, Sum: 3,0]
         [Termination Attempts: Min: 1, Avg: 1,5, Max: 2, Diff: 1, Sum: 6]
      [GC Worker Other (ms): Min: 0,0, Avg: 0,0, Max: 0,0, Diff: 0,0, Sum: 0,1]
      [GC Worker Total (ms): Min: 7,9, Avg: 11,0, Max: 16,3, Diff: 8,4, Sum: 44,1]
      [GC Worker End (ms): Min: 65954401,6, Avg: 65954401,6, Max: 65954401,7, Diff: 0,1]
   [Code Root Fixup: 0,0 ms]
   [Code Root Purge: 0,0 ms]
   [Clear CT: 0,2 ms]
   [Other: 0,6 ms]
      [Choose CSet: 0,0 ms]
      [Ref Proc: 0,3 ms]
      [Ref Enq: 0,0 ms]
      [Redirty Cards: 0,1 ms]
      [Humongous Register: 0,0 ms]
      [Humongous Reclaim: 0,0 ms]
      [Free CSet: 0,0 ms]
   [Eden: 60,0M(60,0M)->0,0B(6144,0K) Survivors: 5120,0K->6144,0K Heap: 222,5M(256,0M)->163,5M(256,0M)]
 [Times: user=0,04 sys=0,00, real=0,02 secs] 
2019-07-21T15:34:17.092-0300: 65992,545: [GC pause (G1 Evacuation Pause) (mixed), 0,0056975 secs]
   [Parallel Time: 5,6 ms, GC Workers: 4]
      [GC Worker Start (ms): Min: 65992545,2, Avg: 65992545,3, Max: 65992545,4, Diff: 0,2]
      [Ext Root Scanning (ms): Min: 0,2, Avg: 0,4, Max: 0,7, Diff: 0,4, Sum: 1,4]
      [Update RS (ms): Min: 0,0, Avg: 0,8, Max: 1,1, Diff: 1,1, Sum: 3,1]
         [Processed Buffers: Min: 0, Avg: 11,0, Max: 23, Diff: 23, Sum: 44]
      [Scan RS (ms): Min: 0,0, Avg: 0,1, Max: 0,1, Diff: 0,1, Sum: 0,4]
      [Code Root Scanning (ms): Min: 0,0, Avg: 0,0, Max: 0,0, Diff: 0,0, Sum: 0,1]
      [Object Copy (ms): Min: 3,8, Avg: 4,1, Max: 5,1, Diff: 1,3, Sum: 16,5]
      [Termination (ms): Min: 0,0, Avg: 0,0, Max: 0,0, Diff: 0,0, Sum: 0,0]
         [Termination Attempts: Min: 1, Avg: 2,5, Max: 5, Diff: 4, Sum: 10]
      [GC Worker Other (ms): Min: 0,0, Avg: 0,0, Max: 0,0, Diff: 0,0, Sum: 0,1]
      [GC Worker Total (ms): Min: 5,3, Avg: 5,4, Max: 5,5, Diff: 0,2, Sum: 21,5]
      [GC Worker End (ms): Min: 65992550,7, Avg: 65992550,7, Max: 65992550,7, Diff: 0,0]
   [Code Root Fixup: 0,0 ms]
   [Code Root Purge: 0,0 ms]
   [Clear CT: 0,0 ms]
   [Other: 0,1 ms]
      [Choose CSet: 0,0 ms]
      [Ref Proc: 0,0 ms]
      [Ref Enq: 0,0 ms]
      [Redirty Cards: 0,0 ms]
      [Humongous Register: 0,0 ms]
      [Humongous Reclaim: 0,0 ms]
      [Free CSet: 0,0 ms]
   [Eden: 6144,0K(6144,0K)->0,0B(69,0M) Survivors: 6144,0K->2048,0K Heap: 169,5M(256,0M)->153,2M(256,0M)]
 [Times: user=0,03 sys=0,00, real=0,01 secs] 
2019-07-21T15:41:53.321-0300: 66448,774: [GC pause (G1 Evacuation Pause) (young), 0,0197240 secs]
   [Parallel Time: 17,0 ms, GC Workers: 4]
      [GC Worker Start (ms): Min: 66448774,0, Avg: 66448779,0, Max: 66448781,8, Diff: 7,8]
      [Ext Root Scanning (ms): Min: 0,0, Avg: 0,3, Max: 1,0, Diff: 1,0, Sum: 1,3]
      [Update RS (ms): Min: 0,1, Avg: 2,5, Max: 6,8, Diff: 6,7, Sum: 10,1]
         [Processed Buffers: Min: 3, Avg: 18,0, Max: 48, Diff: 45, Sum: 72]
      [Scan RS (ms): Min: 0,0, Avg: 0,0, Max: 0,1, Diff: 0,1, Sum: 0,2]
      [Code Root Scanning (ms): Min: 0,0, Avg: 0,0, Max: 0,0, Diff: 0,0, Sum: 0,1]
      [Object Copy (ms): Min: 9,0, Avg: 9,0, Max: 9,0, Diff: 0,1, Sum: 36,0]
      [Termination (ms): Min: 0,0, Avg: 0,0, Max: 0,0, Diff: 0,0, Sum: 0,0]
         [Termination Attempts: Min: 1, Avg: 1,2, Max: 2, Diff: 1, Sum: 5]
      [GC Worker Other (ms): Min: 0,0, Avg: 0,0, Max: 0,1, Diff: 0,1, Sum: 0,2]
      [GC Worker Total (ms): Min: 9,2, Avg: 12,0, Max: 17,0, Diff: 7,8, Sum: 47,8]
      [GC Worker End (ms): Min: 66448791,0, Avg: 66448791,0, Max: 66448791,0, Diff: 0,0]
   [Code Root Fixup: 0,0 ms]
   [Code Root Purge: 0,0 ms]
   [Clear CT: 0,3 ms]
   [Other: 2,4 ms]
      [Choose CSet: 0,0 ms]
      [Ref Proc: 1,8 ms]
      [Ref Enq: 0,0 ms]
      [Redirty Cards: 0,4 ms]
      [Humongous Register: 0,0 ms]
      [Humongous Reclaim: 0,0 ms]
      [Free CSet: 0,0 ms]
   [Eden: 69,0M(69,0M)->0,0B(58,0M) Survivors: 2048,0K->9216,0K Heap: 222,2M(256,0M)->161,5M(256,0M)]
 [Times: user=0,07 sys=0,00, real=0,02 secs] 
2019-07-21T15:48:13.080-0300: 66828,534: [GC pause (G1 Evacuation Pause) (young) (initial-mark), 0,0244668 secs]
   [Parallel Time: 23,6 ms, GC Workers: 4]
      [GC Worker Start (ms): Min: 66828533,9, Avg: 66828535,0, Max: 66828535,3, Diff: 1,5]
      [Ext Root Scanning (ms): Min: 0,0, Avg: 5,9, Max: 10,0, Diff: 9,9, Sum: 23,7]
      [Update RS (ms): Min: 0,0, Avg: 0,6, Max: 2,4, Diff: 2,4, Sum: 2,5]
         [Processed Buffers: Min: 0, Avg: 11,8, Max: 41, Diff: 41, Sum: 47]
      [Scan RS (ms): Min: 0,0, Avg: 0,0, Max: 0,1, Diff: 0,1, Sum: 0,1]
      [Code Root Scanning (ms): Min: 0,0, Avg: 0,0, Max: 0,0, Diff: 0,0, Sum: 0,1]
      [Object Copy (ms): Min: 9,7, Avg: 15,1, Max: 19,4, Diff: 9,8, Sum: 60,4]
      [Termination (ms): Min: 0,0, Avg: 0,6, Max: 2,3, Diff: 2,3, Sum: 2,6]
         [Termination Attempts: Min: 1, Avg: 1,2, Max: 2, Diff: 1, Sum: 5]
      [GC Worker Other (ms): Min: 0,0, Avg: 0,0, Max: 0,0, Diff: 0,0, Sum: 0,1]
      [GC Worker Total (ms): Min: 22,0, Avg: 22,4, Max: 23,4, Diff: 1,4, Sum: 89,5]
      [GC Worker End (ms): Min: 66828557,3, Avg: 66828557,3, Max: 66828557,3, Diff: 0,0]
   [Code Root Fixup: 0,0 ms]
   [Code Root Purge: 0,0 ms]
   [Clear CT: 0,1 ms]
   [Other: 0,7 ms]
      [Choose CSet: 0,0 ms]
      [Ref Proc: 0,3 ms]
      [Ref Enq: 0,0 ms]
      [Redirty Cards: 0,2 ms]
      [Humongous Register: 0,0 ms]
      [Humongous Reclaim: 0,0 ms]
      [Free CSet: 0,0 ms]
   [Eden: 58,0M(58,0M)->0,0B(54,0M) Survivors: 9216,0K->7168,0K Heap: 219,5M(256,0M)->166,6M(256,0M)]
 [Times: user=0,04 sys=0,00, real=0,03 secs] 
2019-07-21T15:48:13.105-0300: 66828,558: [GC concurrent-root-region-scan-start]
2019-07-21T15:48:13.113-0300: 66828,567: [GC concurrent-root-region-scan-end, 0,0082940 secs]
2019-07-21T15:48:13.113-0300: 66828,567: [GC concurrent-mark-start]
2019-07-21T15:48:13.129-0300: 66828,582: [GC concurrent-mark-end, 0,0151682 secs]
2019-07-21T15:48:13.129-0300: 66828,582: [GC remark 2019-07-21T15:48:13.129-0300: 66828,582: [Finalize Marking, 0,0005623 secs] 2019-07-21T15:48:13.129-0300: 66828,583: [GC ref-proc, 0,0001431 secs] 2019-07-21T15:48:13.130-0300: 66828,583: [Unloading, 0,0070263 secs], 0,0086249 secs]
 [Times: user=0,00 sys=0,00, real=0,01 secs] 
2019-07-21T15:48:13.138-0300: 66828,591: [GC cleanup 167M->166M(256M), 0,0015926 secs]
 [Times: user=0,00 sys=0,00, real=0,00 secs] 
2019-07-21T15:48:13.140-0300: 66828,593: [GC concurrent-cleanup-start]
2019-07-21T15:48:13.140-0300: 66828,593: [GC concurrent-cleanup-end, 0,0000148 secs]
2019-07-21T15:54:08.536-0300: 67183,990: [GC pause (G1 Evacuation Pause) (young), 0,0231040 secs]
   [Parallel Time: 21,6 ms, GC Workers: 4]
      [GC Worker Start (ms): Min: 67183989,7, Avg: 67183996,3, Max: 67184001,7, Diff: 12,0]
      [Ext Root Scanning (ms): Min: 0,0, Avg: 0,3, Max: 1,0, Diff: 1,0, Sum: 1,1]
      [Update RS (ms): Min: 0,0, Avg: 1,7, Max: 6,1, Diff: 6,1, Sum: 6,8]
         [Processed Buffers: Min: 0, Avg: 18,2, Max: 57, Diff: 57, Sum: 73]
      [Scan RS (ms): Min: 0,0, Avg: 0,0, Max: 0,1, Diff: 0,1, Sum: 0,1]
      [Code Root Scanning (ms): Min: 0,0, Avg: 0,0, Max: 0,1, Diff: 0,1, Sum: 0,1]
      [Object Copy (ms): Min: 9,2, Avg: 12,8, Max: 14,3, Diff: 5,1, Sum: 51,1]
      [Termination (ms): Min: 0,0, Avg: 0,0, Max: 0,2, Diff: 0,2, Sum: 0,2]
         [Termination Attempts: Min: 1, Avg: 3,2, Max: 7, Diff: 6, Sum: 13]
      [GC Worker Other (ms): Min: 0,0, Avg: 0,0, Max: 0,0, Diff: 0,0, Sum: 0,1]
      [GC Worker Total (ms): Min: 9,5, Avg: 14,9, Max: 21,5, Diff: 12,1, Sum: 59,5]
      [GC Worker End (ms): Min: 67184011,2, Avg: 67184011,2, Max: 67184011,2, Diff: 0,0]
   [Code Root Fixup: 0,0 ms]
   [Code Root Purge: 0,0 ms]
   [Clear CT: 0,3 ms]
   [Other: 1,2 ms]
      [Choose CSet: 0,0 ms]
      [Ref Proc: 0,4 ms]
      [Ref Enq: 0,0 ms]
      [Redirty Cards: 0,5 ms]
      [Humongous Register: 0,0 ms]
      [Humongous Reclaim: 0,0 ms]
      [Free CSet: 0,0 ms]
   [Eden: 54,0M(54,0M)->0,0B(5120,0K) Survivors: 7168,0K->7168,0K Heap: 219,6M(256,0M)->172,5M(256,0M)]
 [Times: user=0,08 sys=0,00, real=0,03 secs] 
2019-07-21T15:54:40.740-0300: 67216,194: [GC pause (G1 Evacuation Pause) (mixed), 0,0115339 secs]
   [Parallel Time: 10,4 ms, GC Workers: 4]
      [GC Worker Start (ms): Min: 67216193,8, Avg: 67216193,9, Max: 67216194,0, Diff: 0,1]
      [Ext Root Scanning (ms): Min: 0,2, Avg: 0,4, Max: 0,7, Diff: 0,4, Sum: 1,6]
      [Update RS (ms): Min: 3,2, Avg: 3,3, Max: 3,4, Diff: 0,2, Sum: 13,3]
         [Processed Buffers: Min: 9, Avg: 16,5, Max: 26, Diff: 17, Sum: 66]
      [Scan RS (ms): Min: 0,3, Avg: 0,3, Max: 0,4, Diff: 0,1, Sum: 1,4]
      [Code Root Scanning (ms): Min: 0,0, Avg: 0,1, Max: 0,2, Diff: 0,2, Sum: 0,4]
      [Object Copy (ms): Min: 5,9, Avg: 6,1, Max: 6,1, Diff: 0,2, Sum: 24,3]
      [Termination (ms): Min: 0,0, Avg: 0,0, Max: 0,0, Diff: 0,0, Sum: 0,0]
         [Termination Attempts: Min: 1, Avg: 1,0, Max: 1, Diff: 0, Sum: 4]
      [GC Worker Other (ms): Min: 0,0, Avg: 0,0, Max: 0,0, Diff: 0,0, Sum: 0,1]
      [GC Worker Total (ms): Min: 10,2, Avg: 10,2, Max: 10,3, Diff: 0,1, Sum: 40,9]
      [GC Worker End (ms): Min: 67216204,1, Avg: 67216204,2, Max: 67216204,2, Diff: 0,0]
   [Code Root Fixup: 0,0 ms]
   [Code Root Purge: 0,0 ms]
   [Clear CT: 0,3 ms]
   [Other: 0,8 ms]
      [Choose CSet: 0,0 ms]
      [Ref Proc: 0,2 ms]
      [Ref Enq: 0,0 ms]
      [Redirty Cards: 0,4 ms]
      [Humongous Register: 0,0 ms]
      [Humongous Reclaim: 0,0 ms]
      [Free CSet: 0,0 ms]
   [Eden: 5120,0K(5120,0K)->0,0B(60,0M) Survivors: 7168,0K->2048,0K Heap: 177,5M(256,0M)->163,0M(256,0M)]
 [Times: user=0,04 sys=0,01, real=0,01 secs] 
2019-07-21T16:01:15.510-0300: 67610,963: [GC pause (G1 Evacuation Pause) (young), 0,0114185 secs]
   [Parallel Time: 10,1 ms, GC Workers: 4]
      [GC Worker Start (ms): Min: 67610963,1, Avg: 67610963,5, Max: 67610964,5, Diff: 1,4]
      [Ext Root Scanning (ms): Min: 0,0, Avg: 0,3, Max: 0,6, Diff: 0,5, Sum: 1,2]
      [Update RS (ms): Min: 1,1, Avg: 1,8, Max: 2,1, Diff: 1,0, Sum: 7,3]
         [Processed Buffers: Min: 8, Avg: 14,2, Max: 25, Diff: 17, Sum: 57]
      [Scan RS (ms): Min: 0,2, Avg: 0,3, Max: 0,3, Diff: 0,0, Sum: 1,1]
      [Code Root Scanning (ms): Min: 0,0, Avg: 0,0, Max: 0,0, Diff: 0,0, Sum: 0,1]
      [Object Copy (ms): Min: 6,8, Avg: 6,8, Max: 6,8, Diff: 0,0, Sum: 27,3]
      [Termination (ms): Min: 0,0, Avg: 0,0, Max: 0,0, Diff: 0,0, Sum: 0,1]
         [Termination Attempts: Min: 1, Avg: 1,0, Max: 1, Diff: 0, Sum: 4]
      [GC Worker Other (ms): Min: 0,0, Avg: 0,0, Max: 0,0, Diff: 0,0, Sum: 0,1]
      [GC Worker Total (ms): Min: 8,3, Avg: 9,3, Max: 9,7, Diff: 1,4, Sum: 37,2]
      [GC Worker End (ms): Min: 67610972,8, Avg: 67610972,8, Max: 67610972,8, Diff: 0,0]
   [Code Root Fixup: 0,0 ms]
   [Code Root Purge: 0,0 ms]
   [Clear CT: 0,3 ms]
   [Other: 1,0 ms]
      [Choose CSet: 0,0 ms]
      [Ref Proc: 0,4 ms]
      [Ref Enq: 0,0 ms]
      [Redirty Cards: 0,4 ms]
      [Humongous Register: 0,0 ms]
      [Humongous Reclaim: 0,0 ms]
      [Free CSet: 0,0 ms]
   [Eden: 60,0M(60,0M)->0,0B(50,0M) Survivors: 2048,0K->8192,0K Heap: 223,0M(256,0M)->171,0M(256,0M)]
 [Times: user=0,04 sys=0,01, real=0,01 secs] 
2019-07-21T16:06:46.292-0300: 67941,745: [GC pause (G1 Evacuation Pause) (young) (initial-mark), 0,0297435 secs]
   [Parallel Time: 22,5 ms, GC Workers: 4]
      [GC Worker Start (ms): Min: 67941745,5, Avg: 67941746,5, Max: 67941746,8, Diff: 1,3]
      [Ext Root Scanning (ms): Min: 0,0, Avg: 3,8, Max: 6,3, Diff: 6,3, Sum: 15,1]
      [Update RS (ms): Min: 0,0, Avg: 2,8, Max: 10,8, Diff: 10,8, Sum: 11,2]
         [Processed Buffers: Min: 0, Avg: 12,2, Max: 34, Diff: 34, Sum: 49]
      [Scan RS (ms): Min: 0,0, Avg: 0,0, Max: 0,1, Diff: 0,1, Sum: 0,1]
      [Code Root Scanning (ms): Min: 0,0, Avg: 0,0, Max: 0,0, Diff: 0,0, Sum: 0,1]
      [Object Copy (ms): Min: 9,9, Avg: 14,6, Max: 16,9, Diff: 7,0, Sum: 58,3]
      [Termination (ms): Min: 0,0, Avg: 0,1, Max: 0,1, Diff: 0,1, Sum: 0,3]
         [Termination Attempts: Min: 1, Avg: 3,2, Max: 6, Diff: 5, Sum: 13]
      [GC Worker Other (ms): Min: 0,0, Avg: 0,0, Max: 0,0, Diff: 0,0, Sum: 0,1]
      [GC Worker Total (ms): Min: 20,9, Avg: 21,3, Max: 22,2, Diff: 1,3, Sum: 85,1]
      [GC Worker End (ms): Min: 67941767,7, Avg: 67941767,8, Max: 67941767,8, Diff: 0,0]
   [Code Root Fixup: 0,0 ms]
   [Code Root Purge: 0,0 ms]
   [Clear CT: 0,5 ms]
   [Other: 6,8 ms]
      [Choose CSet: 0,0 ms]
      [Ref Proc: 6,3 ms]
      [Ref Enq: 0,0 ms]
      [Redirty Cards: 0,3 ms]
      [Humongous Register: 0,0 ms]
      [Humongous Reclaim: 0,0 ms]
      [Free CSet: 0,0 ms]
   [Eden: 50,0M(50,0M)->0,0B(26,0M) Survivors: 8192,0K->7168,0K Heap: 221,0M(256,0M)->175,8M(256,0M)]
 [Times: user=0,08 sys=0,00, real=0,03 secs] 
2019-07-21T16:06:46.322-0300: 67941,775: [GC concurrent-root-region-scan-start]
2019-07-21T16:06:46.330-0300: 67941,783: [GC concurrent-root-region-scan-end, 0,0078068 secs]
2019-07-21T16:06:46.330-0300: 67941,783: [GC concurrent-mark-start]
2019-07-21T16:06:46.349-0300: 67941,803: [GC concurrent-mark-end, 0,0195844 secs]
2019-07-21T16:06:46.350-0300: 67941,803: [GC remark 2019-07-21T16:06:46.350-0300: 67941,803: [Finalize Marking, 0,0002950 secs] 2019-07-21T16:06:46.350-0300: 67941,803: [GC ref-proc, 0,0001635 secs] 2019-07-21T16:06:46.350-0300: 67941,804: [Unloading, 0,0052331 secs], 0,0074310 secs]
 [Times: user=0,00 sys=0,00, real=0,01 secs] 
2019-07-21T16:06:46.358-0300: 67941,811: [GC cleanup 176M->174M(256M), 0,0015017 secs]
 [Times: user=0,00 sys=0,00, real=0,00 secs] 
2019-07-21T16:06:46.359-0300: 67941,813: [GC concurrent-cleanup-start]
2019-07-21T16:06:46.359-0300: 67941,813: [GC concurrent-cleanup-end, 0,0000167 secs]
2019-07-21T16:08:16.814-0300: 68032,267: [GC pause (G1 Evacuation Pause) (young), 0,0100134 secs]
   [Parallel Time: 8,7 ms, GC Workers: 4]
      [GC Worker Start (ms): Min: 68032267,2, Avg: 68032268,4, Max: 68032269,6, Diff: 2,3]
      [Ext Root Scanning (ms): Min: 0,0, Avg: 0,3, Max: 0,6, Diff: 0,5, Sum: 1,2]
      [Update RS (ms): Min: 0,1, Avg: 1,4, Max: 3,4, Diff: 3,2, Sum: 5,7]
         [Processed Buffers: Min: 4, Avg: 13,5, Max: 32, Diff: 28, Sum: 54]
      [Scan RS (ms): Min: 0,0, Avg: 0,3, Max: 0,5, Diff: 0,5, Sum: 1,4]
      [Code Root Scanning (ms): Min: 0,0, Avg: 0,0, Max: 0,0, Diff: 0,0, Sum: 0,0]
      [Object Copy (ms): Min: 4,6, Avg: 5,3, Max: 5,5, Diff: 0,9, Sum: 21,1]
      [Termination (ms): Min: 0,0, Avg: 0,0, Max: 0,0, Diff: 0,0, Sum: 0,0]
         [Termination Attempts: Min: 1, Avg: 1,2, Max: 2, Diff: 1, Sum: 5]
      [GC Worker Other (ms): Min: 0,0, Avg: 0,0, Max: 0,0, Diff: 0,0, Sum: 0,1]
      [GC Worker Total (ms): Min: 6,2, Avg: 7,4, Max: 8,5, Diff: 2,3, Sum: 29,5]
      [GC Worker End (ms): Min: 68032275,8, Avg: 68032275,8, Max: 68032275,8, Diff: 0,0]
   [Code Root Fixup: 0,0 ms]
   [Code Root Purge: 0,0 ms]
   [Clear CT: 0,4 ms]
   [Other: 1,0 ms]
      [Choose CSet: 0,0 ms]
      [Ref Proc: 0,5 ms]
      [Ref Enq: 0,0 ms]
      [Redirty Cards: 0,3 ms]
      [Humongous Register: 0,0 ms]
      [Humongous Reclaim: 0,0 ms]
      [Free CSet: 0,0 ms]
   [Eden: 14,0M(14,0M)->0,0B(9216,0K) Survivors: 7168,0K->3072,0K Heap: 187,8M(256,0M)->175,0M(256,0M)]
 [Times: user=0,04 sys=0,00, real=0,01 secs] 
2019-07-21T16:09:16.139-0300: 68091,592: [GC pause (G1 Evacuation Pause) (mixed), 0,0084303 secs]
   [Parallel Time: 7,0 ms, GC Workers: 4]
      [GC Worker Start (ms): Min: 68091592,5, Avg: 68091592,6, Max: 68091592,6, Diff: 0,1]
      [Ext Root Scanning (ms): Min: 0,2, Avg: 0,4, Max: 0,7, Diff: 0,5, Sum: 1,5]
      [Update RS (ms): Min: 2,0, Avg: 2,3, Max: 2,6, Diff: 0,6, Sum: 9,2]
         [Processed Buffers: Min: 7, Avg: 12,2, Max: 17, Diff: 10, Sum: 49]
      [Scan RS (ms): Min: 0,4, Avg: 0,5, Max: 0,7, Diff: 0,3, Sum: 2,0]
      [Code Root Scanning (ms): Min: 0,0, Avg: 0,1, Max: 0,3, Diff: 0,3, Sum: 0,4]
      [Object Copy (ms): Min: 3,5, Avg: 3,5, Max: 3,6, Diff: 0,1, Sum: 14,0]
      [Termination (ms): Min: 0,0, Avg: 0,0, Max: 0,0, Diff: 0,0, Sum: 0,0]
         [Termination Attempts: Min: 1, Avg: 1,0, Max: 1, Diff: 0, Sum: 4]
      [GC Worker Other (ms): Min: 0,0, Avg: 0,0, Max: 0,1, Diff: 0,0, Sum: 0,2]
      [GC Worker Total (ms): Min: 6,8, Avg: 6,8, Max: 6,9, Diff: 0,1, Sum: 27,3]
      [GC Worker End (ms): Min: 68091599,4, Avg: 68091599,4, Max: 68091599,4, Diff: 0,0]
   [Code Root Fixup: 0,0 ms]
   [Code Root Purge: 0,0 ms]
   [Clear CT: 0,3 ms]
   [Other: 1,1 ms]
      [Choose CSet: 0,0 ms]
      [Ref Proc: 0,4 ms]
      [Ref Enq: 0,0 ms]
      [Redirty Cards: 0,4 ms]
      [Humongous Register: 0,0 ms]
      [Humongous Reclaim: 0,0 ms]
      [Free CSet: 0,1 ms]
   [Eden: 9216,0K(9216,0K)->0,0B(64,0M) Survivors: 3072,0K->2048,0K Heap: 184,0M(256,0M)->158,0M(256,0M)]
 [Times: user=0,05 sys=0,00, real=0,01 secs] 
2019-07-21T16:16:00.967-0300: 68496,420: [GC pause (G1 Evacuation Pause) (young), 0,0137641 secs]
   [Parallel Time: 12,4 ms, GC Workers: 4]
      [GC Worker Start (ms): Min: 68496420,4, Avg: 68496420,8, Max: 68496421,7, Diff: 1,3]
      [Ext Root Scanning (ms): Min: 0,0, Avg: 0,3, Max: 0,6, Diff: 0,5, Sum: 1,2]
      [Update RS (ms): Min: 1,6, Avg: 2,3, Max: 2,5, Diff: 1,0, Sum: 9,0]
         [Processed Buffers: Min: 6, Avg: 15,5, Max: 35, Diff: 29, Sum: 62]
      [Scan RS (ms): Min: 0,0, Avg: 0,1, Max: 0,1, Diff: 0,1, Sum: 0,2]
      [Code Root Scanning (ms): Min: 0,0, Avg: 0,0, Max: 0,0, Diff: 0,0, Sum: 0,1]
      [Object Copy (ms): Min: 7,8, Avg: 7,8, Max: 7,9, Diff: 0,1, Sum: 31,4]
      [Termination (ms): Min: 1,3, Avg: 1,4, Max: 1,4, Diff: 0,1, Sum: 5,4]
         [Termination Attempts: Min: 1, Avg: 1,0, Max: 1, Diff: 0, Sum: 4]
      [GC Worker Other (ms): Min: 0,0, Avg: 0,1, Max: 0,1, Diff: 0,0, Sum: 0,2]
      [GC Worker Total (ms): Min: 11,0, Avg: 11,9, Max: 12,2, Diff: 1,3, Sum: 47,5]
      [GC Worker End (ms): Min: 68496432,6, Avg: 68496432,6, Max: 68496432,7, Diff: 0,1]
   [Code Root Fixup: 0,0 ms]
   [Code Root Purge: 0,0 ms]
   [Clear CT: 0,4 ms]
   [Other: 0,9 ms]
      [Choose CSet: 0,0 ms]
      [Ref Proc: 0,3 ms]
      [Ref Enq: 0,0 ms]
      [Redirty Cards: 0,4 ms]
      [Humongous Register: 0,0 ms]
      [Humongous Reclaim: 0,0 ms]
      [Free CSet: 0,0 ms]
   [Eden: 64,0M(64,0M)->0,0B(55,0M) Survivors: 2048,0K->9216,0K Heap: 222,0M(256,0M)->164,9M(256,0M)]
 [Times: user=0,08 sys=0,00, real=0,01 secs] 
2019-07-21T16:22:03.013-0300: 68858,466: [GC pause (G1 Evacuation Pause) (young) (initial-mark), 0,0110050 secs]
   [Parallel Time: 9,8 ms, GC Workers: 4]
      [GC Worker Start (ms): Min: 68858466,1, Avg: 68858466,2, Max: 68858466,3, Diff: 0,2]
      [Ext Root Scanning (ms): Min: 0,6, Avg: 0,7, Max: 0,8, Diff: 0,2, Sum: 2,8]
      [Update RS (ms): Min: 0,8, Avg: 0,9, Max: 0,9, Diff: 0,1, Sum: 3,5]
         [Processed Buffers: Min: 4, Avg: 12,0, Max: 23, Diff: 19, Sum: 48]
      [Scan RS (ms): Min: 0,0, Avg: 0,0, Max: 0,0, Diff: 0,0, Sum: 0,1]
      [Code Root Scanning (ms): Min: 0,0, Avg: 0,0, Max: 0,0, Diff: 0,0, Sum: 0,1]
      [Object Copy (ms): Min: 6,6, Avg: 6,6, Max: 6,7, Diff: 0,1, Sum: 26,5]
      [Termination (ms): Min: 0,0, Avg: 0,0, Max: 0,0, Diff: 0,0, Sum: 0,0]
         [Termination Attempts: Min: 1, Avg: 1,0, Max: 1, Diff: 0, Sum: 4]
      [GC Worker Other (ms): Min: 0,0, Avg: 0,0, Max: 0,0, Diff: 0,0, Sum: 0,1]
      [GC Worker Total (ms): Min: 8,2, Avg: 8,3, Max: 8,4, Diff: 0,2, Sum: 33,2]
      [GC Worker End (ms): Min: 68858474,5, Avg: 68858474,5, Max: 68858474,5, Diff: 0,0]
   [Code Root Fixup: 0,0 ms]
   [Code Root Purge: 0,0 ms]
   [Clear CT: 0,3 ms]
   [Other: 0,9 ms]
      [Choose CSet: 0,0 ms]
      [Ref Proc: 0,4 ms]
      [Ref Enq: 0,0 ms]
      [Redirty Cards: 0,3 ms]
      [Humongous Register: 0,0 ms]
      [Humongous Reclaim: 0,0 ms]
      [Free CSet: 0,0 ms]
   [Eden: 55,0M(55,0M)->0,0B(56,0M) Survivors: 9216,0K->3072,0K Heap: 219,9M(256,0M)->165,6M(256,0M)]
 [Times: user=0,05 sys=0,00, real=0,01 secs] 
2019-07-21T16:22:03.024-0300: 68858,477: [GC concurrent-root-region-scan-start]
2019-07-21T16:22:03.027-0300: 68858,480: [GC concurrent-root-region-scan-end, 0,0027828 secs]
2019-07-21T16:22:03.027-0300: 68858,480: [GC concurrent-mark-start]
2019-07-21T16:22:03.044-0300: 68858,497: [GC concurrent-mark-end, 0,0168915 secs]
2019-07-21T16:22:03.044-0300: 68858,497: [GC remark 2019-07-21T16:22:03.044-0300: 68858,497: [Finalize Marking, 0,0003225 secs] 2019-07-21T16:22:03.044-0300: 68858,497: [GC ref-proc, 0,0001488 secs] 2019-07-21T16:22:03.044-0300: 68858,498: [Unloading, 0,0044048 secs], 0,0059454 secs]
 [Times: user=0,00 sys=0,00, real=0,01 secs] 
2019-07-21T16:22:03.050-0300: 68858,504: [GC cleanup 165M->164M(256M), 0,0014007 secs]
 [Times: user=0,00 sys=0,00, real=0,00 secs] 
2019-07-21T16:22:03.052-0300: 68858,505: [GC concurrent-cleanup-start]
2019-07-21T16:22:03.052-0300: 68858,505: [GC concurrent-cleanup-end, 0,0000164 secs]
2019-07-21T16:28:07.407-0300: 69222,860: [GC pause (G1 Evacuation Pause) (young), 0,0106784 secs]
   [Parallel Time: 9,6 ms, GC Workers: 4]
      [GC Worker Start (ms): Min: 69222860,5, Avg: 69222860,5, Max: 69222860,6, Diff: 0,1]
      [Ext Root Scanning (ms): Min: 0,2, Avg: 0,4, Max: 0,7, Diff: 0,4, Sum: 1,5]
      [Update RS (ms): Min: 1,9, Avg: 2,2, Max: 2,3, Diff: 0,4, Sum: 8,6]
         [Processed Buffers: Min: 12, Avg: 15,5, Max: 19, Diff: 7, Sum: 62]
      [Scan RS (ms): Min: 0,0, Avg: 0,1, Max: 0,1, Diff: 0,1, Sum: 0,2]
      [Code Root Scanning (ms): Min: 0,0, Avg: 0,0, Max: 0,0, Diff: 0,0, Sum: 0,1]
      [Object Copy (ms): Min: 6,5, Avg: 6,5, Max: 6,5, Diff: 0,1, Sum: 26,0]
      [Termination (ms): Min: 0,0, Avg: 0,1, Max: 0,1, Diff: 0,0, Sum: 0,2]
         [Termination Attempts: Min: 1, Avg: 1,0, Max: 1, Diff: 0, Sum: 4]
      [GC Worker Other (ms): Min: 0,0, Avg: 0,0, Max: 0,1, Diff: 0,0, Sum: 0,1]
      [GC Worker Total (ms): Min: 9,1, Avg: 9,2, Max: 9,2, Diff: 0,1, Sum: 36,8]
      [GC Worker End (ms): Min: 69222869,7, Avg: 69222869,7, Max: 69222869,8, Diff: 0,1]
   [Code Root Fixup: 0,0 ms]
   [Code Root Purge: 0,0 ms]
   [Clear CT: 0,2 ms]
   [Other: 0,8 ms]
      [Choose CSet: 0,0 ms]
      [Ref Proc: 0,3 ms]
      [Ref Enq: 0,0 ms]
      [Redirty Cards: 0,3 ms]
      [Humongous Register: 0,0 ms]
      [Humongous Reclaim: 0,0 ms]
      [Free CSet: 0,0 ms]
   [Eden: 56,0M(56,0M)->0,0B(4096,0K) Survivors: 3072,0K->8192,0K Heap: 220,6M(256,0M)->170,1M(256,0M)]
 [Times: user=0,05 sys=0,00, real=0,01 secs] 
2019-07-21T16:28:34.313-0300: 69249,766: [GC pause (G1 Evacuation Pause) (mixed), 0,0068770 secs]
   [Parallel Time: 5,5 ms, GC Workers: 4]
      [GC Worker Start (ms): Min: 69249766,3, Avg: 69249766,4, Max: 69249766,5, Diff: 0,2]
      [Ext Root Scanning (ms): Min: 0,2, Avg: 0,4, Max: 0,6, Diff: 0,3, Sum: 1,4]
      [Update RS (ms): Min: 0,4, Avg: 0,5, Max: 0,6, Diff: 0,2, Sum: 2,1]
         [Processed Buffers: Min: 2, Avg: 8,2, Max: 20, Diff: 18, Sum: 33]
      [Scan RS (ms): Min: 0,1, Avg: 0,1, Max: 0,2, Diff: 0,1, Sum: 0,6]
      [Code Root Scanning (ms): Min: 0,0, Avg: 0,1, Max: 0,2, Diff: 0,2, Sum: 0,2]
      [Object Copy (ms): Min: 4,2, Avg: 4,3, Max: 4,3, Diff: 0,1, Sum: 17,2]
      [Termination (ms): Min: 0,0, Avg: 0,0, Max: 0,0, Diff: 0,0, Sum: 0,0]
         [Termination Attempts: Min: 1, Avg: 1,2, Max: 2, Diff: 1, Sum: 5]
      [GC Worker Other (ms): Min: 0,0, Avg: 0,0, Max: 0,0, Diff: 0,0, Sum: 0,1]
      [GC Worker Total (ms): Min: 5,3, Avg: 5,4, Max: 5,5, Diff: 0,2, Sum: 21,6]
      [GC Worker End (ms): Min: 69249771,8, Avg: 69249771,8, Max: 69249771,8, Diff: 0,0]
   [Code Root Fixup: 0,0 ms]
   [Code Root Purge: 0,0 ms]
   [Clear CT: 0,4 ms]
   [Other: 0,9 ms]
      [Choose CSet: 0,0 ms]
      [Ref Proc: 0,3 ms]
      [Ref Enq: 0,0 ms]
      [Redirty Cards: 0,4 ms]
      [Humongous Register: 0,0 ms]
      [Humongous Reclaim: 0,0 ms]
      [Free CSet: 0,1 ms]
   [Eden: 4096,0K(4096,0K)->0,0B(66,0M) Survivors: 8192,0K->2048,0K Heap: 174,1M(256,0M)->155,6M(256,0M)]
 [Times: user=0,03 sys=0,00, real=0,01 secs] 
2019-07-21T16:35:46.814-0300: 69682,267: [GC pause (G1 Evacuation Pause) (young), 0,0193279 secs]
   [Parallel Time: 16,7 ms, GC Workers: 4]
      [GC Worker Start (ms): Min: 69682267,1, Avg: 69682274,5, Max: 69682283,6, Diff: 16,5]
      [Ext Root Scanning (ms): Min: 0,0, Avg: 0,3, Max: 1,0, Diff: 1,0, Sum: 1,1]
      [Update RS (ms): Min: 0,0, Avg: 1,9, Max: 4,6, Diff: 4,6, Sum: 7,8]
         [Processed Buffers: Min: 0, Avg: 13,8, Max: 28, Diff: 28, Sum: 55]
      [Scan RS (ms): Min: 0,0, Avg: 0,0, Max: 0,1, Diff: 0,1, Sum: 0,1]
      [Code Root Scanning (ms): Min: 0,0, Avg: 0,0, Max: 0,1, Diff: 0,1, Sum: 0,1]
      [Object Copy (ms): Min: 0,0, Avg: 6,7, Max: 10,7, Diff: 10,7, Sum: 27,0]
      [Termination (ms): Min: 0,0, Avg: 0,2, Max: 0,2, Diff: 0,2, Sum: 0,6]
         [Termination Attempts: Min: 1, Avg: 1,0, Max: 1, Diff: 0, Sum: 4]
      [GC Worker Other (ms): Min: 0,0, Avg: 0,0, Max: 0,0, Diff: 0,0, Sum: 0,1]
      [GC Worker Total (ms): Min: 0,1, Avg: 9,2, Max: 16,6, Diff: 16,6, Sum: 36,8]
      [GC Worker End (ms): Min: 69682283,7, Avg: 69682283,7, Max: 69682283,8, Diff: 0,0]
   [Code Root Fixup: 0,0 ms]
   [Code Root Purge: 0,0 ms]
   [Clear CT: 0,3 ms]
   [Other: 2,3 ms]
      [Choose CSet: 0,0 ms]
      [Ref Proc: 1,7 ms]
      [Ref Enq: 0,0 ms]
      [Redirty Cards: 0,4 ms]
      [Humongous Register: 0,0 ms]
      [Humongous Reclaim: 0,0 ms]
      [Free CSet: 0,0 ms]
   [Eden: 66,0M(66,0M)->0,0B(55,0M) Survivors: 2048,0K->9216,0K Heap: 221,6M(256,0M)->164,5M(256,0M)]
 [Times: user=0,05 sys=0,00, real=0,02 secs] 
2019-07-21T16:41:48.818-0300: 70044,271: [GC pause (G1 Evacuation Pause) (young) (initial-mark), 0,0190476 secs]
   [Parallel Time: 17,6 ms, GC Workers: 4]
      [GC Worker Start (ms): Min: 70044271,2, Avg: 70044271,6, Max: 70044272,0, Diff: 0,8]
      [Ext Root Scanning (ms): Min: 0,0, Avg: 2,7, Max: 5,9, Diff: 5,9, Sum: 11,0]
      [Update RS (ms): Min: 0,0, Avg: 0,8, Max: 2,2, Diff: 2,2, Sum: 3,1]
         [Processed Buffers: Min: 0, Avg: 11,5, Max: 19, Diff: 19, Sum: 46]
      [Scan RS (ms): Min: 0,0, Avg: 0,0, Max: 0,0, Diff: 0,0, Sum: 0,1]
      [Code Root Scanning (ms): Min: 0,0, Avg: 0,0, Max: 0,0, Diff: 0,0, Sum: 0,1]
      [Object Copy (ms): Min: 10,4, Avg: 12,2, Max: 12,9, Diff: 2,4, Sum: 48,9]
      [Termination (ms): Min: 0,0, Avg: 1,1, Max: 1,6, Diff: 1,6, Sum: 4,4]
         [Termination Attempts: Min: 1, Avg: 5,0, Max: 9, Diff: 8, Sum: 20]
      [GC Worker Other (ms): Min: 0,0, Avg: 0,0, Max: 0,0, Diff: 0,0, Sum: 0,1]
      [GC Worker Total (ms): Min: 16,4, Avg: 16,9, Max: 17,4, Diff: 1,0, Sum: 67,6]
      [GC Worker End (ms): Min: 70044288,4, Avg: 70044288,5, Max: 70044288,7, Diff: 0,3]
   [Code Root Fixup: 0,0 ms]
   [Code Root Purge: 0,0 ms]
   [Clear CT: 0,4 ms]
   [Other: 1,0 ms]
      [Choose CSet: 0,0 ms]
      [Ref Proc: 0,4 ms]
      [Ref Enq: 0,0 ms]
      [Redirty Cards: 0,5 ms]
      [Humongous Register: 0,0 ms]
      [Humongous Reclaim: 0,0 ms]
      [Free CSet: 0,0 ms]
   [Eden: 55,0M(55,0M)->0,0B(52,0M) Survivors: 9216,0K->7168,0K Heap: 219,5M(256,0M)->168,7M(256,0M)]
 [Times: user=0,08 sys=0,00, real=0,02 secs] 
2019-07-21T16:41:48.837-0300: 70044,290: [GC concurrent-root-region-scan-start]
2019-07-21T16:41:48.845-0300: 70044,298: [GC concurrent-root-region-scan-end, 0,0078971 secs]
2019-07-21T16:41:48.845-0300: 70044,298: [GC concurrent-mark-start]
2019-07-21T16:41:48.860-0300: 70044,314: [GC concurrent-mark-end, 0,0151079 secs]
2019-07-21T16:41:48.861-0300: 70044,314: [GC remark 2019-07-21T16:41:48.861-0300: 70044,314: [Finalize Marking, 0,0003164 secs] 2019-07-21T16:41:48.861-0300: 70044,314: [GC ref-proc, 0,0002093 secs] 2019-07-21T16:41:48.861-0300: 70044,314: [Unloading, 0,0040861 secs], 0,0055585 secs]
 [Times: user=0,00 sys=0,00, real=0,01 secs] 
2019-07-21T16:41:48.866-0300: 70044,320: [GC cleanup 168M->168M(256M), 0,0014990 secs]
 [Times: user=0,00 sys=0,00, real=0,00 secs] 
2019-07-21T16:41:48.868-0300: 70044,321: [GC concurrent-cleanup-start]
2019-07-21T16:41:48.868-0300: 70044,321: [GC concurrent-cleanup-end, 0,0000142 secs]
2019-07-21T16:47:31.126-0300: 70386,579: [GC pause (G1 Evacuation Pause) (young), 0,0183468 secs]
   [Parallel Time: 16,9 ms, GC Workers: 4]
      [GC Worker Start (ms): Min: 70386579,0, Avg: 70386583,2, Max: 70386585,7, Diff: 6,7]
      [Ext Root Scanning (ms): Min: 0,0, Avg: 0,3, Max: 1,0, Diff: 1,0, Sum: 1,1]
      [Update RS (ms): Min: 0,0, Avg: 1,1, Max: 4,1, Diff: 4,1, Sum: 4,6]
         [Processed Buffers: Min: 0, Avg: 16,2, Max: 42, Diff: 42, Sum: 65]
      [Scan RS (ms): Min: 0,0, Avg: 0,2, Max: 0,3, Diff: 0,3, Sum: 0,9]
      [Code Root Scanning (ms): Min: 0,0, Avg: 0,0, Max: 0,0, Diff: 0,0, Sum: 0,1]
      [Object Copy (ms): Min: 10,0, Avg: 10,9, Max: 11,3, Diff: 1,2, Sum: 43,7]
      [Termination (ms): Min: 0,0, Avg: 0,0, Max: 0,0, Diff: 0,0, Sum: 0,0]
         [Termination Attempts: Min: 1, Avg: 2,0, Max: 3, Diff: 2, Sum: 8]
      [GC Worker Other (ms): Min: 0,0, Avg: 0,0, Max: 0,1, Diff: 0,0, Sum: 0,1]
      [GC Worker Total (ms): Min: 10,1, Avg: 12,6, Max: 16,8, Diff: 6,7, Sum: 50,6]
      [GC Worker End (ms): Min: 70386595,8, Avg: 70386595,8, Max: 70386595,8, Diff: 0,0]
   [Code Root Fixup: 0,0 ms]
   [Code Root Purge: 0,0 ms]
   [Clear CT: 0,4 ms]
   [Other: 1,1 ms]
      [Choose CSet: 0,0 ms]
      [Ref Proc: 0,4 ms]
      [Ref Enq: 0,0 ms]
      [Redirty Cards: 0,5 ms]
      [Humongous Register: 0,0 ms]
      [Humongous Reclaim: 0,0 ms]
      [Free CSet: 0,0 ms]
   [Eden: 52,0M(52,0M)->0,0B(6144,0K) Survivors: 7168,0K->6144,0K Heap: 220,5M(256,0M)->173,5M(256,0M)]
 [Times: user=0,08 sys=0,00, real=0,01 secs] 
2019-07-21T16:48:10.574-0300: 70426,027: [GC pause (G1 Evacuation Pause) (mixed), 0,0103779 secs]
   [Parallel Time: 9,0 ms, GC Workers: 4]
      [GC Worker Start (ms): Min: 70426027,2, Avg: 70426027,9, Max: 70426029,7, Diff: 2,5]
      [Ext Root Scanning (ms): Min: 0,0, Avg: 0,3, Max: 0,6, Diff: 0,6, Sum: 1,3]
      [Update RS (ms): Min: 0,3, Avg: 1,9, Max: 2,5, Diff: 2,2, Sum: 7,6]
         [Processed Buffers: Min: 10, Avg: 13,8, Max: 22, Diff: 12, Sum: 55]
      [Scan RS (ms): Min: 0,4, Avg: 0,5, Max: 0,5, Diff: 0,2, Sum: 1,8]
      [Code Root Scanning (ms): Min: 0,0, Avg: 0,1, Max: 0,2, Diff: 0,2, Sum: 0,5]
      [Object Copy (ms): Min: 5,4, Avg: 5,4, Max: 5,4, Diff: 0,1, Sum: 21,6]
      [Termination (ms): Min: 0,0, Avg: 0,0, Max: 0,0, Diff: 0,0, Sum: 0,0]
         [Termination Attempts: Min: 1, Avg: 1,5, Max: 3, Diff: 2, Sum: 6]
      [GC Worker Other (ms): Min: 0,0, Avg: 0,0, Max: 0,0, Diff: 0,0, Sum: 0,1]
      [GC Worker Total (ms): Min: 6,4, Avg: 8,2, Max: 8,9, Diff: 2,5, Sum: 32,9]
      [GC Worker End (ms): Min: 70426036,1, Avg: 70426036,1, Max: 70426036,1, Diff: 0,0]
   [Code Root Fixup: 0,0 ms]
   [Code Root Purge: 0,0 ms]
   [Clear CT: 0,3 ms]
   [Other: 1,0 ms]
      [Choose CSet: 0,0 ms]
      [Ref Proc: 0,4 ms]
      [Ref Enq: 0,0 ms]
      [Redirty Cards: 0,4 ms]
      [Humongous Register: 0,0 ms]
      [Humongous Reclaim: 0,0 ms]
      [Free CSet: 0,1 ms]
   [Eden: 6144,0K(6144,0K)->0,0B(60,0M) Survivors: 6144,0K->2048,0K Heap: 179,5M(256,0M)->162,0M(256,0M)]
 [Times: user=0,05 sys=0,00, real=0,01 secs] 
2019-07-21T16:54:46.168-0300: 70821,621: [GC pause (G1 Evacuation Pause) (young), 0,0219087 secs]
   [Parallel Time: 20,7 ms, GC Workers: 4]
      [GC Worker Start (ms): Min: 70821621,2, Avg: 70821629,6, Max: 70821632,5, Diff: 11,3]
      [Ext Root Scanning (ms): Min: 0,0, Avg: 0,3, Max: 1,0, Diff: 1,0, Sum: 1,2]
      [Update RS (ms): Min: 0,0, Avg: 2,6, Max: 10,4, Diff: 10,4, Sum: 10,6]
         [Processed Buffers: Min: 0, Avg: 19,2, Max: 63, Diff: 63, Sum: 77]
      [Scan RS (ms): Min: 0,0, Avg: 0,0, Max: 0,1, Diff: 0,1, Sum: 0,1]
      [Code Root Scanning (ms): Min: 0,0, Avg: 0,0, Max: 0,0, Diff: 0,0, Sum: 0,1]
      [Object Copy (ms): Min: 6,9, Avg: 8,5, Max: 9,1, Diff: 2,2, Sum: 33,9]
      [Termination (ms): Min: 0,0, Avg: 0,0, Max: 0,1, Diff: 0,1, Sum: 0,1]
         [Termination Attempts: Min: 1, Avg: 2,0, Max: 3, Diff: 2, Sum: 8]
      [GC Worker Other (ms): Min: 0,0, Avg: 0,6, Max: 2,2, Diff: 2,2, Sum: 2,4]
      [GC Worker Total (ms): Min: 9,2, Avg: 12,1, Max: 20,5, Diff: 11,3, Sum: 48,4]
      [GC Worker End (ms): Min: 70821641,7, Avg: 70821641,7, Max: 70821641,7, Diff: 0,0]
   [Code Root Fixup: 0,0 ms]
   [Code Root Purge: 0,0 ms]
   [Clear CT: 0,3 ms]
   [Other: 0,9 ms]
      [Choose CSet: 0,0 ms]
      [Ref Proc: 0,3 ms]
      [Ref Enq: 0,0 ms]
      [Redirty Cards: 0,4 ms]
      [Humongous Register: 0,0 ms]
      [Humongous Reclaim: 0,0 ms]
      [Free CSet: 0,0 ms]
   [Eden: 60,0M(60,0M)->0,0B(51,0M) Survivors: 2048,0K->8192,0K Heap: 222,0M(256,0M)->169,5M(256,0M)]
 [Times: user=0,09 sys=0,00, real=0,02 secs] 
2019-07-21T17:09:16.255-0300: 71691,708: [GC pause (G1 Evacuation Pause) (young) (initial-mark), 0,0177941 secs]
   [Parallel Time: 16,3 ms, GC Workers: 4]
      [GC Worker Start (ms): Min: 71691707,9, Avg: 71691708,9, Max: 71691709,3, Diff: 1,4]
      [Ext Root Scanning (ms): Min: 0,0, Avg: 3,9, Max: 8,5, Diff: 8,4, Sum: 15,6]
      [Update RS (ms): Min: 0,0, Avg: 0,8, Max: 1,8, Diff: 1,8, Sum: 3,0]
         [Processed Buffers: Min: 0, Avg: 13,0, Max: 33, Diff: 33, Sum: 52]
      [Scan RS (ms): Min: 0,0, Avg: 0,0, Max: 0,1, Diff: 0,1, Sum: 0,1]
      [Code Root Scanning (ms): Min: 0,0, Avg: 0,0, Max: 0,1, Diff: 0,1, Sum: 0,1]
      [Object Copy (ms): Min: 6,1, Avg: 10,1, Max: 12,6, Diff: 6,5, Sum: 40,3]
      [Termination (ms): Min: 0,0, Avg: 0,2, Max: 0,6, Diff: 0,6, Sum: 0,8]
         [Termination Attempts: Min: 1, Avg: 3,0, Max: 6, Diff: 5, Sum: 12]
      [GC Worker Other (ms): Min: 0,0, Avg: 0,0, Max: 0,0, Diff: 0,0, Sum: 0,1]
      [GC Worker Total (ms): Min: 14,6, Avg: 15,0, Max: 16,1, Diff: 1,4, Sum: 60,1]
      [GC Worker End (ms): Min: 71691723,9, Avg: 71691724,0, Max: 71691724,0, Diff: 0,0]
   [Code Root Fixup: 0,0 ms]
   [Code Root Purge: 0,0 ms]
   [Clear CT: 0,4 ms]
   [Other: 1,1 ms]
      [Choose CSet: 0,0 ms]
      [Ref Proc: 0,5 ms]
      [Ref Enq: 0,0 ms]
      [Redirty Cards: 0,4 ms]
      [Humongous Register: 0,0 ms]
      [Humongous Reclaim: 0,0 ms]
      [Free CSet: 0,0 ms]
   [Eden: 51,0M(51,0M)->0,0B(51,0M) Survivors: 8192,0K->4096,0K Heap: 220,5M(256,0M)->171,7M(256,0M)]
 [Times: user=0,06 sys=0,00, real=0,02 secs] 
2019-07-21T17:09:16.273-0300: 71691,726: [GC concurrent-root-region-scan-start]
2019-07-21T17:09:16.278-0300: 71691,732: [GC concurrent-root-region-scan-end, 0,0058054 secs]
2019-07-21T17:09:16.278-0300: 71691,732: [GC concurrent-mark-start]
2019-07-21T17:09:16.299-0300: 71691,752: [GC concurrent-mark-end, 0,0202330 secs]
2019-07-21T17:09:16.299-0300: 71691,752: [GC remark 2019-07-21T17:09:16.299-0300: 71691,752: [Finalize Marking, 0,0002924 secs] 2019-07-21T17:09:16.299-0300: 71691,753: [GC ref-proc, 0,0001500 secs] 2019-07-21T17:09:16.299-0300: 71691,753: [Unloading, 0,0045688 secs], 0,0063179 secs]
 [Times: user=0,00 sys=0,00, real=0,01 secs] 
2019-07-21T17:09:16.306-0300: 71691,759: [GC cleanup 172M->172M(256M), 0,0011155 secs]
 [Times: user=0,00 sys=0,00, real=0,00 secs] 
2019-07-21T17:35:01.814-0300: 73237,267: [GC pause (G1 Evacuation Pause) (young), 0,0074793 secs]
   [Parallel Time: 5,7 ms, GC Workers: 4]
      [GC Worker Start (ms): Min: 73237267,2, Avg: 73237267,3, Max: 73237267,4, Diff: 0,2]
      [Ext Root Scanning (ms): Min: 0,2, Avg: 0,3, Max: 0,6, Diff: 0,4, Sum: 1,3]
      [Update RS (ms): Min: 1,3, Avg: 1,4, Max: 1,5, Diff: 0,1, Sum: 5,7]
         [Processed Buffers: Min: 9, Avg: 15,2, Max: 22, Diff: 13, Sum: 61]
      [Scan RS (ms): Min: 0,4, Avg: 0,4, Max: 0,4, Diff: 0,0, Sum: 1,5]
      [Code Root Scanning (ms): Min: 0,0, Avg: 0,0, Max: 0,0, Diff: 0,0, Sum: 0,1]
      [Object Copy (ms): Min: 3,3, Avg: 3,4, Max: 3,4, Diff: 0,0, Sum: 13,4]
      [Termination (ms): Min: 0,0, Avg: 0,0, Max: 0,0, Diff: 0,0, Sum: 0,0]
         [Termination Attempts: Min: 1, Avg: 1,2, Max: 2, Diff: 1, Sum: 5]
      [GC Worker Other (ms): Min: 0,0, Avg: 0,0, Max: 0,0, Diff: 0,0, Sum: 0,1]
      [GC Worker Total (ms): Min: 5,5, Avg: 5,5, Max: 5,6, Diff: 0,2, Sum: 22,2]
      [GC Worker End (ms): Min: 73237272,9, Avg: 73237272,9, Max: 73237272,9, Diff: 0,0]
   [Code Root Fixup: 0,0 ms]
   [Code Root Purge: 0,0 ms]
   [Clear CT: 0,4 ms]
   [Other: 1,4 ms]
      [Choose CSet: 0,0 ms]
      [Ref Proc: 0,7 ms]
      [Ref Enq: 0,0 ms]
      [Redirty Cards: 0,5 ms]
      [Humongous Register: 0,0 ms]
      [Humongous Reclaim: 0,0 ms]
      [Free CSet: 0,0 ms]
   [Eden: 51,0M(51,0M)->0,0B(6144,0K) Survivors: 4096,0K->6144,0K Heap: 222,7M(256,0M)->173,2M(256,0M)]
 [Times: user=0,03 sys=0,00, real=0,01 secs] 
2019-07-21T17:38:16.334-0300: 73431,787: [GC pause (G1 Evacuation Pause) (mixed), 0,0085375 secs]
   [Parallel Time: 7,1 ms, GC Workers: 4]
      [GC Worker Start (ms): Min: 73431787,6, Avg: 73431789,2, Max: 73431789,8, Diff: 2,3]
      [Ext Root Scanning (ms): Min: 0,0, Avg: 0,3, Max: 1,1, Diff: 1,0, Sum: 1,2]
      [Update RS (ms): Min: 0,5, Avg: 0,9, Max: 1,7, Diff: 1,1, Sum: 3,4]
         [Processed Buffers: Min: 3, Avg: 10,0, Max: 23, Diff: 20, Sum: 40]
      [Scan RS (ms): Min: 0,1, Avg: 0,2, Max: 0,2, Diff: 0,1, Sum: 0,8]
      [Code Root Scanning (ms): Min: 0,0, Avg: 0,1, Max: 0,2, Diff: 0,2, Sum: 0,3]
      [Object Copy (ms): Min: 3,9, Avg: 4,0, Max: 4,0, Diff: 0,2, Sum: 15,9]
      [Termination (ms): Min: 0,0, Avg: 0,0, Max: 0,0, Diff: 0,0, Sum: 0,0]
         [Termination Attempts: Min: 1, Avg: 1,8, Max: 3, Diff: 2, Sum: 7]
      [GC Worker Other (ms): Min: 0,0, Avg: 0,0, Max: 0,0, Diff: 0,0, Sum: 0,1]
      [GC Worker Total (ms): Min: 4,8, Avg: 5,4, Max: 7,1, Diff: 2,3, Sum: 21,7]
      [GC Worker End (ms): Min: 73431794,6, Avg: 73431794,6, Max: 73431794,6, Diff: 0,0]
   [Code Root Fixup: 0,0 ms]
   [Code Root Purge: 0,0 ms]
   [Clear CT: 0,4 ms]
   [Other: 1,0 ms]
      [Choose CSet: 0,0 ms]
      [Ref Proc: 0,3 ms]
      [Ref Enq: 0,0 ms]
      [Redirty Cards: 0,4 ms]
      [Humongous Register: 0,0 ms]
      [Humongous Reclaim: 0,0 ms]
      [Free CSet: 0,1 ms]
   [Eden: 6144,0K(6144,0K)->0,0B(66,0M) Survivors: 6144,0K->2048,0K Heap: 179,2M(256,0M)->156,3M(256,0M)]
 [Times: user=0,04 sys=0,00, real=0,01 secs] 
2019-07-21T18:12:31.815-0300: 75487,268: [GC pause (G1 Evacuation Pause) (young), 0,0043354 secs]
   [Parallel Time: 3,2 ms, GC Workers: 4]
      [GC Worker Start (ms): Min: 75487268,1, Avg: 75487269,4, Max: 75487269,9, Diff: 1,7]
      [Ext Root Scanning (ms): Min: 0,0, Avg: 0,3, Max: 1,0, Diff: 1,0, Sum: 1,1]
      [Update RS (ms): Min: 1,0, Avg: 1,2, Max: 1,6, Diff: 0,7, Sum: 4,8]
         [Processed Buffers: Min: 9, Avg: 15,0, Max: 23, Diff: 14, Sum: 60]
      [Scan RS (ms): Min: 0,0, Avg: 0,0, Max: 0,1, Diff: 0,1, Sum: 0,2]
      [Code Root Scanning (ms): Min: 0,0, Avg: 0,0, Max: 0,0, Diff: 0,0, Sum: 0,1]
      [Object Copy (ms): Min: 0,2, Avg: 0,2, Max: 0,3, Diff: 0,1, Sum: 1,0]
      [Termination (ms): Min: 0,0, Avg: 0,0, Max: 0,0, Diff: 0,0, Sum: 0,0]
         [Termination Attempts: Min: 1, Avg: 1,2, Max: 2, Diff: 1, Sum: 5]
      [GC Worker Other (ms): Min: 0,0, Avg: 0,0, Max: 0,0, Diff: 0,0, Sum: 0,1]
      [GC Worker Total (ms): Min: 1,3, Avg: 1,8, Max: 3,1, Diff: 1,7, Sum: 7,3]
      [GC Worker End (ms): Min: 75487271,2, Avg: 75487271,2, Max: 75487271,2, Diff: 0,0]
   [Code Root Fixup: 0,0 ms]
   [Code Root Purge: 0,0 ms]
   [Clear CT: 0,2 ms]
   [Other: 1,0 ms]
      [Choose CSet: 0,0 ms]
      [Ref Proc: 0,5 ms]
      [Ref Enq: 0,0 ms]
      [Redirty Cards: 0,3 ms]
      [Humongous Register: 0,0 ms]
      [Humongous Reclaim: 0,0 ms]
      [Free CSet: 0,0 ms]
   [Eden: 66,0M(66,0M)->0,0B(67,0M) Survivors: 2048,0K->2048,0K Heap: 222,3M(256,0M)->155,5M(256,0M)]
 [Times: user=0,01 sys=0,00, real=0,01 secs] 
2019-07-21T18:46:32.307-0300: 77527,760: [GC pause (G1 Evacuation Pause) (young) (initial-mark), 0,0094633 secs]
   [Parallel Time: 3,8 ms, GC Workers: 4]
      [GC Worker Start (ms): Min: 77527760,4, Avg: 77527761,4, Max: 77527761,8, Diff: 1,4]
      [Ext Root Scanning (ms): Min: 0,0, Avg: 2,1, Max: 3,7, Diff: 3,7, Sum: 8,6]
      [Update RS (ms): Min: 0,0, Avg: 0,3, Max: 1,3, Diff: 1,3, Sum: 1,3]
         [Processed Buffers: Min: 0, Avg: 9,5, Max: 38, Diff: 38, Sum: 38]
      [Scan RS (ms): Min: 0,0, Avg: 0,0, Max: 0,1, Diff: 0,1, Sum: 0,1]
      [Code Root Scanning (ms): Min: 0,0, Avg: 0,0, Max: 0,1, Diff: 0,1, Sum: 0,1]
      [Object Copy (ms): Min: 0,0, Avg: 0,2, Max: 0,8, Diff: 0,8, Sum: 0,8]
      [Termination (ms): Min: 0,0, Avg: 0,0, Max: 0,0, Diff: 0,0, Sum: 0,0]
         [Termination Attempts: Min: 1, Avg: 1,0, Max: 1, Diff: 0, Sum: 4]
      [GC Worker Other (ms): Min: 0,0, Avg: 0,0, Max: 0,0, Diff: 0,0, Sum: 0,0]
      [GC Worker Total (ms): Min: 2,3, Avg: 2,7, Max: 3,8, Diff: 1,4, Sum: 11,0]
      [GC Worker End (ms): Min: 77527764,2, Avg: 77527764,2, Max: 77527764,2, Diff: 0,0]
   [Code Root Fixup: 0,0 ms]
   [Code Root Purge: 0,0 ms]
   [Clear CT: 0,2 ms]
   [Other: 5,5 ms]
      [Choose CSet: 0,0 ms]
      [Ref Proc: 5,0 ms]
      [Ref Enq: 0,0 ms]
      [Redirty Cards: 0,3 ms]
      [Humongous Register: 0,0 ms]
      [Humongous Reclaim: 0,0 ms]
      [Free CSet: 0,0 ms]
   [Eden: 67,0M(67,0M)->0,0B(68,0M) Survivors: 2048,0K->2048,0K Heap: 222,5M(256,0M)->155,6M(256,0M)]
 [Times: user=0,02 sys=0,00, real=0,01 secs] 
2019-07-21T18:46:32.317-0300: 77527,770: [GC concurrent-root-region-scan-start]
2019-07-21T18:46:32.319-0300: 77527,772: [GC concurrent-root-region-scan-end, 0,0024987 secs]
2019-07-21T18:46:32.319-0300: 77527,772: [GC concurrent-mark-start]
2019-07-21T18:46:32.335-0300: 77527,788: [GC concurrent-mark-end, 0,0154853 secs]
2019-07-21T18:46:32.335-0300: 77527,788: [GC remark 2019-07-21T18:46:32.335-0300: 77527,788: [Finalize Marking, 0,0003592 secs] 2019-07-21T18:46:32.335-0300: 77527,789: [GC ref-proc, 0,0001464 secs] 2019-07-21T18:46:32.336-0300: 77527,789: [Unloading, 0,0081015 secs], 0,0096278 secs]
 [Times: user=0,00 sys=0,00, real=0,02 secs] 
2019-07-21T18:46:32.345-0300: 77527,798: [GC cleanup 155M->155M(256M), 0,0014381 secs]
 [Times: user=0,00 sys=0,00, real=0,00 secs] 
2019-07-21T18:46:32.347-0300: 77527,800: [GC concurrent-cleanup-start]
2019-07-21T18:46:32.347-0300: 77527,800: [GC concurrent-cleanup-end, 0,0000167 secs]
2019-07-21T19:21:46.831-0300: 79642,285: [GC pause (G1 Evacuation Pause) (young), 0,0053242 secs]
   [Parallel Time: 3,7 ms, GC Workers: 4]
      [GC Worker Start (ms): Min: 79642284,8, Avg: 79642286,5, Max: 79642288,3, Diff: 3,5]
      [Ext Root Scanning (ms): Min: 0,1, Avg: 0,3, Max: 0,6, Diff: 0,6, Sum: 1,2]
      [Update RS (ms): Min: 0,0, Avg: 0,6, Max: 1,2, Diff: 1,2, Sum: 2,4]
         [Processed Buffers: Min: 0, Avg: 9,2, Max: 30, Diff: 30, Sum: 37]
      [Scan RS (ms): Min: 0,0, Avg: 0,0, Max: 0,1, Diff: 0,1, Sum: 0,1]
      [Code Root Scanning (ms): Min: 0,0, Avg: 0,0, Max: 0,1, Diff: 0,1, Sum: 0,1]
      [Object Copy (ms): Min: 0,0, Avg: 0,7, Max: 1,5, Diff: 1,5, Sum: 3,0]
      [Termination (ms): Min: 0,0, Avg: 0,1, Max: 0,2, Diff: 0,2, Sum: 0,4]
         [Termination Attempts: Min: 1, Avg: 1,0, Max: 1, Diff: 0, Sum: 4]
      [GC Worker Other (ms): Min: 0,0, Avg: 0,0, Max: 0,0, Diff: 0,0, Sum: 0,1]
      [GC Worker Total (ms): Min: 0,1, Avg: 1,8, Max: 3,6, Diff: 3,5, Sum: 7,3]
      [GC Worker End (ms): Min: 79642288,4, Avg: 79642288,4, Max: 79642288,4, Diff: 0,0]
   [Code Root Fixup: 0,0 ms]
   [Code Root Purge: 0,0 ms]
   [Clear CT: 0,4 ms]
   [Other: 1,2 ms]
      [Choose CSet: 0,0 ms]
      [Ref Proc: 0,8 ms]
      [Ref Enq: 0,0 ms]
      [Redirty Cards: 0,3 ms]
      [Humongous Register: 0,0 ms]
      [Humongous Reclaim: 0,0 ms]
      [Free CSet: 0,0 ms]
   [Eden: 68,0M(68,0M)->0,0B(10,0M) Survivors: 2048,0K->2048,0K Heap: 223,4M(256,0M)->155,7M(256,0M)]
 [Times: user=0,02 sys=0,00, real=0,01 secs] 
2019-07-21T19:26:56.076-0300: 79951,529: [GC pause (G1 Evacuation Pause) (mixed), 0,0137363 secs]
   [Parallel Time: 11,5 ms, GC Workers: 4]
      [GC Worker Start (ms): Min: 79951528,9, Avg: 79951532,9, Max: 79951534,5, Diff: 5,5]
      [Ext Root Scanning (ms): Min: 0,0, Avg: 0,3, Max: 0,9, Diff: 0,9, Sum: 1,0]
      [Update RS (ms): Min: 0,0, Avg: 0,3, Max: 1,3, Diff: 1,3, Sum: 1,3]
         [Processed Buffers: Min: 0, Avg: 8,2, Max: 33, Diff: 33, Sum: 33]
      [Scan RS (ms): Min: 0,0, Avg: 0,1, Max: 0,5, Diff: 0,5, Sum: 0,5]
      [Code Root Scanning (ms): Min: 0,0, Avg: 0,0, Max: 0,1, Diff: 0,1, Sum: 0,1]
      [Object Copy (ms): Min: 0,6, Avg: 2,8, Max: 8,6, Diff: 8,0, Sum: 11,2]
      [Termination (ms): Min: 0,0, Avg: 3,9, Max: 5,3, Diff: 5,3, Sum: 15,8]
         [Termination Attempts: Min: 1, Avg: 1,2, Max: 2, Diff: 1, Sum: 5]
      [GC Worker Other (ms): Min: 0,0, Avg: 0,0, Max: 0,0, Diff: 0,0, Sum: 0,1]
      [GC Worker Total (ms): Min: 6,0, Avg: 7,5, Max: 11,5, Diff: 5,5, Sum: 30,1]
      [GC Worker End (ms): Min: 79951540,4, Avg: 79951540,4, Max: 79951540,4, Diff: 0,0]
   [Code Root Fixup: 0,0 ms]
   [Code Root Purge: 0,0 ms]
   [Clear CT: 0,3 ms]
   [Other: 1,9 ms]
      [Choose CSet: 0,0 ms]
      [Ref Proc: 1,4 ms]
      [Ref Enq: 0,0 ms]
      [Redirty Cards: 0,3 ms]
      [Humongous Register: 0,0 ms]
      [Humongous Reclaim: 0,0 ms]
      [Free CSet: 0,0 ms]
   [Eden: 10,0M(10,0M)->0,0B(73,0M) Survivors: 2048,0K->2048,0K Heap: 165,7M(256,0M)->150,8M(256,0M)]
 [Times: user=0,02 sys=0,00, real=0,02 secs] 
2019-07-21T20:04:16.814-0300: 82192,267: [GC pause (G1 Evacuation Pause) (young), 0,0089085 secs]
   [Parallel Time: 5,0 ms, GC Workers: 4]
      [GC Worker Start (ms): Min: 82192267,3, Avg: 82192268,9, Max: 82192269,4, Diff: 2,2]
      [Ext Root Scanning (ms): Min: 0,0, Avg: 0,3, Max: 1,1, Diff: 1,1, Sum: 1,2]
      [Update RS (ms): Min: 1,6, Avg: 1,9, Max: 2,5, Diff: 1,0, Sum: 7,5]
         [Processed Buffers: Min: 3, Avg: 11,5, Max: 25, Diff: 22, Sum: 46]
      [Scan RS (ms): Min: 0,0, Avg: 0,0, Max: 0,1, Diff: 0,1, Sum: 0,2]
      [Code Root Scanning (ms): Min: 0,0, Avg: 0,0, Max: 0,1, Diff: 0,1, Sum: 0,1]
      [Object Copy (ms): Min: 1,0, Avg: 1,1, Max: 1,1, Diff: 0,1, Sum: 4,2]
      [Termination (ms): Min: 0,0, Avg: 0,0, Max: 0,0, Diff: 0,0, Sum: 0,0]
         [Termination Attempts: Min: 1, Avg: 1,2, Max: 2, Diff: 1, Sum: 5]
      [GC Worker Other (ms): Min: 0,0, Avg: 0,0, Max: 0,0, Diff: 0,0, Sum: 0,1]
      [GC Worker Total (ms): Min: 2,7, Avg: 3,3, Max: 4,9, Diff: 2,2, Sum: 13,3]
      [GC Worker End (ms): Min: 82192272,2, Avg: 82192272,2, Max: 82192272,2, Diff: 0,0]
   [Code Root Fixup: 0,0 ms]
   [Code Root Purge: 0,0 ms]
   [Clear CT: 0,7 ms]
   [Other: 3,2 ms]
      [Choose CSet: 0,0 ms]
      [Ref Proc: 2,6 ms]
      [Ref Enq: 0,0 ms]
      [Redirty Cards: 0,4 ms]
      [Humongous Register: 0,0 ms]
      [Humongous Reclaim: 0,0 ms]
      [Free CSet: 0,0 ms]
   [Eden: 73,0M(73,0M)->0,0B(74,0M) Survivors: 2048,0K->2048,0K Heap: 223,8M(256,0M)->150,6M(256,0M)]
 [Times: user=0,02 sys=0,00, real=0,01 secs] 
2019-07-21T20:41:56.075-0300: 84451,529: [GC pause (G1 Evacuation Pause) (young) (initial-mark), 0,0047034 secs]
   [Parallel Time: 3,3 ms, GC Workers: 4]
      [GC Worker Start (ms): Min: 84451528,8, Avg: 84451528,9, Max: 84451529,0, Diff: 0,2]
      [Ext Root Scanning (ms): Min: 0,6, Avg: 1,5, Max: 2,5, Diff: 1,9, Sum: 6,2]
      [Update RS (ms): Min: 0,0, Avg: 0,3, Max: 0,7, Diff: 0,7, Sum: 1,3]
         [Processed Buffers: Min: 0, Avg: 9,0, Max: 27, Diff: 27, Sum: 36]
      [Scan RS (ms): Min: 0,0, Avg: 0,0, Max: 0,1, Diff: 0,1, Sum: 0,2]
      [Code Root Scanning (ms): Min: 0,0, Avg: 0,0, Max: 0,1, Diff: 0,1, Sum: 0,1]
      [Object Copy (ms): Min: 0,6, Avg: 1,1, Max: 1,6, Diff: 1,0, Sum: 4,5]
      [Termination (ms): Min: 0,0, Avg: 0,0, Max: 0,0, Diff: 0,0, Sum: 0,0]
         [Termination Attempts: Min: 1, Avg: 1,0, Max: 1, Diff: 0, Sum: 4]
      [GC Worker Other (ms): Min: 0,0, Avg: 0,0, Max: 0,0, Diff: 0,0, Sum: 0,1]
      [GC Worker Total (ms): Min: 3,0, Avg: 3,1, Max: 3,2, Diff: 0,2, Sum: 12,4]
      [GC Worker End (ms): Min: 84451532,0, Avg: 84451532,0, Max: 84451532,0, Diff: 0,0]
   [Code Root Fixup: 0,0 ms]
   [Code Root Purge: 0,0 ms]
   [Clear CT: 0,4 ms]
   [Other: 1,1 ms]
      [Choose CSet: 0,0 ms]
      [Ref Proc: 0,5 ms]
      [Ref Enq: 0,0 ms]
      [Redirty Cards: 0,4 ms]
      [Humongous Register: 0,0 ms]
      [Humongous Reclaim: 0,0 ms]
      [Free CSet: 0,0 ms]
   [Eden: 74,0M(74,0M)->0,0B(74,0M) Survivors: 2048,0K->2048,0K Heap: 224,6M(256,0M)->151,1M(256,0M)]
 [Times: user=0,00 sys=0,00, real=0,01 secs] 
2019-07-21T20:41:56.080-0300: 84451,534: [GC concurrent-root-region-scan-start]
2019-07-21T20:41:56.083-0300: 84451,536: [GC concurrent-root-region-scan-end, 0,0025198 secs]
2019-07-21T20:41:56.083-0300: 84451,536: [GC concurrent-mark-start]
2019-07-21T20:41:56.100-0300: 84451,554: [GC concurrent-mark-end, 0,0174597 secs]
2019-07-21T20:41:56.101-0300: 84451,554: [GC remark 2019-07-21T20:41:56.101-0300: 84451,554: [Finalize Marking, 0,0002279 secs] 2019-07-21T20:41:56.101-0300: 84451,554: [GC ref-proc, 0,0001472 secs] 2019-07-21T20:41:56.101-0300: 84451,554: [Unloading, 0,0037758 secs], 0,0058845 secs]
 [Times: user=0,03 sys=0,00, real=0,01 secs] 
2019-07-21T20:41:56.107-0300: 84451,560: [GC cleanup 151M->151M(256M), 0,0011608 secs]
 [Times: user=0,00 sys=0,00, real=0,00 secs] 
2019-07-21T21:20:21.814-0300: 86757,267: [GC pause (G1 Evacuation Pause) (young), 0,0061248 secs]
   [Parallel Time: 4,7 ms, GC Workers: 4]
      [GC Worker Start (ms): Min: 86757267,3, Avg: 86757269,6, Max: 86757271,7, Diff: 4,5]
      [Ext Root Scanning (ms): Min: 0,0, Avg: 0,3, Max: 1,0, Diff: 1,0, Sum: 1,2]
      [Update RS (ms): Min: 0,0, Avg: 0,3, Max: 1,3, Diff: 1,3, Sum: 1,3]
         [Processed Buffers: Min: 0, Avg: 9,0, Max: 36, Diff: 36, Sum: 36]
      [Scan RS (ms): Min: 0,0, Avg: 0,0, Max: 0,1, Diff: 0,1, Sum: 0,1]
      [Code Root Scanning (ms): Min: 0,0, Avg: 0,0, Max: 0,1, Diff: 0,1, Sum: 0,1]
      [Object Copy (ms): Min: 0,0, Avg: 1,4, Max: 1,9, Diff: 1,9, Sum: 5,5]
      [Termination (ms): Min: 0,0, Avg: 0,2, Max: 0,3, Diff: 0,3, Sum: 0,7]
         [Termination Attempts: Min: 1, Avg: 1,0, Max: 1, Diff: 0, Sum: 4]
      [GC Worker Other (ms): Min: 0,0, Avg: 0,0, Max: 0,0, Diff: 0,0, Sum: 0,1]
      [GC Worker Total (ms): Min: 0,1, Avg: 2,3, Max: 4,6, Diff: 4,5, Sum: 9,1]
      [GC Worker End (ms): Min: 86757271,9, Avg: 86757271,9, Max: 86757271,9, Diff: 0,0]
   [Code Root Fixup: 0,0 ms]
   [Code Root Purge: 0,0 ms]
   [Clear CT: 0,4 ms]
   [Other: 1,0 ms]
      [Choose CSet: 0,0 ms]
      [Ref Proc: 0,5 ms]
      [Ref Enq: 0,0 ms]
      [Redirty Cards: 0,3 ms]
      [Humongous Register: 0,0 ms]
      [Humongous Reclaim: 0,0 ms]
      [Free CSet: 0,0 ms]
   [Eden: 74,0M(74,0M)->0,0B(10,0M) Survivors: 2048,0K->2048,0K Heap: 225,1M(256,0M)->151,0M(256,0M)]
 [Times: user=0,00 sys=0,01, real=0,01 secs] 
2019-07-21T21:25:32.012-0300: 87067,466: [GC pause (G1 Evacuation Pause) (mixed), 0,0061970 secs]
   [Parallel Time: 5,5 ms, GC Workers: 4]
      [GC Worker Start (ms): Min: 87067465,8, Avg: 87067469,6, Max: 87067471,1, Diff: 5,3]
      [Ext Root Scanning (ms): Min: 0,0, Avg: 0,3, Max: 1,0, Diff: 1,0, Sum: 1,1]
      [Update RS (ms): Min: 0,0, Avg: 0,3, Max: 1,1, Diff: 1,1, Sum: 1,1]
         [Processed Buffers: Min: 0, Avg: 9,0, Max: 36, Diff: 36, Sum: 36]
      [Scan RS (ms): Min: 0,0, Avg: 0,0, Max: 0,2, Diff: 0,2, Sum: 0,2]
      [Code Root Scanning (ms): Min: 0,0, Avg: 0,0, Max: 0,1, Diff: 0,1, Sum: 0,1]
      [Object Copy (ms): Min: 0,0, Avg: 0,8, Max: 2,8, Diff: 2,8, Sum: 3,2]
      [Termination (ms): Min: 0,0, Avg: 0,1, Max: 0,2, Diff: 0,2, Sum: 0,6]
         [Termination Attempts: Min: 1, Avg: 1,0, Max: 1, Diff: 0, Sum: 4]
      [GC Worker Other (ms): Min: 0,0, Avg: 0,0, Max: 0,0, Diff: 0,0, Sum: 0,1]
      [GC Worker Total (ms): Min: 0,0, Avg: 1,6, Max: 5,4, Diff: 5,4, Sum: 6,4]
      [GC Worker End (ms): Min: 87067471,2, Avg: 87067471,2, Max: 87067471,2, Diff: 0,0]
   [Code Root Fixup: 0,0 ms]
   [Code Root Purge: 0,0 ms]
   [Clear CT: 0,2 ms]
   [Other: 0,5 ms]
      [Choose CSet: 0,0 ms]
      [Ref Proc: 0,2 ms]
      [Ref Enq: 0,0 ms]
      [Redirty Cards: 0,1 ms]
      [Humongous Register: 0,0 ms]
      [Humongous Reclaim: 0,0 ms]
      [Free CSet: 0,0 ms]
   [Eden: 10,0M(10,0M)->0,0B(76,0M) Survivors: 2048,0K->2048,0K Heap: 161,0M(256,0M)->150,1M(256,0M)]
 [Times: user=0,01 sys=0,00, real=0,01 secs] 
2019-07-21T22:04:31.374-0300: 89406,827: [GC pause (G1 Evacuation Pause) (young), 0,0068148 secs]
   [Parallel Time: 5,4 ms, GC Workers: 4]
      [GC Worker Start (ms): Min: 89406827,1, Avg: 89406830,0, Max: 89406831,3, Diff: 4,2]
      [Ext Root Scanning (ms): Min: 0,0, Avg: 0,3, Max: 1,0, Diff: 1,0, Sum: 1,2]
      [Update RS (ms): Min: 0,0, Avg: 0,6, Max: 2,5, Diff: 2,5, Sum: 2,5]
         [Processed Buffers: Min: 0, Avg: 9,5, Max: 38, Diff: 38, Sum: 38]
      [Scan RS (ms): Min: 0,0, Avg: 0,0, Max: 0,1, Diff: 0,1, Sum: 0,2]
      [Code Root Scanning (ms): Min: 0,0, Avg: 0,0, Max: 0,1, Diff: 0,1, Sum: 0,1]
      [Object Copy (ms): Min: 0,9, Avg: 1,3, Max: 1,4, Diff: 0,5, Sum: 5,1]
      [Termination (ms): Min: 0,0, Avg: 0,1, Max: 0,1, Diff: 0,1, Sum: 0,3]
         [Termination Attempts: Min: 1, Avg: 2,0, Max: 4, Diff: 3, Sum: 8]
      [GC Worker Other (ms): Min: 0,0, Avg: 0,0, Max: 0,0, Diff: 0,0, Sum: 0,1]
      [GC Worker Total (ms): Min: 1,1, Avg: 2,4, Max: 5,2, Diff: 4,2, Sum: 9,4]
      [GC Worker End (ms): Min: 89406832,3, Avg: 89406832,4, Max: 89406832,4, Diff: 0,0]
   [Code Root Fixup: 0,0 ms]
   [Code Root Purge: 0,0 ms]
   [Clear CT: 0,2 ms]
   [Other: 1,2 ms]
      [Choose CSet: 0,0 ms]
      [Ref Proc: 0,6 ms]
      [Ref Enq: 0,0 ms]
      [Redirty Cards: 0,2 ms]
      [Humongous Register: 0,0 ms]
      [Humongous Reclaim: 0,0 ms]
      [Free CSet: 0,0 ms]
   [Eden: 76,0M(76,0M)->0,0B(76,0M) Survivors: 2048,0K->2048,0K Heap: 226,1M(256,0M)->149,8M(256,0M)]
 [Times: user=0,00 sys=0,01, real=0,01 secs] 
2019-07-21T22:43:18.013-0300: 91733,466: [GC pause (G1 Evacuation Pause) (young) (initial-mark), 0,0077766 secs]
   [Parallel Time: 5,7 ms, GC Workers: 4]
      [GC Worker Start (ms): Min: 91733466,5, Avg: 91733467,3, Max: 91733468,0, Diff: 1,5]
      [Ext Root Scanning (ms): Min: 0,1, Avg: 2,6, Max: 4,0, Diff: 3,9, Sum: 10,3]
      [Update RS (ms): Min: 0,0, Avg: 0,4, Max: 1,4, Diff: 1,4, Sum: 1,4]
         [Processed Buffers: Min: 0, Avg: 10,0, Max: 40, Diff: 40, Sum: 40]
      [Scan RS (ms): Min: 0,0, Avg: 0,0, Max: 0,1, Diff: 0,1, Sum: 0,2]
      [Code Root Scanning (ms): Min: 0,0, Avg: 0,0, Max: 0,1, Diff: 0,1, Sum: 0,1]
      [Object Copy (ms): Min: 0,0, Avg: 1,6, Max: 2,2, Diff: 2,2, Sum: 6,5]
      [Termination (ms): Min: 0,0, Avg: 0,1, Max: 0,1, Diff: 0,1, Sum: 0,3]
         [Termination Attempts: Min: 1, Avg: 3,5, Max: 7, Diff: 6, Sum: 14]
      [GC Worker Other (ms): Min: 0,0, Avg: 0,0, Max: 0,0, Diff: 0,0, Sum: 0,1]
      [GC Worker Total (ms): Min: 4,0, Avg: 4,8, Max: 5,5, Diff: 1,6, Sum: 19,0]
      [GC Worker End (ms): Min: 91733472,0, Avg: 91733472,0, Max: 91733472,0, Diff: 0,0]
   [Code Root Fixup: 0,0 ms]
   [Code Root Purge: 0,0 ms]
   [Clear CT: 0,3 ms]
   [Other: 1,9 ms]
      [Choose CSet: 0,0 ms]
      [Ref Proc: 1,4 ms]
      [Ref Enq: 0,0 ms]
      [Redirty Cards: 0,2 ms]
      [Humongous Register: 0,0 ms]
      [Humongous Reclaim: 0,0 ms]
      [Free CSet: 0,0 ms]
   [Eden: 76,0M(76,0M)->0,0B(76,0M) Survivors: 2048,0K->2048,0K Heap: 225,8M(256,0M)->150,3M(256,0M)]
 [Times: user=0,00 sys=0,01, real=0,01 secs] 
2019-07-21T22:43:18.021-0300: 91733,474: [GC concurrent-root-region-scan-start]
2019-07-21T22:43:18.024-0300: 91733,478: [GC concurrent-root-region-scan-end, 0,0033414 secs]
2019-07-21T22:43:18.024-0300: 91733,478: [GC concurrent-mark-start]
2019-07-21T22:43:18.052-0300: 91733,506: [GC concurrent-mark-end, 0,0279638 secs]
2019-07-21T22:43:18.053-0300: 91733,506: [GC remark 2019-07-21T22:43:18.053-0300: 91733,506: [Finalize Marking, 0,0002969 secs] 2019-07-21T22:43:18.053-0300: 91733,506: [GC ref-proc, 0,0001664 secs] 2019-07-21T22:43:18.053-0300: 91733,507: [Unloading, 0,0062936 secs], 0,0077698 secs]
 [Times: user=0,00 sys=0,00, real=0,01 secs] 
2019-07-21T22:43:18.061-0300: 91733,514: [GC cleanup 150M->150M(256M), 0,0013326 secs]
 [Times: user=0,00 sys=0,00, real=0,00 secs] 
2019-07-21T23:22:47.818-0300: 94103,271: [GC pause (G1 Evacuation Pause) (young), 0,0070382 secs]
   [Parallel Time: 5,4 ms, GC Workers: 4]
      [GC Worker Start (ms): Min: 94103271,4, Avg: 94103274,1, Max: 94103275,9, Diff: 4,4]
      [Ext Root Scanning (ms): Min: 0,0, Avg: 0,4, Max: 1,5, Diff: 1,5, Sum: 1,7]
      [Update RS (ms): Min: 0,0, Avg: 0,6, Max: 1,9, Diff: 1,9, Sum: 2,5]
         [Processed Buffers: Min: 0, Avg: 10,0, Max: 30, Diff: 30, Sum: 40]
      [Scan RS (ms): Min: 0,0, Avg: 0,0, Max: 0,1, Diff: 0,1, Sum: 0,2]
      [Code Root Scanning (ms): Min: 0,0, Avg: 0,0, Max: 0,1, Diff: 0,1, Sum: 0,1]
      [Object Copy (ms): Min: 0,8, Avg: 1,4, Max: 1,7, Diff: 1,0, Sum: 5,7]
      [Termination (ms): Min: 0,0, Avg: 0,0, Max: 0,0, Diff: 0,0, Sum: 0,0]
         [Termination Attempts: Min: 1, Avg: 2,2, Max: 4, Diff: 3, Sum: 9]
      [GC Worker Other (ms): Min: 0,0, Avg: 0,0, Max: 0,0, Diff: 0,0, Sum: 0,1]
      [GC Worker Total (ms): Min: 0,9, Avg: 2,6, Max: 5,3, Diff: 4,5, Sum: 10,3]
      [GC Worker End (ms): Min: 94103276,7, Avg: 94103276,7, Max: 94103276,7, Diff: 0,0]
   [Code Root Fixup: 0,0 ms]
   [Code Root Purge: 0,0 ms]
   [Clear CT: 0,4 ms]
   [Other: 1,3 ms]
      [Choose CSet: 0,0 ms]
      [Ref Proc: 0,7 ms]
      [Ref Enq: 0,0 ms]
      [Redirty Cards: 0,4 ms]
      [Humongous Register: 0,0 ms]
      [Humongous Reclaim: 0,0 ms]
      [Free CSet: 0,0 ms]
   [Eden: 76,0M(76,0M)->0,0B(76,0M) Survivors: 2048,0K->2048,0K Heap: 226,3M(256,0M)->149,8M(256,0M)]
 [Times: user=0,00 sys=0,00, real=0,01 secs] 
2019-07-22T00:01:40.877-0300: 96436,330: [GC pause (G1 Evacuation Pause) (young), 0,0115601 secs]
   [Parallel Time: 5,6 ms, GC Workers: 4]
      [GC Worker Start (ms): Min: 96436330,3, Avg: 96436333,8, Max: 96436335,7, Diff: 5,4]
      [Ext Root Scanning (ms): Min: 0,0, Avg: 0,3, Max: 1,2, Diff: 1,2, Sum: 1,3]
      [Update RS (ms): Min: 0,0, Avg: 0,3, Max: 1,3, Diff: 1,3, Sum: 1,3]
         [Processed Buffers: Min: 0, Avg: 9,0, Max: 36, Diff: 36, Sum: 36]
      [Scan RS (ms): Min: 0,0, Avg: 0,0, Max: 0,1, Diff: 0,1, Sum: 0,1]
      [Code Root Scanning (ms): Min: 0,0, Avg: 0,0, Max: 0,1, Diff: 0,1, Sum: 0,1]
      [Object Copy (ms): Min: 0,0, Avg: 1,1, Max: 2,5, Diff: 2,5, Sum: 4,3]
      [Termination (ms): Min: 0,0, Avg: 0,2, Max: 0,3, Diff: 0,3, Sum: 0,6]
         [Termination Attempts: Min: 1, Avg: 1,0, Max: 1, Diff: 0, Sum: 4]
      [GC Worker Other (ms): Min: 0,0, Avg: 0,0, Max: 0,0, Diff: 0,0, Sum: 0,1]
      [GC Worker Total (ms): Min: 0,0, Avg: 2,0, Max: 5,5, Diff: 5,5, Sum: 7,8]
      [GC Worker End (ms): Min: 96436335,8, Avg: 96436335,8, Max: 96436335,8, Diff: 0,0]
   [Code Root Fixup: 0,0 ms]
   [Code Root Purge: 0,0 ms]
   [Clear CT: 0,2 ms]
   [Other: 5,7 ms]
      [Choose CSet: 0,0 ms]
      [Ref Proc: 5,3 ms]
      [Ref Enq: 0,0 ms]
      [Redirty Cards: 0,2 ms]
      [Humongous Register: 0,0 ms]
      [Humongous Reclaim: 0,0 ms]
      [Free CSet: 0,0 ms]
   [Eden: 76,0M(76,0M)->0,0B(76,0M) Survivors: 2048,0K->2048,0K Heap: 225,8M(256,0M)->150,0M(256,0M)]
 [Times: user=0,02 sys=0,00, real=0,01 secs] 
2019-07-22T00:40:23.767-0300: 98759,220: [GC pause (G1 Evacuation Pause) (young) (initial-mark), 0,0053151 secs]
   [Parallel Time: 4,0 ms, GC Workers: 4]
      [GC Worker Start (ms): Min: 98759221,2, Avg: 98759221,5, Max: 98759221,9, Diff: 0,6]
      [Ext Root Scanning (ms): Min: 0,6, Avg: 1,0, Max: 2,0, Diff: 1,4, Sum: 4,0]
      [Update RS (ms): Min: 0,0, Avg: 0,4, Max: 0,6, Diff: 0,6, Sum: 1,6]
         [Processed Buffers: Min: 0, Avg: 8,8, Max: 23, Diff: 23, Sum: 35]
      [Scan RS (ms): Min: 0,0, Avg: 0,0, Max: 0,1, Diff: 0,1, Sum: 0,1]
      [Code Root Scanning (ms): Min: 0,0, Avg: 0,0, Max: 0,1, Diff: 0,1, Sum: 0,1]
      [Object Copy (ms): Min: 0,0, Avg: 0,8, Max: 1,0, Diff: 1,0, Sum: 3,1]
      [Termination (ms): Min: 0,0, Avg: 0,1, Max: 0,1, Diff: 0,1, Sum: 0,3]
         [Termination Attempts: Min: 1, Avg: 1,0, Max: 1, Diff: 0, Sum: 4]
      [GC Worker Other (ms): Min: 0,0, Avg: 0,0, Max: 0,0, Diff: 0,0, Sum: 0,1]
      [GC Worker Total (ms): Min: 2,0, Avg: 2,4, Max: 2,6, Diff: 0,7, Sum: 9,5]
      [GC Worker End (ms): Min: 98759223,8, Avg: 98759223,9, Max: 98759223,9, Diff: 0,0]
   [Code Root Fixup: 0,0 ms]
   [Code Root Purge: 0,0 ms]
   [Clear CT: 0,4 ms]
   [Other: 0,9 ms]
      [Choose CSet: 0,0 ms]
      [Ref Proc: 0,5 ms]
      [Ref Enq: 0,0 ms]
      [Redirty Cards: 0,2 ms]
      [Humongous Register: 0,0 ms]
      [Humongous Reclaim: 0,0 ms]
      [Free CSet: 0,0 ms]
   [Eden: 76,0M(76,0M)->0,0B(74,0M) Survivors: 2048,0K->3072,0K Heap: 226,0M(256,0M)->150,6M(256,0M)]
 [Times: user=0,01 sys=0,01, real=0,00 secs] 
2019-07-22T00:40:23.772-0300: 98759,225: [GC concurrent-root-region-scan-start]
2019-07-22T00:40:23.774-0300: 98759,228: [GC concurrent-root-region-scan-end, 0,0023961 secs]
2019-07-22T00:40:23.774-0300: 98759,228: [GC concurrent-mark-start]
2019-07-22T00:40:23.794-0300: 98759,247: [GC concurrent-mark-end, 0,0193860 secs]
2019-07-22T00:40:23.794-0300: 98759,247: [GC remark 2019-07-22T00:40:23.794-0300: 98759,247: [Finalize Marking, 0,0005077 secs] 2019-07-22T00:40:23.795-0300: 98759,248: [GC ref-proc, 0,0001430 secs] 2019-07-22T00:40:23.795-0300: 98759,248: [Unloading, 0,0038526 secs], 0,0056774 secs]
 [Times: user=0,00 sys=0,00, real=0,01 secs] 
2019-07-22T00:40:23.800-0300: 98759,253: [GC cleanup 150M->150M(256M), 0,0013578 secs]
 [Times: user=0,02 sys=0,00, real=0,00 secs] 
2019-07-22T01:18:56.073-0300: 101071,526: [GC pause (G1 Evacuation Pause) (young), 0,0064197 secs]
   [Parallel Time: 5,4 ms, GC Workers: 4]
      [GC Worker Start (ms): Min: 101071525,9, Avg: 101071529,4, Max: 101071531,0, Diff: 5,2]
      [Ext Root Scanning (ms): Min: 0,0, Avg: 0,3, Max: 1,0, Diff: 1,0, Sum: 1,1]
      [Update RS (ms): Min: 0,0, Avg: 0,3, Max: 1,2, Diff: 1,2, Sum: 1,3]
         [Processed Buffers: Min: 0, Avg: 9,2, Max: 37, Diff: 37, Sum: 37]
      [Scan RS (ms): Min: 0,0, Avg: 0,0, Max: 0,1, Diff: 0,1, Sum: 0,1]
      [Code Root Scanning (ms): Min: 0,0, Avg: 0,0, Max: 0,1, Diff: 0,1, Sum: 0,1]
      [Object Copy (ms): Min: 0,0, Avg: 0,9, Max: 2,5, Diff: 2,5, Sum: 3,6]
      [Termination (ms): Min: 0,0, Avg: 0,2, Max: 0,2, Diff: 0,2, Sum: 0,6]
         [Termination Attempts: Min: 1, Avg: 1,0, Max: 1, Diff: 0, Sum: 4]
      [GC Worker Other (ms): Min: 0,0, Avg: 0,0, Max: 0,0, Diff: 0,0, Sum: 0,1]
      [GC Worker Total (ms): Min: 0,0, Avg: 1,7, Max: 5,2, Diff: 5,2, Sum: 6,9]
      [GC Worker End (ms): Min: 101071531,1, Avg: 101071531,1, Max: 101071531,1, Diff: 0,0]
   [Code Root Fixup: 0,0 ms]
   [Code Root Purge: 0,0 ms]
   [Clear CT: 0,3 ms]
   [Other: 0,7 ms]
      [Choose CSet: 0,0 ms]
      [Ref Proc: 0,4 ms]
      [Ref Enq: 0,0 ms]
      [Redirty Cards: 0,2 ms]
      [Humongous Register: 0,0 ms]
      [Humongous Reclaim: 0,0 ms]
      [Free CSet: 0,0 ms]
   [Eden: 74,0M(74,0M)->0,0B(76,0M) Survivors: 3072,0K->2048,0K Heap: 224,6M(256,0M)->149,6M(256,0M)]
 [Times: user=0,01 sys=0,00, real=0,01 secs] 
2019-07-22T01:57:36.814-0300: 103392,267: [GC pause (G1 Evacuation Pause) (young), 0,0113701 secs]
   [Parallel Time: 5,3 ms, GC Workers: 4]
      [GC Worker Start (ms): Min: 103392267,5, Avg: 103392270,6, Max: 103392272,6, Diff: 5,1]
      [Ext Root Scanning (ms): Min: 0,0, Avg: 0,3, Max: 1,0, Diff: 1,0, Sum: 1,3]
      [Update RS (ms): Min: 0,0, Avg: 0,4, Max: 1,5, Diff: 1,5, Sum: 1,5]
         [Processed Buffers: Min: 0, Avg: 9,0, Max: 36, Diff: 36, Sum: 36]
      [Scan RS (ms): Min: 0,0, Avg: 0,0, Max: 0,1, Diff: 0,1, Sum: 0,1]
      [Code Root Scanning (ms): Min: 0,0, Avg: 0,0, Max: 0,1, Diff: 0,1, Sum: 0,1]
      [Object Copy (ms): Min: 0,0, Avg: 0,8, Max: 1,7, Diff: 1,7, Sum: 3,3]
      [Termination (ms): Min: 0,0, Avg: 0,5, Max: 0,9, Diff: 0,9, Sum: 1,8]
         [Termination Attempts: Min: 1, Avg: 1,0, Max: 1, Diff: 0, Sum: 4]
      [GC Worker Other (ms): Min: 0,0, Avg: 0,0, Max: 0,1, Diff: 0,1, Sum: 0,2]
      [GC Worker Total (ms): Min: 0,1, Avg: 2,1, Max: 5,2, Diff: 5,2, Sum: 8,4]
      [GC Worker End (ms): Min: 103392272,7, Avg: 103392272,7, Max: 103392272,7, Diff: 0,0]
   [Code Root Fixup: 0,0 ms]
   [Code Root Purge: 0,0 ms]
   [Clear CT: 0,3 ms]
   [Other: 5,8 ms]
      [Choose CSet: 0,0 ms]
      [Ref Proc: 5,3 ms]
      [Ref Enq: 0,0 ms]
      [Redirty Cards: 0,3 ms]
      [Humongous Register: 0,0 ms]
      [Humongous Reclaim: 0,0 ms]
      [Free CSet: 0,0 ms]
   [Eden: 76,0M(76,0M)->0,0B(76,0M) Survivors: 2048,0K->2048,0K Heap: 225,6M(256,0M)->150,0M(256,0M)]
 [Times: user=0,02 sys=0,01, real=0,02 secs] 
2019-07-22T02:36:36.305-0300: 105731,758: [GC pause (G1 Evacuation Pause) (young) (initial-mark), 0,0065435 secs]
   [Parallel Time: 5,5 ms, GC Workers: 4]
      [GC Worker Start (ms): Min: 105731758,0, Avg: 105731759,1, Max: 105731759,4, Diff: 1,4]
      [Ext Root Scanning (ms): Min: 0,0, Avg: 2,6, Max: 4,0, Diff: 3,9, Sum: 10,4]
      [Update RS (ms): Min: 0,0, Avg: 0,4, Max: 1,5, Diff: 1,5, Sum: 1,5]
         [Processed Buffers: Min: 0, Avg: 9,0, Max: 36, Diff: 36, Sum: 36]
      [Scan RS (ms): Min: 0,0, Avg: 0,0, Max: 0,1, Diff: 0,1, Sum: 0,1]
      [Code Root Scanning (ms): Min: 0,0, Avg: 0,0, Max: 0,1, Diff: 0,1, Sum: 0,1]
      [Object Copy (ms): Min: 0,0, Avg: 1,2, Max: 2,2, Diff: 2,2, Sum: 5,0]
      [Termination (ms): Min: 0,0, Avg: 0,1, Max: 0,1, Diff: 0,1, Sum: 0,3]
         [Termination Attempts: Min: 1, Avg: 2,0, Max: 4, Diff: 3, Sum: 8]
      [GC Worker Other (ms): Min: 0,0, Avg: 0,0, Max: 0,0, Diff: 0,0, Sum: 0,1]
      [GC Worker Total (ms): Min: 3,9, Avg: 4,3, Max: 5,4, Diff: 1,5, Sum: 17,4]
      [GC Worker End (ms): Min: 105731763,4, Avg: 105731763,4, Max: 105731763,4, Diff: 0,0]
   [Code Root Fixup: 0,0 ms]
   [Code Root Purge: 0,0 ms]
   [Clear CT: 0,1 ms]
   [Other: 0,9 ms]
      [Choose CSet: 0,0 ms]
      [Ref Proc: 0,5 ms]
      [Ref Enq: 0,0 ms]
      [Redirty Cards: 0,3 ms]
      [Humongous Register: 0,0 ms]
      [Humongous Reclaim: 0,0 ms]
      [Free CSet: 0,0 ms]
   [Eden: 76,0M(76,0M)->0,0B(76,0M) Survivors: 2048,0K->2048,0K Heap: 226,0M(256,0M)->150,1M(256,0M)]
 [Times: user=0,01 sys=0,00, real=0,00 secs] 
2019-07-22T02:36:36.311-0300: 105731,765: [GC concurrent-root-region-scan-start]
2019-07-22T02:36:36.314-0300: 105731,767: [GC concurrent-root-region-scan-end, 0,0027894 secs]
2019-07-22T02:36:36.314-0300: 105731,767: [GC concurrent-mark-start]
2019-07-22T02:36:36.331-0300: 105731,785: [GC concurrent-mark-end, 0,0170629 secs]
2019-07-22T02:36:36.332-0300: 105731,785: [GC remark 2019-07-22T02:36:36.332-0300: 105731,785: [Finalize Marking, 0,0002816 secs] 2019-07-22T02:36:36.332-0300: 105731,785: [GC ref-proc, 0,0001245 secs] 2019-07-22T02:36:36.332-0300: 105731,785: [Unloading, 0,0074791 secs], 0,0089379 secs]
 [Times: user=0,00 sys=0,00, real=0,01 secs] 
2019-07-22T02:36:36.341-0300: 105731,794: [GC cleanup 150M->150M(256M), 0,0012710 secs]
 [Times: user=0,00 sys=0,00, real=0,00 secs] 
2019-07-22T03:15:56.814-0300: 108092,267: [GC pause (G1 Evacuation Pause) (young), 0,0087456 secs]
   [Parallel Time: 5,0 ms, GC Workers: 4]
      [GC Worker Start (ms): Min: 108092267,1, Avg: 108092270,2, Max: 108092272,0, Diff: 4,8]
      [Ext Root Scanning (ms): Min: 0,0, Avg: 0,3, Max: 1,0, Diff: 1,0, Sum: 1,1]
      [Update RS (ms): Min: 0,0, Avg: 0,4, Max: 1,5, Diff: 1,5, Sum: 1,6]
         [Processed Buffers: Min: 0, Avg: 9,0, Max: 32, Diff: 32, Sum: 36]
      [Scan RS (ms): Min: 0,0, Avg: 0,0, Max: 0,1, Diff: 0,1, Sum: 0,1]
      [Code Root Scanning (ms): Min: 0,0, Avg: 0,0, Max: 0,1, Diff: 0,1, Sum: 0,1]
      [Object Copy (ms): Min: 0,0, Avg: 1,0, Max: 2,0, Diff: 2,0, Sum: 3,9]
      [Termination (ms): Min: 0,0, Avg: 0,2, Max: 0,3, Diff: 0,3, Sum: 0,7]
         [Termination Attempts: Min: 1, Avg: 1,0, Max: 1, Diff: 0, Sum: 4]
      [GC Worker Other (ms): Min: 0,0, Avg: 0,0, Max: 0,0, Diff: 0,0, Sum: 0,1]
      [GC Worker Total (ms): Min: 0,0, Avg: 1,9, Max: 4,9, Diff: 4,8, Sum: 7,5]
      [GC Worker End (ms): Min: 108092272,0, Avg: 108092272,0, Max: 108092272,1, Diff: 0,0]
   [Code Root Fixup: 0,0 ms]
   [Code Root Purge: 0,0 ms]
   [Clear CT: 0,3 ms]
   [Other: 3,4 ms]
      [Choose CSet: 0,0 ms]
      [Ref Proc: 3,0 ms]
      [Ref Enq: 0,0 ms]
      [Redirty Cards: 0,2 ms]
      [Humongous Register: 0,0 ms]
      [Humongous Reclaim: 0,0 ms]
      [Free CSet: 0,0 ms]
   [Eden: 76,0M(76,0M)->0,0B(76,0M) Survivors: 2048,0K->2048,0K Heap: 226,1M(256,0M)->150,1M(256,0M)]
 [Times: user=0,01 sys=0,00, real=0,01 secs] 
2019-07-22T03:54:56.077-0300: 110431,530: [GC pause (G1 Evacuation Pause) (young), 0,0057362 secs]
   [Parallel Time: 4,3 ms, GC Workers: 4]
      [GC Worker Start (ms): Min: 110431530,1, Avg: 110431532,2, Max: 110431533,7, Diff: 3,6]
      [Ext Root Scanning (ms): Min: 0,0, Avg: 0,3, Max: 1,0, Diff: 0,9, Sum: 1,1]
      [Update RS (ms): Min: 0,0, Avg: 0,5, Max: 1,1, Diff: 1,1, Sum: 1,9]
         [Processed Buffers: Min: 0, Avg: 8,8, Max: 28, Diff: 28, Sum: 35]
      [Scan RS (ms): Min: 0,0, Avg: 0,0, Max: 0,1, Diff: 0,1, Sum: 0,2]
      [Code Root Scanning (ms): Min: 0,0, Avg: 0,0, Max: 0,1, Diff: 0,1, Sum: 0,1]
      [Object Copy (ms): Min: 0,4, Avg: 1,2, Max: 2,1, Diff: 1,7, Sum: 4,7]
      [Termination (ms): Min: 0,0, Avg: 0,1, Max: 0,2, Diff: 0,2, Sum: 0,6]
         [Termination Attempts: Min: 1, Avg: 1,2, Max: 2, Diff: 1, Sum: 5]
      [GC Worker Other (ms): Min: 0,0, Avg: 0,0, Max: 0,0, Diff: 0,0, Sum: 0,1]
      [GC Worker Total (ms): Min: 0,7, Avg: 2,2, Max: 4,3, Diff: 3,6, Sum: 8,7]
      [GC Worker End (ms): Min: 110431534,4, Avg: 110431534,4, Max: 110431534,4, Diff: 0,0]
   [Code Root Fixup: 0,0 ms]
   [Code Root Purge: 0,0 ms]
   [Clear CT: 0,3 ms]
   [Other: 1,1 ms]
      [Choose CSet: 0,0 ms]
      [Ref Proc: 0,6 ms]
      [Ref Enq: 0,0 ms]
      [Redirty Cards: 0,3 ms]
      [Humongous Register: 0,0 ms]
      [Humongous Reclaim: 0,0 ms]
      [Free CSet: 0,0 ms]
   [Eden: 76,0M(76,0M)->0,0B(74,0M) Survivors: 2048,0K->3072,0K Heap: 226,1M(256,0M)->150,6M(256,0M)]
 [Times: user=0,01 sys=0,00, real=0,00 secs] 
2019-07-22T04:32:56.074-0300: 112711,527: [GC pause (G1 Evacuation Pause) (young) (initial-mark), 0,0057401 secs]
   [Parallel Time: 4,8 ms, GC Workers: 4]
      [GC Worker Start (ms): Min: 112711527,1, Avg: 112711528,2, Max: 112711528,6, Diff: 1,5]
      [Ext Root Scanning (ms): Min: 0,0, Avg: 2,1, Max: 3,0, Diff: 2,9, Sum: 8,3]
      [Update RS (ms): Min: 0,0, Avg: 0,3, Max: 1,3, Diff: 1,3, Sum: 1,3]
         [Processed Buffers: Min: 0, Avg: 8,8, Max: 35, Diff: 35, Sum: 35]
      [Scan RS (ms): Min: 0,0, Avg: 0,0, Max: 0,1, Diff: 0,1, Sum: 0,1]
      [Code Root Scanning (ms): Min: 0,0, Avg: 0,0, Max: 0,1, Diff: 0,1, Sum: 0,1]
      [Object Copy (ms): Min: 0,5, Avg: 1,2, Max: 1,8, Diff: 1,3, Sum: 4,7]
      [Termination (ms): Min: 0,0, Avg: 0,0, Max: 0,0, Diff: 0,0, Sum: 0,0]
         [Termination Attempts: Min: 1, Avg: 2,2, Max: 4, Diff: 3, Sum: 9]
      [GC Worker Other (ms): Min: 0,0, Avg: 0,0, Max: 0,0, Diff: 0,0, Sum: 0,1]
      [GC Worker Total (ms): Min: 3,3, Avg: 3,7, Max: 4,8, Diff: 1,5, Sum: 14,7]
      [GC Worker End (ms): Min: 112711531,8, Avg: 112711531,8, Max: 112711531,8, Diff: 0,0]
   [Code Root Fixup: 0,0 ms]
   [Code Root Purge: 0,0 ms]
   [Clear CT: 0,1 ms]
   [Other: 0,9 ms]
      [Choose CSet: 0,0 ms]
      [Ref Proc: 0,7 ms]
      [Ref Enq: 0,0 ms]
      [Redirty Cards: 0,0 ms]
      [Humongous Register: 0,0 ms]
      [Humongous Reclaim: 0,0 ms]
      [Free CSet: 0,0 ms]
   [Eden: 74,0M(74,0M)->0,0B(76,0M) Survivors: 3072,0K->2048,0K Heap: 224,6M(256,0M)->149,9M(256,0M)]
 [Times: user=0,01 sys=0,00, real=0,01 secs] 
2019-07-22T04:32:56.080-0300: 112711,533: [GC concurrent-root-region-scan-start]
2019-07-22T04:32:56.082-0300: 112711,535: [GC concurrent-root-region-scan-end, 0,0025168 secs]
2019-07-22T04:32:56.082-0300: 112711,535: [GC concurrent-mark-start]
2019-07-22T04:32:56.102-0300: 112711,556: [GC concurrent-mark-end, 0,0200423 secs]
2019-07-22T04:32:56.103-0300: 112711,556: [GC remark 2019-07-22T04:32:56.103-0300: 112711,556: [Finalize Marking, 0,0004993 secs] 2019-07-22T04:32:56.103-0300: 112711,556: [GC ref-proc, 0,0001435 secs] 2019-07-22T04:32:56.103-0300: 112711,557: [Unloading, 0,0058563 secs], 0,0073806 secs]
 [Times: user=0,00 sys=0,00, real=0,01 secs] 
2019-07-22T04:32:56.110-0300: 112711,564: [GC cleanup 150M->150M(256M), 0,0031962 secs]
 [Times: user=0,00 sys=0,00, real=0,00 secs] 
2019-07-22T05:12:14.804-0300: 115070,257: [GC pause (G1 Evacuation Pause) (young), 0,0073674 secs]
   [Parallel Time: 6,1 ms, GC Workers: 4]
      [GC Worker Start (ms): Min: 115070257,2, Avg: 115070260,6, Max: 115070263,1, Diff: 5,9]
      [Ext Root Scanning (ms): Min: 0,0, Avg: 0,3, Max: 0,9, Diff: 0,9, Sum: 1,0]
      [Update RS (ms): Min: 0,0, Avg: 1,0, Max: 3,7, Diff: 3,7, Sum: 3,8]
         [Processed Buffers: Min: 0, Avg: 8,8, Max: 30, Diff: 30, Sum: 35]
      [Scan RS (ms): Min: 0,0, Avg: 0,0, Max: 0,2, Diff: 0,2, Sum: 0,2]
      [Code Root Scanning (ms): Min: 0,0, Avg: 0,0, Max: 0,1, Diff: 0,1, Sum: 0,1]
      [Object Copy (ms): Min: 0,0, Avg: 1,0, Max: 3,0, Diff: 3,0, Sum: 4,1]
      [Termination (ms): Min: 0,0, Avg: 0,1, Max: 0,2, Diff: 0,2, Sum: 0,5]
         [Termination Attempts: Min: 1, Avg: 1,0, Max: 1, Diff: 0, Sum: 4]
      [GC Worker Other (ms): Min: 0,0, Avg: 0,2, Max: 0,6, Diff: 0,6, Sum: 0,7]
      [GC Worker Total (ms): Min: 0,1, Avg: 2,6, Max: 6,0, Diff: 6,0, Sum: 10,5]
      [GC Worker End (ms): Min: 115070263,2, Avg: 115070263,2, Max: 115070263,2, Diff: 0,0]
   [Code Root Fixup: 0,0 ms]
   [Code Root Purge: 0,0 ms]
   [Clear CT: 0,2 ms]
   [Other: 1,0 ms]
      [Choose CSet: 0,0 ms]
      [Ref Proc: 0,5 ms]
      [Ref Enq: 0,0 ms]
      [Redirty Cards: 0,3 ms]
      [Humongous Register: 0,0 ms]
      [Humongous Reclaim: 0,0 ms]
      [Free CSet: 0,0 ms]
   [Eden: 76,0M(76,0M)->0,0B(78,0M) Survivors: 2048,0K->1024,0K Heap: 225,9M(256,0M)->149,6M(256,0M)]
 [Times: user=0,01 sys=0,00, real=0,01 secs] 
2019-07-22T05:52:21.814-0300: 117477,267: [GC pause (G1 Evacuation Pause) (young), 0,0050350 secs]
   [Parallel Time: 4,0 ms, GC Workers: 4]
      [GC Worker Start (ms): Min: 117477267,3, Avg: 117477269,7, Max: 117477271,0, Diff: 3,8]
      [Ext Root Scanning (ms): Min: 0,0, Avg: 0,3, Max: 1,0, Diff: 1,0, Sum: 1,1]
      [Update RS (ms): Min: 0,0, Avg: 0,4, Max: 1,6, Diff: 1,6, Sum: 1,8]
         [Processed Buffers: Min: 0, Avg: 9,2, Max: 29, Diff: 29, Sum: 37]
      [Scan RS (ms): Min: 0,0, Avg: 0,0, Max: 0,1, Diff: 0,1, Sum: 0,1]
      [Code Root Scanning (ms): Min: 0,0, Avg: 0,0, Max: 0,1, Diff: 0,1, Sum: 0,1]
      [Object Copy (ms): Min: 0,0, Avg: 0,4, Max: 0,8, Diff: 0,8, Sum: 1,6]
      [Termination (ms): Min: 0,0, Avg: 0,2, Max: 0,3, Diff: 0,3, Sum: 0,7]
         [Termination Attempts: Min: 1, Avg: 1,0, Max: 1, Diff: 0, Sum: 4]
      [GC Worker Other (ms): Min: 0,0, Avg: 0,0, Max: 0,0, Diff: 0,0, Sum: 0,1]
      [GC Worker Total (ms): Min: 0,1, Avg: 1,4, Max: 3,8, Diff: 3,8, Sum: 5,5]
      [GC Worker End (ms): Min: 117477271,1, Avg: 117477271,1, Max: 117477271,1, Diff: 0,0]
   [Code Root Fixup: 0,0 ms]
   [Code Root Purge: 0,0 ms]
   [Clear CT: 0,2 ms]
   [Other: 0,9 ms]
      [Choose CSet: 0,0 ms]
      [Ref Proc: 0,5 ms]
      [Ref Enq: 0,0 ms]
      [Redirty Cards: 0,2 ms]
      [Humongous Register: 0,0 ms]
      [Humongous Reclaim: 0,0 ms]
      [Free CSet: 0,0 ms]
   [Eden: 78,0M(78,0M)->0,0B(76,0M) Survivors: 1024,0K->2048,0K Heap: 227,6M(256,0M)->149,9M(256,0M)]
 [Times: user=0,01 sys=0,00, real=0,01 secs] 
2019-07-22T06:31:50.022-0300: 119845,476: [GC pause (G1 Evacuation Pause) (young) (initial-mark), 0,0047702 secs]
   [Parallel Time: 4,0 ms, GC Workers: 4]
      [GC Worker Start (ms): Min: 119845475,8, Avg: 119845476,9, Max: 119845477,3, Diff: 1,5]
      [Ext Root Scanning (ms): Min: 0,0, Avg: 2,1, Max: 3,7, Diff: 3,6, Sum: 8,5]
      [Update RS (ms): Min: 0,0, Avg: 0,1, Max: 0,4, Diff: 0,4, Sum: 0,4]
         [Processed Buffers: Min: 0, Avg: 7,2, Max: 29, Diff: 29, Sum: 29]
      [Scan RS (ms): Min: 0,0, Avg: 0,0, Max: 0,1, Diff: 0,1, Sum: 0,1]
      [Code Root Scanning (ms): Min: 0,0, Avg: 0,0, Max: 0,1, Diff: 0,1, Sum: 0,1]
      [Object Copy (ms): Min: 0,0, Avg: 0,4, Max: 1,6, Diff: 1,5, Sum: 1,6]
      [Termination (ms): Min: 0,0, Avg: 0,1, Max: 0,3, Diff: 0,3, Sum: 0,6]
         [Termination Attempts: Min: 1, Avg: 1,0, Max: 1, Diff: 0, Sum: 4]
      [GC Worker Other (ms): Min: 0,0, Avg: 0,0, Max: 0,0, Diff: 0,0, Sum: 0,1]
      [GC Worker Total (ms): Min: 2,4, Avg: 2,8, Max: 3,9, Diff: 1,5, Sum: 11,3]
      [GC Worker End (ms): Min: 119845479,7, Avg: 119845479,7, Max: 119845479,7, Diff: 0,0]
   [Code Root Fixup: 0,0 ms]
   [Code Root Purge: 0,0 ms]
   [Clear CT: 0,0 ms]
   [Other: 0,7 ms]
      [Choose CSet: 0,0 ms]
      [Ref Proc: 0,5 ms]
      [Ref Enq: 0,0 ms]
      [Redirty Cards: 0,0 ms]
      [Humongous Register: 0,0 ms]
      [Humongous Reclaim: 0,0 ms]
      [Free CSet: 0,0 ms]
   [Eden: 76,0M(76,0M)->0,0B(76,0M) Survivors: 2048,0K->2048,0K Heap: 225,9M(256,0M)->149,9M(256,0M)]
 [Times: user=0,00 sys=0,00, real=0,01 secs] 
2019-07-22T06:31:50.027-0300: 119845,481: [GC concurrent-root-region-scan-start]
2019-07-22T06:31:50.028-0300: 119845,482: [GC concurrent-root-region-scan-end, 0,0009645 secs]
2019-07-22T06:31:50.028-0300: 119845,482: [GC concurrent-mark-start]
2019-07-22T06:31:50.046-0300: 119845,499: [GC concurrent-mark-end, 0,0174597 secs]
2019-07-22T06:31:50.046-0300: 119845,499: [GC remark 2019-07-22T06:31:50.046-0300: 119845,499: [Finalize Marking, 0,0003967 secs] 2019-07-22T06:31:50.046-0300: 119845,500: [GC ref-proc, 0,0001284 secs] 2019-07-22T06:31:50.047-0300: 119845,500: [Unloading, 0,0080258 secs], 0,0094562 secs]
 [Times: user=0,00 sys=0,00, real=0,00 secs] 
2019-07-22T06:31:50.056-0300: 119845,509: [GC cleanup 149M->149M(256M), 0,0015318 secs]
 [Times: user=0,00 sys=0,00, real=0,01 secs] 
2019-07-22T07:10:39.874-0300: 122175,327: [GC pause (G1 Evacuation Pause) (young), 0,0136460 secs]
   [Parallel Time: 4,3 ms, GC Workers: 4]
      [GC Worker Start (ms): Min: 122175327,1, Avg: 122175329,8, Max: 122175331,2, Diff: 4,2]
      [Ext Root Scanning (ms): Min: 0,0, Avg: 0,3, Max: 1,0, Diff: 1,0, Sum: 1,1]
      [Update RS (ms): Min: 0,0, Avg: 0,1, Max: 0,5, Diff: 0,5, Sum: 0,5]
         [Processed Buffers: Min: 0, Avg: 7,2, Max: 29, Diff: 29, Sum: 29]
      [Scan RS (ms): Min: 0,0, Avg: 0,0, Max: 0,1, Diff: 0,1, Sum: 0,1]
      [Code Root Scanning (ms): Min: 0,0, Avg: 0,0, Max: 0,1, Diff: 0,1, Sum: 0,1]
      [Object Copy (ms): Min: 0,0, Avg: 0,9, Max: 2,5, Diff: 2,5, Sum: 3,7]
      [Termination (ms): Min: 0,0, Avg: 0,1, Max: 0,2, Diff: 0,2, Sum: 0,4]
         [Termination Attempts: Min: 1, Avg: 1,0, Max: 1, Diff: 0, Sum: 4]
      [GC Worker Other (ms): Min: 0,0, Avg: 0,0, Max: 0,0, Diff: 0,0, Sum: 0,1]
      [GC Worker Total (ms): Min: 0,1, Avg: 1,5, Max: 4,3, Diff: 4,2, Sum: 6,1]
      [GC Worker End (ms): Min: 122175331,3, Avg: 122175331,3, Max: 122175331,4, Diff: 0,0]
   [Code Root Fixup: 0,0 ms]
   [Code Root Purge: 0,0 ms]
   [Clear CT: 0,1 ms]
   [Other: 9,3 ms]
      [Choose CSet: 0,0 ms]
      [Ref Proc: 9,0 ms]
      [Ref Enq: 0,0 ms]
      [Redirty Cards: 0,0 ms]
      [Humongous Register: 0,0 ms]
      [Humongous Reclaim: 0,0 ms]
      [Free CSet: 0,0 ms]
   [Eden: 76,0M(76,0M)->0,0B(11,0M) Survivors: 2048,0K->1024,0K Heap: 225,9M(256,0M)->149,6M(256,0M)]
 [Times: user=0,01 sys=0,00, real=0,02 secs] 
2019-07-22T07:16:18.223-0300: 122513,677: [GC pause (G1 Evacuation Pause) (mixed), 0,0115127 secs]
   [Parallel Time: 4,1 ms, GC Workers: 4]
      [GC Worker Start (ms): Min: 122513676,8, Avg: 122513679,6, Max: 122513680,6, Diff: 3,8]
      [Ext Root Scanning (ms): Min: 0,0, Avg: 0,3, Max: 1,0, Diff: 1,0, Sum: 1,1]
      [Update RS (ms): Min: 0,0, Avg: 0,1, Max: 0,5, Diff: 0,5, Sum: 0,5]
         [Processed Buffers: Min: 0, Avg: 8,0, Max: 32, Diff: 32, Sum: 32]
      [Scan RS (ms): Min: 0,0, Avg: 0,1, Max: 0,2, Diff: 0,2, Sum: 0,2]
      [Code Root Scanning (ms): Min: 0,0, Avg: 0,0, Max: 0,0, Diff: 0,0, Sum: 0,0]
      [Object Copy (ms): Min: 0,0, Avg: 0,4, Max: 1,8, Diff: 1,8, Sum: 1,8]
      [Termination (ms): Min: 0,0, Avg: 0,2, Max: 0,4, Diff: 0,4, Sum: 0,8]
         [Termination Attempts: Min: 1, Avg: 1,0, Max: 1, Diff: 0, Sum: 4]
      [GC Worker Other (ms): Min: 0,0, Avg: 0,0, Max: 0,0, Diff: 0,0, Sum: 0,1]
      [GC Worker Total (ms): Min: 0,1, Avg: 1,1, Max: 3,9, Diff: 3,9, Sum: 4,5]
      [GC Worker End (ms): Min: 122513680,7, Avg: 122513680,7, Max: 122513680,7, Diff: 0,0]
   [Code Root Fixup: 0,0 ms]
   [Code Root Purge: 0,0 ms]
   [Clear CT: 0,1 ms]
   [Other: 7,3 ms]
      [Choose CSet: 0,0 ms]
      [Ref Proc: 6,9 ms]
      [Ref Enq: 0,0 ms]
      [Redirty Cards: 0,2 ms]
      [Humongous Register: 0,0 ms]
      [Humongous Reclaim: 0,0 ms]
      [Free CSet: 0,0 ms]
   [Eden: 11,0M(11,0M)->0,0B(79,0M) Survivors: 1024,0K->1024,0K Heap: 160,6M(256,0M)->148,7M(256,0M)]
 [Times: user=0,00 sys=0,02, real=0,01 secs] 
2019-07-22T07:56:53.929-0300: 124949,382: [GC pause (G1 Evacuation Pause) (young), 0,0047963 secs]
   [Parallel Time: 3,8 ms, GC Workers: 4]
      [GC Worker Start (ms): Min: 124949382,4, Avg: 124949385,0, Max: 124949386,0, Diff: 3,6]
      [Ext Root Scanning (ms): Min: 0,0, Avg: 0,3, Max: 1,0, Diff: 0,9, Sum: 1,0]
      [Update RS (ms): Min: 0,0, Avg: 0,2, Max: 0,7, Diff: 0,7, Sum: 0,7]
         [Processed Buffers: Min: 0, Avg: 8,0, Max: 32, Diff: 32, Sum: 32]
      [Scan RS (ms): Min: 0,0, Avg: 0,0, Max: 0,1, Diff: 0,1, Sum: 0,1]
      [Code Root Scanning (ms): Min: 0,0, Avg: 0,0, Max: 0,1, Diff: 0,1, Sum: 0,1]
      [Object Copy (ms): Min: 0,0, Avg: 0,4, Max: 1,6, Diff: 1,6, Sum: 1,7]
      [Termination (ms): Min: 0,0, Avg: 0,2, Max: 0,3, Diff: 0,3, Sum: 0,6]
         [Termination Attempts: Min: 1, Avg: 1,0, Max: 1, Diff: 0, Sum: 4]
      [GC Worker Other (ms): Min: 0,0, Avg: 0,0, Max: 0,0, Diff: 0,0, Sum: 0,1]
      [GC Worker Total (ms): Min: 0,0, Avg: 1,1, Max: 3,7, Diff: 3,7, Sum: 4,4]
      [GC Worker End (ms): Min: 124949386,1, Avg: 124949386,1, Max: 124949386,1, Diff: 0,0]
   [Code Root Fixup: 0,0 ms]
   [Code Root Purge: 0,0 ms]
   [Clear CT: 0,2 ms]
   [Other: 0,8 ms]
      [Choose CSet: 0,0 ms]
      [Ref Proc: 0,4 ms]
      [Ref Enq: 0,0 ms]
      [Redirty Cards: 0,2 ms]
      [Humongous Register: 0,0 ms]
      [Humongous Reclaim: 0,0 ms]
      [Free CSet: 0,0 ms]
   [Eden: 79,0M(79,0M)->0,0B(79,0M) Survivors: 1024,0K->1024,0K Heap: 227,7M(256,0M)->148,8M(256,0M)]
 [Times: user=0,00 sys=0,00, real=0,00 secs] 
2019-07-22T08:37:16.814-0300: 127372,267: [GC pause (G1 Evacuation Pause) (young) (initial-mark), 0,0032209 secs]
   [Parallel Time: 2,5 ms, GC Workers: 4]
      [GC Worker Start (ms): Min: 127372267,3, Avg: 127372267,7, Max: 127372268,2, Diff: 0,8]
      [Ext Root Scanning (ms): Min: 0,0, Avg: 1,2, Max: 2,2, Diff: 2,2, Sum: 4,7]
      [Update RS (ms): Min: 0,0, Avg: 0,1, Max: 0,3, Diff: 0,2, Sum: 0,5]
         [Processed Buffers: Min: 0, Avg: 7,5, Max: 24, Diff: 24, Sum: 30]
      [Scan RS (ms): Min: 0,0, Avg: 0,0, Max: 0,1, Diff: 0,1, Sum: 0,1]
      [Code Root Scanning (ms): Min: 0,0, Avg: 0,0, Max: 0,1, Diff: 0,1, Sum: 0,1]
      [Object Copy (ms): Min: 0,0, Avg: 0,5, Max: 1,0, Diff: 1,0, Sum: 1,9]
      [Termination (ms): Min: 0,0, Avg: 0,1, Max: 0,2, Diff: 0,2, Sum: 0,4]
         [Termination Attempts: Min: 1, Avg: 1,2, Max: 2, Diff: 1, Sum: 5]
      [GC Worker Other (ms): Min: 0,0, Avg: 0,0, Max: 0,0, Diff: 0,0, Sum: 0,1]
      [GC Worker Total (ms): Min: 1,6, Avg: 2,0, Max: 2,4, Diff: 0,8, Sum: 7,9]
      [GC Worker End (ms): Min: 127372269,7, Avg: 127372269,7, Max: 127372269,7, Diff: 0,0]
   [Code Root Fixup: 0,0 ms]
   [Code Root Purge: 0,0 ms]
   [Clear CT: 0,1 ms]
   [Other: 0,7 ms]
      [Choose CSet: 0,0 ms]
      [Ref Proc: 0,5 ms]
      [Ref Enq: 0,0 ms]
      [Redirty Cards: 0,0 ms]
      [Humongous Register: 0,0 ms]
      [Humongous Reclaim: 0,0 ms]
      [Free CSet: 0,0 ms]
   [Eden: 79,0M(79,0M)->0,0B(77,0M) Survivors: 1024,0K->2048,0K Heap: 227,8M(256,0M)->149,2M(256,0M)]
 [Times: user=0,01 sys=0,00, real=0,01 secs] 
2019-07-22T08:37:16.817-0300: 127372,271: [GC concurrent-root-region-scan-start]
2019-07-22T08:37:16.819-0300: 127372,272: [GC concurrent-root-region-scan-end, 0,0012598 secs]
2019-07-22T08:37:16.819-0300: 127372,272: [GC concurrent-mark-start]
2019-07-22T08:37:16.837-0300: 127372,290: [GC concurrent-mark-end, 0,0183539 secs]
2019-07-22T08:37:16.837-0300: 127372,291: [GC remark 2019-07-22T08:37:16.837-0300: 127372,291: [Finalize Marking, 0,0003465 secs] 2019-07-22T08:37:16.838-0300: 127372,291: [GC ref-proc, 0,0001233 secs] 2019-07-22T08:37:16.838-0300: 127372,291: [Unloading, 0,0124020 secs], 0,0137744 secs]
 [Times: user=0,02 sys=0,00, real=0,01 secs] 
2019-07-22T08:37:16.852-0300: 127372,305: [GC cleanup 149M->149M(256M), 0,0008873 secs]
 [Times: user=0,00 sys=0,00, real=0,00 secs] 
2019-07-22T09:17:34.486-0300: 129789,939: [GC pause (G1 Evacuation Pause) (young), 0,0032913 secs]
   [Parallel Time: 2,3 ms, GC Workers: 4]
      [GC Worker Start (ms): Min: 129789939,5, Avg: 129789940,5, Max: 129789941,5, Diff: 2,0]
      [Ext Root Scanning (ms): Min: 0,0, Avg: 0,3, Max: 0,6, Diff: 0,6, Sum: 1,2]
      [Update RS (ms): Min: 0,0, Avg: 0,1, Max: 0,3, Diff: 0,3, Sum: 0,5]
         [Processed Buffers: Min: 0, Avg: 8,0, Max: 20, Diff: 20, Sum: 32]
      [Scan RS (ms): Min: 0,0, Avg: 0,0, Max: 0,1, Diff: 0,1, Sum: 0,1]
      [Code Root Scanning (ms): Min: 0,0, Avg: 0,0, Max: 0,1, Diff: 0,1, Sum: 0,1]
      [Object Copy (ms): Min: 0,0, Avg: 0,5, Max: 0,9, Diff: 0,9, Sum: 1,8]
      [Termination (ms): Min: 0,0, Avg: 0,1, Max: 0,3, Diff: 0,3, Sum: 0,6]
         [Termination Attempts: Min: 1, Avg: 1,0, Max: 1, Diff: 0, Sum: 4]
      [GC Worker Other (ms): Min: 0,0, Avg: 0,0, Max: 0,1, Diff: 0,0, Sum: 0,1]
      [GC Worker Total (ms): Min: 0,1, Avg: 1,1, Max: 2,1, Diff: 2,1, Sum: 4,5]
      [GC Worker End (ms): Min: 129789941,6, Avg: 129789941,6, Max: 129789941,6, Diff: 0,1]
   [Code Root Fixup: 0,0 ms]
   [Code Root Purge: 0,0 ms]
   [Clear CT: 0,2 ms]
   [Other: 0,8 ms]
      [Choose CSet: 0,0 ms]
      [Ref Proc: 0,4 ms]
      [Ref Enq: 0,0 ms]
      [Redirty Cards: 0,2 ms]
      [Humongous Register: 0,0 ms]
      [Humongous Reclaim: 0,0 ms]
      [Free CSet: 0,0 ms]
   [Eden: 77,0M(77,0M)->0,0B(77,0M) Survivors: 2048,0K->2048,0K Heap: 226,2M(256,0M)->149,0M(256,0M)]
 [Times: user=0,00 sys=0,01, real=0,00 secs] 
2019-07-22T09:56:56.075-0300: 132151,529: [GC pause (G1 Evacuation Pause) (young), 0,0045263 secs]
   [Parallel Time: 3,6 ms, GC Workers: 4]
      [GC Worker Start (ms): Min: 132151528,7, Avg: 132151530,6, Max: 132151532,2, Diff: 3,4]
      [Ext Root Scanning (ms): Min: 0,0, Avg: 0,3, Max: 1,0, Diff: 1,0, Sum: 1,3]
      [Update RS (ms): Min: 0,0, Avg: 0,1, Max: 0,3, Diff: 0,3, Sum: 0,5]
         [Processed Buffers: Min: 0, Avg: 8,0, Max: 19, Diff: 19, Sum: 32]
      [Scan RS (ms): Min: 0,0, Avg: 0,0, Max: 0,1, Diff: 0,1, Sum: 0,2]
      [Code Root Scanning (ms): Min: 0,0, Avg: 0,0, Max: 0,1, Diff: 0,1, Sum: 0,1]
      [Object Copy (ms): Min: 0,0, Avg: 0,4, Max: 0,9, Diff: 0,9, Sum: 1,8]
      [Termination (ms): Min: 0,0, Avg: 0,7, Max: 1,2, Diff: 1,2, Sum: 2,6]
         [Termination Attempts: Min: 1, Avg: 1,0, Max: 1, Diff: 0, Sum: 4]
      [GC Worker Other (ms): Min: 0,0, Avg: 0,0, Max: 0,1, Diff: 0,1, Sum: 0,1]
      [GC Worker Total (ms): Min: 0,1, Avg: 1,7, Max: 3,5, Diff: 3,5, Sum: 6,7]
      [GC Worker End (ms): Min: 132151532,3, Avg: 132151532,3, Max: 132151532,3, Diff: 0,0]
   [Code Root Fixup: 0,0 ms]
   [Code Root Purge: 0,0 ms]
   [Clear CT: 0,2 ms]
   [Other: 0,8 ms]
      [Choose CSet: 0,0 ms]
      [Ref Proc: 0,4 ms]
      [Ref Enq: 0,0 ms]
      [Redirty Cards: 0,2 ms]
      [Humongous Register: 0,0 ms]
      [Humongous Reclaim: 0,0 ms]
      [Free CSet: 0,0 ms]
   [Eden: 77,0M(77,0M)->0,0B(77,0M) Survivors: 2048,0K->2048,0K Heap: 226,0M(256,0M)->149,0M(256,0M)]
 [Times: user=0,01 sys=0,00, real=0,01 secs] 
2019-07-22T10:36:21.814-0300: 134517,267: [GC pause (G1 Evacuation Pause) (young) (initial-mark), 0,0054626 secs]
   [Parallel Time: 3,6 ms, GC Workers: 4]
      [GC Worker Start (ms): Min: 134517267,4, Avg: 134517268,1, Max: 134517268,7, Diff: 1,2]
      [Ext Root Scanning (ms): Min: 1,0, Avg: 1,8, Max: 2,5, Diff: 1,5, Sum: 7,4]
      [Update RS (ms): Min: 0,0, Avg: 0,1, Max: 0,4, Diff: 0,4, Sum: 0,4]
         [Processed Buffers: Min: 0, Avg: 7,8, Max: 31, Diff: 31, Sum: 31]
      [Scan RS (ms): Min: 0,0, Avg: 0,0, Max: 0,1, Diff: 0,1, Sum: 0,2]
      [Code Root Scanning (ms): Min: 0,0, Avg: 0,0, Max: 0,1, Diff: 0,1, Sum: 0,1]
      [Object Copy (ms): Min: 0,0, Avg: 0,5, Max: 0,9, Diff: 0,9, Sum: 2,0]
      [Termination (ms): Min: 0,0, Avg: 0,2, Max: 0,2, Diff: 0,2, Sum: 0,6]
         [Termination Attempts: Min: 1, Avg: 1,2, Max: 2, Diff: 1, Sum: 5]
      [GC Worker Other (ms): Min: 0,0, Avg: 0,0, Max: 0,0, Diff: 0,0, Sum: 0,1]
      [GC Worker Total (ms): Min: 2,1, Avg: 2,7, Max: 3,4, Diff: 1,3, Sum: 10,8]
      [GC Worker End (ms): Min: 134517270,8, Avg: 134517270,8, Max: 134517270,8, Diff: 0,0]
   [Code Root Fixup: 0,0 ms]
   [Code Root Purge: 0,0 ms]
   [Clear CT: 0,1 ms]
   [Other: 1,9 ms]
      [Choose CSet: 0,0 ms]
      [Ref Proc: 1,6 ms]
      [Ref Enq: 0,0 ms]
      [Redirty Cards: 0,0 ms]
      [Humongous Register: 0,0 ms]
      [Humongous Reclaim: 0,0 ms]
      [Free CSet: 0,0 ms]
   [Eden: 77,0M(77,0M)->0,0B(77,0M) Survivors: 2048,0K->2048,0K Heap: 226,0M(256,0M)->149,0M(256,0M)]
 [Times: user=0,00 sys=0,00, real=0,01 secs] 
2019-07-22T10:36:21.820-0300: 134517,273: [GC concurrent-root-region-scan-start]
2019-07-22T10:36:21.821-0300: 134517,274: [GC concurrent-root-region-scan-end, 0,0013377 secs]
2019-07-22T10:36:21.821-0300: 134517,274: [GC concurrent-mark-start]
2019-07-22T10:36:21.839-0300: 134517,292: [GC concurrent-mark-end, 0,0181042 secs]
2019-07-22T10:36:21.839-0300: 134517,293: [GC remark 2019-07-22T10:36:21.839-0300: 134517,293: [Finalize Marking, 0,0004247 secs] 2019-07-22T10:36:21.840-0300: 134517,293: [GC ref-proc, 0,0001432 secs] 2019-07-22T10:36:21.840-0300: 134517,293: [Unloading, 0,0093870 secs], 0,0108431 secs]
 [Times: user=0,00 sys=0,00, real=0,01 secs] 
2019-07-22T10:36:21.851-0300: 134517,304: [GC cleanup 149M->149M(256M), 0,0012054 secs]
 [Times: user=0,00 sys=0,00, real=0,00 secs] 
2019-07-22T11:16:26.369-0300: 136921,822: [GC pause (G1 Evacuation Pause) (young), 0,0051537 secs]
   [Parallel Time: 3,8 ms, GC Workers: 4]
      [GC Worker Start (ms): Min: 136921822,3, Avg: 136921824,9, Max: 136921825,8, Diff: 3,5]
      [Ext Root Scanning (ms): Min: 0,0, Avg: 0,3, Max: 1,1, Diff: 1,1, Sum: 1,2]
      [Update RS (ms): Min: 0,0, Avg: 0,1, Max: 0,4, Diff: 0,4, Sum: 0,4]
         [Processed Buffers: Min: 0, Avg: 7,8, Max: 31, Diff: 31, Sum: 31]
      [Scan RS (ms): Min: 0,0, Avg: 0,0, Max: 0,1, Diff: 0,1, Sum: 0,1]
      [Code Root Scanning (ms): Min: 0,0, Avg: 0,0, Max: 0,1, Diff: 0,1, Sum: 0,1]
      [Object Copy (ms): Min: 0,0, Avg: 0,4, Max: 1,6, Diff: 1,6, Sum: 1,6]
      [Termination (ms): Min: 0,0, Avg: 0,1, Max: 0,3, Diff: 0,3, Sum: 0,5]
         [Termination Attempts: Min: 1, Avg: 1,0, Max: 1, Diff: 0, Sum: 4]
      [GC Worker Other (ms): Min: 0,0, Avg: 0,0, Max: 0,0, Diff: 0,0, Sum: 0,1]
      [GC Worker Total (ms): Min: 0,1, Avg: 1,0, Max: 3,6, Diff: 3,5, Sum: 4,1]
      [GC Worker End (ms): Min: 136921825,9, Avg: 136921825,9, Max: 136921825,9, Diff: 0,0]
   [Code Root Fixup: 0,0 ms]
   [Code Root Purge: 0,0 ms]
   [Clear CT: 0,3 ms]
   [Other: 1,0 ms]
      [Choose CSet: 0,0 ms]
      [Ref Proc: 0,7 ms]
      [Ref Enq: 0,0 ms]
      [Redirty Cards: 0,2 ms]
      [Humongous Register: 0,0 ms]
      [Humongous Reclaim: 0,0 ms]
      [Free CSet: 0,0 ms]
   [Eden: 77,0M(77,0M)->0,0B(79,0M) Survivors: 2048,0K->1024,0K Heap: 226,0M(256,0M)->148,7M(256,0M)]
 [Times: user=0,00 sys=0,01, real=0,00 secs] 
2019-07-22T11:56:56.076-0300: 139351,529: [GC pause (G1 Evacuation Pause) (young), 0,0099005 secs]
   [Parallel Time: 8,9 ms, GC Workers: 4]
      [GC Worker Start (ms): Min: 139351528,9, Avg: 139351532,1, Max: 139351533,4, Diff: 4,5]
      [Ext Root Scanning (ms): Min: 0,0, Avg: 0,3, Max: 1,0, Diff: 1,0, Sum: 1,1]
      [Update RS (ms): Min: 0,0, Avg: 0,1, Max: 0,5, Diff: 0,5, Sum: 0,5]
         [Processed Buffers: Min: 0, Avg: 8,0, Max: 32, Diff: 32, Sum: 32]
      [Scan RS (ms): Min: 0,0, Avg: 0,0, Max: 0,1, Diff: 0,1, Sum: 0,1]
      [Code Root Scanning (ms): Min: 0,0, Avg: 0,0, Max: 0,1, Diff: 0,1, Sum: 0,1]
      [Object Copy (ms): Min: 0,0, Avg: 1,8, Max: 7,0, Diff: 7,0, Sum: 7,3]
      [Termination (ms): Min: 0,0, Avg: 3,3, Max: 4,5, Diff: 4,5, Sum: 13,0]
         [Termination Attempts: Min: 1, Avg: 1,0, Max: 1, Diff: 0, Sum: 4]
      [GC Worker Other (ms): Min: 0,0, Avg: 0,0, Max: 0,0, Diff: 0,0, Sum: 0,1]
      [GC Worker Total (ms): Min: 4,3, Avg: 5,5, Max: 8,7, Diff: 4,4, Sum: 22,2]
      [GC Worker End (ms): Min: 139351537,7, Avg: 139351537,7, Max: 139351537,7, Diff: 0,1]
   [Code Root Fixup: 0,0 ms]
   [Code Root Purge: 0,0 ms]
   [Clear CT: 0,2 ms]
   [Other: 0,8 ms]
      [Choose CSet: 0,0 ms]
      [Ref Proc: 0,4 ms]
      [Ref Enq: 0,0 ms]
      [Redirty Cards: 0,2 ms]
      [Humongous Register: 0,0 ms]
      [Humongous Reclaim: 0,0 ms]
      [Free CSet: 0,0 ms]
   [Eden: 79,0M(79,0M)->0,0B(77,0M) Survivors: 1024,0K->2048,0K Heap: 227,7M(256,0M)->149,0M(256,0M)]
 [Times: user=0,02 sys=0,00, real=0,02 secs] 
2019-07-22T12:36:16.814-0300: 141712,267: [GC pause (G1 Evacuation Pause) (young) (initial-mark), 0,0050009 secs]
   [Parallel Time: 4,0 ms, GC Workers: 4]
      [GC Worker Start (ms): Min: 141712267,4, Avg: 141712268,5, Max: 141712268,9, Diff: 1,6]
      [Ext Root Scanning (ms): Min: 0,1, Avg: 1,4, Max: 2,1, Diff: 2,0, Sum: 5,7]
      [Update RS (ms): Min: 0,0, Avg: 0,1, Max: 0,3, Diff: 0,2, Sum: 0,5]
         [Processed Buffers: Min: 0, Avg: 7,8, Max: 21, Diff: 21, Sum: 31]
      [Scan RS (ms): Min: 0,0, Avg: 0,0, Max: 0,1, Diff: 0,1, Sum: 0,1]
      [Code Root Scanning (ms): Min: 0,0, Avg: 0,0, Max: 0,1, Diff: 0,1, Sum: 0,1]
      [Object Copy (ms): Min: 0,0, Avg: 0,8, Max: 1,6, Diff: 1,6, Sum: 3,1]
      [Termination (ms): Min: 0,3, Avg: 0,3, Max: 0,4, Diff: 0,1, Sum: 1,4]
         [Termination Attempts: Min: 1, Avg: 1,0, Max: 1, Diff: 0, Sum: 4]
      [GC Worker Other (ms): Min: 0,0, Avg: 0,0, Max: 0,0, Diff: 0,0, Sum: 0,1]
      [GC Worker Total (ms): Min: 2,3, Avg: 2,7, Max: 3,9, Diff: 1,5, Sum: 11,0]
      [GC Worker End (ms): Min: 141712271,2, Avg: 141712271,2, Max: 141712271,3, Diff: 0,0]
   [Code Root Fixup: 0,0 ms]
   [Code Root Purge: 0,0 ms]
   [Clear CT: 0,2 ms]
   [Other: 0,8 ms]
      [Choose CSet: 0,0 ms]
      [Ref Proc: 0,5 ms]
      [Ref Enq: 0,0 ms]
      [Redirty Cards: 0,2 ms]
      [Humongous Register: 0,0 ms]
      [Humongous Reclaim: 0,0 ms]
      [Free CSet: 0,0 ms]
   [Eden: 77,0M(77,0M)->0,0B(77,0M) Survivors: 2048,0K->2048,0K Heap: 226,0M(256,0M)->149,0M(256,0M)]
 [Times: user=0,02 sys=0,00, real=0,01 secs] 
2019-07-22T12:36:16.819-0300: 141712,272: [GC concurrent-root-region-scan-start]
2019-07-22T12:36:16.821-0300: 141712,274: [GC concurrent-root-region-scan-end, 0,0016994 secs]
2019-07-22T12:36:16.821-0300: 141712,274: [GC concurrent-mark-start]
2019-07-22T12:36:16.837-0300: 141712,290: [GC concurrent-mark-end, 0,0159467 secs]
2019-07-22T12:36:16.837-0300: 141712,290: [GC remark 2019-07-22T12:36:16.837-0300: 141712,290: [Finalize Marking, 0,0004656 secs] 2019-07-22T12:36:16.838-0300: 141712,291: [GC ref-proc, 0,0001516 secs] 2019-07-22T12:36:16.838-0300: 141712,291: [Unloading, 0,0084836 secs], 0,0101301 secs]
 [Times: user=0,00 sys=0,00, real=0,01 secs] 
2019-07-22T12:36:16.848-0300: 141712,301: [GC cleanup 149M->149M(256M), 0,0014321 secs]
 [Times: user=0,00 sys=0,00, real=0,00 secs] 
2019-07-22T13:16:14.158-0300: 144109,611: [GC pause (G1 Evacuation Pause) (young), 0,0050309 secs]
   [Parallel Time: 3,7 ms, GC Workers: 4]
      [GC Worker Start (ms): Min: 144109611,5, Avg: 144109613,4, Max: 144109614,7, Diff: 3,2]
      [Ext Root Scanning (ms): Min: 0,0, Avg: 0,3, Max: 1,0, Diff: 1,0, Sum: 1,2]
      [Update RS (ms): Min: 0,0, Avg: 0,6, Max: 2,6, Diff: 2,6, Sum: 2,6]
         [Processed Buffers: Min: 0, Avg: 8,0, Max: 29, Diff: 29, Sum: 32]
      [Scan RS (ms): Min: 0,0, Avg: 0,0, Max: 0,1, Diff: 0,1, Sum: 0,1]
      [Code Root Scanning (ms): Min: 0,0, Avg: 0,0, Max: 0,1, Diff: 0,1, Sum: 0,1]
      [Object Copy (ms): Min: 0,1, Avg: 0,6, Max: 1,7, Diff: 1,7, Sum: 2,4]
      [Termination (ms): Min: 0,0, Avg: 0,1, Max: 0,1, Diff: 0,1, Sum: 0,3]
         [Termination Attempts: Min: 1, Avg: 1,0, Max: 1, Diff: 0, Sum: 4]
      [GC Worker Other (ms): Min: 0,0, Avg: 0,0, Max: 0,1, Diff: 0,0, Sum: 0,1]
      [GC Worker Total (ms): Min: 0,4, Avg: 1,7, Max: 3,6, Diff: 3,2, Sum: 6,8]
      [GC Worker End (ms): Min: 144109615,1, Avg: 144109615,1, Max: 144109615,1, Diff: 0,0]
   [Code Root Fixup: 0,0 ms]
   [Code Root Purge: 0,0 ms]
   [Clear CT: 0,4 ms]
   [Other: 1,0 ms]
      [Choose CSet: 0,0 ms]
      [Ref Proc: 0,5 ms]
      [Ref Enq: 0,0 ms]
      [Redirty Cards: 0,3 ms]
      [Humongous Register: 0,0 ms]
      [Humongous Reclaim: 0,0 ms]
      [Free CSet: 0,0 ms]
   [Eden: 77,0M(77,0M)->0,0B(77,0M) Survivors: 2048,0K->2048,0K Heap: 226,0M(256,0M)->149,2M(256,0M)]
 [Times: user=0,01 sys=0,00, real=0,00 secs] 
2019-07-22T13:55:52.572-0300: 146488,025: [GC pause (G1 Evacuation Pause) (young), 0,0104155 secs]
   [Parallel Time: 3,7 ms, GC Workers: 4]
      [GC Worker Start (ms): Min: 146488025,1, Avg: 146488027,6, Max: 146488028,6, Diff: 3,5]
      [Ext Root Scanning (ms): Min: 0,0, Avg: 0,3, Max: 1,0, Diff: 1,0, Sum: 1,1]
      [Update RS (ms): Min: 0,0, Avg: 0,1, Max: 0,4, Diff: 0,4, Sum: 0,5]
         [Processed Buffers: Min: 0, Avg: 8,2, Max: 33, Diff: 33, Sum: 33]
      [Scan RS (ms): Min: 0,0, Avg: 0,0, Max: 0,1, Diff: 0,1, Sum: 0,1]
      [Code Root Scanning (ms): Min: 0,0, Avg: 0,0, Max: 0,1, Diff: 0,1, Sum: 0,1]
      [Object Copy (ms): Min: 0,0, Avg: 0,4, Max: 1,6, Diff: 1,6, Sum: 1,6]
      [Termination (ms): Min: 0,0, Avg: 0,2, Max: 0,4, Diff: 0,4, Sum: 0,9]
         [Termination Attempts: Min: 1, Avg: 1,0, Max: 1, Diff: 0, Sum: 4]
      [GC Worker Other (ms): Min: 0,0, Avg: 0,0, Max: 0,0, Diff: 0,0, Sum: 0,1]
      [GC Worker Total (ms): Min: 0,1, Avg: 1,1, Max: 3,6, Diff: 3,6, Sum: 4,3]
      [GC Worker End (ms): Min: 146488028,7, Avg: 146488028,7, Max: 146488028,7, Diff: 0,1]
   [Code Root Fixup: 0,0 ms]
   [Code Root Purge: 0,0 ms]
   [Clear CT: 0,1 ms]
   [Other: 6,7 ms]
      [Choose CSet: 0,0 ms]
      [Ref Proc: 6,5 ms]
      [Ref Enq: 0,0 ms]
      [Redirty Cards: 0,0 ms]
      [Humongous Register: 0,0 ms]
      [Humongous Reclaim: 0,0 ms]
      [Free CSet: 0,0 ms]
   [Eden: 77,0M(77,0M)->0,0B(79,0M) Survivors: 2048,0K->1024,0K Heap: 226,2M(256,0M)->148,6M(256,0M)]
 [Times: user=0,00 sys=0,00, real=0,01 secs] 
2019-07-22T14:36:17.997-0300: 148913,451: [GC pause (G1 Evacuation Pause) (young) (initial-mark), 0,0066933 secs]
   [Parallel Time: 4,1 ms, GC Workers: 4]
      [GC Worker Start (ms): Min: 148913450,6, Avg: 148913451,7, Max: 148913452,1, Diff: 1,5]
      [Ext Root Scanning (ms): Min: 0,1, Avg: 2,2, Max: 3,7, Diff: 3,6, Sum: 8,7]
      [Update RS (ms): Min: 0,0, Avg: 0,1, Max: 0,4, Diff: 0,4, Sum: 0,4]
         [Processed Buffers: Min: 0, Avg: 8,0, Max: 32, Diff: 32, Sum: 32]
      [Scan RS (ms): Min: 0,0, Avg: 0,0, Max: 0,1, Diff: 0,1, Sum: 0,1]
      [Code Root Scanning (ms): Min: 0,0, Avg: 0,0, Max: 0,1, Diff: 0,1, Sum: 0,1]
      [Object Copy (ms): Min: 0,0, Avg: 0,4, Max: 1,5, Diff: 1,5, Sum: 1,6]
      [Termination (ms): Min: 0,0, Avg: 0,2, Max: 0,3, Diff: 0,3, Sum: 0,6]
         [Termination Attempts: Min: 1, Avg: 1,0, Max: 1, Diff: 0, Sum: 4]
      [GC Worker Other (ms): Min: 0,0, Avg: 0,0, Max: 0,0, Diff: 0,0, Sum: 0,1]
      [GC Worker Total (ms): Min: 2,5, Avg: 2,9, Max: 4,0, Diff: 1,5, Sum: 11,6]
      [GC Worker End (ms): Min: 148913454,6, Avg: 148913454,6, Max: 148913454,6, Diff: 0,0]
   [Code Root Fixup: 0,0 ms]
   [Code Root Purge: 0,0 ms]
   [Clear CT: 0,3 ms]
   [Other: 2,3 ms]
      [Choose CSet: 0,0 ms]
      [Ref Proc: 1,9 ms]
      [Ref Enq: 0,0 ms]
      [Redirty Cards: 0,2 ms]
      [Humongous Register: 0,0 ms]
      [Humongous Reclaim: 0,0 ms]
      [Free CSet: 0,0 ms]
   [Eden: 79,0M(79,0M)->0,0B(77,0M) Survivors: 1024,0K->2048,0K Heap: 227,6M(256,0M)->149,0M(256,0M)]
 [Times: user=0,01 sys=0,00, real=0,00 secs] 
2019-07-22T14:36:18.004-0300: 148913,457: [GC concurrent-root-region-scan-start]
2019-07-22T14:36:18.005-0300: 148913,459: [GC concurrent-root-region-scan-end, 0,0012976 secs]
2019-07-22T14:36:18.005-0300: 148913,459: [GC concurrent-mark-start]
2019-07-22T14:36:18.023-0300: 148913,476: [GC concurrent-mark-end, 0,0174083 secs]
2019-07-22T14:36:18.023-0300: 148913,476: [GC remark 2019-07-22T14:36:18.023-0300: 148913,476: [Finalize Marking, 0,0010363 secs] 2019-07-22T14:36:18.024-0300: 148913,477: [GC ref-proc, 0,0002790 secs] 2019-07-22T14:36:18.025-0300: 148913,478: [Unloading, 0,0058016 secs], 0,0078790 secs]
 [Times: user=0,02 sys=0,00, real=0,01 secs] 
2019-07-22T14:36:18.031-0300: 148913,485: [GC cleanup 149M->149M(256M), 0,0015064 secs]
 [Times: user=0,00 sys=0,00, real=0,00 secs] 
2019-07-22T15:16:20.824-0300: 151316,277: [GC pause (G1 Evacuation Pause) (young), 0,0052476 secs]
   [Parallel Time: 3,6 ms, GC Workers: 4]
      [GC Worker Start (ms): Min: 151316277,4, Avg: 151316279,9, Max: 151316280,9, Diff: 3,5]
      [Ext Root Scanning (ms): Min: 0,0, Avg: 0,3, Max: 1,0, Diff: 1,0, Sum: 1,1]
      [Update RS (ms): Min: 0,0, Avg: 0,1, Max: 0,4, Diff: 0,4, Sum: 0,4]
         [Processed Buffers: Min: 0, Avg: 7,8, Max: 31, Diff: 31, Sum: 31]
      [Scan RS (ms): Min: 0,0, Avg: 0,0, Max: 0,1, Diff: 0,1, Sum: 0,1]
      [Code Root Scanning (ms): Min: 0,0, Avg: 0,0, Max: 0,1, Diff: 0,1, Sum: 0,1]
      [Object Copy (ms): Min: 0,0, Avg: 0,4, Max: 1,6, Diff: 1,6, Sum: 1,6]
      [Termination (ms): Min: 0,0, Avg: 0,2, Max: 0,4, Diff: 0,4, Sum: 0,7]
         [Termination Attempts: Min: 1, Avg: 1,0, Max: 1, Diff: 0, Sum: 4]
      [GC Worker Other (ms): Min: 0,0, Avg: 0,0, Max: 0,0, Diff: 0,0, Sum: 0,1]
      [GC Worker Total (ms): Min: 0,0, Avg: 1,0, Max: 3,5, Diff: 3,5, Sum: 4,0]
      [GC Worker End (ms): Min: 151316280,9, Avg: 151316280,9, Max: 151316280,9, Diff: 0,0]
   [Code Root Fixup: 0,0 ms]
   [Code Root Purge: 0,0 ms]
   [Clear CT: 0,2 ms]
   [Other: 1,5 ms]
      [Choose CSet: 0,0 ms]
      [Ref Proc: 1,1 ms]
      [Ref Enq: 0,0 ms]
      [Redirty Cards: 0,2 ms]
      [Humongous Register: 0,0 ms]
      [Humongous Reclaim: 0,0 ms]
      [Free CSet: 0,0 ms]
   [Eden: 77,0M(77,0M)->0,0B(79,0M) Survivors: 2048,0K->1024,0K Heap: 226,0M(256,0M)->148,7M(256,0M)]
 [Times: user=0,01 sys=0,00, real=0,01 secs] 
2019-07-22T15:56:51.814-0300: 153747,267: [GC pause (G1 Evacuation Pause) (young), 0,0089610 secs]
   [Parallel Time: 3,8 ms, GC Workers: 4]
      [GC Worker Start (ms): Min: 153747267,3, Avg: 153747269,9, Max: 153747270,9, Diff: 3,6]
      [Ext Root Scanning (ms): Min: 0,0, Avg: 0,3, Max: 1,0, Diff: 1,0, Sum: 1,1]
      [Update RS (ms): Min: 0,0, Avg: 0,1, Max: 0,4, Diff: 0,4, Sum: 0,4]
         [Processed Buffers: Min: 0, Avg: 8,2, Max: 33, Diff: 33, Sum: 33]
      [Scan RS (ms): Min: 0,0, Avg: 0,0, Max: 0,2, Diff: 0,2, Sum: 0,2]
      [Code Root Scanning (ms): Min: 0,0, Avg: 0,0, Max: 0,1, Diff: 0,1, Sum: 0,1]
      [Object Copy (ms): Min: 0,0, Avg: 0,4, Max: 1,7, Diff: 1,7, Sum: 1,7]
      [Termination (ms): Min: 0,0, Avg: 0,2, Max: 0,4, Diff: 0,4, Sum: 0,7]
         [Termination Attempts: Min: 1, Avg: 1,0, Max: 1, Diff: 0, Sum: 4]
      [GC Worker Other (ms): Min: 0,0, Avg: 0,0, Max: 0,0, Diff: 0,0, Sum: 0,1]
      [GC Worker Total (ms): Min: 0,1, Avg: 1,1, Max: 3,7, Diff: 3,7, Sum: 4,2]
      [GC Worker End (ms): Min: 153747271,0, Avg: 153747271,0, Max: 153747271,0, Diff: 0,0]
   [Code Root Fixup: 0,0 ms]
   [Code Root Purge: 0,0 ms]
   [Clear CT: 0,1 ms]
   [Other: 5,0 ms]
      [Choose CSet: 0,0 ms]
      [Ref Proc: 4,6 ms]
      [Ref Enq: 0,0 ms]
      [Redirty Cards: 0,3 ms]
      [Humongous Register: 0,0 ms]
      [Humongous Reclaim: 0,0 ms]
      [Free CSet: 0,0 ms]
   [Eden: 79,0M(79,0M)->0,0B(79,0M) Survivors: 1024,0K->1024,0K Heap: 227,7M(256,0M)->148,7M(256,0M)]
 [Times: user=0,01 sys=0,00, real=0,01 secs] 
2019-07-22T16:37:11.815-0300: 156167,269: [GC pause (G1 Evacuation Pause) (young) (initial-mark), 0,0044859 secs]
   [Parallel Time: 2,3 ms, GC Workers: 4]
      [GC Worker Start (ms): Min: 156167268,7, Avg: 156167269,1, Max: 156167269,5, Diff: 0,8]
      [Ext Root Scanning (ms): Min: 0,0, Avg: 1,0, Max: 2,1, Diff: 2,0, Sum: 4,1]
      [Update RS (ms): Min: 0,0, Avg: 0,1, Max: 0,2, Diff: 0,2, Sum: 0,2]
         [Processed Buffers: Min: 0, Avg: 8,0, Max: 28, Diff: 28, Sum: 32]
      [Scan RS (ms): Min: 0,0, Avg: 0,0, Max: 0,1, Diff: 0,1, Sum: 0,1]
      [Code Root Scanning (ms): Min: 0,0, Avg: 0,0, Max: 0,1, Diff: 0,1, Sum: 0,1]
      [Object Copy (ms): Min: 0,0, Avg: 0,4, Max: 0,8, Diff: 0,8, Sum: 1,8]
      [Termination (ms): Min: 0,0, Avg: 0,1, Max: 0,2, Diff: 0,2, Sum: 0,6]
         [Termination Attempts: Min: 1, Avg: 1,2, Max: 2, Diff: 1, Sum: 5]
      [GC Worker Other (ms): Min: 0,0, Avg: 0,0, Max: 0,0, Diff: 0,0, Sum: 0,1]
      [GC Worker Total (ms): Min: 1,4, Avg: 1,8, Max: 2,2, Diff: 0,8, Sum: 7,0]
      [GC Worker End (ms): Min: 156167270,8, Avg: 156167270,8, Max: 156167270,8, Diff: 0,0]
   [Code Root Fixup: 0,0 ms]
   [Code Root Purge: 0,0 ms]
   [Clear CT: 0,2 ms]
   [Other: 2,0 ms]
      [Choose CSet: 0,0 ms]
      [Ref Proc: 0,4 ms]
      [Ref Enq: 0,0 ms]
      [Redirty Cards: 1,4 ms]
      [Humongous Register: 0,0 ms]
      [Humongous Reclaim: 0,0 ms]
      [Free CSet: 0,0 ms]
   [Eden: 79,0M(79,0M)->0,0B(77,0M) Survivors: 1024,0K->2048,0K Heap: 227,7M(256,0M)->149,4M(256,0M)]
 [Times: user=0,01 sys=0,01, real=0,01 secs] 
2019-07-22T16:37:11.820-0300: 156167,273: [GC concurrent-root-region-scan-start]
2019-07-22T16:37:11.822-0300: 156167,275: [GC concurrent-root-region-scan-end, 0,0017194 secs]
2019-07-22T16:37:11.822-0300: 156167,275: [GC concurrent-mark-start]
2019-07-22T16:37:11.839-0300: 156167,292: [GC concurrent-mark-end, 0,0173750 secs]
2019-07-22T16:37:11.840-0300: 156167,293: [GC remark 2019-07-22T16:37:11.840-0300: 156167,293: [Finalize Marking, 0,0003943 secs] 2019-07-22T16:37:11.840-0300: 156167,293: [GC ref-proc, 0,0001437 secs] 2019-07-22T16:37:11.840-0300: 156167,293: [Unloading, 0,0086633 secs], 0,0101324 secs]
 [Times: user=0,00 sys=0,00, real=0,01 secs] 
2019-07-22T16:37:11.850-0300: 156167,303: [GC cleanup 149M->149M(256M), 0,0011515 secs]
 [Times: user=0,00 sys=0,00, real=0,00 secs] 
2019-07-22T17:17:06.814-0300: 158562,267: [GC pause (G1 Evacuation Pause) (young), 0,0047104 secs]
   [Parallel Time: 3,8 ms, GC Workers: 4]
      [GC Worker Start (ms): Min: 158562267,4, Avg: 158562270,0, Max: 158562271,1, Diff: 3,7]
      [Ext Root Scanning (ms): Min: 0,0, Avg: 0,3, Max: 1,0, Diff: 1,0, Sum: 1,2]
      [Update RS (ms): Min: 0,0, Avg: 0,1, Max: 0,5, Diff: 0,5, Sum: 0,5]
         [Processed Buffers: Min: 0, Avg: 8,0, Max: 32, Diff: 32, Sum: 32]
      [Scan RS (ms): Min: 0,0, Avg: 0,0, Max: 0,1, Diff: 0,1, Sum: 0,1]
      [Code Root Scanning (ms): Min: 0,0, Avg: 0,0, Max: 0,1, Diff: 0,1, Sum: 0,1]
      [Object Copy (ms): Min: 0,0, Avg: 0,4, Max: 1,7, Diff: 1,7, Sum: 1,7]
      [Termination (ms): Min: 0,0, Avg: 0,2, Max: 0,3, Diff: 0,3, Sum: 0,7]
         [Termination Attempts: Min: 1, Avg: 1,0, Max: 1, Diff: 0, Sum: 4]
      [GC Worker Other (ms): Min: 0,0, Avg: 0,0, Max: 0,0, Diff: 0,0, Sum: 0,1]
      [GC Worker Total (ms): Min: 0,0, Avg: 1,1, Max: 3,7, Diff: 3,7, Sum: 4,4]
      [GC Worker End (ms): Min: 158562271,1, Avg: 158562271,1, Max: 158562271,1, Diff: 0,0]
   [Code Root Fixup: 0,0 ms]
   [Code Root Purge: 0,0 ms]
   [Clear CT: 0,2 ms]
   [Other: 0,7 ms]
      [Choose CSet: 0,0 ms]
      [Ref Proc: 0,4 ms]
      [Ref Enq: 0,0 ms]
      [Redirty Cards: 0,1 ms]
      [Humongous Register: 0,0 ms]
      [Humongous Reclaim: 0,0 ms]
      [Free CSet: 0,0 ms]
   [Eden: 77,0M(77,0M)->0,0B(79,0M) Survivors: 2048,0K->1024,0K Heap: 226,4M(256,0M)->148,7M(256,0M)]
 [Times: user=0,01 sys=0,00, real=0,01 secs] 
2019-07-22T17:57:51.814-0300: 161007,267: [GC pause (G1 Evacuation Pause) (young), 0,0040961 secs]
   [Parallel Time: 3,2 ms, GC Workers: 4]
      [GC Worker Start (ms): Min: 161007267,2, Avg: 161007269,4, Max: 161007270,4, Diff: 3,1]
      [Ext Root Scanning (ms): Min: 0,0, Avg: 0,3, Max: 1,0, Diff: 1,0, Sum: 1,1]
      [Update RS (ms): Min: 0,0, Avg: 0,1, Max: 0,4, Diff: 0,4, Sum: 0,4]
         [Processed Buffers: Min: 0, Avg: 8,5, Max: 34, Diff: 34, Sum: 34]
      [Scan RS (ms): Min: 0,0, Avg: 0,0, Max: 0,1, Diff: 0,1, Sum: 0,1]
      [Code Root Scanning (ms): Min: 0,0, Avg: 0,0, Max: 0,1, Diff: 0,1, Sum: 0,1]
      [Object Copy (ms): Min: 0,0, Avg: 0,4, Max: 1,3, Diff: 1,3, Sum: 1,8]
      [Termination (ms): Min: 0,0, Avg: 0,2, Max: 0,2, Diff: 0,2, Sum: 0,6]
         [Termination Attempts: Min: 1, Avg: 1,0, Max: 1, Diff: 0, Sum: 4]
      [GC Worker Other (ms): Min: 0,0, Avg: 0,0, Max: 0,0, Diff: 0,0, Sum: 0,1]
      [GC Worker Total (ms): Min: 0,0, Avg: 1,0, Max: 3,2, Diff: 3,2, Sum: 4,2]
      [GC Worker End (ms): Min: 161007270,4, Avg: 161007270,4, Max: 161007270,4, Diff: 0,0]
   [Code Root Fixup: 0,0 ms]
   [Code Root Purge: 0,0 ms]
   [Clear CT: 0,2 ms]
   [Other: 0,6 ms]
      [Choose CSet: 0,0 ms]
      [Ref Proc: 0,3 ms]
      [Ref Enq: 0,0 ms]
      [Redirty Cards: 0,1 ms]
      [Humongous Register: 0,0 ms]
      [Humongous Reclaim: 0,0 ms]
      [Free CSet: 0,0 ms]
   [Eden: 79,0M(79,0M)->0,0B(79,0M) Survivors: 1024,0K->1024,0K Heap: 227,7M(256,0M)->148,8M(256,0M)]
 [Times: user=0,00 sys=0,00, real=0,01 secs] 
2019-07-22T18:38:13.837-0300: 163429,291: [GC pause (G1 Evacuation Pause) (young) (initial-mark), 0,0043488 secs]
   [Parallel Time: 3,5 ms, GC Workers: 4]
      [GC Worker Start (ms): Min: 163429290,7, Avg: 163429291,8, Max: 163429292,2, Diff: 1,5]
      [Ext Root Scanning (ms): Min: 0,0, Avg: 1,7, Max: 2,9, Diff: 2,9, Sum: 6,9]
      [Update RS (ms): Min: 0,0, Avg: 0,1, Max: 0,3, Diff: 0,3, Sum: 0,3]
         [Processed Buffers: Min: 0, Avg: 8,0, Max: 32, Diff: 32, Sum: 32]
      [Scan RS (ms): Min: 0,0, Avg: 0,0, Max: 0,1, Diff: 0,1, Sum: 0,1]
      [Code Root Scanning (ms): Min: 0,0, Avg: 0,0, Max: 0,1, Diff: 0,1, Sum: 0,1]
      [Object Copy (ms): Min: 0,0, Avg: 0,4, Max: 1,2, Diff: 1,2, Sum: 1,7]
      [Termination (ms): Min: 0,0, Avg: 0,1, Max: 0,2, Diff: 0,2, Sum: 0,4]
         [Termination Attempts: Min: 1, Avg: 1,2, Max: 2, Diff: 1, Sum: 5]
      [GC Worker Other (ms): Min: 0,0, Avg: 0,0, Max: 0,0, Diff: 0,0, Sum: 0,1]
      [GC Worker Total (ms): Min: 2,0, Avg: 2,4, Max: 3,5, Diff: 1,5, Sum: 9,5]
      [GC Worker End (ms): Min: 163429294,2, Avg: 163429294,2, Max: 163429294,2, Diff: 0,0]
   [Code Root Fixup: 0,0 ms]
   [Code Root Purge: 0,0 ms]
   [Clear CT: 0,1 ms]
   [Other: 0,7 ms]
      [Choose CSet: 0,0 ms]
      [Ref Proc: 0,4 ms]
      [Ref Enq: 0,0 ms]
      [Redirty Cards: 0,1 ms]
      [Humongous Register: 0,0 ms]
      [Humongous Reclaim: 0,0 ms]
      [Free CSet: 0,0 ms]
   [Eden: 79,0M(79,0M)->0,0B(77,0M) Survivors: 1024,0K->2048,0K Heap: 227,8M(256,0M)->149,0M(256,0M)]
 [Times: user=0,01 sys=0,00, real=0,00 secs] 
2019-07-22T18:38:13.842-0300: 163429,295: [GC concurrent-root-region-scan-start]
2019-07-22T18:38:13.843-0300: 163429,296: [GC concurrent-root-region-scan-end, 0,0012073 secs]
2019-07-22T18:38:13.843-0300: 163429,296: [GC concurrent-mark-start]
2019-07-22T18:38:13.859-0300: 163429,312: [GC concurrent-mark-end, 0,0156171 secs]
2019-07-22T18:38:13.859-0300: 163429,312: [GC remark 2019-07-22T18:38:13.859-0300: 163429,312: [Finalize Marking, 0,0004574 secs] 2019-07-22T18:38:13.860-0300: 163429,313: [GC ref-proc, 0,0001471 secs] 2019-07-22T18:38:13.860-0300: 163429,313: [Unloading, 0,0105695 secs], 0,0120207 secs]
 [Times: user=0,00 sys=0,00, real=0,01 secs] 
2019-07-22T18:38:13.871-0300: 163429,325: [GC cleanup 149M->149M(256M), 0,0011814 secs]
 [Times: user=0,00 sys=0,00, real=0,00 secs] 
2019-07-22T19:18:12.576-0300: 165828,029: [GC pause (G1 Evacuation Pause) (young), 0,0100647 secs]
   [Parallel Time: 9,1 ms, GC Workers: 4]
      [GC Worker Start (ms): Min: 165828029,0, Avg: 165828031,7, Max: 165828033,4, Diff: 4,3]
      [Ext Root Scanning (ms): Min: 0,0, Avg: 0,4, Max: 1,7, Diff: 1,7, Sum: 1,8]
      [Update RS (ms): Min: 0,0, Avg: 1,8, Max: 7,1, Diff: 7,1, Sum: 7,1]
         [Processed Buffers: Min: 0, Avg: 8,2, Max: 29, Diff: 29, Sum: 33]
      [Scan RS (ms): Min: 0,0, Avg: 0,0, Max: 0,1, Diff: 0,1, Sum: 0,1]
      [Code Root Scanning (ms): Min: 0,0, Avg: 0,0, Max: 0,1, Diff: 0,1, Sum: 0,1]
      [Object Copy (ms): Min: 0,0, Avg: 0,4, Max: 1,7, Diff: 1,7, Sum: 1,7]
      [Termination (ms): Min: 0,0, Avg: 3,5, Max: 4,7, Diff: 4,7, Sum: 13,9]
         [Termination Attempts: Min: 1, Avg: 1,0, Max: 1, Diff: 0, Sum: 4]
      [GC Worker Other (ms): Min: 0,0, Avg: 0,0, Max: 0,0, Diff: 0,0, Sum: 0,1]
      [GC Worker Total (ms): Min: 4,6, Avg: 6,2, Max: 8,9, Diff: 4,3, Sum: 24,8]
      [GC Worker End (ms): Min: 165828037,9, Avg: 165828037,9, Max: 165828038,0, Diff: 0,0]
   [Code Root Fixup: 0,0 ms]
   [Code Root Purge: 0,0 ms]
   [Clear CT: 0,2 ms]
   [Other: 0,8 ms]
      [Choose CSet: 0,0 ms]
      [Ref Proc: 0,4 ms]
      [Ref Enq: 0,0 ms]
      [Redirty Cards: 0,2 ms]
      [Humongous Register: 0,0 ms]
      [Humongous Reclaim: 0,0 ms]
      [Free CSet: 0,0 ms]
   [Eden: 77,0M(77,0M)->0,0B(77,0M) Survivors: 2048,0K->2048,0K Heap: 226,0M(256,0M)->149,0M(256,0M)]
 [Times: user=0,01 sys=0,00, real=0,02 secs] 
2019-07-22T19:57:41.814-0300: 168197,267: [GC pause (G1 Evacuation Pause) (young), 0,0050052 secs]
   [Parallel Time: 4,2 ms, GC Workers: 4]
      [GC Worker Start (ms): Min: 168197267,4, Avg: 168197268,6, Max: 168197270,9, Diff: 3,5]
      [Ext Root Scanning (ms): Min: 0,0, Avg: 1,9, Max: 3,9, Diff: 3,9, Sum: 7,8]
      [Update RS (ms): Min: 0,0, Avg: 0,1, Max: 0,4, Diff: 0,4, Sum: 0,4]
         [Processed Buffers: Min: 0, Avg: 8,0, Max: 32, Diff: 32, Sum: 32]
      [Scan RS (ms): Min: 0,0, Avg: 0,0, Max: 0,1, Diff: 0,1, Sum: 0,1]
      [Code Root Scanning (ms): Min: 0,0, Avg: 0,0, Max: 0,1, Diff: 0,1, Sum: 0,1]
      [Object Copy (ms): Min: 0,0, Avg: 0,5, Max: 1,9, Diff: 1,9, Sum: 2,0]
      [Termination (ms): Min: 0,0, Avg: 0,3, Max: 0,6, Diff: 0,6, Sum: 1,4]
         [Termination Attempts: Min: 1, Avg: 1,0, Max: 1, Diff: 0, Sum: 4]
      [GC Worker Other (ms): Min: 0,0, Avg: 0,0, Max: 0,0, Diff: 0,0, Sum: 0,1]
      [GC Worker Total (ms): Min: 0,6, Avg: 3,0, Max: 4,1, Diff: 3,5, Sum: 11,8]
      [GC Worker End (ms): Min: 168197271,5, Avg: 168197271,5, Max: 168197271,5, Diff: 0,0]
   [Code Root Fixup: 0,0 ms]
   [Code Root Purge: 0,0 ms]
   [Clear CT: 0,2 ms]
   [Other: 0,6 ms]
      [Choose CSet: 0,0 ms]
      [Ref Proc: 0,4 ms]
      [Ref Enq: 0,0 ms]
      [Redirty Cards: 0,0 ms]
      [Humongous Register: 0,0 ms]
      [Humongous Reclaim: 0,0 ms]
      [Free CSet: 0,0 ms]
   [Eden: 77,0M(77,0M)->0,0B(77,0M) Survivors: 2048,0K->2048,0K Heap: 226,0M(256,0M)->149,2M(256,0M)]
 [Times: user=0,01 sys=0,00, real=0,01 secs] 
2019-07-22T20:37:38.882-0300: 170594,335: [GC pause (G1 Evacuation Pause) (young) (initial-mark), 0,0045837 secs]
   [Parallel Time: 3,6 ms, GC Workers: 4]
      [GC Worker Start (ms): Min: 170594335,0, Avg: 170594336,0, Max: 170594336,4, Diff: 1,4]
      [Ext Root Scanning (ms): Min: 0,0, Avg: 1,7, Max: 2,6, Diff: 2,6, Sum: 6,9]
      [Update RS (ms): Min: 0,0, Avg: 0,1, Max: 0,4, Diff: 0,4, Sum: 0,4]
         [Processed Buffers: Min: 0, Avg: 8,0, Max: 32, Diff: 32, Sum: 32]
      [Scan RS (ms): Min: 0,0, Avg: 0,0, Max: 0,1, Diff: 0,1, Sum: 0,1]
      [Code Root Scanning (ms): Min: 0,0, Avg: 0,0, Max: 0,1, Diff: 0,1, Sum: 0,1]
      [Object Copy (ms): Min: 0,0, Avg: 0,5, Max: 1,3, Diff: 1,3, Sum: 2,0]
      [Termination (ms): Min: 0,0, Avg: 0,1, Max: 0,2, Diff: 0,2, Sum: 0,5]
         [Termination Attempts: Min: 1, Avg: 1,2, Max: 2, Diff: 1, Sum: 5]
      [GC Worker Other (ms): Min: 0,0, Avg: 0,0, Max: 0,0, Diff: 0,0, Sum: 0,1]
      [GC Worker Total (ms): Min: 2,1, Avg: 2,5, Max: 3,6, Diff: 1,4, Sum: 10,0]
      [GC Worker End (ms): Min: 170594338,5, Avg: 170594338,5, Max: 170594338,5, Diff: 0,0]
   [Code Root Fixup: 0,0 ms]
   [Code Root Purge: 0,0 ms]
   [Clear CT: 0,2 ms]
   [Other: 0,8 ms]
      [Choose CSet: 0,0 ms]
      [Ref Proc: 0,4 ms]
      [Ref Enq: 0,0 ms]
      [Redirty Cards: 0,2 ms]
      [Humongous Register: 0,0 ms]
      [Humongous Reclaim: 0,0 ms]
      [Free CSet: 0,0 ms]
   [Eden: 77,0M(77,0M)->0,0B(79,0M) Survivors: 2048,0K->1024,0K Heap: 226,2M(256,0M)->148,8M(256,0M)]
 [Times: user=0,00 sys=0,00, real=0,01 secs] 
2019-07-22T20:37:38.886-0300: 170594,340: [GC concurrent-root-region-scan-start]
2019-07-22T20:37:38.888-0300: 170594,341: [GC concurrent-root-region-scan-end, 0,0013908 secs]
2019-07-22T20:37:38.888-0300: 170594,341: [GC concurrent-mark-start]
2019-07-22T20:37:38.906-0300: 170594,359: [GC concurrent-mark-end, 0,0180961 secs]
2019-07-22T20:37:38.906-0300: 170594,359: [GC remark 2019-07-22T20:37:38.906-0300: 170594,359: [Finalize Marking, 0,0040456 secs] 2019-07-22T20:37:38.910-0300: 170594,364: [GC ref-proc, 0,0001264 secs] 2019-07-22T20:37:38.910-0300: 170594,364: [Unloading, 0,0087754 secs], 0,0139578 secs]
 [Times: user=0,01 sys=0,00, real=0,01 secs] 
2019-07-22T20:37:38.921-0300: 170594,374: [GC cleanup 148M->148M(256M), 0,0011300 secs]
 [Times: user=0,00 sys=0,00, real=0,00 secs] 
2019-07-22T21:18:09.939-0300: 173025,393: [GC pause (G1 Evacuation Pause) (young), 0,0040096 secs]
   [Parallel Time: 2,8 ms, GC Workers: 4]
      [GC Worker Start (ms): Min: 173025392,8, Avg: 173025394,3, Max: 173025395,4, Diff: 2,5]
      [Ext Root Scanning (ms): Min: 0,0, Avg: 0,3, Max: 1,0, Diff: 1,0, Sum: 1,1]
      [Update RS (ms): Min: 0,0, Avg: 0,1, Max: 0,3, Diff: 0,3, Sum: 0,5]
         [Processed Buffers: Min: 0, Avg: 8,8, Max: 21, Diff: 21, Sum: 35]
      [Scan RS (ms): Min: 0,0, Avg: 0,0, Max: 0,1, Diff: 0,1, Sum: 0,2]
      [Code Root Scanning (ms): Min: 0,0, Avg: 0,0, Max: 0,1, Diff: 0,1, Sum: 0,1]
      [Object Copy (ms): Min: 0,0, Avg: 0,5, Max: 1,0, Diff: 1,0, Sum: 2,0]
      [Termination (ms): Min: 0,0, Avg: 0,1, Max: 0,2, Diff: 0,2, Sum: 0,5]
         [Termination Attempts: Min: 1, Avg: 1,0, Max: 1, Diff: 0, Sum: 4]
      [GC Worker Other (ms): Min: 0,0, Avg: 0,0, Max: 0,0, Diff: 0,0, Sum: 0,1]
      [GC Worker Total (ms): Min: 0,1, Avg: 1,1, Max: 2,6, Diff: 2,6, Sum: 4,5]
      [GC Worker End (ms): Min: 173025395,4, Avg: 173025395,4, Max: 173025395,4, Diff: 0,0]
   [Code Root Fixup: 0,0 ms]
   [Code Root Purge: 0,0 ms]
   [Clear CT: 0,3 ms]
   [Other: 0,9 ms]
      [Choose CSet: 0,0 ms]
      [Ref Proc: 0,5 ms]
      [Ref Enq: 0,0 ms]
      [Redirty Cards: 0,3 ms]
      [Humongous Register: 0,0 ms]
      [Humongous Reclaim: 0,0 ms]
      [Free CSet: 0,0 ms]
   [Eden: 79,0M(79,0M)->0,0B(79,0M) Survivors: 1024,0K->1024,0K Heap: 227,8M(256,0M)->148,8M(256,0M)]
 [Times: user=0,01 sys=0,00, real=0,00 secs] 
2019-07-22T21:58:46.818-0300: 175462,271: [GC pause (G1 Evacuation Pause) (young), 0,0063222 secs]
   [Parallel Time: 4,0 ms, GC Workers: 4]
      [GC Worker Start (ms): Min: 175462271,5, Avg: 175462274,2, Max: 175462275,3, Diff: 3,7]
      [Ext Root Scanning (ms): Min: 0,0, Avg: 0,3, Max: 1,1, Diff: 1,1, Sum: 1,2]
      [Update RS (ms): Min: 0,0, Avg: 0,1, Max: 0,5, Diff: 0,5, Sum: 0,5]
         [Processed Buffers: Min: 0, Avg: 8,2, Max: 33, Diff: 33, Sum: 33]
      [Scan RS (ms): Min: 0,0, Avg: 0,0, Max: 0,1, Diff: 0,1, Sum: 0,1]
      [Code Root Scanning (ms): Min: 0,0, Avg: 0,0, Max: 0,1, Diff: 0,1, Sum: 0,1]
      [Object Copy (ms): Min: 0,0, Avg: 0,5, Max: 1,7, Diff: 1,7, Sum: 2,1]
      [Termination (ms): Min: 0,0, Avg: 0,2, Max: 0,3, Diff: 0,3, Sum: 0,6]
         [Termination Attempts: Min: 1, Avg: 1,0, Max: 1, Diff: 0, Sum: 4]
      [GC Worker Other (ms): Min: 0,0, Avg: 0,0, Max: 0,0, Diff: 0,0, Sum: 0,1]
      [GC Worker Total (ms): Min: 0,1, Avg: 1,2, Max: 3,8, Diff: 3,7, Sum: 4,7]
      [GC Worker End (ms): Min: 175462275,3, Avg: 175462275,3, Max: 175462275,4, Diff: 0,0]
   [Code Root Fixup: 0,0 ms]
   [Code Root Purge: 0,0 ms]
   [Clear CT: 0,3 ms]
   [Other: 2,0 ms]
      [Choose CSet: 0,0 ms]
      [Ref Proc: 1,5 ms]
      [Ref Enq: 0,0 ms]
      [Redirty Cards: 0,3 ms]
      [Humongous Register: 0,0 ms]
      [Humongous Reclaim: 0,0 ms]
      [Free CSet: 0,0 ms]
   [Eden: 79,0M(79,0M)->0,0B(77,0M) Survivors: 1024,0K->2048,0K Heap: 227,8M(256,0M)->149,0M(256,0M)]
 [Times: user=0,00 sys=0,00, real=0,01 secs] 
2019-07-22T22:38:47.070-0300: 177862,523: [GC pause (G1 Evacuation Pause) (young) (initial-mark), 0,0048373 secs]
   [Parallel Time: 3,8 ms, GC Workers: 4]
      [GC Worker Start (ms): Min: 177862523,1, Avg: 177862524,2, Max: 177862524,6, Diff: 1,5]
      [Ext Root Scanning (ms): Min: 0,0, Avg: 1,7, Max: 2,5, Diff: 2,5, Sum: 6,8]
      [Update RS (ms): Min: 0,0, Avg: 0,1, Max: 0,5, Diff: 0,5, Sum: 0,5]
         [Processed Buffers: Min: 0, Avg: 8,0, Max: 32, Diff: 32, Sum: 32]
      [Scan RS (ms): Min: 0,0, Avg: 0,0, Max: 0,1, Diff: 0,1, Sum: 0,1]
      [Code Root Scanning (ms): Min: 0,0, Avg: 0,0, Max: 0,1, Diff: 0,1, Sum: 0,1]
      [Object Copy (ms): Min: 0,0, Avg: 0,5, Max: 1,2, Diff: 1,2, Sum: 2,1]
      [Termination (ms): Min: 0,0, Avg: 0,1, Max: 0,2, Diff: 0,2, Sum: 0,5]
         [Termination Attempts: Min: 1, Avg: 1,2, Max: 2, Diff: 1, Sum: 5]
      [GC Worker Other (ms): Min: 0,0, Avg: 0,0, Max: 0,0, Diff: 0,0, Sum: 0,1]
      [GC Worker Total (ms): Min: 2,1, Avg: 2,5, Max: 3,6, Diff: 1,5, Sum: 10,1]
      [GC Worker End (ms): Min: 177862526,7, Avg: 177862526,8, Max: 177862526,8, Diff: 0,0]
   [Code Root Fixup: 0,0 ms]
   [Code Root Purge: 0,0 ms]
   [Clear CT: 0,3 ms]
   [Other: 0,7 ms]
      [Choose CSet: 0,0 ms]
      [Ref Proc: 0,4 ms]
      [Ref Enq: 0,0 ms]
      [Redirty Cards: 0,1 ms]
      [Humongous Register: 0,0 ms]
      [Humongous Reclaim: 0,0 ms]
      [Free CSet: 0,0 ms]
   [Eden: 77,0M(77,0M)->0,0B(79,0M) Survivors: 2048,0K->1024,0K Heap: 226,0M(256,0M)->148,8M(256,0M)]
 [Times: user=0,00 sys=0,00, real=0,00 secs] 
2019-07-22T22:38:47.075-0300: 177862,528: [GC concurrent-root-region-scan-start]
2019-07-22T22:38:47.076-0300: 177862,529: [GC concurrent-root-region-scan-end, 0,0012935 secs]
2019-07-22T22:38:47.076-0300: 177862,529: [GC concurrent-mark-start]
2019-07-22T22:38:47.093-0300: 177862,547: [GC concurrent-mark-end, 0,0172822 secs]
2019-07-22T22:38:47.094-0300: 177862,547: [GC remark 2019-07-22T22:38:47.094-0300: 177862,547: [Finalize Marking, 0,0003057 secs] 2019-07-22T22:38:47.094-0300: 177862,547: [GC ref-proc, 0,0001517 secs] 2019-07-22T22:38:47.094-0300: 177862,548: [Unloading, 0,0048248 secs], 0,0054178 secs]
 [Times: user=0,02 sys=0,00, real=0,01 secs] 
2019-07-22T22:38:47.099-0300: 177862,552: [GC cleanup 148M->148M(256M), 0,0038462 secs]
 [Times: user=0,00 sys=0,00, real=0,00 secs] 
2019-07-22T23:19:22.321-0300: 180297,775: [GC pause (G1 Evacuation Pause) (young), 0,0146397 secs]
   [Parallel Time: 6,7 ms, GC Workers: 4]
      [GC Worker Start (ms): Min: 180297774,7, Avg: 180297777,8, Max: 180297778,9, Diff: 4,2]
      [Ext Root Scanning (ms): Min: 0,0, Avg: 0,3, Max: 1,2, Diff: 1,1, Sum: 1,2]
      [Update RS (ms): Min: 0,0, Avg: 0,1, Max: 0,4, Diff: 0,4, Sum: 0,4]
         [Processed Buffers: Min: 0, Avg: 8,2, Max: 33, Diff: 33, Sum: 33]
      [Scan RS (ms): Min: 0,0, Avg: 0,0, Max: 0,1, Diff: 0,1, Sum: 0,1]
      [Code Root Scanning (ms): Min: 0,0, Avg: 0,0, Max: 0,1, Diff: 0,1, Sum: 0,1]
      [Object Copy (ms): Min: 0,0, Avg: 1,2, Max: 4,9, Diff: 4,9, Sum: 5,0]
      [Termination (ms): Min: 0,0, Avg: 1,8, Max: 2,5, Diff: 2,5, Sum: 7,3]
         [Termination Attempts: Min: 1, Avg: 1,0, Max: 1, Diff: 0, Sum: 4]
      [GC Worker Other (ms): Min: 0,0, Avg: 0,0, Max: 0,0, Diff: 0,0, Sum: 0,1]
      [GC Worker Total (ms): Min: 2,4, Avg: 3,5, Max: 6,6, Diff: 4,2, Sum: 14,2]
      [GC Worker End (ms): Min: 180297781,3, Avg: 180297781,3, Max: 180297781,3, Diff: 0,0]
   [Code Root Fixup: 0,0 ms]
   [Code Root Purge: 0,0 ms]
   [Clear CT: 0,4 ms]
   [Other: 7,5 ms]
      [Choose CSet: 0,0 ms]
      [Ref Proc: 7,2 ms]
      [Ref Enq: 0,0 ms]
      [Redirty Cards: 0,1 ms]
      [Humongous Register: 0,0 ms]
      [Humongous Reclaim: 0,0 ms]
      [Free CSet: 0,0 ms]
   [Eden: 79,0M(79,0M)->0,0B(77,0M) Survivors: 1024,0K->2048,0K Heap: 227,8M(256,0M)->149,2M(256,0M)]
 [Times: user=0,01 sys=0,00, real=0,01 secs] 
2019-07-22T23:58:56.075-0300: 182671,528: [GC pause (G1 Evacuation Pause) (young), 0,0037591 secs]
   [Parallel Time: 2,6 ms, GC Workers: 4]
      [GC Worker Start (ms): Min: 182671528,4, Avg: 182671529,7, Max: 182671530,9, Diff: 2,4]
      [Ext Root Scanning (ms): Min: 0,0, Avg: 0,3, Max: 1,0, Diff: 1,0, Sum: 1,1]
      [Update RS (ms): Min: 0,0, Avg: 0,1, Max: 0,4, Diff: 0,4, Sum: 0,6]
         [Processed Buffers: Min: 0, Avg: 9,0, Max: 22, Diff: 22, Sum: 36]
      [Scan RS (ms): Min: 0,0, Avg: 0,0, Max: 0,1, Diff: 0,1, Sum: 0,2]
      [Code Root Scanning (ms): Min: 0,0, Avg: 0,0, Max: 0,1, Diff: 0,1, Sum: 0,1]
      [Object Copy (ms): Min: 0,0, Avg: 0,6, Max: 0,8, Diff: 0,8, Sum: 2,4]
      [Termination (ms): Min: 0,0, Avg: 0,1, Max: 0,2, Diff: 0,2, Sum: 0,5]
         [Termination Attempts: Min: 1, Avg: 1,0, Max: 1, Diff: 0, Sum: 4]
      [GC Worker Other (ms): Min: 0,0, Avg: 0,0, Max: 0,0, Diff: 0,0, Sum: 0,1]
      [GC Worker Total (ms): Min: 0,1, Avg: 1,3, Max: 2,5, Diff: 2,5, Sum: 5,0]
      [GC Worker End (ms): Min: 182671530,9, Avg: 182671530,9, Max: 182671531,0, Diff: 0,0]
   [Code Root Fixup: 0,0 ms]
   [Code Root Purge: 0,0 ms]
   [Clear CT: 0,3 ms]
   [Other: 0,9 ms]
      [Choose CSet: 0,0 ms]
      [Ref Proc: 0,4 ms]
      [Ref Enq: 0,0 ms]
      [Redirty Cards: 0,3 ms]
      [Humongous Register: 0,0 ms]
      [Humongous Reclaim: 0,0 ms]
      [Free CSet: 0,0 ms]
   [Eden: 77,0M(77,0M)->0,0B(79,0M) Survivors: 2048,0K->1024,0K Heap: 226,2M(256,0M)->148,8M(256,0M)]
 [Times: user=0,01 sys=0,00, real=0,01 secs] 
2019-07-23T00:39:27.465-0300: 185102,918: [GC pause (G1 Evacuation Pause) (young) (initial-mark), 0,0077372 secs]
   [Parallel Time: 3,7 ms, GC Workers: 4]
      [GC Worker Start (ms): Min: 185102918,5, Avg: 185102919,6, Max: 185102920,0, Diff: 1,5]
      [Ext Root Scanning (ms): Min: 0,0, Avg: 1,9, Max: 3,2, Diff: 3,1, Sum: 7,4]
      [Update RS (ms): Min: 0,0, Avg: 0,1, Max: 0,4, Diff: 0,4, Sum: 0,4]
         [Processed Buffers: Min: 0, Avg: 8,8, Max: 35, Diff: 35, Sum: 35]
      [Scan RS (ms): Min: 0,0, Avg: 0,0, Max: 0,1, Diff: 0,1, Sum: 0,1]
      [Code Root Scanning (ms): Min: 0,0, Avg: 0,0, Max: 0,1, Diff: 0,1, Sum: 0,1]
      [Object Copy (ms): Min: 0,0, Avg: 0,4, Max: 1,3, Diff: 1,3, Sum: 1,5]
      [Termination (ms): Min: 0,0, Avg: 0,1, Max: 0,2, Diff: 0,2, Sum: 0,5]
         [Termination Attempts: Min: 1, Avg: 1,0, Max: 1, Diff: 0, Sum: 4]
      [GC Worker Other (ms): Min: 0,0, Avg: 0,0, Max: 0,0, Diff: 0,0, Sum: 0,1]
      [GC Worker Total (ms): Min: 2,1, Avg: 2,5, Max: 3,6, Diff: 1,5, Sum: 10,1]
      [GC Worker End (ms): Min: 185102922,1, Avg: 185102922,1, Max: 185102922,1, Diff: 0,0]
   [Code Root Fixup: 0,0 ms]
   [Code Root Purge: 0,0 ms]
   [Clear CT: 0,1 ms]
   [Other: 4,0 ms]
      [Choose CSet: 0,0 ms]
      [Ref Proc: 3,7 ms]
      [Ref Enq: 0,0 ms]
      [Redirty Cards: 0,0 ms]
      [Humongous Register: 0,0 ms]
      [Humongous Reclaim: 0,0 ms]
      [Free CSet: 0,0 ms]
   [Eden: 79,0M(79,0M)->0,0B(79,0M) Survivors: 1024,0K->1024,0K Heap: 227,8M(256,0M)->148,8M(256,0M)]
 [Times: user=0,00 sys=0,01, real=0,00 secs] 
2019-07-23T00:39:27.473-0300: 185102,926: [GC concurrent-root-region-scan-start]
2019-07-23T00:39:27.474-0300: 185102,928: [GC concurrent-root-region-scan-end, 0,0013576 secs]
2019-07-23T00:39:27.474-0300: 185102,928: [GC concurrent-mark-start]
2019-07-23T00:39:27.492-0300: 185102,945: [GC concurrent-mark-end, 0,0175648 secs]
2019-07-23T00:39:27.492-0300: 185102,946: [GC remark 2019-07-23T00:39:27.492-0300: 185102,946: [Finalize Marking, 0,0003366 secs] 2019-07-23T00:39:27.493-0300: 185102,946: [GC ref-proc, 0,0001318 secs] 2019-07-23T00:39:27.493-0300: 185102,946: [Unloading, 0,0103554 secs], 0,0116287 secs]
 [Times: user=0,00 sys=0,00, real=0,01 secs] 
2019-07-23T00:39:27.504-0300: 185102,958: [GC cleanup 149M->149M(256M), 0,0013266 secs]
 [Times: user=0,00 sys=0,00, real=0,00 secs] 
2019-07-23T01:20:26.817-0300: 187562,270: [GC pause (G1 Evacuation Pause) (young), 0,0046217 secs]
   [Parallel Time: 2,4 ms, GC Workers: 4]
      [GC Worker Start (ms): Min: 187562270,0, Avg: 187562271,0, Max: 187562272,1, Diff: 2,2]
      [Ext Root Scanning (ms): Min: 0,0, Avg: 0,3, Max: 0,7, Diff: 0,6, Sum: 1,3]
      [Update RS (ms): Min: 0,0, Avg: 0,1, Max: 0,3, Diff: 0,3, Sum: 0,5]
         [Processed Buffers: Min: 0, Avg: 7,8, Max: 29, Diff: 29, Sum: 31]
      [Scan RS (ms): Min: 0,0, Avg: 0,0, Max: 0,1, Diff: 0,1, Sum: 0,2]
      [Code Root Scanning (ms): Min: 0,0, Avg: 0,0, Max: 0,1, Diff: 0,1, Sum: 0,1]
      [Object Copy (ms): Min: 0,0, Avg: 0,5, Max: 0,9, Diff: 0,9, Sum: 1,8]
      [Termination (ms): Min: 0,0, Avg: 0,2, Max: 0,3, Diff: 0,3, Sum: 0,7]
         [Termination Attempts: Min: 1, Avg: 1,0, Max: 1, Diff: 0, Sum: 4]
      [GC Worker Other (ms): Min: 0,0, Avg: 0,0, Max: 0,0, Diff: 0,0, Sum: 0,1]
      [GC Worker Total (ms): Min: 0,1, Avg: 1,2, Max: 2,2, Diff: 2,2, Sum: 4,7]
      [GC Worker End (ms): Min: 187562272,2, Avg: 187562272,2, Max: 187562272,2, Diff: 0,0]
   [Code Root Fixup: 0,0 ms]
   [Code Root Purge: 0,0 ms]
   [Clear CT: 0,2 ms]
   [Other: 2,0 ms]
      [Choose CSet: 0,0 ms]
      [Ref Proc: 1,6 ms]
      [Ref Enq: 0,0 ms]
      [Redirty Cards: 0,2 ms]
      [Humongous Register: 0,0 ms]
      [Humongous Reclaim: 0,0 ms]
      [Free CSet: 0,0 ms]
   [Eden: 79,0M(79,0M)->0,0B(79,0M) Survivors: 1024,0K->1024,0K Heap: 227,8M(256,0M)->148,7M(256,0M)]
 [Times: user=0,01 sys=0,00, real=0,00 secs] 
2019-07-23T02:00:56.076-0300: 189991,529: [GC pause (G1 Evacuation Pause) (young), 0,0050279 secs]
   [Parallel Time: 3,7 ms, GC Workers: 4]
      [GC Worker Start (ms): Min: 189991529,6, Avg: 189991531,7, Max: 189991533,0, Diff: 3,4]
      [Ext Root Scanning (ms): Min: 0,0, Avg: 0,3, Max: 1,1, Diff: 1,0, Sum: 1,2]
      [Update RS (ms): Min: 0,0, Avg: 0,1, Max: 0,5, Diff: 0,5, Sum: 0,5]
         [Processed Buffers: Min: 0, Avg: 8,2, Max: 33, Diff: 33, Sum: 33]
      [Scan RS (ms): Min: 0,0, Avg: 0,0, Max: 0,1, Diff: 0,1, Sum: 0,2]
      [Code Root Scanning (ms): Min: 0,0, Avg: 0,0, Max: 0,1, Diff: 0,1, Sum: 0,1]
      [Object Copy (ms): Min: 0,0, Avg: 0,7, Max: 1,4, Diff: 1,4, Sum: 2,7]
      [Termination (ms): Min: 0,0, Avg: 0,2, Max: 0,4, Diff: 0,4, Sum: 0,8]
         [Termination Attempts: Min: 1, Avg: 1,0, Max: 1, Diff: 0, Sum: 4]
      [GC Worker Other (ms): Min: 0,0, Avg: 0,0, Max: 0,1, Diff: 0,0, Sum: 0,2]
      [GC Worker Total (ms): Min: 0,1, Avg: 1,4, Max: 3,5, Diff: 3,4, Sum: 5,6]
      [GC Worker End (ms): Min: 189991533,1, Avg: 189991533,1, Max: 189991533,1, Diff: 0,0]
   [Code Root Fixup: 0,0 ms]
   [Code Root Purge: 0,0 ms]
   [Clear CT: 0,3 ms]
   [Other: 1,0 ms]
      [Choose CSet: 0,0 ms]
      [Ref Proc: 0,6 ms]
      [Ref Enq: 0,0 ms]
      [Redirty Cards: 0,2 ms]
      [Humongous Register: 0,0 ms]
      [Humongous Reclaim: 0,0 ms]
      [Free CSet: 0,0 ms]
   [Eden: 79,0M(79,0M)->0,0B(77,0M) Survivors: 1024,0K->2048,0K Heap: 227,7M(256,0M)->149,1M(256,0M)]
 [Times: user=0,01 sys=0,00, real=0,01 secs] 
2019-07-23T02:40:56.075-0300: 192391,528: [GC pause (G1 Evacuation Pause) (young) (initial-mark), 0,0062551 secs]
   [Parallel Time: 3,1 ms, GC Workers: 4]
      [GC Worker Start (ms): Min: 192391528,6, Avg: 192391529,5, Max: 192391530,0, Diff: 1,4]
      [Ext Root Scanning (ms): Min: 0,1, Avg: 1,2, Max: 1,7, Diff: 1,7, Sum: 4,7]
      [Update RS (ms): Min: 0,0, Avg: 0,1, Max: 0,3, Diff: 0,3, Sum: 0,5]
         [Processed Buffers: Min: 0, Avg: 8,2, Max: 23, Diff: 23, Sum: 33]
      [Scan RS (ms): Min: 0,0, Avg: 0,0, Max: 0,1, Diff: 0,1, Sum: 0,1]
      [Code Root Scanning (ms): Min: 0,0, Avg: 0,0, Max: 0,1, Diff: 0,1, Sum: 0,1]
      [Object Copy (ms): Min: 0,0, Avg: 0,5, Max: 1,0, Diff: 1,0, Sum: 2,0]
      [Termination (ms): Min: 0,0, Avg: 0,1, Max: 0,2, Diff: 0,2, Sum: 0,5]
         [Termination Attempts: Min: 1, Avg: 1,0, Max: 1, Diff: 0, Sum: 4]
      [GC Worker Other (ms): Min: 0,0, Avg: 0,0, Max: 0,0, Diff: 0,0, Sum: 0,1]
      [GC Worker Total (ms): Min: 1,6, Avg: 2,0, Max: 3,0, Diff: 1,4, Sum: 8,0]
      [GC Worker End (ms): Min: 192391531,5, Avg: 192391531,5, Max: 192391531,6, Diff: 0,0]
   [Code Root Fixup: 0,0 ms]
   [Code Root Purge: 0,0 ms]
   [Clear CT: 0,4 ms]
   [Other: 2,8 ms]
      [Choose CSet: 0,0 ms]
      [Ref Proc: 2,3 ms]
      [Ref Enq: 0,0 ms]
      [Redirty Cards: 0,3 ms]
      [Humongous Register: 0,0 ms]
      [Humongous Reclaim: 0,0 ms]
      [Free CSet: 0,0 ms]
   [Eden: 77,0M(77,0M)->0,0B(77,0M) Survivors: 2048,0K->2048,0K Heap: 226,1M(256,0M)->149,1M(256,0M)]
 [Times: user=0,01 sys=0,00, real=0,01 secs] 
2019-07-23T02:40:56.082-0300: 192391,535: [GC concurrent-root-region-scan-start]
2019-07-23T02:40:56.083-0300: 192391,536: [GC concurrent-root-region-scan-end, 0,0014711 secs]
2019-07-23T02:40:56.083-0300: 192391,536: [GC concurrent-mark-start]
2019-07-23T02:40:56.099-0300: 192391,553: [GC concurrent-mark-end, 0,0163193 secs]
2019-07-23T02:40:56.100-0300: 192391,553: [GC remark 2019-07-23T02:40:56.100-0300: 192391,553: [Finalize Marking, 0,0002625 secs] 2019-07-23T02:40:56.100-0300: 192391,553: [GC ref-proc, 0,0001317 secs] 2019-07-23T02:40:56.100-0300: 192391,553: [Unloading, 0,0056636 secs], 0,0068939 secs]
 [Times: user=0,03 sys=0,00, real=0,01 secs] 
2019-07-23T02:40:56.107-0300: 192391,560: [GC cleanup 149M->149M(256M), 0,0010196 secs]
 [Times: user=0,00 sys=0,00, real=0,00 secs] 
2019-07-23T03:20:29.965-0300: 194765,418: [GC pause (G1 Evacuation Pause) (young), 0,0124707 secs]
   [Parallel Time: 3,9 ms, GC Workers: 4]
      [GC Worker Start (ms): Min: 194765418,1, Avg: 194765420,7, Max: 194765421,7, Diff: 3,6]
      [Ext Root Scanning (ms): Min: 0,0, Avg: 0,3, Max: 1,0, Diff: 1,0, Sum: 1,1]
      [Update RS (ms): Min: 0,0, Avg: 0,1, Max: 0,4, Diff: 0,4, Sum: 0,4]
         [Processed Buffers: Min: 0, Avg: 8,0, Max: 32, Diff: 32, Sum: 32]
      [Scan RS (ms): Min: 0,0, Avg: 0,0, Max: 0,1, Diff: 0,1, Sum: 0,1]
      [Code Root Scanning (ms): Min: 0,0, Avg: 0,0, Max: 0,1, Diff: 0,1, Sum: 0,1]
      [Object Copy (ms): Min: 0,0, Avg: 0,4, Max: 1,7, Diff: 1,7, Sum: 1,7]
      [Termination (ms): Min: 0,0, Avg: 0,2, Max: 0,4, Diff: 0,4, Sum: 0,8]
         [Termination Attempts: Min: 1, Avg: 1,0, Max: 1, Diff: 0, Sum: 4]
      [GC Worker Other (ms): Min: 0,0, Avg: 0,0, Max: 0,0, Diff: 0,0, Sum: 0,1]
      [GC Worker Total (ms): Min: 0,1, Avg: 1,1, Max: 3,8, Diff: 3,7, Sum: 4,3]
      [GC Worker End (ms): Min: 194765421,8, Avg: 194765421,8, Max: 194765421,9, Diff: 0,1]
   [Code Root Fixup: 0,0 ms]
   [Code Root Purge: 0,0 ms]
   [Clear CT: 0,3 ms]
   [Other: 8,3 ms]
      [Choose CSet: 0,0 ms]
      [Ref Proc: 7,5 ms]
      [Ref Enq: 0,0 ms]
      [Redirty Cards: 0,6 ms]
      [Humongous Register: 0,0 ms]
      [Humongous Reclaim: 0,0 ms]
      [Free CSet: 0,0 ms]
   [Eden: 77,0M(77,0M)->0,0B(79,0M) Survivors: 2048,0K->1024,0K Heap: 226,1M(256,0M)->148,8M(256,0M)]
 [Times: user=0,02 sys=0,00, real=0,01 secs] 
2019-07-23T04:01:01.814-0300: 197197,267: [GC pause (G1 Evacuation Pause) (young), 0,0051781 secs]
   [Parallel Time: 4,0 ms, GC Workers: 4]
      [GC Worker Start (ms): Min: 197197267,2, Avg: 197197270,0, Max: 197197271,1, Diff: 3,8]
      [Ext Root Scanning (ms): Min: 0,0, Avg: 0,3, Max: 1,0, Diff: 1,0, Sum: 1,1]
      [Update RS (ms): Min: 0,0, Avg: 0,1, Max: 0,4, Diff: 0,4, Sum: 0,5]
         [Processed Buffers: Min: 0, Avg: 7,8, Max: 31, Diff: 31, Sum: 31]
      [Scan RS (ms): Min: 0,0, Avg: 0,0, Max: 0,1, Diff: 0,1, Sum: 0,1]
      [Code Root Scanning (ms): Min: 0,0, Avg: 0,0, Max: 0,1, Diff: 0,1, Sum: 0,1]
      [Object Copy (ms): Min: 0,0, Avg: 0,5, Max: 1,9, Diff: 1,9, Sum: 2,0]
      [Termination (ms): Min: 0,0, Avg: 0,2, Max: 0,3, Diff: 0,3, Sum: 0,7]
         [Termination Attempts: Min: 1, Avg: 1,0, Max: 1, Diff: 0, Sum: 4]
      [GC Worker Other (ms): Min: 0,0, Avg: 0,0, Max: 0,0, Diff: 0,0, Sum: 0,1]
      [GC Worker Total (ms): Min: 0,0, Avg: 1,1, Max: 3,9, Diff: 3,8, Sum: 4,5]
      [GC Worker End (ms): Min: 197197271,1, Avg: 197197271,1, Max: 197197271,1, Diff: 0,0]
   [Code Root Fixup: 0,0 ms]
   [Code Root Purge: 0,0 ms]
   [Clear CT: 0,2 ms]
   [Other: 0,9 ms]
      [Choose CSet: 0,0 ms]
      [Ref Proc: 0,5 ms]
      [Ref Enq: 0,0 ms]
      [Redirty Cards: 0,2 ms]
      [Humongous Register: 0,0 ms]
      [Humongous Reclaim: 0,0 ms]
      [Free CSet: 0,0 ms]
   [Eden: 79,0M(79,0M)->0,0B(77,0M) Survivors: 1024,0K->2048,0K Heap: 227,8M(256,0M)->149,1M(256,0M)]
 [Times: user=0,01 sys=0,00, real=0,01 secs] 
2019-07-23T04:40:56.075-0300: 199591,528: [GC pause (G1 Evacuation Pause) (young) (initial-mark), 0,0044389 secs]
   [Parallel Time: 3,2 ms, GC Workers: 4]
      [GC Worker Start (ms): Min: 199591528,3, Avg: 199591529,5, Max: 199591530,0, Diff: 1,7]
      [Ext Root Scanning (ms): Min: 0,0, Avg: 1,2, Max: 1,7, Diff: 1,6, Sum: 4,7]
      [Update RS (ms): Min: 0,0, Avg: 0,1, Max: 0,3, Diff: 0,3, Sum: 0,5]
         [Processed Buffers: Min: 0, Avg: 8,5, Max: 24, Diff: 24, Sum: 34]
      [Scan RS (ms): Min: 0,0, Avg: 0,0, Max: 0,1, Diff: 0,1, Sum: 0,1]
      [Code Root Scanning (ms): Min: 0,0, Avg: 0,0, Max: 0,1, Diff: 0,1, Sum: 0,1]
      [Object Copy (ms): Min: 0,0, Avg: 0,5, Max: 1,0, Diff: 1,0, Sum: 2,0]
      [Termination (ms): Min: 0,0, Avg: 0,1, Max: 0,2, Diff: 0,2, Sum: 0,4]
         [Termination Attempts: Min: 1, Avg: 1,0, Max: 1, Diff: 0, Sum: 4]
      [GC Worker Other (ms): Min: 0,0, Avg: 0,0, Max: 0,0, Diff: 0,0, Sum: 0,1]
      [GC Worker Total (ms): Min: 1,5, Avg: 2,0, Max: 3,2, Diff: 1,7, Sum: 7,8]
      [GC Worker End (ms): Min: 199591531,5, Avg: 199591531,5, Max: 199591531,5, Diff: 0,0]
   [Code Root Fixup: 0,0 ms]
   [Code Root Purge: 0,0 ms]
   [Clear CT: 0,3 ms]
   [Other: 0,9 ms]
      [Choose CSet: 0,0 ms]
      [Ref Proc: 0,5 ms]
      [Ref Enq: 0,0 ms]
      [Redirty Cards: 0,2 ms]
      [Humongous Register: 0,0 ms]
      [Humongous Reclaim: 0,0 ms]
      [Free CSet: 0,0 ms]
   [Eden: 77,0M(77,0M)->0,0B(79,0M) Survivors: 2048,0K->1024,0K Heap: 226,1M(256,0M)->148,8M(256,0M)]
 [Times: user=0,01 sys=0,00, real=0,01 secs] 
2019-07-23T04:40:56.080-0300: 199591,533: [GC concurrent-root-region-scan-start]
2019-07-23T04:40:56.081-0300: 199591,534: [GC concurrent-root-region-scan-end, 0,0014797 secs]
2019-07-23T04:40:56.081-0300: 199591,534: [GC concurrent-mark-start]
2019-07-23T04:40:56.100-0300: 199591,553: [GC concurrent-mark-end, 0,0184808 secs]
2019-07-23T04:40:56.100-0300: 199591,553: [GC remark 2019-07-23T04:40:56.100-0300: 199591,553: [Finalize Marking, 0,0003821 secs] 2019-07-23T04:40:56.100-0300: 199591,554: [GC ref-proc, 0,0001711 secs] 2019-07-23T04:40:56.101-0300: 199591,554: [Unloading, 0,0055817 secs], 0,0073014 secs]
 [Times: user=0,00 sys=0,00, real=0,01 secs] 
2019-07-23T04:40:56.108-0300: 199591,561: [GC cleanup 148M->148M(256M), 0,0017855 secs]
 [Times: user=0,02 sys=0,00, real=0,00 secs] 
2019-07-23T05:21:36.815-0300: 202032,268: [GC pause (G1 Evacuation Pause) (young), 0,0034665 secs]
   [Parallel Time: 2,6 ms, GC Workers: 4]
      [GC Worker Start (ms): Min: 202032268,2, Avg: 202032269,6, Max: 202032270,6, Diff: 2,5]
      [Ext Root Scanning (ms): Min: 0,0, Avg: 0,2, Max: 0,8, Diff: 0,8, Sum: 0,9]
      [Update RS (ms): Min: 0,0, Avg: 0,1, Max: 0,4, Diff: 0,4, Sum: 0,4]
         [Processed Buffers: Min: 0, Avg: 8,2, Max: 33, Diff: 33, Sum: 33]
      [Scan RS (ms): Min: 0,0, Avg: 0,0, Max: 0,1, Diff: 0,1, Sum: 0,1]
      [Code Root Scanning (ms): Min: 0,0, Avg: 0,0, Max: 0,1, Diff: 0,1, Sum: 0,1]
      [Object Copy (ms): Min: 0,0, Avg: 0,6, Max: 0,9, Diff: 0,9, Sum: 2,5]
      [Termination (ms): Min: 0,0, Avg: 0,1, Max: 0,2, Diff: 0,2, Sum: 0,5]
         [Termination Attempts: Min: 1, Avg: 1,0, Max: 1, Diff: 0, Sum: 4]
      [GC Worker Other (ms): Min: 0,0, Avg: 0,0, Max: 0,0, Diff: 0,0, Sum: 0,1]
      [GC Worker Total (ms): Min: 0,1, Avg: 1,2, Max: 2,5, Diff: 2,5, Sum: 4,6]
      [GC Worker End (ms): Min: 202032270,7, Avg: 202032270,7, Max: 202032270,7, Diff: 0,0]
   [Code Root Fixup: 0,0 ms]
   [Code Root Purge: 0,0 ms]
   [Clear CT: 0,2 ms]
   [Other: 0,6 ms]
      [Choose CSet: 0,0 ms]
      [Ref Proc: 0,4 ms]
      [Ref Enq: 0,0 ms]
      [Redirty Cards: 0,0 ms]
      [Humongous Register: 0,0 ms]
      [Humongous Reclaim: 0,0 ms]
      [Free CSet: 0,0 ms]
   [Eden: 79,0M(79,0M)->0,0B(77,0M) Survivors: 1024,0K->2048,0K Heap: 227,8M(256,0M)->149,3M(256,0M)]
 [Times: user=0,00 sys=0,00, real=0,01 secs] 
2019-07-23T06:01:06.815-0300: 204402,268: [GC pause (G1 Evacuation Pause) (young), 0,0036565 secs]
   [Parallel Time: 2,6 ms, GC Workers: 4]
      [GC Worker Start (ms): Min: 204402268,1, Avg: 204402269,7, Max: 204402270,5, Diff: 2,4]
      [Ext Root Scanning (ms): Min: 0,0, Avg: 0,3, Max: 1,0, Diff: 1,0, Sum: 1,1]
      [Update RS (ms): Min: 0,0, Avg: 0,1, Max: 0,5, Diff: 0,5, Sum: 0,6]
         [Processed Buffers: Min: 0, Avg: 8,8, Max: 33, Diff: 33, Sum: 35]
      [Scan RS (ms): Min: 0,0, Avg: 0,0, Max: 0,1, Diff: 0,1, Sum: 0,2]
      [Code Root Scanning (ms): Min: 0,0, Avg: 0,0, Max: 0,1, Diff: 0,1, Sum: 0,1]
      [Object Copy (ms): Min: 0,0, Avg: 0,2, Max: 0,5, Diff: 0,5, Sum: 0,9]
      [Termination (ms): Min: 0,0, Avg: 0,2, Max: 0,3, Diff: 0,3, Sum: 0,7]
         [Termination Attempts: Min: 1, Avg: 1,0, Max: 1, Diff: 0, Sum: 4]
      [GC Worker Other (ms): Min: 0,0, Avg: 0,0, Max: 0,0, Diff: 0,0, Sum: 0,1]
      [GC Worker Total (ms): Min: 0,1, Avg: 0,9, Max: 2,5, Diff: 2,4, Sum: 3,6]
      [GC Worker End (ms): Min: 204402270,5, Avg: 204402270,6, Max: 204402270,6, Diff: 0,0]
   [Code Root Fixup: 0,0 ms]
   [Code Root Purge: 0,0 ms]
   [Clear CT: 0,1 ms]
   [Other: 0,9 ms]
      [Choose CSet: 0,0 ms]
      [Ref Proc: 0,4 ms]
      [Ref Enq: 0,0 ms]
      [Redirty Cards: 0,3 ms]
      [Humongous Register: 0,0 ms]
      [Humongous Reclaim: 0,0 ms]
      [Free CSet: 0,0 ms]
   [Eden: 77,0M(77,0M)->0,0B(79,0M) Survivors: 2048,0K->1024,0K Heap: 226,3M(256,0M)->148,8M(256,0M)]
 [Times: user=0,01 sys=0,00, real=0,01 secs] 
2019-07-23T06:41:57.255-0300: 206852,709: [GC pause (G1 Evacuation Pause) (young) (initial-mark), 0,0019557 secs]
   [Parallel Time: 1,9 ms, GC Workers: 4]
      [GC Worker Start (ms): Min: 206852708,7, Avg: 206852709,2, Max: 206852709,8, Diff: 1,0]
      [Ext Root Scanning (ms): Min: 0,2, Avg: 0,8, Max: 1,1, Diff: 0,9, Sum: 3,2]
      [Update RS (ms): Min: 0,0, Avg: 0,2, Max: 0,2, Diff: 0,2, Sum: 0,6]
         [Processed Buffers: Min: 0, Avg: 8,0, Max: 24, Diff: 24, Sum: 32]
      [Scan RS (ms): Min: 0,0, Avg: 0,0, Max: 0,1, Diff: 0,1, Sum: 0,2]
      [Code Root Scanning (ms): Min: 0,0, Avg: 0,0, Max: 0,1, Diff: 0,1, Sum: 0,1]
      [Object Copy (ms): Min: 0,0, Avg: 0,3, Max: 0,5, Diff: 0,5, Sum: 1,2]
      [Termination (ms): Min: 0,0, Avg: 0,0, Max: 0,0, Diff: 0,0, Sum: 0,0]
         [Termination Attempts: Min: 1, Avg: 1,0, Max: 1, Diff: 0, Sum: 4]
      [GC Worker Other (ms): Min: 0,0, Avg: 0,0, Max: 0,0, Diff: 0,0, Sum: 0,1]
      [GC Worker Total (ms): Min: 0,8, Avg: 1,3, Max: 1,8, Diff: 1,0, Sum: 5,3]
      [GC Worker End (ms): Min: 206852710,6, Avg: 206852710,6, Max: 206852710,6, Diff: 0,0]
   [Code Root Fixup: 0,0 ms]
   [Code Root Purge: 0,0 ms]
   [Clear CT: 0,0 ms]
   [Other: 0,1 ms]
      [Choose CSet: 0,0 ms]
      [Ref Proc: 0,0 ms]
      [Ref Enq: 0,0 ms]
      [Redirty Cards: 0,0 ms]
      [Humongous Register: 0,0 ms]
      [Humongous Reclaim: 0,0 ms]
      [Free CSet: 0,0 ms]
   [Eden: 79,0M(79,0M)->0,0B(77,0M) Survivors: 1024,0K->2048,0K Heap: 227,8M(256,0M)->149,1M(256,0M)]
 [Times: user=0,01 sys=0,00, real=0,01 secs] 
2019-07-23T06:41:57.257-0300: 206852,711: [GC concurrent-root-region-scan-start]
2019-07-23T06:41:57.263-0300: 206852,716: [GC concurrent-root-region-scan-end, 0,0051934 secs]
2019-07-23T06:41:57.263-0300: 206852,716: [GC concurrent-mark-start]
2019-07-23T06:41:57.280-0300: 206852,733: [GC concurrent-mark-end, 0,0176830 secs]
2019-07-23T06:41:57.281-0300: 206852,734: [GC remark 2019-07-23T06:41:57.281-0300: 206852,734: [Finalize Marking, 0,0003343 secs] 2019-07-23T06:41:57.281-0300: 206852,734: [GC ref-proc, 0,0001299 secs] 2019-07-23T06:41:57.281-0300: 206852,734: [Unloading, 0,0037321 secs], 0,0051843 secs]
 [Times: user=0,04 sys=0,00, real=0,01 secs] 
2019-07-23T06:41:57.286-0300: 206852,740: [GC cleanup 149M->149M(256M), 0,0013358 secs]
 [Times: user=0,00 sys=0,00, real=0,00 secs] 
2019-07-23T07:21:36.814-0300: 209232,268: [GC pause (G1 Evacuation Pause) (young), 0,0035202 secs]
   [Parallel Time: 2,3 ms, GC Workers: 4]
      [GC Worker Start (ms): Min: 209232267,8, Avg: 209232268,9, Max: 209232270,0, Diff: 2,2]
      [Ext Root Scanning (ms): Min: 0,0, Avg: 0,3, Max: 0,6, Diff: 0,6, Sum: 1,2]
      [Update RS (ms): Min: 0,0, Avg: 0,1, Max: 0,3, Diff: 0,3, Sum: 0,5]
         [Processed Buffers: Min: 0, Avg: 8,0, Max: 24, Diff: 24, Sum: 32]
      [Scan RS (ms): Min: 0,0, Avg: 0,0, Max: 0,1, Diff: 0,1, Sum: 0,1]
      [Code Root Scanning (ms): Min: 0,0, Avg: 0,0, Max: 0,1, Diff: 0,1, Sum: 0,1]
      [Object Copy (ms): Min: 0,0, Avg: 0,6, Max: 1,1, Diff: 1,1, Sum: 2,3]
      [Termination (ms): Min: 0,0, Avg: 0,1, Max: 0,1, Diff: 0,1, Sum: 0,4]
         [Termination Attempts: Min: 1, Avg: 1,0, Max: 1, Diff: 0, Sum: 4]
      [GC Worker Other (ms): Min: 0,0, Avg: 0,0, Max: 0,0, Diff: 0,0, Sum: 0,1]
      [GC Worker Total (ms): Min: 0,1, Avg: 1,2, Max: 2,2, Diff: 2,2, Sum: 4,7]
      [GC Worker End (ms): Min: 209232270,0, Avg: 209232270,0, Max: 209232270,0, Diff: 0,0]
   [Code Root Fixup: 0,0 ms]
   [Code Root Purge: 0,0 ms]
   [Clear CT: 0,4 ms]
   [Other: 0,9 ms]
      [Choose CSet: 0,0 ms]
      [Ref Proc: 0,4 ms]
      [Ref Enq: 0,0 ms]
      [Redirty Cards: 0,2 ms]
      [Humongous Register: 0,0 ms]
      [Humongous Reclaim: 0,0 ms]
      [Free CSet: 0,0 ms]
   [Eden: 77,0M(77,0M)->0,0B(77,0M) Survivors: 2048,0K->2048,0K Heap: 226,1M(256,0M)->149,1M(256,0M)]
 [Times: user=0,01 sys=0,00, real=0,01 secs] 
2019-07-23T08:01:09.407-0300: 211604,861: [GC pause (G1 Evacuation Pause) (young), 0,0089965 secs]
   [Parallel Time: 2,7 ms, GC Workers: 4]
      [GC Worker Start (ms): Min: 211604860,7, Avg: 211604862,2, Max: 211604863,3, Diff: 2,6]
      [Ext Root Scanning (ms): Min: 0,0, Avg: 0,3, Max: 1,0, Diff: 1,0, Sum: 1,2]
      [Update RS (ms): Min: 0,0, Avg: 0,1, Max: 0,3, Diff: 0,3, Sum: 0,5]
         [Processed Buffers: Min: 0, Avg: 8,2, Max: 19, Diff: 19, Sum: 33]
      [Scan RS (ms): Min: 0,0, Avg: 0,0, Max: 0,1, Diff: 0,1, Sum: 0,1]
      [Code Root Scanning (ms): Min: 0,0, Avg: 0,0, Max: 0,1, Diff: 0,1, Sum: 0,1]
      [Object Copy (ms): Min: 0,0, Avg: 0,5, Max: 1,0, Diff: 1,0, Sum: 2,0]
      [Termination (ms): Min: 0,0, Avg: 0,2, Max: 0,3, Diff: 0,3, Sum: 0,7]
         [Termination Attempts: Min: 1, Avg: 1,0, Max: 1, Diff: 0, Sum: 4]
      [GC Worker Other (ms): Min: 0,0, Avg: 0,0, Max: 0,0, Diff: 0,0, Sum: 0,1]
      [GC Worker Total (ms): Min: 0,1, Avg: 1,2, Max: 2,6, Diff: 2,6, Sum: 4,7]
      [GC Worker End (ms): Min: 211604863,4, Avg: 211604863,4, Max: 211604863,4, Diff: 0,1]
   [Code Root Fixup: 0,0 ms]
   [Code Root Purge: 0,0 ms]
   [Clear CT: 0,2 ms]
   [Other: 6,0 ms]
      [Choose CSet: 0,0 ms]
      [Ref Proc: 5,6 ms]
      [Ref Enq: 0,0 ms]
      [Redirty Cards: 0,2 ms]
      [Humongous Register: 0,0 ms]
      [Humongous Reclaim: 0,0 ms]
      [Free CSet: 0,0 ms]
   [Eden: 77,0M(77,0M)->0,0B(79,0M) Survivors: 2048,0K->1024,0K Heap: 226,1M(256,0M)->148,8M(256,0M)]
 [Times: user=0,01 sys=0,01, real=0,01 secs] 
2019-07-23T08:42:10.204-0300: 214065,657: [GC pause (G1 Evacuation Pause) (young) (initial-mark), 0,0051299 secs]
   [Parallel Time: 4,4 ms, GC Workers: 4]
      [GC Worker Start (ms): Min: 214065656,9, Avg: 214065658,0, Max: 214065658,4, Diff: 1,4]
      [Ext Root Scanning (ms): Min: 0,0, Avg: 2,5, Max: 4,0, Diff: 4,0, Sum: 9,9]
      [Update RS (ms): Min: 0,0, Avg: 0,1, Max: 0,4, Diff: 0,4, Sum: 0,4]
         [Processed Buffers: Min: 0, Avg: 8,5, Max: 34, Diff: 34, Sum: 34]
      [Scan RS (ms): Min: 0,0, Avg: 0,0, Max: 0,1, Diff: 0,1, Sum: 0,1]
      [Code Root Scanning (ms): Min: 0,0, Avg: 0,0, Max: 0,1, Diff: 0,1, Sum: 0,1]
      [Object Copy (ms): Min: 0,0, Avg: 0,3, Max: 1,1, Diff: 1,1, Sum: 1,2]
      [Termination (ms): Min: 0,0, Avg: 0,4, Max: 1,1, Diff: 1,1, Sum: 1,4]
         [Termination Attempts: Min: 1, Avg: 1,0, Max: 1, Diff: 0, Sum: 4]
      [GC Worker Other (ms): Min: 0,0, Avg: 0,0, Max: 0,1, Diff: 0,1, Sum: 0,2]
      [GC Worker Total (ms): Min: 2,9, Avg: 3,3, Max: 4,3, Diff: 1,4, Sum: 13,3]
      [GC Worker End (ms): Min: 214065661,3, Avg: 214065661,3, Max: 214065661,3, Diff: 0,1]
   [Code Root Fixup: 0,0 ms]
   [Code Root Purge: 0,0 ms]
   [Clear CT: 0,1 ms]
   [Other: 0,7 ms]
      [Choose CSet: 0,0 ms]
      [Ref Proc: 0,5 ms]
      [Ref Enq: 0,0 ms]
      [Redirty Cards: 0,0 ms]
      [Humongous Register: 0,0 ms]
      [Humongous Reclaim: 0,0 ms]
      [Free CSet: 0,0 ms]
   [Eden: 79,0M(79,0M)->0,0B(77,0M) Survivors: 1024,0K->2048,0K Heap: 227,8M(256,0M)->149,1M(256,0M)]
 [Times: user=0,01 sys=0,00, real=0,01 secs] 
2019-07-23T08:42:10.209-0300: 214065,662: [GC concurrent-root-region-scan-start]
2019-07-23T08:42:10.210-0300: 214065,663: [GC concurrent-root-region-scan-end, 0,0010355 secs]
2019-07-23T08:42:10.210-0300: 214065,663: [GC concurrent-mark-start]
2019-07-23T08:42:10.227-0300: 214065,680: [GC concurrent-mark-end, 0,0170153 secs]
2019-07-23T08:42:10.227-0300: 214065,681: [GC remark 2019-07-23T08:42:10.227-0300: 214065,681: [Finalize Marking, 0,0004600 secs] 2019-07-23T08:42:10.228-0300: 214065,681: [GC ref-proc, 0,0000426 secs] 2019-07-23T08:42:10.228-0300: 214065,681: [Unloading, 0,0078152 secs], 0,0091858 secs]
 [Times: user=0,02 sys=0,00, real=0,01 secs] 
2019-07-23T08:42:10.237-0300: 214065,690: [GC cleanup 149M->149M(256M), 0,0011664 secs]
 [Times: user=0,00 sys=0,00, real=0,00 secs] 
2019-07-23T09:21:46.814-0300: 216442,267: [GC pause (G1 Evacuation Pause) (young), 0,0046180 secs]
   [Parallel Time: 3,6 ms, GC Workers: 4]
      [GC Worker Start (ms): Min: 216442267,5, Avg: 216442268,0, Max: 216442268,2, Diff: 0,8]
      [Ext Root Scanning (ms): Min: 0,6, Avg: 2,1, Max: 3,4, Diff: 2,9, Sum: 8,3]
      [Update RS (ms): Min: 0,0, Avg: 0,1, Max: 0,5, Diff: 0,5, Sum: 0,6]
         [Processed Buffers: Min: 0, Avg: 8,2, Max: 33, Diff: 33, Sum: 33]
      [Scan RS (ms): Min: 0,0, Avg: 0,0, Max: 0,1, Diff: 0,1, Sum: 0,1]
      [Code Root Scanning (ms): Min: 0,0, Avg: 0,0, Max: 0,1, Diff: 0,1, Sum: 0,1]
      [Object Copy (ms): Min: 0,0, Avg: 0,6, Max: 1,3, Diff: 1,3, Sum: 2,5]
      [Termination (ms): Min: 0,0, Avg: 0,1, Max: 0,1, Diff: 0,1, Sum: 0,3]
         [Termination Attempts: Min: 1, Avg: 1,0, Max: 1, Diff: 0, Sum: 4]
      [GC Worker Other (ms): Min: 0,0, Avg: 0,0, Max: 0,0, Diff: 0,0, Sum: 0,1]
      [GC Worker Total (ms): Min: 2,8, Avg: 3,0, Max: 3,5, Diff: 0,8, Sum: 11,9]
      [GC Worker End (ms): Min: 216442271,0, Avg: 216442271,0, Max: 216442271,0, Diff: 0,0]
   [Code Root Fixup: 0,0 ms]
   [Code Root Purge: 0,0 ms]
   [Clear CT: 0,2 ms]
   [Other: 0,8 ms]
      [Choose CSet: 0,0 ms]
      [Ref Proc: 0,3 ms]
      [Ref Enq: 0,0 ms]
      [Redirty Cards: 0,3 ms]
      [Humongous Register: 0,0 ms]
      [Humongous Reclaim: 0,0 ms]
      [Free CSet: 0,0 ms]
   [Eden: 77,0M(77,0M)->0,0B(77,0M) Survivors: 2048,0K->2048,0K Heap: 226,1M(256,0M)->149,1M(256,0M)]
 [Times: user=0,00 sys=0,01, real=0,01 secs] 
2019-07-23T10:01:11.814-0300: 218807,267: [GC pause (G1 Evacuation Pause) (young), 0,0054584 secs]
   [Parallel Time: 3,9 ms, GC Workers: 4]
      [GC Worker Start (ms): Min: 218807267,3, Avg: 218807270,0, Max: 218807271,1, Diff: 3,7]
      [Ext Root Scanning (ms): Min: 0,0, Avg: 0,3, Max: 1,0, Diff: 1,0, Sum: 1,1]
      [Update RS (ms): Min: 0,0, Avg: 0,1, Max: 0,4, Diff: 0,4, Sum: 0,4]
         [Processed Buffers: Min: 0, Avg: 8,2, Max: 33, Diff: 33, Sum: 33]
      [Scan RS (ms): Min: 0,0, Avg: 0,0, Max: 0,1, Diff: 0,1, Sum: 0,1]
      [Code Root Scanning (ms): Min: 0,0, Avg: 0,0, Max: 0,1, Diff: 0,1, Sum: 0,1]
      [Object Copy (ms): Min: 0,0, Avg: 0,5, Max: 1,9, Diff: 1,9, Sum: 2,1]
      [Termination (ms): Min: 0,0, Avg: 0,2, Max: 0,3, Diff: 0,3, Sum: 0,6]
         [Termination Attempts: Min: 1, Avg: 1,0, Max: 1, Diff: 0, Sum: 4]
      [GC Worker Other (ms): Min: 0,0, Avg: 0,0, Max: 0,0, Diff: 0,0, Sum: 0,1]
      [GC Worker Total (ms): Min: 0,0, Avg: 1,1, Max: 3,8, Diff: 3,7, Sum: 4,6]
      [GC Worker End (ms): Min: 218807271,1, Avg: 218807271,1, Max: 218807271,1, Diff: 0,0]
   [Code Root Fixup: 0,0 ms]
   [Code Root Purge: 0,0 ms]
   [Clear CT: 0,1 ms]
   [Other: 1,4 ms]
      [Choose CSet: 0,0 ms]
      [Ref Proc: 1,0 ms]
      [Ref Enq: 0,0 ms]
      [Redirty Cards: 0,2 ms]
      [Humongous Register: 0,0 ms]
      [Humongous Reclaim: 0,0 ms]
      [Free CSet: 0,0 ms]
   [Eden: 77,0M(77,0M)->0,0B(79,0M) Survivors: 2048,0K->1024,0K Heap: 226,1M(256,0M)->148,8M(256,0M)]
 [Times: user=0,00 sys=0,00, real=0,01 secs] 
2019-07-23T10:42:08.915-0300: 221264,368: [GC pause (G1 Evacuation Pause) (young) (initial-mark), 0,0069892 secs]
   [Parallel Time: 3,2 ms, GC Workers: 4]
      [GC Worker Start (ms): Min: 221264368,4, Avg: 221264369,4, Max: 221264369,8, Diff: 1,4]
      [Ext Root Scanning (ms): Min: 0,1, Avg: 1,2, Max: 1,7, Diff: 1,6, Sum: 4,9]
      [Update RS (ms): Min: 0,0, Avg: 0,1, Max: 0,3, Diff: 0,3, Sum: 0,5]
         [Processed Buffers: Min: 0, Avg: 8,0, Max: 19, Diff: 19, Sum: 32]
      [Scan RS (ms): Min: 0,0, Avg: 0,0, Max: 0,1, Diff: 0,1, Sum: 0,2]
      [Code Root Scanning (ms): Min: 0,0, Avg: 0,0, Max: 0,1, Diff: 0,1, Sum: 0,1]
      [Object Copy (ms): Min: 0,0, Avg: 0,5, Max: 1,1, Diff: 1,1, Sum: 2,1]
      [Termination (ms): Min: 0,0, Avg: 0,1, Max: 0,2, Diff: 0,2, Sum: 0,5]
         [Termination Attempts: Min: 1, Avg: 1,0, Max: 1, Diff: 0, Sum: 4]
      [GC Worker Other (ms): Min: 0,0, Avg: 0,0, Max: 0,0, Diff: 0,0, Sum: 0,1]
      [GC Worker Total (ms): Min: 1,7, Avg: 2,1, Max: 3,1, Diff: 1,4, Sum: 8,4]
      [GC Worker End (ms): Min: 221264371,5, Avg: 221264371,5, Max: 221264371,6, Diff: 0,0]
   [Code Root Fixup: 0,0 ms]
   [Code Root Purge: 0,0 ms]
   [Clear CT: 0,3 ms]
   [Other: 3,5 ms]
      [Choose CSet: 0,0 ms]
      [Ref Proc: 3,0 ms]
      [Ref Enq: 0,0 ms]
      [Redirty Cards: 0,3 ms]
      [Humongous Register: 0,0 ms]
      [Humongous Reclaim: 0,0 ms]
      [Free CSet: 0,0 ms]
   [Eden: 79,0M(79,0M)->0,0B(77,0M) Survivors: 1024,0K->2048,0K Heap: 227,8M(256,0M)->149,1M(256,0M)]
 [Times: user=0,02 sys=0,00, real=0,01 secs] 
2019-07-23T10:42:08.922-0300: 221264,375: [GC concurrent-root-region-scan-start]
2019-07-23T10:42:08.924-0300: 221264,377: [GC concurrent-root-region-scan-end, 0,0016694 secs]
2019-07-23T10:42:08.924-0300: 221264,377: [GC concurrent-mark-start]
2019-07-23T10:42:08.939-0300: 221264,393: [GC concurrent-mark-end, 0,0151183 secs]
2019-07-23T10:42:08.940-0300: 221264,393: [GC remark 2019-07-23T10:42:08.940-0300: 221264,393: [Finalize Marking, 0,0004008 secs] 2019-07-23T10:42:08.940-0300: 221264,393: [GC ref-proc, 0,0001497 secs] 2019-07-23T10:42:08.940-0300: 221264,393: [Unloading, 0,0058260 secs], 0,0072506 secs]
 [Times: user=0,03 sys=0,00, real=0,01 secs] 
2019-07-23T10:42:08.947-0300: 221264,400: [GC cleanup 149M->149M(256M), 0,0016056 secs]
 [Times: user=0,00 sys=0,00, real=0,00 secs] 
2019-07-23T11:21:51.401-0300: 223646,854: [GC pause (G1 Evacuation Pause) (young), 0,0049382 secs]
   [Parallel Time: 2,2 ms, GC Workers: 4]
      [GC Worker Start (ms): Min: 223646854,3, Avg: 223646855,3, Max: 223646856,3, Diff: 2,0]
      [Ext Root Scanning (ms): Min: 0,0, Avg: 0,3, Max: 0,6, Diff: 0,5, Sum: 1,1]
      [Update RS (ms): Min: 0,0, Avg: 0,1, Max: 0,3, Diff: 0,3, Sum: 0,5]
         [Processed Buffers: Min: 0, Avg: 8,8, Max: 29, Diff: 29, Sum: 35]
      [Scan RS (ms): Min: 0,0, Avg: 0,0, Max: 0,1, Diff: 0,1, Sum: 0,1]
      [Code Root Scanning (ms): Min: 0,0, Avg: 0,0, Max: 0,1, Diff: 0,1, Sum: 0,1]
      [Object Copy (ms): Min: 0,0, Avg: 0,5, Max: 0,9, Diff: 0,9, Sum: 1,8]
      [Termination (ms): Min: 0,0, Avg: 0,2, Max: 0,3, Diff: 0,3, Sum: 0,6]
         [Termination Attempts: Min: 1, Avg: 1,0, Max: 1, Diff: 0, Sum: 4]
      [GC Worker Other (ms): Min: 0,0, Avg: 0,0, Max: 0,0, Diff: 0,0, Sum: 0,1]
      [GC Worker Total (ms): Min: 0,1, Avg: 1,1, Max: 2,1, Diff: 2,0, Sum: 4,4]
      [GC Worker End (ms): Min: 223646856,3, Avg: 223646856,4, Max: 223646856,4, Diff: 0,0]
   [Code Root Fixup: 0,0 ms]
   [Code Root Purge: 0,0 ms]
   [Clear CT: 0,4 ms]
   [Other: 2,4 ms]
      [Choose CSet: 0,0 ms]
      [Ref Proc: 1,7 ms]
      [Ref Enq: 0,0 ms]
      [Redirty Cards: 0,4 ms]
      [Humongous Register: 0,0 ms]
      [Humongous Reclaim: 0,0 ms]
      [Free CSet: 0,0 ms]
   [Eden: 77,0M(77,0M)->0,0B(77,0M) Survivors: 2048,0K->2048,0K Heap: 226,1M(256,0M)->149,1M(256,0M)]
 [Times: user=0,02 sys=0,00, real=0,01 secs] 
2019-07-23T12:01:16.814-0300: 226012,267: [GC pause (G1 Evacuation Pause) (young), 0,0046122 secs]
   [Parallel Time: 3,2 ms, GC Workers: 4]
      [GC Worker Start (ms): Min: 226012267,4, Avg: 226012269,3, Max: 226012270,3, Diff: 2,9]
      [Ext Root Scanning (ms): Min: 0,0, Avg: 0,3, Max: 1,0, Diff: 1,0, Sum: 1,1]
      [Update RS (ms): Min: 0,0, Avg: 0,1, Max: 0,5, Diff: 0,5, Sum: 0,5]
         [Processed Buffers: Min: 0, Avg: 8,2, Max: 33, Diff: 33, Sum: 33]
      [Scan RS (ms): Min: 0,0, Avg: 0,0, Max: 0,1, Diff: 0,1, Sum: 0,1]
      [Code Root Scanning (ms): Min: 0,0, Avg: 0,0, Max: 0,1, Diff: 0,1, Sum: 0,1]
      [Object Copy (ms): Min: 0,0, Avg: 0,5, Max: 1,1, Diff: 1,1, Sum: 2,0]
      [Termination (ms): Min: 0,0, Avg: 0,1, Max: 0,2, Diff: 0,2, Sum: 0,5]
         [Termination Attempts: Min: 1, Avg: 1,0, Max: 1, Diff: 0, Sum: 4]
      [GC Worker Other (ms): Min: 0,0, Avg: 0,0, Max: 0,0, Diff: 0,0, Sum: 0,1]
      [GC Worker Total (ms): Min: 0,0, Avg: 1,1, Max: 3,0, Diff: 2,9, Sum: 4,4]
      [GC Worker End (ms): Min: 226012270,4, Avg: 226012270,4, Max: 226012270,4, Diff: 0,0]
   [Code Root Fixup: 0,0 ms]
   [Code Root Purge: 0,0 ms]
   [Clear CT: 0,3 ms]
   [Other: 1,1 ms]
      [Choose CSet: 0,0 ms]
      [Ref Proc: 0,6 ms]
      [Ref Enq: 0,0 ms]
      [Redirty Cards: 0,4 ms]
      [Humongous Register: 0,0 ms]
      [Humongous Reclaim: 0,0 ms]
      [Free CSet: 0,0 ms]
   [Eden: 77,0M(77,0M)->0,0B(77,0M) Survivors: 2048,0K->2048,0K Heap: 226,1M(256,0M)->149,1M(256,0M)]
 [Times: user=0,00 sys=0,00, real=0,01 secs] 
2019-07-23T12:41:21.814-0300: 228417,267: [GC pause (G1 Evacuation Pause) (young) (initial-mark), 0,0047850 secs]
   [Parallel Time: 1,9 ms, GC Workers: 4]
      [GC Worker Start (ms): Min: 228417267,3, Avg: 228417267,5, Max: 228417267,9, Diff: 0,6]
      [Ext Root Scanning (ms): Min: 0,6, Avg: 0,8, Max: 1,2, Diff: 0,7, Sum: 3,1]
      [Update RS (ms): Min: 0,0, Avg: 0,1, Max: 0,2, Diff: 0,2, Sum: 0,5]
         [Processed Buffers: Min: 0, Avg: 8,0, Max: 25, Diff: 25, Sum: 32]
      [Scan RS (ms): Min: 0,0, Avg: 0,0, Max: 0,1, Diff: 0,1, Sum: 0,2]
      [Code Root Scanning (ms): Min: 0,0, Avg: 0,0, Max: 0,1, Diff: 0,1, Sum: 0,1]
      [Object Copy (ms): Min: 0,0, Avg: 0,6, Max: 0,8, Diff: 0,8, Sum: 2,3]
      [Termination (ms): Min: 0,0, Avg: 0,1, Max: 0,1, Diff: 0,1, Sum: 0,3]
         [Termination Attempts: Min: 1, Avg: 1,0, Max: 1, Diff: 0, Sum: 4]
      [GC Worker Other (ms): Min: 0,0, Avg: 0,0, Max: 0,0, Diff: 0,0, Sum: 0,1]
      [GC Worker Total (ms): Min: 1,2, Avg: 1,6, Max: 1,8, Diff: 0,6, Sum: 6,6]
      [GC Worker End (ms): Min: 228417269,1, Avg: 228417269,1, Max: 228417269,1, Diff: 0,0]
   [Code Root Fixup: 0,0 ms]
   [Code Root Purge: 0,0 ms]
   [Clear CT: 1,5 ms]
   [Other: 1,4 ms]
      [Choose CSet: 0,0 ms]
      [Ref Proc: 0,5 ms]
      [Ref Enq: 0,0 ms]
      [Redirty Cards: 0,6 ms]
      [Humongous Register: 0,0 ms]
      [Humongous Reclaim: 0,0 ms]
      [Free CSet: 0,1 ms]
   [Eden: 77,0M(77,0M)->0,0B(77,0M) Survivors: 2048,0K->2048,0K Heap: 226,1M(256,0M)->149,1M(256,0M)]
 [Times: user=0,00 sys=0,01, real=0,01 secs] 
2019-07-23T12:41:21.819-0300: 228417,272: [GC concurrent-root-region-scan-start]
2019-07-23T12:41:21.821-0300: 228417,274: [GC concurrent-root-region-scan-end, 0,0019990 secs]
2019-07-23T12:41:21.821-0300: 228417,274: [GC concurrent-mark-start]
2019-07-23T12:41:21.838-0300: 228417,291: [GC concurrent-mark-end, 0,0172053 secs]
2019-07-23T12:41:21.839-0300: 228417,292: [GC remark 2019-07-23T12:41:21.839-0300: 228417,292: [Finalize Marking, 0,0003184 secs] 2019-07-23T12:41:21.839-0300: 228417,292: [GC ref-proc, 0,0001294 secs] 2019-07-23T12:41:21.839-0300: 228417,292: [Unloading, 0,0068583 secs], 0,0083147 secs]
 [Times: user=0,00 sys=0,00, real=0,01 secs] 
2019-07-23T12:41:21.847-0300: 228417,301: [GC cleanup 149M->149M(256M), 0,0011219 secs]
 [Times: user=0,00 sys=0,00, real=0,00 secs] 
2019-07-23T13:20:56.073-0300: 230791,526: [GC pause (G1 Evacuation Pause) (young), 0,0049964 secs]
   [Parallel Time: 4,1 ms, GC Workers: 4]
      [GC Worker Start (ms): Min: 230791525,9, Avg: 230791528,8, Max: 230791529,8, Diff: 3,9]
      [Ext Root Scanning (ms): Min: 0,0, Avg: 0,3, Max: 1,0, Diff: 1,0, Sum: 1,1]
      [Update RS (ms): Min: 0,0, Avg: 0,1, Max: 0,5, Diff: 0,5, Sum: 0,5]
         [Processed Buffers: Min: 0, Avg: 8,2, Max: 33, Diff: 33, Sum: 33]
      [Scan RS (ms): Min: 0,0, Avg: 0,0, Max: 0,1, Diff: 0,1, Sum: 0,1]
      [Code Root Scanning (ms): Min: 0,0, Avg: 0,0, Max: 0,1, Diff: 0,1, Sum: 0,1]
      [Object Copy (ms): Min: 0,0, Avg: 0,5, Max: 2,0, Diff: 2,0, Sum: 2,0]
      [Termination (ms): Min: 0,0, Avg: 0,1, Max: 0,3, Diff: 0,3, Sum: 0,5]
         [Termination Attempts: Min: 1, Avg: 1,0, Max: 1, Diff: 0, Sum: 4]
      [GC Worker Other (ms): Min: 0,0, Avg: 0,0, Max: 0,0, Diff: 0,0, Sum: 0,1]
      [GC Worker Total (ms): Min: 0,0, Avg: 1,1, Max: 4,1, Diff: 4,0, Sum: 4,5]
      [GC Worker End (ms): Min: 230791529,9, Avg: 230791529,9, Max: 230791529,9, Diff: 0,1]
   [Code Root Fixup: 0,0 ms]
   [Code Root Purge: 0,0 ms]
   [Clear CT: 0,2 ms]
   [Other: 0,7 ms]
      [Choose CSet: 0,0 ms]
      [Ref Proc: 0,4 ms]
      [Ref Enq: 0,0 ms]
      [Redirty Cards: 0,2 ms]
      [Humongous Register: 0,0 ms]
      [Humongous Reclaim: 0,0 ms]
      [Free CSet: 0,0 ms]
   [Eden: 77,0M(77,0M)->0,0B(79,0M) Survivors: 2048,0K->1024,0K Heap: 226,1M(256,0M)->148,8M(256,0M)]
 [Times: user=0,00 sys=0,01, real=0,01 secs] 
2019-07-23T14:01:29.567-0300: 233225,020: [GC pause (G1 Evacuation Pause) (young), 0,0035810 secs]
   [Parallel Time: 2,8 ms, GC Workers: 4]
      [GC Worker Start (ms): Min: 233225020,1, Avg: 233225021,8, Max: 233225022,7, Diff: 2,7]
      [Ext Root Scanning (ms): Min: 0,0, Avg: 0,3, Max: 1,1, Diff: 1,0, Sum: 1,2]
      [Update RS (ms): Min: 0,0, Avg: 0,1, Max: 0,4, Diff: 0,4, Sum: 0,4]
         [Processed Buffers: Min: 0, Avg: 8,0, Max: 32, Diff: 32, Sum: 32]
      [Scan RS (ms): Min: 0,0, Avg: 0,0, Max: 0,1, Diff: 0,1, Sum: 0,2]
      [Code Root Scanning (ms): Min: 0,0, Avg: 0,0, Max: 0,1, Diff: 0,1, Sum: 0,1]
      [Object Copy (ms): Min: 0,0, Avg: 0,4, Max: 0,9, Diff: 0,9, Sum: 1,7]
      [Termination (ms): Min: 0,0, Avg: 0,1, Max: 0,2, Diff: 0,2, Sum: 0,4]
         [Termination Attempts: Min: 1, Avg: 1,0, Max: 1, Diff: 0, Sum: 4]
      [GC Worker Other (ms): Min: 0,0, Avg: 0,0, Max: 0,0, Diff: 0,0, Sum: 0,1]
      [GC Worker Total (ms): Min: 0,1, Avg: 1,0, Max: 2,8, Diff: 2,7, Sum: 4,1]
      [GC Worker End (ms): Min: 233225022,8, Avg: 233225022,8, Max: 233225022,8, Diff: 0,0]
   [Code Root Fixup: 0,0 ms]
   [Code Root Purge: 0,0 ms]
   [Clear CT: 0,1 ms]
   [Other: 0,7 ms]
      [Choose CSet: 0,0 ms]
      [Ref Proc: 0,5 ms]
      [Ref Enq: 0,0 ms]
      [Redirty Cards: 0,0 ms]
      [Humongous Register: 0,0 ms]
      [Humongous Reclaim: 0,0 ms]
      [Free CSet: 0,0 ms]
   [Eden: 79,0M(79,0M)->0,0B(77,0M) Survivors: 1024,0K->2048,0K Heap: 227,8M(256,0M)->149,1M(256,0M)]
 [Times: user=0,00 sys=0,01, real=0,00 secs] 
2019-07-23T14:41:21.814-0300: 235617,267: [GC pause (G1 Evacuation Pause) (young) (initial-mark), 0,0048068 secs]
   [Parallel Time: 4,1 ms, GC Workers: 4]
      [GC Worker Start (ms): Min: 235617267,4, Avg: 235617268,5, Max: 235617268,9, Diff: 1,5]
      [Ext Root Scanning (ms): Min: 0,0, Avg: 2,2, Max: 3,7, Diff: 3,6, Sum: 8,6]
      [Update RS (ms): Min: 0,0, Avg: 0,1, Max: 0,4, Diff: 0,4, Sum: 0,4]
         [Processed Buffers: Min: 0, Avg: 8,0, Max: 32, Diff: 32, Sum: 32]
      [Scan RS (ms): Min: 0,0, Avg: 0,0, Max: 0,1, Diff: 0,1, Sum: 0,1]
      [Code Root Scanning (ms): Min: 0,0, Avg: 0,0, Max: 0,1, Diff: 0,1, Sum: 0,1]
      [Object Copy (ms): Min: 0,0, Avg: 0,4, Max: 1,6, Diff: 1,6, Sum: 1,7]
      [Termination (ms): Min: 0,0, Avg: 0,2, Max: 0,3, Diff: 0,3, Sum: 0,7]
         [Termination Attempts: Min: 1, Avg: 1,0, Max: 1, Diff: 0, Sum: 4]
      [GC Worker Other (ms): Min: 0,0, Avg: 0,0, Max: 0,0, Diff: 0,0, Sum: 0,1]
      [GC Worker Total (ms): Min: 2,5, Avg: 2,9, Max: 4,0, Diff: 1,5, Sum: 11,6]
      [GC Worker End (ms): Min: 235617271,4, Avg: 235617271,4, Max: 235617271,5, Diff: 0,0]
   [Code Root Fixup: 0,0 ms]
   [Code Root Purge: 0,0 ms]
   [Clear CT: 0,1 ms]
   [Other: 0,7 ms]
      [Choose CSet: 0,0 ms]
      [Ref Proc: 0,5 ms]
      [Ref Enq: 0,0 ms]
      [Redirty Cards: 0,1 ms]
      [Humongous Register: 0,0 ms]
      [Humongous Reclaim: 0,0 ms]
      [Free CSet: 0,0 ms]
   [Eden: 77,0M(77,0M)->0,0B(77,0M) Survivors: 2048,0K->2048,0K Heap: 226,1M(256,0M)->149,1M(256,0M)]
 [Times: user=0,01 sys=0,00, real=0,01 secs] 
2019-07-23T14:41:21.819-0300: 235617,272: [GC concurrent-root-region-scan-start]
2019-07-23T14:41:21.820-0300: 235617,274: [GC concurrent-root-region-scan-end, 0,0012690 secs]
2019-07-23T14:41:21.820-0300: 235617,274: [GC concurrent-mark-start]
2019-07-23T14:41:21.839-0300: 235617,292: [GC concurrent-mark-end, 0,0186953 secs]
2019-07-23T14:41:21.839-0300: 235617,292: [GC remark 2019-07-23T14:41:21.839-0300: 235617,292: [Finalize Marking, 0,0047477 secs] 2019-07-23T14:41:21.844-0300: 235617,297: [GC ref-proc, 0,0001490 secs] 2019-07-23T14:41:21.844-0300: 235617,297: [Unloading, 0,0065661 secs], 0,0124739 secs]
 [Times: user=0,02 sys=0,00, real=0,01 secs] 
2019-07-23T14:41:21.852-0300: 235617,305: [GC cleanup 149M->149M(256M), 0,0015772 secs]
 [Times: user=0,00 sys=0,00, real=0,00 secs] 
2019-07-23T15:20:56.814-0300: 237992,267: [GC pause (G1 Evacuation Pause) (young), 0,0125693 secs]
   [Parallel Time: 3,2 ms, GC Workers: 4]
      [GC Worker Start (ms): Min: 237992267,2, Avg: 237992269,4, Max: 237992270,3, Diff: 3,1]
      [Ext Root Scanning (ms): Min: 0,0, Avg: 0,3, Max: 1,0, Diff: 1,0, Sum: 1,1]
      [Update RS (ms): Min: 0,0, Avg: 0,1, Max: 0,4, Diff: 0,4, Sum: 0,4]
         [Processed Buffers: Min: 0, Avg: 7,8, Max: 31, Diff: 31, Sum: 31]
      [Scan RS (ms): Min: 0,0, Avg: 0,0, Max: 0,1, Diff: 0,1, Sum: 0,1]
      [Code Root Scanning (ms): Min: 0,0, Avg: 0,0, Max: 0,1, Diff: 0,1, Sum: 0,1]
      [Object Copy (ms): Min: 0,0, Avg: 0,4, Max: 1,3, Diff: 1,3, Sum: 1,7]
      [Termination (ms): Min: 0,0, Avg: 0,2, Max: 0,3, Diff: 0,3, Sum: 0,7]
         [Termination Attempts: Min: 1, Avg: 1,0, Max: 1, Diff: 0, Sum: 4]
      [GC Worker Other (ms): Min: 0,0, Avg: 0,0, Max: 0,0, Diff: 0,0, Sum: 0,1]
      [GC Worker Total (ms): Min: 0,0, Avg: 1,0, Max: 3,2, Diff: 3,1, Sum: 4,1]
      [GC Worker End (ms): Min: 237992270,4, Avg: 237992270,4, Max: 237992270,4, Diff: 0,0]
   [Code Root Fixup: 0,0 ms]
   [Code Root Purge: 0,0 ms]
   [Clear CT: 0,0 ms]
   [Other: 9,3 ms]
      [Choose CSet: 0,0 ms]
      [Ref Proc: 9,1 ms]
      [Ref Enq: 0,0 ms]
      [Redirty Cards: 0,0 ms]
      [Humongous Register: 0,0 ms]
      [Humongous Reclaim: 0,0 ms]
      [Free CSet: 0,0 ms]
   [Eden: 77,0M(77,0M)->0,0B(77,0M) Survivors: 2048,0K->2048,0K Heap: 226,1M(256,0M)->149,1M(256,0M)]
 [Times: user=0,00 sys=0,00, real=0,02 secs] 
2019-07-23T16:00:33.188-0300: 240368,641: [GC pause (G1 Evacuation Pause) (young), 0,0090542 secs]
   [Parallel Time: 3,6 ms, GC Workers: 4]
      [GC Worker Start (ms): Min: 240368641,4, Avg: 240368644,0, Max: 240368644,9, Diff: 3,5]
      [Ext Root Scanning (ms): Min: 0,0, Avg: 0,2, Max: 0,7, Diff: 0,6, Sum: 0,7]
      [Update RS (ms): Min: 0,0, Avg: 0,1, Max: 0,5, Diff: 0,5, Sum: 0,5]
         [Processed Buffers: Min: 0, Avg: 7,8, Max: 31, Diff: 31, Sum: 31]
      [Scan RS (ms): Min: 0,0, Avg: 0,0, Max: 0,1, Diff: 0,1, Sum: 0,1]
      [Code Root Scanning (ms): Min: 0,0, Avg: 0,0, Max: 0,1, Diff: 0,1, Sum: 0,1]
      [Object Copy (ms): Min: 0,0, Avg: 0,5, Max: 1,8, Diff: 1,8, Sum: 1,8]
      [Termination (ms): Min: 0,0, Avg: 0,2, Max: 0,4, Diff: 0,4, Sum: 0,7]
         [Termination Attempts: Min: 1, Avg: 1,0, Max: 1, Diff: 0, Sum: 4]
      [GC Worker Other (ms): Min: 0,0, Avg: 0,0, Max: 0,0, Diff: 0,0, Sum: 0,1]
      [GC Worker Total (ms): Min: 0,0, Avg: 1,0, Max: 3,6, Diff: 3,5, Sum: 4,1]
      [GC Worker End (ms): Min: 240368645,0, Avg: 240368645,0, Max: 240368645,0, Diff: 0,0]
   [Code Root Fixup: 0,0 ms]
   [Code Root Purge: 0,0 ms]
   [Clear CT: 0,2 ms]
   [Other: 5,2 ms]
      [Choose CSet: 0,0 ms]
      [Ref Proc: 4,8 ms]
      [Ref Enq: 0,0 ms]
      [Redirty Cards: 0,2 ms]
      [Humongous Register: 0,0 ms]
      [Humongous Reclaim: 0,0 ms]
      [Free CSet: 0,0 ms]
   [Eden: 77,0M(77,0M)->0,0B(79,0M) Survivors: 2048,0K->1024,0K Heap: 226,1M(256,0M)->148,9M(256,0M)]
 [Times: user=0,00 sys=0,01, real=0,01 secs] 
2019-07-23T16:41:30.150-0300: 242825,603: [GC pause (G1 Evacuation Pause) (young) (initial-mark), 0,0045371 secs]
   [Parallel Time: 3,6 ms, GC Workers: 4]
      [GC Worker Start (ms): Min: 242825603,0, Avg: 242825604,1, Max: 242825604,5, Diff: 1,5]
      [Ext Root Scanning (ms): Min: 0,0, Avg: 1,6, Max: 2,5, Diff: 2,5, Sum: 6,6]
      [Update RS (ms): Min: 0,0, Avg: 0,1, Max: 0,5, Diff: 0,5, Sum: 0,5]
         [Processed Buffers: Min: 0, Avg: 7,5, Max: 30, Diff: 30, Sum: 30]
      [Scan RS (ms): Min: 0,0, Avg: 0,0, Max: 0,1, Diff: 0,1, Sum: 0,1]
      [Code Root Scanning (ms): Min: 0,0, Avg: 0,0, Max: 0,1, Diff: 0,1, Sum: 0,1]
      [Object Copy (ms): Min: 0,0, Avg: 0,5, Max: 1,1, Diff: 1,1, Sum: 1,8]
      [Termination (ms): Min: 0,0, Avg: 0,1, Max: 0,2, Diff: 0,2, Sum: 0,5]
         [Termination Attempts: Min: 1, Avg: 1,2, Max: 2, Diff: 1, Sum: 5]
      [GC Worker Other (ms): Min: 0,0, Avg: 0,0, Max: 0,0, Diff: 0,0, Sum: 0,1]
      [GC Worker Total (ms): Min: 2,0, Avg: 2,4, Max: 3,5, Diff: 1,5, Sum: 9,7]
      [GC Worker End (ms): Min: 242825606,5, Avg: 242825606,6, Max: 242825606,6, Diff: 0,0]
   [Code Root Fixup: 0,0 ms]
   [Code Root Purge: 0,0 ms]
   [Clear CT: 0,1 ms]
   [Other: 0,8 ms]
      [Choose CSet: 0,0 ms]
      [Ref Proc: 0,5 ms]
      [Ref Enq: 0,0 ms]
      [Redirty Cards: 0,1 ms]
      [Humongous Register: 0,0 ms]
      [Humongous Reclaim: 0,0 ms]
      [Free CSet: 0,0 ms]
   [Eden: 79,0M(79,0M)->0,0B(77,0M) Survivors: 1024,0K->2048,0K Heap: 227,9M(256,0M)->149,1M(256,0M)]
 [Times: user=0,01 sys=0,00, real=0,00 secs] 
2019-07-23T16:41:30.154-0300: 242825,608: [GC concurrent-root-region-scan-start]
2019-07-23T16:41:30.156-0300: 242825,609: [GC concurrent-root-region-scan-end, 0,0011370 secs]
2019-07-23T16:41:30.156-0300: 242825,609: [GC concurrent-mark-start]
2019-07-23T16:41:30.172-0300: 242825,626: [GC concurrent-mark-end, 0,0168565 secs]
2019-07-23T16:41:30.173-0300: 242825,626: [GC remark 2019-07-23T16:41:30.173-0300: 242825,626: [Finalize Marking, 0,0043695 secs] 2019-07-23T16:41:30.177-0300: 242825,630: [GC ref-proc, 0,0001321 secs] 2019-07-23T16:41:30.177-0300: 242825,630: [Unloading, 0,0092493 secs], 0,0146836 secs]
 [Times: user=0,02 sys=0,00, real=0,02 secs] 
2019-07-23T16:41:30.188-0300: 242825,641: [GC cleanup 149M->149M(256M), 0,0012803 secs]
 [Times: user=0,00 sys=0,00, real=0,00 secs] 
2019-07-23T17:20:56.816-0300: 245192,269: [GC pause (G1 Evacuation Pause) (young), 0,0112307 secs]
   [Parallel Time: 4,0 ms, GC Workers: 4]
      [GC Worker Start (ms): Min: 245192269,2, Avg: 245192272,1, Max: 245192273,1, Diff: 3,9]
      [Ext Root Scanning (ms): Min: 0,0, Avg: 0,2, Max: 0,9, Diff: 0,9, Sum: 1,0]
      [Update RS (ms): Min: 0,0, Avg: 0,1, Max: 0,5, Diff: 0,5, Sum: 0,6]
         [Processed Buffers: Min: 0, Avg: 8,2, Max: 33, Diff: 33, Sum: 33]
      [Scan RS (ms): Min: 0,0, Avg: 0,0, Max: 0,1, Diff: 0,1, Sum: 0,1]
      [Code Root Scanning (ms): Min: 0,0, Avg: 0,0, Max: 0,1, Diff: 0,1, Sum: 0,1]
      [Object Copy (ms): Min: 0,0, Avg: 0,5, Max: 1,9, Diff: 1,9, Sum: 1,9]
      [Termination (ms): Min: 0,0, Avg: 0,2, Max: 0,4, Diff: 0,4, Sum: 0,8]
         [Termination Attempts: Min: 1, Avg: 1,0, Max: 1, Diff: 0, Sum: 4]
      [GC Worker Other (ms): Min: 0,0, Avg: 0,0, Max: 0,0, Diff: 0,0, Sum: 0,1]
      [GC Worker Total (ms): Min: 0,0, Avg: 1,1, Max: 4,0, Diff: 3,9, Sum: 4,5]
      [GC Worker End (ms): Min: 245192273,2, Avg: 245192273,2, Max: 245192273,2, Diff: 0,0]
   [Code Root Fixup: 0,0 ms]
   [Code Root Purge: 0,0 ms]
   [Clear CT: 0,2 ms]
   [Other: 7,0 ms]
      [Choose CSet: 0,0 ms]
      [Ref Proc: 6,6 ms]
      [Ref Enq: 0,0 ms]
      [Redirty Cards: 0,2 ms]
      [Humongous Register: 0,0 ms]
      [Humongous Reclaim: 0,0 ms]
      [Free CSet: 0,0 ms]
   [Eden: 77,0M(77,0M)->0,0B(79,0M) Survivors: 2048,0K->1024,0K Heap: 226,1M(256,0M)->148,8M(256,0M)]
 [Times: user=0,01 sys=0,00, real=0,02 secs] 
2019-07-23T18:01:36.814-0300: 247632,267: [GC pause (G1 Evacuation Pause) (young), 0,0043491 secs]
   [Parallel Time: 3,3 ms, GC Workers: 4]
      [GC Worker Start (ms): Min: 247632267,3, Avg: 247632269,5, Max: 247632270,5, Diff: 3,2]
      [Ext Root Scanning (ms): Min: 0,0, Avg: 0,3, Max: 1,0, Diff: 1,0, Sum: 1,1]
      [Update RS (ms): Min: 0,0, Avg: 0,1, Max: 0,5, Diff: 0,5, Sum: 0,5]
         [Processed Buffers: Min: 0, Avg: 7,8, Max: 31, Diff: 31, Sum: 31]
      [Scan RS (ms): Min: 0,0, Avg: 0,0, Max: 0,1, Diff: 0,1, Sum: 0,1]
      [Code Root Scanning (ms): Min: 0,0, Avg: 0,0, Max: 0,1, Diff: 0,1, Sum: 0,1]
      [Object Copy (ms): Min: 0,0, Avg: 0,5, Max: 1,4, Diff: 1,4, Sum: 1,9]
      [Termination (ms): Min: 0,0, Avg: 0,2, Max: 0,2, Diff: 0,2, Sum: 0,6]
         [Termination Attempts: Min: 1, Avg: 1,0, Max: 1, Diff: 0, Sum: 4]
      [GC Worker Other (ms): Min: 0,0, Avg: 0,0, Max: 0,0, Diff: 0,0, Sum: 0,1]
      [GC Worker Total (ms): Min: 0,0, Avg: 1,1, Max: 3,3, Diff: 3,2, Sum: 4,4]
      [GC Worker End (ms): Min: 247632270,5, Avg: 247632270,6, Max: 247632270,6, Diff: 0,0]
   [Code Root Fixup: 0,0 ms]
   [Code Root Purge: 0,0 ms]
   [Clear CT: 0,2 ms]
   [Other: 0,8 ms]
      [Choose CSet: 0,0 ms]
      [Ref Proc: 0,5 ms]
      [Ref Enq: 0,0 ms]
      [Redirty Cards: 0,2 ms]
      [Humongous Register: 0,0 ms]
      [Humongous Reclaim: 0,0 ms]
      [Free CSet: 0,0 ms]
   [Eden: 79,0M(79,0M)->0,0B(77,0M) Survivors: 1024,0K->2048,0K Heap: 227,8M(256,0M)->149,1M(256,0M)]
 [Times: user=0,01 sys=0,00, real=0,01 secs] 
2019-07-23T18:41:26.994-0300: 250022,447: [GC pause (G1 Evacuation Pause) (young) (initial-mark), 0,0022573 secs]
   [Parallel Time: 2,2 ms, GC Workers: 4]
      [GC Worker Start (ms): Min: 250022447,2, Avg: 250022448,3, Max: 250022448,7, Diff: 1,5]
      [Ext Root Scanning (ms): Min: 0,0, Avg: 0,9, Max: 2,1, Diff: 2,0, Sum: 3,5]
      [Update RS (ms): Min: 0,0, Avg: 0,1, Max: 0,4, Diff: 0,4, Sum: 0,4]
         [Processed Buffers: Min: 0, Avg: 7,8, Max: 31, Diff: 31, Sum: 31]
      [Scan RS (ms): Min: 0,0, Avg: 0,0, Max: 0,1, Diff: 0,1, Sum: 0,1]
      [Code Root Scanning (ms): Min: 0,0, Avg: 0,0, Max: 0,1, Diff: 0,1, Sum: 0,1]
      [Object Copy (ms): Min: 0,0, Avg: 0,0, Max: 0,1, Diff: 0,1, Sum: 0,1]
      [Termination (ms): Min: 0,0, Avg: 0,0, Max: 0,0, Diff: 0,0, Sum: 0,0]
         [Termination Attempts: Min: 1, Avg: 1,0, Max: 1, Diff: 0, Sum: 4]
      [GC Worker Other (ms): Min: 0,0, Avg: 0,0, Max: 0,0, Diff: 0,0, Sum: 0,0]
      [GC Worker Total (ms): Min: 0,7, Avg: 1,1, Max: 2,2, Diff: 1,5, Sum: 4,3]
      [GC Worker End (ms): Min: 250022449,3, Avg: 250022449,3, Max: 250022449,3, Diff: 0,0]
   [Code Root Fixup: 0,0 ms]
   [Code Root Purge: 0,0 ms]
   [Clear CT: 0,0 ms]
   [Other: 0,1 ms]
      [Choose CSet: 0,0 ms]
      [Ref Proc: 0,0 ms]
      [Ref Enq: 0,0 ms]
      [Redirty Cards: 0,0 ms]
      [Humongous Register: 0,0 ms]
      [Humongous Reclaim: 0,0 ms]
      [Free CSet: 0,0 ms]
   [Eden: 77,0M(77,0M)->0,0B(77,0M) Survivors: 2048,0K->2048,0K Heap: 226,1M(256,0M)->149,1M(256,0M)]
 [Times: user=0,00 sys=0,00, real=0,00 secs] 
2019-07-23T18:41:26.996-0300: 250022,449: [GC concurrent-root-region-scan-start]
2019-07-23T18:41:27.002-0300: 250022,455: [GC concurrent-root-region-scan-end, 0,0059871 secs]
2019-07-23T18:41:27.002-0300: 250022,455: [GC concurrent-mark-start]
2019-07-23T18:41:27.025-0300: 250022,478: [GC concurrent-mark-end, 0,0231327 secs]
2019-07-23T18:41:27.026-0300: 250022,479: [GC remark 2019-07-23T18:41:27.026-0300: 250022,479: [Finalize Marking, 0,0004243 secs] 2019-07-23T18:41:27.026-0300: 250022,479: [GC ref-proc, 0,0001433 secs] 2019-07-23T18:41:27.026-0300: 250022,479: [Unloading, 0,0070980 secs], 0,0085442 secs]
 [Times: user=0,00 sys=0,00, real=0,00 secs] 
2019-07-23T18:41:27.034-0300: 250022,488: [GC cleanup 149M->149M(256M), 0,0013807 secs]
 [Times: user=0,00 sys=0,00, real=0,00 secs] 
2019-07-23T19:20:58.507-0300: 252393,960: [GC pause (G1 Evacuation Pause) (young), 0,0039503 secs]
   [Parallel Time: 2,6 ms, GC Workers: 4]
      [GC Worker Start (ms): Min: 252393960,1, Avg: 252393960,8, Max: 252393962,5, Diff: 2,4]
      [Ext Root Scanning (ms): Min: 0,0, Avg: 0,3, Max: 0,5, Diff: 0,5, Sum: 1,3]
      [Update RS (ms): Min: 0,0, Avg: 0,2, Max: 0,3, Diff: 0,3, Sum: 0,6]
         [Processed Buffers: Min: 0, Avg: 7,8, Max: 17, Diff: 17, Sum: 31]
      [Scan RS (ms): Min: 0,0, Avg: 0,0, Max: 0,1, Diff: 0,1, Sum: 0,2]
      [Code Root Scanning (ms): Min: 0,0, Avg: 0,0, Max: 0,1, Diff: 0,1, Sum: 0,1]
      [Object Copy (ms): Min: 0,0, Avg: 1,1, Max: 1,5, Diff: 1,5, Sum: 4,5]
      [Termination (ms): Min: 0,0, Avg: 0,2, Max: 0,2, Diff: 0,2, Sum: 0,6]
         [Termination Attempts: Min: 1, Avg: 1,0, Max: 1, Diff: 0, Sum: 4]
      [GC Worker Other (ms): Min: 0,0, Avg: 0,0, Max: 0,1, Diff: 0,0, Sum: 0,1]
      [GC Worker Total (ms): Min: 0,1, Avg: 1,9, Max: 2,5, Diff: 2,4, Sum: 7,5]
      [GC Worker End (ms): Min: 252393962,6, Avg: 252393962,6, Max: 252393962,6, Diff: 0,0]
   [Code Root Fixup: 0,0 ms]
   [Code Root Purge: 0,0 ms]
   [Clear CT: 0,3 ms]
   [Other: 1,0 ms]
      [Choose CSet: 0,0 ms]
      [Ref Proc: 0,5 ms]
      [Ref Enq: 0,0 ms]
      [Redirty Cards: 0,3 ms]
      [Humongous Register: 0,0 ms]
      [Humongous Reclaim: 0,0 ms]
      [Free CSet: 0,0 ms]
   [Eden: 77,0M(77,0M)->0,0B(77,0M) Survivors: 2048,0K->2048,0K Heap: 226,1M(256,0M)->149,1M(256,0M)]
 [Times: user=0,00 sys=0,01, real=0,00 secs] 
2019-07-23T20:00:26.815-0300: 254762,269: [GC pause (G1 Evacuation Pause) (young), 0,0052954 secs]
   [Parallel Time: 3,9 ms, GC Workers: 4]
      [GC Worker Start (ms): Min: 254762268,7, Avg: 254762271,4, Max: 254762272,4, Diff: 3,7]
      [Ext Root Scanning (ms): Min: 0,0, Avg: 0,3, Max: 1,1, Diff: 1,0, Sum: 1,2]
      [Update RS (ms): Min: 0,0, Avg: 0,1, Max: 0,4, Diff: 0,4, Sum: 0,4]
         [Processed Buffers: Min: 0, Avg: 8,8, Max: 35, Diff: 35, Sum: 35]
      [Scan RS (ms): Min: 0,0, Avg: 0,0, Max: 0,1, Diff: 0,1, Sum: 0,1]
      [Code Root Scanning (ms): Min: 0,0, Avg: 0,0, Max: 0,1, Diff: 0,1, Sum: 0,1]
      [Object Copy (ms): Min: 0,0, Avg: 0,5, Max: 1,8, Diff: 1,8, Sum: 1,8]
      [Termination (ms): Min: 0,0, Avg: 0,1, Max: 0,3, Diff: 0,3, Sum: 0,5]
         [Termination Attempts: Min: 1, Avg: 1,0, Max: 1, Diff: 0, Sum: 4]
      [GC Worker Other (ms): Min: 0,0, Avg: 0,0, Max: 0,0, Diff: 0,0, Sum: 0,1]
      [GC Worker Total (ms): Min: 0,1, Avg: 1,1, Max: 3,8, Diff: 3,7, Sum: 4,2]
      [GC Worker End (ms): Min: 254762272,4, Avg: 254762272,5, Max: 254762272,5, Diff: 0,0]
   [Code Root Fixup: 0,0 ms]
   [Code Root Purge: 0,0 ms]
   [Clear CT: 0,3 ms]
   [Other: 1,1 ms]
      [Choose CSet: 0,0 ms]
      [Ref Proc: 0,7 ms]
      [Ref Enq: 0,0 ms]
      [Redirty Cards: 0,3 ms]
      [Humongous Register: 0,0 ms]
      [Humongous Reclaim: 0,0 ms]
      [Free CSet: 0,0 ms]
   [Eden: 77,0M(77,0M)->0,0B(79,0M) Survivors: 2048,0K->1024,0K Heap: 226,1M(256,0M)->148,8M(256,0M)]
 [Times: user=0,00 sys=0,01, real=0,01 secs] 
2019-07-23T20:41:27.933-0300: 257223,386: [GC pause (G1 Evacuation Pause) (young) (initial-mark), 0,0053694 secs]
   [Parallel Time: 4,6 ms, GC Workers: 4]
      [GC Worker Start (ms): Min: 257223386,0, Avg: 257223387,2, Max: 257223387,6, Diff: 1,6]
      [Ext Root Scanning (ms): Min: 0,0, Avg: 2,5, Max: 4,2, Diff: 4,2, Sum: 10,1]
      [Update RS (ms): Min: 0,0, Avg: 0,1, Max: 0,5, Diff: 0,5, Sum: 0,5]
         [Processed Buffers: Min: 0, Avg: 8,0, Max: 32, Diff: 32, Sum: 32]
      [Scan RS (ms): Min: 0,0, Avg: 0,0, Max: 0,1, Diff: 0,1, Sum: 0,1]
      [Code Root Scanning (ms): Min: 0,0, Avg: 0,0, Max: 0,1, Diff: 0,1, Sum: 0,1]
      [Object Copy (ms): Min: 0,0, Avg: 0,5, Max: 1,9, Diff: 1,9, Sum: 2,0]
      [Termination (ms): Min: 0,0, Avg: 0,1, Max: 0,3, Diff: 0,3, Sum: 0,6]
         [Termination Attempts: Min: 1, Avg: 1,0, Max: 1, Diff: 0, Sum: 4]
      [GC Worker Other (ms): Min: 0,0, Avg: 0,0, Max: 0,0, Diff: 0,0, Sum: 0,1]
      [GC Worker Total (ms): Min: 2,9, Avg: 3,4, Max: 4,5, Diff: 1,6, Sum: 13,4]
      [GC Worker End (ms): Min: 257223390,5, Avg: 257223390,5, Max: 257223390,5, Diff: 0,0]
   [Code Root Fixup: 0,0 ms]
   [Code Root Purge: 0,0 ms]
   [Clear CT: 0,1 ms]
   [Other: 0,7 ms]
      [Choose CSet: 0,0 ms]
      [Ref Proc: 0,5 ms]
      [Ref Enq: 0,0 ms]
      [Redirty Cards: 0,0 ms]
      [Humongous Register: 0,0 ms]
      [Humongous Reclaim: 0,0 ms]
      [Free CSet: 0,0 ms]
   [Eden: 79,0M(79,0M)->0,0B(77,0M) Survivors: 1024,0K->2048,0K Heap: 227,8M(256,0M)->149,1M(256,0M)]
 [Times: user=0,01 sys=0,00, real=0,02 secs] 
2019-07-23T20:41:27.952-0300: 257223,405: [GC concurrent-root-region-scan-start]
2019-07-23T20:41:27.953-0300: 257223,407: [GC concurrent-root-region-scan-end, 0,0017378 secs]
2019-07-23T20:41:27.954-0300: 257223,407: [GC concurrent-mark-start]
2019-07-23T20:41:27.972-0300: 257223,425: [GC concurrent-mark-end, 0,0182213 secs]
2019-07-23T20:41:27.972-0300: 257223,425: [GC remark 2019-07-23T20:41:27.972-0300: 257223,425: [Finalize Marking, 0,0005216 secs] 2019-07-23T20:41:27.973-0300: 257223,426: [GC ref-proc, 0,0001498 secs] 2019-07-23T20:41:27.973-0300: 257223,426: [Unloading, 0,0079901 secs], 0,0095230 secs]
 [Times: user=0,00 sys=0,00, real=0,01 secs] 
2019-07-23T20:41:27.982-0300: 257223,435: [GC cleanup 149M->149M(256M), 0,0008139 secs]
 [Times: user=0,00 sys=0,00, real=0,00 secs] 
2019-07-23T21:20:59.106-0300: 259594,559: [GC pause (G1 Evacuation Pause) (young), 0,0076284 secs]
   [Parallel Time: 3,7 ms, GC Workers: 4]
      [GC Worker Start (ms): Min: 259594558,9, Avg: 259594561,3, Max: 259594562,3, Diff: 3,5]
      [Ext Root Scanning (ms): Min: 0,0, Avg: 0,3, Max: 1,1, Diff: 1,0, Sum: 1,1]
      [Update RS (ms): Min: 0,0, Avg: 0,1, Max: 0,5, Diff: 0,5, Sum: 0,5]
         [Processed Buffers: Min: 0, Avg: 8,8, Max: 35, Diff: 35, Sum: 35]
      [Scan RS (ms): Min: 0,0, Avg: 0,0, Max: 0,1, Diff: 0,1, Sum: 0,1]
      [Code Root Scanning (ms): Min: 0,0, Avg: 0,0, Max: 0,1, Diff: 0,1, Sum: 0,1]
      [Object Copy (ms): Min: 0,0, Avg: 0,5, Max: 1,5, Diff: 1,5, Sum: 2,0]
      [Termination (ms): Min: 0,0, Avg: 0,2, Max: 0,2, Diff: 0,2, Sum: 0,6]
         [Termination Attempts: Min: 1, Avg: 1,0, Max: 1, Diff: 0, Sum: 4]
      [GC Worker Other (ms): Min: 0,0, Avg: 0,0, Max: 0,0, Diff: 0,0, Sum: 0,1]
      [GC Worker Total (ms): Min: 0,0, Avg: 1,1, Max: 3,5, Diff: 3,5, Sum: 4,5]
      [GC Worker End (ms): Min: 259594562,4, Avg: 259594562,4, Max: 259594562,4, Diff: 0,0]
   [Code Root Fixup: 0,0 ms]
   [Code Root Purge: 0,0 ms]
   [Clear CT: 0,2 ms]
   [Other: 3,8 ms]
      [Choose CSet: 0,0 ms]
      [Ref Proc: 3,4 ms]
      [Ref Enq: 0,0 ms]
      [Redirty Cards: 0,2 ms]
      [Humongous Register: 0,0 ms]
      [Humongous Reclaim: 0,0 ms]
      [Free CSet: 0,0 ms]
   [Eden: 77,0M(77,0M)->0,0B(79,0M) Survivors: 2048,0K->1024,0K Heap: 226,1M(256,0M)->148,9M(256,0M)]
 [Times: user=0,01 sys=0,00, real=0,03 secs] 
2019-07-23T22:01:42.781-0300: 262038,235: [GC pause (G1 Evacuation Pause) (young), 0,0051869 secs]
   [Parallel Time: 4,0 ms, GC Workers: 4]
      [GC Worker Start (ms): Min: 262038234,8, Avg: 262038237,4, Max: 262038238,6, Diff: 3,9]
      [Ext Root Scanning (ms): Min: 0,0, Avg: 0,4, Max: 1,5, Diff: 1,4, Sum: 1,6]
      [Update RS (ms): Min: 0,0, Avg: 0,1, Max: 0,5, Diff: 0,5, Sum: 0,5]
         [Processed Buffers: Min: 0, Avg: 8,0, Max: 32, Diff: 32, Sum: 32]
      [Scan RS (ms): Min: 0,0, Avg: 0,0, Max: 0,1, Diff: 0,1, Sum: 0,2]
      [Code Root Scanning (ms): Min: 0,0, Avg: 0,0, Max: 0,1, Diff: 0,1, Sum: 0,1]
      [Object Copy (ms): Min: 0,0, Avg: 0,5, Max: 1,5, Diff: 1,5, Sum: 2,2]
      [Termination (ms): Min: 0,0, Avg: 0,1, Max: 0,2, Diff: 0,2, Sum: 0,5]
         [Termination Attempts: Min: 1, Avg: 1,0, Max: 1, Diff: 0, Sum: 4]
      [GC Worker Other (ms): Min: 0,0, Avg: 0,0, Max: 0,0, Diff: 0,0, Sum: 0,1]
      [GC Worker Total (ms): Min: 0,1, Avg: 1,3, Max: 3,9, Diff: 3,9, Sum: 5,1]
      [GC Worker End (ms): Min: 262038238,7, Avg: 262038238,7, Max: 262038238,7, Diff: 0,0]
   [Code Root Fixup: 0,0 ms]
   [Code Root Purge: 0,0 ms]
   [Clear CT: 0,2 ms]
   [Other: 0,9 ms]
      [Choose CSet: 0,0 ms]
      [Ref Proc: 0,4 ms]
      [Ref Enq: 0,0 ms]
      [Redirty Cards: 0,3 ms]
      [Humongous Register: 0,0 ms]
      [Humongous Reclaim: 0,0 ms]
      [Free CSet: 0,0 ms]
   [Eden: 79,0M(79,0M)->0,0B(77,0M) Survivors: 1024,0K->2048,0K Heap: 227,9M(256,0M)->149,1M(256,0M)]
 [Times: user=0,01 sys=0,00, real=0,01 secs] 
2019-07-23T22:41:42.509-0300: 264437,962: [GC pause (G1 Evacuation Pause) (young) (initial-mark), 0,0031949 secs]
   [Parallel Time: 1,9 ms, GC Workers: 4]
      [GC Worker Start (ms): Min: 264437962,3, Avg: 264437962,5, Max: 264437963,0, Diff: 0,6]
      [Ext Root Scanning (ms): Min: 0,7, Avg: 0,8, Max: 1,2, Diff: 0,5, Sum: 3,4]
      [Update RS (ms): Min: 0,0, Avg: 0,1, Max: 0,2, Diff: 0,2, Sum: 0,5]
         [Processed Buffers: Min: 0, Avg: 8,0, Max: 16, Diff: 16, Sum: 32]
      [Scan RS (ms): Min: 0,0, Avg: 0,0, Max: 0,1, Diff: 0,1, Sum: 0,1]
      [Code Root Scanning (ms): Min: 0,0, Avg: 0,0, Max: 0,0, Diff: 0,0, Sum: 0,1]
      [Object Copy (ms): Min: 0,0, Avg: 0,5, Max: 0,7, Diff: 0,7, Sum: 2,0]
      [Termination (ms): Min: 0,0, Avg: 0,1, Max: 0,1, Diff: 0,1, Sum: 0,3]
         [Termination Attempts: Min: 1, Avg: 1,0, Max: 1, Diff: 0, Sum: 4]
      [GC Worker Other (ms): Min: 0,0, Avg: 0,0, Max: 0,0, Diff: 0,0, Sum: 0,1]
      [GC Worker Total (ms): Min: 1,2, Avg: 1,6, Max: 1,8, Diff: 0,6, Sum: 6,5]
      [GC Worker End (ms): Min: 264437964,2, Avg: 264437964,2, Max: 264437964,2, Diff: 0,0]
   [Code Root Fixup: 0,0 ms]
   [Code Root Purge: 0,0 ms]
   [Clear CT: 0,3 ms]
   [Other: 0,9 ms]
      [Choose CSet: 0,0 ms]
      [Ref Proc: 0,5 ms]
      [Ref Enq: 0,0 ms]
      [Redirty Cards: 0,2 ms]
      [Humongous Register: 0,0 ms]
      [Humongous Reclaim: 0,0 ms]
      [Free CSet: 0,0 ms]
   [Eden: 77,0M(77,0M)->0,0B(77,0M) Survivors: 2048,0K->2048,0K Heap: 226,1M(256,0M)->149,3M(256,0M)]
 [Times: user=0,00 sys=0,01, real=0,00 secs] 
2019-07-23T22:41:42.512-0300: 264437,966: [GC concurrent-root-region-scan-start]
2019-07-23T22:41:42.515-0300: 264437,968: [GC concurrent-root-region-scan-end, 0,0022437 secs]
2019-07-23T22:41:42.515-0300: 264437,968: [GC concurrent-mark-start]
2019-07-23T22:41:42.534-0300: 264437,988: [GC concurrent-mark-end, 0,0197231 secs]
2019-07-23T22:41:42.535-0300: 264437,988: [GC remark 2019-07-23T22:41:42.535-0300: 264437,988: [Finalize Marking, 0,0002797 secs] 2019-07-23T22:41:42.535-0300: 264437,988: [GC ref-proc, 0,0001443 secs] 2019-07-23T22:41:42.535-0300: 264437,988: [Unloading, 0,0055166 secs], 0,0071193 secs]
 [Times: user=0,06 sys=0,00, real=0,01 secs] 
2019-07-23T22:41:42.542-0300: 264437,995: [GC cleanup 149M->149M(256M), 0,0012652 secs]
 [Times: user=0,00 sys=0,00, real=0,00 secs] 
2019-07-23T23:21:12.856-0300: 266808,310: [GC pause (G1 Evacuation Pause) (young), 0,0536510 secs]
   [Parallel Time: 27,8 ms, GC Workers: 4]
      [GC Worker Start (ms): Min: 266808333,1, Avg: 266808333,2, Max: 266808333,2, Diff: 0,2]
      [Ext Root Scanning (ms): Min: 3,2, Avg: 11,5, Max: 26,6, Diff: 23,3, Sum: 46,0]
      [Update RS (ms): Min: 0,0, Avg: 0,2, Max: 0,3, Diff: 0,3, Sum: 0,6]
         [Processed Buffers: Min: 0, Avg: 8,2, Max: 27, Diff: 27, Sum: 33]
      [Scan RS (ms): Min: 0,0, Avg: 0,0, Max: 0,1, Diff: 0,1, Sum: 0,2]
      [Code Root Scanning (ms): Min: 0,0, Avg: 0,0, Max: 0,1, Diff: 0,1, Sum: 0,1]
      [Object Copy (ms): Min: 0,0, Avg: 0,6, Max: 1,1, Diff: 1,1, Sum: 2,2]
      [Termination (ms): Min: 0,0, Avg: 14,3, Max: 21,9, Diff: 21,9, Sum: 57,4]
         [Termination Attempts: Min: 1, Avg: 1,5, Max: 2, Diff: 1, Sum: 6]
      [GC Worker Other (ms): Min: 0,0, Avg: 0,1, Max: 0,2, Diff: 0,1, Sum: 0,3]
      [GC Worker Total (ms): Min: 26,6, Avg: 26,7, Max: 26,8, Diff: 0,2, Sum: 106,8]
      [GC Worker End (ms): Min: 266808359,9, Avg: 266808359,9, Max: 266808359,9, Diff: 0,0]
   [Code Root Fixup: 0,0 ms]
   [Code Root Purge: 0,0 ms]
   [Clear CT: 0,3 ms]
   [Other: 25,6 ms]
      [Choose CSet: 0,0 ms]
      [Ref Proc: 1,5 ms]
      [Ref Enq: 0,0 ms]
      [Redirty Cards: 0,3 ms]
      [Humongous Register: 0,0 ms]
      [Humongous Reclaim: 0,0 ms]
      [Free CSet: 0,1 ms]
   [Eden: 77,0M(77,0M)->0,0B(79,0M) Survivors: 2048,0K->1024,0K Heap: 226,3M(256,0M)->149,0M(256,0M)]
 [Times: user=0,06 sys=0,00, real=0,10 secs] 
2019-07-24T00:01:56.133-0300: 269251,590: [GC pause (G1 Evacuation Pause) (young), 0,0403510 secs]
   [Parallel Time: 21,6 ms, GC Workers: 4]
      [GC Worker Start (ms): Min: 269251605,7, Avg: 269251605,8, Max: 269251605,9, Diff: 0,2]
      [Ext Root Scanning (ms): Min: 12,6, Avg: 14,1, Max: 16,9, Diff: 4,4, Sum: 56,3]
      [Update RS (ms): Min: 0,0, Avg: 0,1, Max: 0,3, Diff: 0,3, Sum: 0,5]
         [Processed Buffers: Min: 0, Avg: 8,2, Max: 31, Diff: 31, Sum: 33]
      [Scan RS (ms): Min: 0,0, Avg: 0,0, Max: 0,1, Diff: 0,1, Sum: 0,2]
      [Code Root Scanning (ms): Min: 0,0, Avg: 0,0, Max: 0,1, Diff: 0,1, Sum: 0,1]
      [Object Copy (ms): Min: 0,0, Avg: 0,5, Max: 1,0, Diff: 1,0, Sum: 2,0]
      [Termination (ms): Min: 0,0, Avg: 2,3, Max: 3,1, Diff: 3,1, Sum: 9,1]
         [Termination Attempts: Min: 1, Avg: 1,5, Max: 2, Diff: 1, Sum: 6]
      [GC Worker Other (ms): Min: 0,0, Avg: 0,0, Max: 0,0, Diff: 0,0, Sum: 0,1]
      [GC Worker Total (ms): Min: 17,0, Avg: 17,1, Max: 17,2, Diff: 0,2, Sum: 68,3]
      [GC Worker End (ms): Min: 269251622,9, Avg: 269251622,9, Max: 269251622,9, Diff: 0,0]
   [Code Root Fixup: 0,0 ms]
   [Code Root Purge: 0,0 ms]
   [Clear CT: 1,1 ms]
   [Other: 17,6 ms]
      [Choose CSet: 0,0 ms]
      [Ref Proc: 1,7 ms]
      [Ref Enq: 0,0 ms]
      [Redirty Cards: 0,1 ms]
      [Humongous Register: 0,0 ms]
      [Humongous Reclaim: 0,0 ms]
      [Free CSet: 0,1 ms]
   [Eden: 79,0M(79,0M)->0,0B(77,0M) Survivors: 1024,0K->2048,0K Heap: 228,0M(256,0M)->149,5M(256,0M)]
 [Times: user=0,01 sys=0,01, real=0,08 secs] 
2019-07-24T00:41:56.079-0300: 271651,533: [GC pause (G1 Evacuation Pause) (young) (initial-mark), 0,0139966 secs]
   [Parallel Time: 5,9 ms, GC Workers: 4]
      [GC Worker Start (ms): Min: 271651532,8, Avg: 271651533,2, Max: 271651533,3, Diff: 0,5]
      [Ext Root Scanning (ms): Min: 0,0, Avg: 3,9, Max: 5,4, Diff: 5,4, Sum: 15,6]
      [Update RS (ms): Min: 0,0, Avg: 0,0, Max: 0,0, Diff: 0,0, Sum: 0,0]
         [Processed Buffers: Min: 0, Avg: 8,0, Max: 32, Diff: 32, Sum: 32]
      [Scan RS (ms): Min: 0,0, Avg: 0,0, Max: 0,0, Diff: 0,0, Sum: 0,0]
      [Code Root Scanning (ms): Min: 0,0, Avg: 0,0, Max: 0,0, Diff: 0,0, Sum: 0,0]
      [Object Copy (ms): Min: 0,0, Avg: 1,5, Max: 5,2, Diff: 5,2, Sum: 5,9]
      [Termination (ms): Min: 0,0, Avg: 0,1, Max: 0,2, Diff: 0,2, Sum: 0,5]
         [Termination Attempts: Min: 1, Avg: 1,2, Max: 2, Diff: 1, Sum: 5]
      [GC Worker Other (ms): Min: 0,0, Avg: 0,0, Max: 0,0, Diff: 0,0, Sum: 0,0]
      [GC Worker Total (ms): Min: 5,4, Avg: 5,5, Max: 5,9, Diff: 0,5, Sum: 22,1]
      [GC Worker End (ms): Min: 271651538,7, Avg: 271651538,7, Max: 271651538,7, Diff: 0,0]
   [Code Root Fixup: 0,0 ms]
   [Code Root Purge: 0,0 ms]
   [Clear CT: 0,2 ms]
   [Other: 7,8 ms]
      [Choose CSet: 0,0 ms]
      [Ref Proc: 7,3 ms]
      [Ref Enq: 0,0 ms]
      [Redirty Cards: 0,2 ms]
      [Humongous Register: 0,0 ms]
      [Humongous Reclaim: 0,0 ms]
      [Free CSet: 0,1 ms]
   [Eden: 77,0M(77,0M)->0,0B(79,0M) Survivors: 2048,0K->1024,0K Heap: 226,5M(256,0M)->148,8M(256,0M)]
 [Times: user=0,03 sys=0,00, real=0,01 secs] 
2019-07-24T00:41:56.094-0300: 271651,547: [GC concurrent-root-region-scan-start]
2019-07-24T00:41:56.096-0300: 271651,549: [GC concurrent-root-region-scan-end, 0,0024466 secs]
2019-07-24T00:41:56.096-0300: 271651,549: [GC concurrent-mark-start]
2019-07-24T00:41:56.136-0300: 271651,589: [GC concurrent-mark-end, 0,0395874 secs]
2019-07-24T00:41:56.136-0300: 271651,589: [GC remark 2019-07-24T00:41:56.136-0300: 271651,589: [Finalize Marking, 0,0003403 secs] 2019-07-24T00:41:56.136-0300: 271651,590: [GC ref-proc, 0,0001407 secs] 2019-07-24T00:41:56.137-0300: 271651,590: [Unloading, 0,0075245 secs], 0,0096932 secs]
 [Times: user=0,02 sys=0,00, real=0,02 secs] 
2019-07-24T00:41:56.146-0300: 271651,599: [GC cleanup 149M->149M(256M), 0,0010046 secs]
 [Times: user=0,00 sys=0,00, real=0,00 secs] 
2019-07-24T01:22:27.008-0300: 274082,461: [GC pause (G1 Evacuation Pause) (young), 0,0129024 secs]
   [Parallel Time: 3,6 ms, GC Workers: 4]
      [GC Worker Start (ms): Min: 274082461,4, Avg: 274082463,9, Max: 274082464,8, Diff: 3,5]
      [Ext Root Scanning (ms): Min: 0,0, Avg: 0,3, Max: 1,0, Diff: 1,0, Sum: 1,1]
      [Update RS (ms): Min: 0,0, Avg: 0,1, Max: 0,3, Diff: 0,3, Sum: 0,3]
         [Processed Buffers: Min: 0, Avg: 8,5, Max: 34, Diff: 34, Sum: 34]
      [Scan RS (ms): Min: 0,0, Avg: 0,0, Max: 0,1, Diff: 0,1, Sum: 0,1]
      [Code Root Scanning (ms): Min: 0,0, Avg: 0,0, Max: 0,1, Diff: 0,1, Sum: 0,1]
      [Object Copy (ms): Min: 0,0, Avg: 0,4, Max: 1,7, Diff: 1,7, Sum: 1,7]
      [Termination (ms): Min: 0,0, Avg: 0,2, Max: 0,4, Diff: 0,4, Sum: 0,7]
         [Termination Attempts: Min: 1, Avg: 1,0, Max: 1, Diff: 0, Sum: 4]
      [GC Worker Other (ms): Min: 0,0, Avg: 0,0, Max: 0,0, Diff: 0,0, Sum: 0,1]
      [GC Worker Total (ms): Min: 0,0, Avg: 1,0, Max: 3,5, Diff: 3,5, Sum: 4,0]
      [GC Worker End (ms): Min: 274082464,8, Avg: 274082464,9, Max: 274082464,9, Diff: 0,0]
   [Code Root Fixup: 0,0 ms]
   [Code Root Purge: 0,0 ms]
   [Clear CT: 0,2 ms]
   [Other: 9,1 ms]
      [Choose CSet: 0,0 ms]
      [Ref Proc: 8,7 ms]
      [Ref Enq: 0,0 ms]
      [Redirty Cards: 0,2 ms]
      [Humongous Register: 0,0 ms]
      [Humongous Reclaim: 0,0 ms]
      [Free CSet: 0,0 ms]
   [Eden: 79,0M(79,0M)->0,0B(79,0M) Survivors: 1024,0K->1024,0K Heap: 227,8M(256,0M)->148,9M(256,0M)]
 [Times: user=0,01 sys=0,00, real=0,01 secs] 
2019-07-24T02:02:56.075-0300: 276511,529: [GC pause (G1 Evacuation Pause) (young), 0,0031472 secs]
   [Parallel Time: 1,9 ms, GC Workers: 4]
      [GC Worker Start (ms): Min: 276511528,7, Avg: 276511529,2, Max: 276511530,4, Diff: 1,8]
      [Ext Root Scanning (ms): Min: 0,0, Avg: 0,3, Max: 0,5, Diff: 0,5, Sum: 1,2]
      [Update RS (ms): Min: 0,0, Avg: 0,1, Max: 0,2, Diff: 0,2, Sum: 0,5]
         [Processed Buffers: Min: 0, Avg: 8,0, Max: 23, Diff: 23, Sum: 32]
      [Scan RS (ms): Min: 0,0, Avg: 0,0, Max: 0,1, Diff: 0,1, Sum: 0,2]
      [Code Root Scanning (ms): Min: 0,0, Avg: 0,0, Max: 0,1, Diff: 0,1, Sum: 0,1]
      [Object Copy (ms): Min: 0,0, Avg: 0,9, Max: 1,2, Diff: 1,1, Sum: 3,4]
      [Termination (ms): Min: 0,0, Avg: 0,0, Max: 0,0, Diff: 0,0, Sum: 0,0]
         [Termination Attempts: Min: 1, Avg: 1,0, Max: 1, Diff: 0, Sum: 4]
      [GC Worker Other (ms): Min: 0,0, Avg: 0,0, Max: 0,0, Diff: 0,0, Sum: 0,1]
      [GC Worker Total (ms): Min: 0,1, Avg: 1,4, Max: 1,9, Diff: 1,8, Sum: 5,5]
      [GC Worker End (ms): Min: 276511530,5, Avg: 276511530,5, Max: 276511530,5, Diff: 0,0]
   [Code Root Fixup: 0,0 ms]
   [Code Root Purge: 0,0 ms]
   [Clear CT: 0,3 ms]
   [Other: 0,9 ms]
      [Choose CSet: 0,0 ms]
      [Ref Proc: 0,5 ms]
      [Ref Enq: 0,0 ms]
      [Redirty Cards: 0,3 ms]
      [Humongous Register: 0,0 ms]
      [Humongous Reclaim: 0,0 ms]
      [Free CSet: 0,0 ms]
   [Eden: 79,0M(79,0M)->0,0B(77,0M) Survivors: 1024,0K->2048,0K Heap: 227,9M(256,0M)->149,5M(256,0M)]
 [Times: user=0,02 sys=0,00, real=0,01 secs] 
2019-07-24T02:42:56.075-0300: 278911,528: [GC pause (G1 Evacuation Pause) (young) (initial-mark), 0,0026252 secs]
   [Parallel Time: 1,5 ms, GC Workers: 4]
      [GC Worker Start (ms): Min: 278911528,4, Avg: 278911528,5, Max: 278911528,6, Diff: 0,2]
      [Ext Root Scanning (ms): Min: 0,6, Avg: 0,7, Max: 0,8, Diff: 0,2, Sum: 2,8]
      [Update RS (ms): Min: 0,1, Avg: 0,1, Max: 0,2, Diff: 0,2, Sum: 0,5]
         [Processed Buffers: Min: 1, Avg: 8,8, Max: 16, Diff: 15, Sum: 35]
      [Scan RS (ms): Min: 0,0, Avg: 0,0, Max: 0,1, Diff: 0,1, Sum: 0,2]
      [Code Root Scanning (ms): Min: 0,0, Avg: 0,0, Max: 0,0, Diff: 0,0, Sum: 0,1]
      [Object Copy (ms): Min: 0,3, Avg: 0,3, Max: 0,3, Diff: 0,1, Sum: 1,2]
      [Termination (ms): Min: 0,0, Avg: 0,0, Max: 0,0, Diff: 0,0, Sum: 0,0]
         [Termination Attempts: Min: 1, Avg: 1,0, Max: 1, Diff: 0, Sum: 4]
      [GC Worker Other (ms): Min: 0,0, Avg: 0,0, Max: 0,0, Diff: 0,0, Sum: 0,1]
      [GC Worker Total (ms): Min: 1,2, Avg: 1,2, Max: 1,3, Diff: 0,2, Sum: 5,0]
      [GC Worker End (ms): Min: 278911529,8, Avg: 278911529,8, Max: 278911529,8, Diff: 0,0]
   [Code Root Fixup: 0,0 ms]
   [Code Root Purge: 0,0 ms]
   [Clear CT: 0,3 ms]
   [Other: 0,9 ms]
      [Choose CSet: 0,0 ms]
      [Ref Proc: 0,4 ms]
      [Ref Enq: 0,0 ms]
      [Redirty Cards: 0,4 ms]
      [Humongous Register: 0,0 ms]
      [Humongous Reclaim: 0,0 ms]
      [Free CSet: 0,0 ms]
   [Eden: 77,0M(77,0M)->0,0B(77,0M) Survivors: 2048,0K->2048,0K Heap: 226,5M(256,0M)->149,1M(256,0M)]
 [Times: user=0,03 sys=0,00, real=0,01 secs] 
2019-07-24T02:42:56.078-0300: 278911,531: [GC concurrent-root-region-scan-start]
2019-07-24T02:42:56.080-0300: 278911,533: [GC concurrent-root-region-scan-end, 0,0018640 secs]
2019-07-24T02:42:56.080-0300: 278911,533: [GC concurrent-mark-start]
2019-07-24T02:42:56.120-0300: 278911,573: [GC concurrent-mark-end, 0,0405348 secs]
2019-07-24T02:42:56.121-0300: 278911,574: [GC remark 2019-07-24T02:42:56.121-0300: 278911,574: [Finalize Marking, 0,0003858 secs] 2019-07-24T02:42:56.121-0300: 278911,574: [GC ref-proc, 0,0001830 secs] 2019-07-24T02:42:56.121-0300: 278911,575: [Unloading, 0,0035331 secs], 0,0057994 secs]
 [Times: user=0,07 sys=0,00, real=0,01 secs] 
2019-07-24T02:42:56.127-0300: 278911,580: [GC cleanup 149M->149M(256M), 0,0000017 secs]
 [Times: user=0,00 sys=0,00, real=0,00 secs] 
2019-07-24T03:22:26.814-0300: 281282,267: [GC pause (G1 Evacuation Pause) (young), 0,0162010 secs]
   [Parallel Time: 15,3 ms, GC Workers: 4]
      [GC Worker Start (ms): Min: 281282267,3, Avg: 281282269,7, Max: 281282271,0, Diff: 3,8]
      [Ext Root Scanning (ms): Min: 0,0, Avg: 0,3, Max: 1,0, Diff: 1,0, Sum: 1,1]
      [Update RS (ms): Min: 0,0, Avg: 0,1, Max: 0,4, Diff: 0,4, Sum: 0,5]
         [Processed Buffers: Min: 0, Avg: 8,5, Max: 34, Diff: 34, Sum: 34]
      [Scan RS (ms): Min: 0,0, Avg: 0,0, Max: 0,1, Diff: 0,1, Sum: 0,1]
      [Code Root Scanning (ms): Min: 0,0, Avg: 0,0, Max: 0,1, Diff: 0,1, Sum: 0,1]
      [Object Copy (ms): Min: 0,0, Avg: 3,6, Max: 13,5, Diff: 13,5, Sum: 14,6]
      [Termination (ms): Min: 0,0, Avg: 8,6, Max: 11,7, Diff: 11,7, Sum: 34,6]
         [Termination Attempts: Min: 1, Avg: 1,0, Max: 1, Diff: 0, Sum: 4]
      [GC Worker Other (ms): Min: 0,0, Avg: 0,0, Max: 0,0, Diff: 0,0, Sum: 0,1]
      [GC Worker Total (ms): Min: 11,5, Avg: 12,8, Max: 15,2, Diff: 3,7, Sum: 51,0]
      [GC Worker End (ms): Min: 281282282,5, Avg: 281282282,5, Max: 281282282,5, Diff: 0,0]
   [Code Root Fixup: 0,0 ms]
   [Code Root Purge: 0,0 ms]
   [Clear CT: 0,1 ms]
   [Other: 0,8 ms]
      [Choose CSet: 0,0 ms]
      [Ref Proc: 0,4 ms]
      [Ref Enq: 0,0 ms]
      [Redirty Cards: 0,2 ms]
      [Humongous Register: 0,0 ms]
      [Humongous Reclaim: 0,0 ms]
      [Free CSet: 0,0 ms]
   [Eden: 77,0M(77,0M)->0,0B(79,0M) Survivors: 2048,0K->1024,0K Heap: 226,1M(256,0M)->149,0M(256,0M)]
 [Times: user=0,01 sys=0,00, real=0,02 secs] 
2019-07-24T04:02:56.073-0300: 283711,526: [GC pause (G1 Evacuation Pause) (young), 0,0053602 secs]
   [Parallel Time: 4,0 ms, GC Workers: 4]
      [GC Worker Start (ms): Min: 283711526,1, Avg: 283711528,9, Max: 283711530,0, Diff: 3,8]
      [Ext Root Scanning (ms): Min: 0,0, Avg: 0,3, Max: 1,0, Diff: 1,0, Sum: 1,1]
      [Update RS (ms): Min: 0,0, Avg: 0,1, Max: 0,4, Diff: 0,4, Sum: 0,4]
         [Processed Buffers: Min: 0, Avg: 8,0, Max: 32, Diff: 32, Sum: 32]
      [Scan RS (ms): Min: 0,0, Avg: 0,0, Max: 0,1, Diff: 0,1, Sum: 0,1]
      [Code Root Scanning (ms): Min: 0,0, Avg: 0,0, Max: 0,2, Diff: 0,2, Sum: 0,2]
      [Object Copy (ms): Min: 0,0, Avg: 0,4, Max: 1,8, Diff: 1,8, Sum: 1,8]
      [Termination (ms): Min: 0,0, Avg: 0,2, Max: 0,4, Diff: 0,4, Sum: 0,9]
         [Termination Attempts: Min: 1, Avg: 1,0, Max: 1, Diff: 0, Sum: 4]
      [GC Worker Other (ms): Min: 0,0, Avg: 0,0, Max: 0,1, Diff: 0,0, Sum: 0,1]
      [GC Worker Total (ms): Min: 0,1, Avg: 1,2, Max: 4,0, Diff: 3,8, Sum: 4,7]
      [GC Worker End (ms): Min: 283711530,1, Avg: 283711530,1, Max: 283711530,1, Diff: 0,0]
   [Code Root Fixup: 0,0 ms]
   [Code Root Purge: 0,0 ms]
   [Clear CT: 0,2 ms]
   [Other: 1,1 ms]
      [Choose CSet: 0,0 ms]
      [Ref Proc: 0,8 ms]
      [Ref Enq: 0,0 ms]
      [Redirty Cards: 0,2 ms]
      [Humongous Register: 0,0 ms]
      [Humongous Reclaim: 0,0 ms]
      [Free CSet: 0,0 ms]
   [Eden: 79,0M(79,0M)->0,0B(76,0M) Survivors: 1024,0K->2048,0K Heap: 228,0M(256,0M)->149,2M(256,0M)]
 [Times: user=0,00 sys=0,00, real=0,01 secs] 
2019-07-24T04:42:16.814-0300: 286072,267: [GC pause (G1 Evacuation Pause) (young) (initial-mark), 0,0047653 secs]
   [Parallel Time: 4,0 ms, GC Workers: 4]
      [GC Worker Start (ms): Min: 286072267,3, Avg: 286072268,4, Max: 286072268,8, Diff: 1,5]
      [Ext Root Scanning (ms): Min: 0,0, Avg: 2,2, Max: 3,7, Diff: 3,6, Sum: 8,6]
      [Update RS (ms): Min: 0,0, Avg: 0,1, Max: 0,4, Diff: 0,4, Sum: 0,4]
         [Processed Buffers: Min: 0, Avg: 8,0, Max: 32, Diff: 32, Sum: 32]
      [Scan RS (ms): Min: 0,0, Avg: 0,0, Max: 0,1, Diff: 0,1, Sum: 0,1]
      [Code Root Scanning (ms): Min: 0,0, Avg: 0,0, Max: 0,1, Diff: 0,1, Sum: 0,1]
      [Object Copy (ms): Min: 0,0, Avg: 0,4, Max: 1,5, Diff: 1,5, Sum: 1,6]
      [Termination (ms): Min: 0,0, Avg: 0,2, Max: 0,3, Diff: 0,3, Sum: 0,6]
         [Termination Attempts: Min: 1, Avg: 1,0, Max: 1, Diff: 0, Sum: 4]
      [GC Worker Other (ms): Min: 0,0, Avg: 0,0, Max: 0,0, Diff: 0,0, Sum: 0,1]
      [GC Worker Total (ms): Min: 2,5, Avg: 2,9, Max: 4,0, Diff: 1,5, Sum: 11,6]
      [GC Worker End (ms): Min: 286072271,2, Avg: 286072271,2, Max: 286072271,3, Diff: 0,0]
   [Code Root Fixup: 0,0 ms]
   [Code Root Purge: 0,0 ms]
   [Clear CT: 0,1 ms]
   [Other: 0,7 ms]
      [Choose CSet: 0,0 ms]
      [Ref Proc: 0,5 ms]
      [Ref Enq: 0,0 ms]
      [Redirty Cards: 0,0 ms]
      [Humongous Register: 0,0 ms]
      [Humongous Reclaim: 0,0 ms]
      [Free CSet: 0,0 ms]
   [Eden: 76,0M(76,0M)->0,0B(76,0M) Survivors: 2048,0K->2048,0K Heap: 225,2M(256,0M)->149,2M(256,0M)]
 [Times: user=0,01 sys=0,00, real=0,01 secs] 
2019-07-24T04:42:16.819-0300: 286072,272: [GC concurrent-root-region-scan-start]
2019-07-24T04:42:16.820-0300: 286072,273: [GC concurrent-root-region-scan-end, 0,0014156 secs]
2019-07-24T04:42:16.820-0300: 286072,274: [GC concurrent-mark-start]
2019-07-24T04:42:16.836-0300: 286072,289: [GC concurrent-mark-end, 0,0157137 secs]
2019-07-24T04:42:16.836-0300: 286072,290: [GC remark 2019-07-24T04:42:16.836-0300: 286072,290: [Finalize Marking, 0,0051911 secs] 2019-07-24T04:42:16.842-0300: 286072,295: [GC ref-proc, 0,0001308 secs] 2019-07-24T04:42:16.842-0300: 286072,295: [Unloading, 0,0089836 secs], 0,0151943 secs]
 [Times: user=0,01 sys=0,00, real=0,01 secs] 
2019-07-24T04:42:16.852-0300: 286072,305: [GC cleanup 149M->149M(256M), 0,0009606 secs]
 [Times: user=0,00 sys=0,00, real=0,00 secs] 
2019-07-24T05:21:26.818-0300: 288422,271: [GC pause (G1 Evacuation Pause) (young), 0,0043633 secs]
   [Parallel Time: 2,9 ms, GC Workers: 4]
      [GC Worker Start (ms): Min: 288422271,5, Avg: 288422273,3, Max: 288422274,0, Diff: 2,5]
      [Ext Root Scanning (ms): Min: 0,0, Avg: 0,3, Max: 1,0, Diff: 1,0, Sum: 1,1]
      [Update RS (ms): Min: 0,0, Avg: 0,1, Max: 0,4, Diff: 0,4, Sum: 0,4]
         [Processed Buffers: Min: 0, Avg: 7,8, Max: 31, Diff: 31, Sum: 31]
      [Scan RS (ms): Min: 0,0, Avg: 0,0, Max: 0,1, Diff: 0,1, Sum: 0,1]
      [Code Root Scanning (ms): Min: 0,0, Avg: 0,0, Max: 0,1, Diff: 0,1, Sum: 0,1]
      [Object Copy (ms): Min: 0,3, Avg: 0,6, Max: 1,2, Diff: 0,9, Sum: 2,5]
      [Termination (ms): Min: 0,0, Avg: 0,0, Max: 0,0, Diff: 0,0, Sum: 0,0]
         [Termination Attempts: Min: 1, Avg: 1,0, Max: 1, Diff: 0, Sum: 4]
      [GC Worker Other (ms): Min: 0,0, Avg: 0,0, Max: 0,0, Diff: 0,0, Sum: 0,1]
      [GC Worker Total (ms): Min: 0,4, Avg: 1,1, Max: 2,8, Diff: 2,5, Sum: 4,3]
      [GC Worker End (ms): Min: 288422274,3, Avg: 288422274,3, Max: 288422274,3, Diff: 0,0]
   [Code Root Fixup: 0,0 ms]
   [Code Root Purge: 0,0 ms]
   [Clear CT: 0,5 ms]
   [Other: 1,0 ms]
      [Choose CSet: 0,0 ms]
      [Ref Proc: 0,4 ms]
      [Ref Enq: 0,0 ms]
      [Redirty Cards: 0,4 ms]
      [Humongous Register: 0,0 ms]
      [Humongous Reclaim: 0,0 ms]
      [Free CSet: 0,0 ms]
   [Eden: 76,0M(76,0M)->0,0B(76,0M) Survivors: 2048,0K->2048,0K Heap: 225,2M(256,0M)->149,2M(256,0M)]
 [Times: user=0,01 sys=0,00, real=0,00 secs] 
2019-07-24T06:00:16.814-0300: 290752,267: [GC pause (G1 Evacuation Pause) (young), 0,0042978 secs]
   [Parallel Time: 3,4 ms, GC Workers: 4]
      [GC Worker Start (ms): Min: 290752267,3, Avg: 290752269,5, Max: 290752270,5, Diff: 3,2]
      [Ext Root Scanning (ms): Min: 0,0, Avg: 0,3, Max: 1,0, Diff: 1,0, Sum: 1,1]
      [Update RS (ms): Min: 0,0, Avg: 0,1, Max: 0,5, Diff: 0,5, Sum: 0,5]
         [Processed Buffers: Min: 0, Avg: 8,8, Max: 35, Diff: 35, Sum: 35]
      [Scan RS (ms): Min: 0,0, Avg: 0,0, Max: 0,1, Diff: 0,1, Sum: 0,1]
      [Code Root Scanning (ms): Min: 0,0, Avg: 0,0, Max: 0,1, Diff: 0,1, Sum: 0,1]
      [Object Copy (ms): Min: 0,0, Avg: 0,5, Max: 1,3, Diff: 1,3, Sum: 1,8]
      [Termination (ms): Min: 0,0, Avg: 0,2, Max: 0,3, Diff: 0,3, Sum: 0,8]
         [Termination Attempts: Min: 1, Avg: 1,0, Max: 1, Diff: 0, Sum: 4]
      [GC Worker Other (ms): Min: 0,0, Avg: 0,0, Max: 0,0, Diff: 0,0, Sum: 0,1]
      [GC Worker Total (ms): Min: 0,1, Avg: 1,1, Max: 3,3, Diff: 3,2, Sum: 4,5]
      [GC Worker End (ms): Min: 290752270,6, Avg: 290752270,6, Max: 290752270,6, Diff: 0,0]
   [Code Root Fixup: 0,0 ms]
   [Code Root Purge: 0,0 ms]
   [Clear CT: 0,1 ms]
   [Other: 0,7 ms]
      [Choose CSet: 0,0 ms]
      [Ref Proc: 0,5 ms]
      [Ref Enq: 0,0 ms]
      [Redirty Cards: 0,1 ms]
      [Humongous Register: 0,0 ms]
      [Humongous Reclaim: 0,0 ms]
      [Free CSet: 0,0 ms]
   [Eden: 76,0M(76,0M)->0,0B(78,0M) Survivors: 2048,0K->1024,0K Heap: 225,2M(256,0M)->148,9M(256,0M)]
 [Times: user=0,01 sys=0,00, real=0,01 secs] 
2019-07-24T06:40:45.103-0300: 293180,556: [GC pause (G1 Evacuation Pause) (young) (initial-mark), 0,0487315 secs]
   [Parallel Time: 29,8 ms, GC Workers: 4]
      [GC Worker Start (ms): Min: 293180575,7, Avg: 293180575,7, Max: 293180575,8, Diff: 0,1]
      [Ext Root Scanning (ms): Min: 12,6, Avg: 15,3, Max: 22,6, Diff: 10,0, Sum: 61,1]
      [Update RS (ms): Min: 0,0, Avg: 0,5, Max: 1,7, Diff: 1,7, Sum: 2,0]
         [Processed Buffers: Min: 0, Avg: 8,2, Max: 23, Diff: 23, Sum: 33]
      [Scan RS (ms): Min: 0,0, Avg: 0,0, Max: 0,1, Diff: 0,1, Sum: 0,2]
      [Code Root Scanning (ms): Min: 0,0, Avg: 0,0, Max: 0,1, Diff: 0,1, Sum: 0,1]
      [Object Copy (ms): Min: 0,0, Avg: 0,5, Max: 1,1, Diff: 1,1, Sum: 2,1]
      [Termination (ms): Min: 0,0, Avg: 6,3, Max: 8,5, Diff: 8,5, Sum: 25,1]
         [Termination Attempts: Min: 1, Avg: 2,0, Max: 5, Diff: 4, Sum: 8]
      [GC Worker Other (ms): Min: 0,0, Avg: 0,0, Max: 0,0, Diff: 0,0, Sum: 0,1]
      [GC Worker Total (ms): Min: 22,6, Avg: 22,7, Max: 22,7, Diff: 0,1, Sum: 90,7]
      [GC Worker End (ms): Min: 293180598,4, Avg: 293180598,4, Max: 293180598,4, Diff: 0,0]
   [Code Root Fixup: 0,0 ms]
   [Code Root Purge: 0,0 ms]
   [Clear CT: 0,3 ms]
   [Other: 18,7 ms]
      [Choose CSet: 0,0 ms]
      [Ref Proc: 4,0 ms]
      [Ref Enq: 0,0 ms]
      [Redirty Cards: 0,3 ms]
      [Humongous Register: 0,0 ms]
      [Humongous Reclaim: 0,0 ms]
      [Free CSet: 0,7 ms]
   [Eden: 78,0M(78,0M)->0,0B(76,0M) Survivors: 1024,0K->2048,0K Heap: 226,9M(256,0M)->149,2M(256,0M)]
 [Times: user=0,03 sys=0,00, real=0,07 secs] 
2019-07-24T06:40:45.176-0300: 293180,629: [GC concurrent-root-region-scan-start]
2019-07-24T06:40:45.178-0300: 293180,631: [GC concurrent-root-region-scan-end, 0,0015569 secs]
2019-07-24T06:40:45.178-0300: 293180,631: [GC concurrent-mark-start]
2019-07-24T06:40:45.214-0300: 293180,667: [GC concurrent-mark-end, 0,0360564 secs]
2019-07-24T06:40:45.214-0300: 293180,667: [GC remark 2019-07-24T06:40:45.214-0300: 293180,667: [Finalize Marking, 0,0003094 secs] 2019-07-24T06:40:45.214-0300: 293180,668: [GC ref-proc, 0,0001455 secs] 2019-07-24T06:40:45.214-0300: 293180,668: [Unloading, 0,0175781 secs], 0,0190700 secs]
 [Times: user=0,04 sys=0,00, real=0,02 secs] 
2019-07-24T06:40:45.234-0300: 293180,687: [GC cleanup 149M->149M(256M), 0,0016169 secs]
 [Times: user=0,00 sys=0,00, real=0,00 secs] 
2019-07-24T07:19:50.038-0300: 295525,491: [GC pause (G1 Evacuation Pause) (young), 0,0227441 secs]
   [Parallel Time: 21,5 ms, GC Workers: 4]
      [GC Worker Start (ms): Min: 295525491,5, Avg: 295525493,0, Max: 295525493,7, Diff: 2,2]
      [Ext Root Scanning (ms): Min: 0,0, Avg: 0,3, Max: 1,1, Diff: 1,0, Sum: 1,2]
      [Update RS (ms): Min: 0,0, Avg: 0,1, Max: 0,5, Diff: 0,5, Sum: 0,5]
         [Processed Buffers: Min: 0, Avg: 8,2, Max: 33, Diff: 33, Sum: 33]
      [Scan RS (ms): Min: 0,0, Avg: 4,9, Max: 19,6, Diff: 19,6, Sum: 19,7]
      [Code Root Scanning (ms): Min: 0,0, Avg: 0,0, Max: 0,1, Diff: 0,1, Sum: 0,1]
      [Object Copy (ms): Min: 0,1, Avg: 0,4, Max: 0,8, Diff: 0,7, Sum: 1,7]
      [Termination (ms): Min: 0,0, Avg: 14,0, Max: 18,7, Diff: 18,7, Sum: 56,0]
         [Termination Attempts: Min: 1, Avg: 1,0, Max: 1, Diff: 0, Sum: 4]
      [GC Worker Other (ms): Min: 0,0, Avg: 0,0, Max: 0,0, Diff: 0,0, Sum: 0,1]
      [GC Worker Total (ms): Min: 19,2, Avg: 19,8, Max: 21,3, Diff: 2,2, Sum: 79,2]
      [GC Worker End (ms): Min: 295525512,8, Avg: 295525512,9, Max: 295525512,9, Diff: 0,0]
   [Code Root Fixup: 0,0 ms]
   [Code Root Purge: 0,0 ms]
   [Clear CT: 0,3 ms]
   [Other: 1,0 ms]
      [Choose CSet: 0,0 ms]
      [Ref Proc: 0,5 ms]
      [Ref Enq: 0,0 ms]
      [Redirty Cards: 0,3 ms]
      [Humongous Register: 0,0 ms]
      [Humongous Reclaim: 0,0 ms]
      [Free CSet: 0,1 ms]
   [Eden: 76,0M(76,0M)->0,0B(76,0M) Survivors: 2048,0K->2048,0K Heap: 225,2M(256,0M)->149,4M(256,0M)]
 [Times: user=0,07 sys=0,00, real=0,02 secs] 
2019-07-24T07:58:54.943-0300: 297870,396: [GC pause (G1 Evacuation Pause) (young), 0,0031441 secs]
   [Parallel Time: 2,0 ms, GC Workers: 4]
      [GC Worker Start (ms): Min: 297870396,0, Avg: 297870396,4, Max: 297870397,6, Diff: 1,6]
      [Ext Root Scanning (ms): Min: 0,0, Avg: 0,3, Max: 0,6, Diff: 0,5, Sum: 1,3]
      [Update RS (ms): Min: 0,0, Avg: 0,1, Max: 0,2, Diff: 0,2, Sum: 0,5]
         [Processed Buffers: Min: 0, Avg: 8,5, Max: 17, Diff: 17, Sum: 34]
      [Scan RS (ms): Min: 0,0, Avg: 0,0, Max: 0,1, Diff: 0,1, Sum: 0,2]
      [Code Root Scanning (ms): Min: 0,0, Avg: 0,0, Max: 0,1, Diff: 0,1, Sum: 0,1]
      [Object Copy (ms): Min: 0,0, Avg: 0,6, Max: 0,8, Diff: 0,8, Sum: 2,2]
      [Termination (ms): Min: 0,0, Avg: 0,2, Max: 0,3, Diff: 0,3, Sum: 0,7]
         [Termination Attempts: Min: 1, Avg: 1,0, Max: 1, Diff: 0, Sum: 4]
      [GC Worker Other (ms): Min: 0,0, Avg: 0,0, Max: 0,1, Diff: 0,0, Sum: 0,1]
      [GC Worker Total (ms): Min: 0,1, Avg: 1,3, Max: 1,8, Diff: 1,7, Sum: 5,2]
      [GC Worker End (ms): Min: 297870397,7, Avg: 297870397,7, Max: 297870397,8, Diff: 0,2]
   [Code Root Fixup: 0,0 ms]
   [Code Root Purge: 0,0 ms]
   [Clear CT: 0,3 ms]
   [Other: 0,8 ms]
      [Choose CSet: 0,0 ms]
      [Ref Proc: 0,4 ms]
      [Ref Enq: 0,0 ms]
      [Redirty Cards: 0,2 ms]
      [Humongous Register: 0,0 ms]
      [Humongous Reclaim: 0,0 ms]
      [Free CSet: 0,0 ms]
   [Eden: 76,0M(76,0M)->0,0B(78,0M) Survivors: 2048,0K->1024,0K Heap: 225,4M(256,0M)->148,9M(256,0M)]
 [Times: user=0,01 sys=0,00, real=0,01 secs] 
2019-07-24T08:39:15.128-0300: 300290,581: [GC pause (G1 Evacuation Pause) (young) (initial-mark), 0,0134359 secs]
   [Parallel Time: 12,0 ms, GC Workers: 4]
      [GC Worker Start (ms): Min: 300290581,4, Avg: 300290581,6, Max: 300290581,7, Diff: 0,3]
      [Ext Root Scanning (ms): Min: 0,4, Avg: 0,5, Max: 0,7, Diff: 0,3, Sum: 2,2]
      [Update RS (ms): Min: 0,0, Avg: 0,1, Max: 0,2, Diff: 0,2, Sum: 0,5]
         [Processed Buffers: Min: 3, Avg: 9,0, Max: 16, Diff: 13, Sum: 36]
      [Scan RS (ms): Min: 0,0, Avg: 0,0, Max: 0,1, Diff: 0,0, Sum: 0,2]
      [Code Root Scanning (ms): Min: 0,0, Avg: 0,0, Max: 0,0, Diff: 0,0, Sum: 0,1]
      [Object Copy (ms): Min: 0,6, Avg: 3,2, Max: 10,8, Diff: 10,1, Sum: 12,7]
      [Termination (ms): Min: 0,0, Avg: 7,6, Max: 10,1, Diff: 10,1, Sum: 30,4]
         [Termination Attempts: Min: 1, Avg: 13,5, Max: 23, Diff: 22, Sum: 54]
      [GC Worker Other (ms): Min: 0,0, Avg: 0,0, Max: 0,1, Diff: 0,0, Sum: 0,1]
      [GC Worker Total (ms): Min: 11,4, Avg: 11,5, Max: 11,7, Diff: 0,3, Sum: 46,2]
      [GC Worker End (ms): Min: 300290593,1, Avg: 300290593,1, Max: 300290593,2, Diff: 0,0]
   [Code Root Fixup: 0,0 ms]
   [Code Root Purge: 0,0 ms]
   [Clear CT: 0,4 ms]
   [Other: 1,1 ms]
      [Choose CSet: 0,0 ms]
      [Ref Proc: 0,5 ms]
      [Ref Enq: 0,0 ms]
      [Redirty Cards: 0,4 ms]
      [Humongous Register: 0,0 ms]
      [Humongous Reclaim: 0,0 ms]
      [Free CSet: 0,0 ms]
   [Eden: 78,0M(78,0M)->0,0B(76,0M) Survivors: 1024,0K->2048,0K Heap: 226,9M(256,0M)->149,3M(256,0M)]
 [Times: user=0,04 sys=0,00, real=0,01 secs] 
2019-07-24T08:39:15.142-0300: 300290,595: [GC concurrent-root-region-scan-start]
2019-07-24T08:39:15.143-0300: 300290,596: [GC concurrent-root-region-scan-end, 0,0014141 secs]
2019-07-24T08:39:15.143-0300: 300290,596: [GC concurrent-mark-start]
2019-07-24T08:39:15.161-0300: 300290,614: [GC concurrent-mark-end, 0,0179401 secs]
2019-07-24T08:39:15.161-0300: 300290,615: [GC remark 2019-07-24T08:39:15.161-0300: 300290,615: [Finalize Marking, 0,0002849 secs] 2019-07-24T08:39:15.162-0300: 300290,615: [GC ref-proc, 0,0001689 secs] 2019-07-24T08:39:15.162-0300: 300290,615: [Unloading, 0,0034272 secs], 0,0048663 secs]
 [Times: user=0,00 sys=0,00, real=0,01 secs] 
2019-07-24T08:39:15.167-0300: 300290,620: [GC cleanup 149M->149M(256M), 0,0010846 secs]
 [Times: user=0,00 sys=0,00, real=0,00 secs] 
2019-07-24T09:18:16.126-0300: 302631,579: [GC pause (G1 Evacuation Pause) (young), 0,0027337 secs]
   [Parallel Time: 1,4 ms, GC Workers: 4]
      [GC Worker Start (ms): Min: 302631579,0, Avg: 302631579,1, Max: 302631579,1, Diff: 0,2]
      [Ext Root Scanning (ms): Min: 0,3, Avg: 0,4, Max: 0,6, Diff: 0,4, Sum: 1,5]
      [Update RS (ms): Min: 0,0, Avg: 0,1, Max: 0,2, Diff: 0,2, Sum: 0,6]
         [Processed Buffers: Min: 2, Avg: 9,2, Max: 17, Diff: 15, Sum: 37]
      [Scan RS (ms): Min: 0,0, Avg: 0,0, Max: 0,1, Diff: 0,0, Sum: 0,2]
      [Code Root Scanning (ms): Min: 0,0, Avg: 0,0, Max: 0,0, Diff: 0,0, Sum: 0,1]
      [Object Copy (ms): Min: 0,6, Avg: 0,6, Max: 0,6, Diff: 0,0, Sum: 2,4]
      [Termination (ms): Min: 0,0, Avg: 0,0, Max: 0,0, Diff: 0,0, Sum: 0,0]
         [Termination Attempts: Min: 1, Avg: 1,0, Max: 1, Diff: 0, Sum: 4]
      [GC Worker Other (ms): Min: 0,0, Avg: 0,0, Max: 0,0, Diff: 0,0, Sum: 0,1]
      [GC Worker Total (ms): Min: 1,2, Avg: 1,2, Max: 1,3, Diff: 0,2, Sum: 4,9]
      [GC Worker End (ms): Min: 302631580,3, Avg: 302631580,3, Max: 302631580,3, Diff: 0,0]
   [Code Root Fixup: 0,0 ms]
   [Code Root Purge: 0,0 ms]
   [Clear CT: 0,3 ms]
   [Other: 1,0 ms]
      [Choose CSet: 0,0 ms]
      [Ref Proc: 0,5 ms]
      [Ref Enq: 0,0 ms]
      [Redirty Cards: 0,4 ms]
      [Humongous Register: 0,0 ms]
      [Humongous Reclaim: 0,0 ms]
      [Free CSet: 0,0 ms]
   [Eden: 76,0M(76,0M)->0,0B(78,0M) Survivors: 2048,0K->1024,0K Heap: 225,3M(256,0M)->149,0M(256,0M)]
 [Times: user=0,00 sys=0,01, real=0,00 secs] 
2019-07-24T09:58:21.814-0300: 305037,267: [GC pause (G1 Evacuation Pause) (young), 0,0039188 secs]
   [Parallel Time: 3,1 ms, GC Workers: 4]
      [GC Worker Start (ms): Min: 305037267,2, Avg: 305037269,3, Max: 305037270,2, Diff: 3,0]
      [Ext Root Scanning (ms): Min: 0,0, Avg: 0,3, Max: 1,0, Diff: 1,0, Sum: 1,1]
      [Update RS (ms): Min: 0,0, Avg: 0,1, Max: 0,4, Diff: 0,4, Sum: 0,4]
         [Processed Buffers: Min: 0, Avg: 8,5, Max: 34, Diff: 34, Sum: 34]
      [Scan RS (ms): Min: 0,0, Avg: 0,0, Max: 0,1, Diff: 0,1, Sum: 0,1]
      [Code Root Scanning (ms): Min: 0,0, Avg: 0,0, Max: 0,1, Diff: 0,1, Sum: 0,1]
      [Object Copy (ms): Min: 0,0, Avg: 0,4, Max: 1,3, Diff: 1,3, Sum: 1,6]
      [Termination (ms): Min: 0,0, Avg: 0,2, Max: 0,3, Diff: 0,3, Sum: 0,7]
         [Termination Attempts: Min: 1, Avg: 1,0, Max: 1, Diff: 0, Sum: 4]
      [GC Worker Other (ms): Min: 0,0, Avg: 0,0, Max: 0,0, Diff: 0,0, Sum: 0,1]
      [GC Worker Total (ms): Min: 0,0, Avg: 1,0, Max: 3,1, Diff: 3,0, Sum: 4,0]
      [GC Worker End (ms): Min: 305037270,3, Avg: 305037270,3, Max: 305037270,3, Diff: 0,0]
   [Code Root Fixup: 0,0 ms]
   [Code Root Purge: 0,0 ms]
   [Clear CT: 0,1 ms]
   [Other: 0,7 ms]
      [Choose CSet: 0,0 ms]
      [Ref Proc: 0,4 ms]
      [Ref Enq: 0,0 ms]
      [Redirty Cards: 0,2 ms]
      [Humongous Register: 0,0 ms]
      [Humongous Reclaim: 0,0 ms]
      [Free CSet: 0,0 ms]
   [Eden: 78,0M(78,0M)->0,0B(77,0M) Survivors: 1024,0K->1024,0K Heap: 227,0M(256,0M)->149,0M(256,0M)]
 [Times: user=0,01 sys=0,00, real=0,01 secs] 
2019-07-24T10:38:15.575-0300: 307431,029: [GC pause (G1 Evacuation Pause) (young) (initial-mark), 0,0065071 secs]
   [Parallel Time: 5,2 ms, GC Workers: 4]
      [GC Worker Start (ms): Min: 307431028,9, Avg: 307431029,8, Max: 307431030,3, Diff: 1,4]
      [Ext Root Scanning (ms): Min: 2,6, Avg: 3,4, Max: 3,9, Diff: 1,3, Sum: 13,7]
      [Update RS (ms): Min: 0,0, Avg: 0,1, Max: 0,5, Diff: 0,5, Sum: 0,5]
         [Processed Buffers: Min: 0, Avg: 8,5, Max: 34, Diff: 34, Sum: 34]
      [Scan RS (ms): Min: 0,0, Avg: 0,0, Max: 0,1, Diff: 0,1, Sum: 0,1]
      [Code Root Scanning (ms): Min: 0,0, Avg: 0,0, Max: 0,1, Diff: 0,1, Sum: 0,1]
      [Object Copy (ms): Min: 0,0, Avg: 0,6, Max: 1,8, Diff: 1,8, Sum: 2,3]
      [Termination (ms): Min: 0,0, Avg: 0,1, Max: 0,1, Diff: 0,1, Sum: 0,2]
         [Termination Attempts: Min: 1, Avg: 1,0, Max: 1, Diff: 0, Sum: 4]
      [GC Worker Other (ms): Min: 0,0, Avg: 0,0, Max: 0,0, Diff: 0,0, Sum: 0,1]
      [GC Worker Total (ms): Min: 3,7, Avg: 4,2, Max: 5,1, Diff: 1,4, Sum: 17,0]
      [GC Worker End (ms): Min: 307431034,0, Avg: 307431034,0, Max: 307431034,0, Diff: 0,0]
   [Code Root Fixup: 0,0 ms]
   [Code Root Purge: 0,0 ms]
   [Clear CT: 0,4 ms]
   [Other: 0,9 ms]
      [Choose CSet: 0,0 ms]
      [Ref Proc: 0,4 ms]
      [Ref Enq: 0,0 ms]
      [Redirty Cards: 0,3 ms]
      [Humongous Register: 0,0 ms]
      [Humongous Reclaim: 0,0 ms]
      [Free CSet: 0,0 ms]
   [Eden: 77,0M(77,0M)->0,0B(76,0M) Survivors: 1024,0K->2048,0K Heap: 226,0M(256,0M)->149,4M(256,0M)]
 [Times: user=0,00 sys=0,00, real=0,01 secs] 
2019-07-24T10:38:15.582-0300: 307431,035: [GC concurrent-root-region-scan-start]
2019-07-24T10:38:15.584-0300: 307431,037: [GC concurrent-root-region-scan-end, 0,0015456 secs]
2019-07-24T10:38:15.584-0300: 307431,037: [GC concurrent-mark-start]
2019-07-24T10:38:15.602-0300: 307431,056: [GC concurrent-mark-end, 0,0186845 secs]
2019-07-24T10:38:15.603-0300: 307431,056: [GC remark 2019-07-24T10:38:15.603-0300: 307431,056: [Finalize Marking, 0,0002859 secs] 2019-07-24T10:38:15.603-0300: 307431,056: [GC ref-proc, 0,0001573 secs] 2019-07-24T10:38:15.603-0300: 307431,057: [Unloading, 0,0031973 secs], 0,0045485 secs]
 [Times: user=0,03 sys=0,00, real=0,01 secs] 
2019-07-24T10:38:15.608-0300: 307431,061: [GC cleanup 149M->149M(256M), 0,0015129 secs]
 [Times: user=0,00 sys=0,00, real=0,00 secs] 
2019-07-24T11:17:23.722-0300: 309779,175: [GC pause (G1 Evacuation Pause) (young), 0,0053076 secs]
   [Parallel Time: 3,1 ms, GC Workers: 4]
      [GC Worker Start (ms): Min: 309779175,5, Avg: 309779177,5, Max: 309779178,4, Diff: 2,9]
      [Ext Root Scanning (ms): Min: 0,0, Avg: 0,3, Max: 1,0, Diff: 1,0, Sum: 1,1]
      [Update RS (ms): Min: 0,0, Avg: 0,1, Max: 0,4, Diff: 0,4, Sum: 0,4]
         [Processed Buffers: Min: 0, Avg: 8,5, Max: 34, Diff: 34, Sum: 34]
      [Scan RS (ms): Min: 0,0, Avg: 0,0, Max: 0,1, Diff: 0,1, Sum: 0,1]
      [Code Root Scanning (ms): Min: 0,0, Avg: 0,0, Max: 0,1, Diff: 0,1, Sum: 0,1]
      [Object Copy (ms): Min: 0,0, Avg: 0,4, Max: 1,1, Diff: 1,1, Sum: 1,6]
      [Termination (ms): Min: 0,0, Avg: 0,2, Max: 0,2, Diff: 0,2, Sum: 0,6]
         [Termination Attempts: Min: 1, Avg: 1,0, Max: 1, Diff: 0, Sum: 4]
      [GC Worker Other (ms): Min: 0,0, Avg: 0,0, Max: 0,0, Diff: 0,0, Sum: 0,1]
      [GC Worker Total (ms): Min: 0,0, Avg: 1,0, Max: 3,0, Diff: 2,9, Sum: 4,0]
      [GC Worker End (ms): Min: 309779178,5, Avg: 309779178,5, Max: 309779178,5, Diff: 0,0]
   [Code Root Fixup: 0,0 ms]
   [Code Root Purge: 0,0 ms]
   [Clear CT: 0,3 ms]
   [Other: 1,9 ms]
      [Choose CSet: 0,0 ms]
      [Ref Proc: 1,4 ms]
      [Ref Enq: 0,0 ms]
      [Redirty Cards: 0,3 ms]
      [Humongous Register: 0,0 ms]
      [Humongous Reclaim: 0,0 ms]
      [Free CSet: 0,0 ms]
   [Eden: 76,0M(76,0M)->0,0B(78,0M) Survivors: 2048,0K->1024,0K Heap: 225,4M(256,0M)->148,9M(256,0M)]
 [Times: user=0,01 sys=0,00, real=0,01 secs] 
2019-07-24T11:57:21.814-0300: 312177,267: [GC pause (G1 Evacuation Pause) (young), 0,0041525 secs]
   [Parallel Time: 3,3 ms, GC Workers: 4]
      [GC Worker Start (ms): Min: 312177267,4, Avg: 312177269,5, Max: 312177270,5, Diff: 3,2]
      [Ext Root Scanning (ms): Min: 0,0, Avg: 0,3, Max: 1,0, Diff: 1,0, Sum: 1,1]
      [Update RS (ms): Min: 0,0, Avg: 0,1, Max: 0,5, Diff: 0,5, Sum: 0,5]
         [Processed Buffers: Min: 0, Avg: 8,0, Max: 32, Diff: 32, Sum: 32]
      [Scan RS (ms): Min: 0,0, Avg: 0,0, Max: 0,1, Diff: 0,1, Sum: 0,1]
      [Code Root Scanning (ms): Min: 0,0, Avg: 0,0, Max: 0,1, Diff: 0,1, Sum: 0,1]
      [Object Copy (ms): Min: 0,0, Avg: 0,5, Max: 1,2, Diff: 1,2, Sum: 1,9]
      [Termination (ms): Min: 0,0, Avg: 0,2, Max: 0,3, Diff: 0,3, Sum: 0,7]
         [Termination Attempts: Min: 1, Avg: 1,0, Max: 1, Diff: 0, Sum: 4]
      [GC Worker Other (ms): Min: 0,0, Avg: 0,0, Max: 0,0, Diff: 0,0, Sum: 0,1]
      [GC Worker Total (ms): Min: 0,1, Avg: 1,1, Max: 3,2, Diff: 3,2, Sum: 4,4]
      [GC Worker End (ms): Min: 312177270,6, Avg: 312177270,6, Max: 312177270,6, Diff: 0,0]
   [Code Root Fixup: 0,0 ms]
   [Code Root Purge: 0,0 ms]
   [Clear CT: 0,1 ms]
   [Other: 0,7 ms]
      [Choose CSet: 0,0 ms]
      [Ref Proc: 0,4 ms]
      [Ref Enq: 0,0 ms]
      [Redirty Cards: 0,2 ms]
      [Humongous Register: 0,0 ms]
      [Humongous Reclaim: 0,0 ms]
      [Free CSet: 0,0 ms]
   [Eden: 78,0M(78,0M)->0,0B(76,0M) Survivors: 1024,0K->2048,0K Heap: 226,9M(256,0M)->149,2M(256,0M)]
 [Times: user=0,01 sys=0,00, real=0,01 secs] 
2019-07-24T12:36:55.467-0300: 314550,921: [GC pause (G1 Evacuation Pause) (young) (initial-mark), 0,0059132 secs]
   [Parallel Time: 4,8 ms, GC Workers: 4]
      [GC Worker Start (ms): Min: 314550920,8, Avg: 314550922,2, Max: 314550922,7, Diff: 1,9]
      [Ext Root Scanning (ms): Min: 0,0, Avg: 2,5, Max: 4,4, Diff: 4,4, Sum: 9,9]
      [Update RS (ms): Min: 0,0, Avg: 0,1, Max: 0,4, Diff: 0,4, Sum: 0,4]
         [Processed Buffers: Min: 0, Avg: 8,0, Max: 32, Diff: 32, Sum: 32]
      [Scan RS (ms): Min: 0,0, Avg: 0,0, Max: 0,1, Diff: 0,1, Sum: 0,1]
      [Code Root Scanning (ms): Min: 0,0, Avg: 0,0, Max: 0,1, Diff: 0,1, Sum: 0,1]
      [Object Copy (ms): Min: 0,0, Avg: 0,5, Max: 1,8, Diff: 1,8, Sum: 1,9]
      [Termination (ms): Min: 0,0, Avg: 0,1, Max: 0,2, Diff: 0,2, Sum: 0,4]
         [Termination Attempts: Min: 1, Avg: 1,0, Max: 1, Diff: 0, Sum: 4]
      [GC Worker Other (ms): Min: 0,0, Avg: 0,0, Max: 0,0, Diff: 0,0, Sum: 0,1]
      [GC Worker Total (ms): Min: 2,7, Avg: 3,2, Max: 4,6, Diff: 1,9, Sum: 12,9]
      [GC Worker End (ms): Min: 314550925,4, Avg: 314550925,4, Max: 314550925,4, Diff: 0,0]
   [Code Root Fixup: 0,0 ms]
   [Code Root Purge: 0,0 ms]
   [Clear CT: 0,2 ms]
   [Other: 0,9 ms]
      [Choose CSet: 0,0 ms]
      [Ref Proc: 0,4 ms]
      [Ref Enq: 0,0 ms]
      [Redirty Cards: 0,3 ms]
      [Humongous Register: 0,0 ms]
      [Humongous Reclaim: 0,0 ms]
      [Free CSet: 0,0 ms]
   [Eden: 76,0M(76,0M)->0,0B(76,0M) Survivors: 2048,0K->2048,0K Heap: 225,2M(256,0M)->149,2M(256,0M)]
 [Times: user=0,01 sys=0,00, real=0,00 secs] 
2019-07-24T12:36:55.474-0300: 314550,927: [GC concurrent-root-region-scan-start]
2019-07-24T12:36:55.475-0300: 314550,928: [GC concurrent-root-region-scan-end, 0,0015687 secs]
2019-07-24T12:36:55.475-0300: 314550,928: [GC concurrent-mark-start]
2019-07-24T12:36:55.492-0300: 314550,945: [GC concurrent-mark-end, 0,0170508 secs]
2019-07-24T12:36:55.492-0300: 314550,946: [GC remark 2019-07-24T12:36:55.493-0300: 314550,946: [Finalize Marking, 0,0002962 secs] 2019-07-24T12:36:55.493-0300: 314550,946: [GC ref-proc, 0,0001207 secs] 2019-07-24T12:36:55.493-0300: 314550,946: [Unloading, 0,0088709 secs], 0,0102539 secs]
 [Times: user=0,00 sys=0,00, real=0,01 secs] 
2019-07-24T12:36:55.503-0300: 314550,956: [GC cleanup 149M->149M(256M), 0,0011790 secs]
 [Times: user=0,00 sys=0,00, real=0,00 secs] 
2019-07-24T13:15:48.873-0300: 316884,327: [GC pause (G1 Evacuation Pause) (young), 0,0029055 secs]
   [Parallel Time: 1,6 ms, GC Workers: 4]
      [GC Worker Start (ms): Min: 316884326,6, Avg: 316884327,0, Max: 316884328,0, Diff: 1,4]
      [Ext Root Scanning (ms): Min: 0,0, Avg: 0,3, Max: 0,5, Diff: 0,5, Sum: 1,1]
      [Update RS (ms): Min: 0,0, Avg: 0,1, Max: 0,2, Diff: 0,2, Sum: 0,5]
         [Processed Buffers: Min: 0, Avg: 8,0, Max: 28, Diff: 28, Sum: 32]
      [Scan RS (ms): Min: 0,0, Avg: 0,0, Max: 0,1, Diff: 0,1, Sum: 0,2]
      [Code Root Scanning (ms): Min: 0,0, Avg: 0,0, Max: 0,1, Diff: 0,1, Sum: 0,1]
      [Object Copy (ms): Min: 0,0, Avg: 0,5, Max: 0,7, Diff: 0,7, Sum: 1,9]
      [Termination (ms): Min: 0,0, Avg: 0,1, Max: 0,2, Diff: 0,2, Sum: 0,4]
         [Termination Attempts: Min: 1, Avg: 1,0, Max: 1, Diff: 0, Sum: 4]
      [GC Worker Other (ms): Min: 0,0, Avg: 0,0, Max: 0,0, Diff: 0,0, Sum: 0,1]
      [GC Worker Total (ms): Min: 0,1, Avg: 1,1, Max: 1,5, Diff: 1,4, Sum: 4,3]
      [GC Worker End (ms): Min: 316884328,0, Avg: 316884328,1, Max: 316884328,1, Diff: 0,0]
   [Code Root Fixup: 0,0 ms]
   [Code Root Purge: 0,0 ms]
   [Clear CT: 0,3 ms]
   [Other: 1,0 ms]
      [Choose CSet: 0,0 ms]
      [Ref Proc: 0,5 ms]
      [Ref Enq: 0,0 ms]
      [Redirty Cards: 0,4 ms]
      [Humongous Register: 0,0 ms]
      [Humongous Reclaim: 0,0 ms]
      [Free CSet: 0,0 ms]
   [Eden: 76,0M(76,0M)->0,0B(76,0M) Survivors: 2048,0K->2048,0K Heap: 225,2M(256,0M)->149,4M(256,0M)]
 [Times: user=0,00 sys=0,00, real=0,00 secs] 
2019-07-24T13:54:46.079-0300: 319221,532: [GC pause (G1 Evacuation Pause) (young), 0,0041267 secs]
   [Parallel Time: 3,2 ms, GC Workers: 4]
      [GC Worker Start (ms): Min: 319221532,3, Avg: 319221534,3, Max: 319221535,4, Diff: 3,1]
      [Ext Root Scanning (ms): Min: 0,0, Avg: 0,3, Max: 1,0, Diff: 1,0, Sum: 1,1]
      [Update RS (ms): Min: 0,0, Avg: 0,2, Max: 0,8, Diff: 0,8, Sum: 0,8]
         [Processed Buffers: Min: 0, Avg: 9,0, Max: 36, Diff: 36, Sum: 36]
      [Scan RS (ms): Min: 0,0, Avg: 0,0, Max: 0,1, Diff: 0,1, Sum: 0,1]
      [Code Root Scanning (ms): Min: 0,0, Avg: 0,0, Max: 0,1, Diff: 0,1, Sum: 0,1]
      [Object Copy (ms): Min: 0,0, Avg: 0,5, Max: 0,9, Diff: 0,9, Sum: 1,8]
      [Termination (ms): Min: 0,0, Avg: 0,2, Max: 0,3, Diff: 0,3, Sum: 0,7]
         [Termination Attempts: Min: 1, Avg: 1,0, Max: 1, Diff: 0, Sum: 4]
      [GC Worker Other (ms): Min: 0,0, Avg: 0,0, Max: 0,0, Diff: 0,0, Sum: 0,1]
      [GC Worker Total (ms): Min: 0,1, Avg: 1,2, Max: 3,2, Diff: 3,1, Sum: 4,7]
      [GC Worker End (ms): Min: 319221535,5, Avg: 319221535,5, Max: 319221535,5, Diff: 0,0]
   [Code Root Fixup: 0,0 ms]
   [Code Root Purge: 0,0 ms]
   [Clear CT: 0,1 ms]
   [Other: 0,8 ms]
      [Choose CSet: 0,0 ms]
      [Ref Proc: 0,4 ms]
      [Ref Enq: 0,0 ms]
      [Redirty Cards: 0,2 ms]
      [Humongous Register: 0,0 ms]
      [Humongous Reclaim: 0,0 ms]
      [Free CSet: 0,0 ms]
   [Eden: 76,0M(76,0M)->0,0B(77,0M) Survivors: 2048,0K->1024,0K Heap: 225,4M(256,0M)->148,9M(256,0M)]
 [Times: user=0,00 sys=0,00, real=0,00 secs] 
2019-07-24T14:34:33.259-0300: 321608,713: [GC pause (G1 Evacuation Pause) (young) (initial-mark), 0,0075615 secs]
   [Parallel Time: 4,5 ms, GC Workers: 4]
      [GC Worker Start (ms): Min: 321608712,6, Avg: 321608713,5, Max: 321608713,9, Diff: 1,3]
      [Ext Root Scanning (ms): Min: 0,0, Avg: 2,6, Max: 4,2, Diff: 4,1, Sum: 10,3]
      [Update RS (ms): Min: 0,0, Avg: 0,1, Max: 0,5, Diff: 0,5, Sum: 0,5]
         [Processed Buffers: Min: 0, Avg: 8,8, Max: 35, Diff: 35, Sum: 35]
      [Scan RS (ms): Min: 0,0, Avg: 0,0, Max: 0,1, Diff: 0,1, Sum: 0,1]
      [Code Root Scanning (ms): Min: 0,0, Avg: 0,0, Max: 0,1, Diff: 0,1, Sum: 0,1]
      [Object Copy (ms): Min: 0,0, Avg: 0,5, Max: 2,0, Diff: 2,0, Sum: 2,1]
      [Termination (ms): Min: 0,0, Avg: 0,2, Max: 0,3, Diff: 0,3, Sum: 0,7]
         [Termination Attempts: Min: 1, Avg: 1,0, Max: 1, Diff: 0, Sum: 4]
      [GC Worker Other (ms): Min: 0,0, Avg: 0,0, Max: 0,0, Diff: 0,0, Sum: 0,1]
      [GC Worker Total (ms): Min: 3,0, Avg: 3,4, Max: 4,4, Diff: 1,3, Sum: 13,8]
      [GC Worker End (ms): Min: 321608717,0, Avg: 321608717,0, Max: 321608717,0, Diff: 0,0]
   [Code Root Fixup: 0,0 ms]
   [Code Root Purge: 0,0 ms]
   [Clear CT: 0,2 ms]
   [Other: 2,9 ms]
      [Choose CSet: 0,0 ms]
      [Ref Proc: 2,6 ms]
      [Ref Enq: 0,0 ms]
      [Redirty Cards: 0,2 ms]
      [Humongous Register: 0,0 ms]
      [Humongous Reclaim: 0,0 ms]
      [Free CSet: 0,0 ms]
   [Eden: 77,0M(77,0M)->0,0B(76,0M) Survivors: 1024,0K->2048,0K Heap: 225,9M(256,0M)->149,4M(256,0M)]
 [Times: user=0,02 sys=0,00, real=0,01 secs] 
2019-07-24T14:34:33.267-0300: 321608,720: [GC concurrent-root-region-scan-start]
2019-07-24T14:34:33.269-0300: 321608,722: [GC concurrent-root-region-scan-end, 0,0015854 secs]
2019-07-24T14:34:33.269-0300: 321608,722: [GC concurrent-mark-start]
2019-07-24T14:34:33.285-0300: 321608,738: [GC concurrent-mark-end, 0,0165671 secs]
2019-07-24T14:34:33.286-0300: 321608,739: [GC remark 2019-07-24T14:34:33.286-0300: 321608,739: [Finalize Marking, 0,0004715 secs] 2019-07-24T14:34:33.286-0300: 321608,739: [GC ref-proc, 0,0001414 secs] 2019-07-24T14:34:33.286-0300: 321608,739: [Unloading, 0,0074052 secs], 0,0090329 secs]
 [Times: user=0,00 sys=0,00, real=0,00 secs] 
2019-07-24T14:34:33.295-0300: 321608,748: [GC cleanup 149M->149M(256M), 0,0017651 secs]
 [Times: user=0,00 sys=0,00, real=0,01 secs] 
2019-07-24T15:13:51.488-0300: 323966,941: [GC pause (G1 Evacuation Pause) (young), 0,0204297 secs]
   [Parallel Time: 18,5 ms, GC Workers: 4]
      [GC Worker Start (ms): Min: 323966941,1, Avg: 323966943,2, Max: 323966944,8, Diff: 3,7]
      [Ext Root Scanning (ms): Min: 0,0, Avg: 0,3, Max: 1,0, Diff: 1,0, Sum: 1,1]
      [Update RS (ms): Min: 0,0, Avg: 4,4, Max: 17,3, Diff: 17,3, Sum: 17,5]
         [Processed Buffers: Min: 0, Avg: 8,2, Max: 32, Diff: 32, Sum: 33]
      [Scan RS (ms): Min: 0,0, Avg: 0,0, Max: 0,1, Diff: 0,1, Sum: 0,1]
      [Code Root Scanning (ms): Min: 0,0, Avg: 0,0, Max: 0,1, Diff: 0,1, Sum: 0,1]
      [Object Copy (ms): Min: 0,0, Avg: 0,4, Max: 1,7, Diff: 1,7, Sum: 1,8]
      [Termination (ms): Min: 0,0, Avg: 11,2, Max: 15,0, Diff: 15,0, Sum: 44,6]
         [Termination Attempts: Min: 1, Avg: 1,0, Max: 1, Diff: 0, Sum: 4]
      [GC Worker Other (ms): Min: 0,0, Avg: 0,0, Max: 0,0, Diff: 0,0, Sum: 0,1]
      [GC Worker Total (ms): Min: 14,8, Avg: 16,3, Max: 18,5, Diff: 3,7, Sum: 65,3]
      [GC Worker End (ms): Min: 323966959,5, Avg: 323966959,6, Max: 323966959,6, Diff: 0,0]
   [Code Root Fixup: 0,0 ms]
   [Code Root Purge: 0,0 ms]
   [Clear CT: 0,1 ms]
   [Other: 1,8 ms]
      [Choose CSet: 0,0 ms]
      [Ref Proc: 1,6 ms]
      [Ref Enq: 0,0 ms]
      [Redirty Cards: 0,0 ms]
      [Humongous Register: 0,0 ms]
      [Humongous Reclaim: 0,0 ms]
      [Free CSet: 0,0 ms]
   [Eden: 76,0M(76,0M)->0,0B(78,0M) Survivors: 2048,0K->1024,0K Heap: 225,4M(256,0M)->149,0M(256,0M)]
 [Times: user=0,02 sys=0,00, real=0,02 secs] 
2019-07-24T15:54:16.814-0300: 326392,267: [GC pause (G1 Evacuation Pause) (young), 0,0055566 secs]
   [Parallel Time: 4,1 ms, GC Workers: 4]
      [GC Worker Start (ms): Min: 326392267,2, Avg: 326392270,0, Max: 326392271,1, Diff: 3,9]
      [Ext Root Scanning (ms): Min: 0,0, Avg: 0,3, Max: 1,0, Diff: 1,0, Sum: 1,1]
      [Update RS (ms): Min: 0,0, Avg: 0,1, Max: 0,4, Diff: 0,4, Sum: 0,4]
         [Processed Buffers: Min: 0, Avg: 8,2, Max: 33, Diff: 33, Sum: 33]
      [Scan RS (ms): Min: 0,0, Avg: 0,0, Max: 0,1, Diff: 0,1, Sum: 0,1]
      [Code Root Scanning (ms): Min: 0,0, Avg: 0,0, Max: 0,1, Diff: 0,1, Sum: 0,1]
      [Object Copy (ms): Min: 0,0, Avg: 0,5, Max: 2,0, Diff: 2,0, Sum: 2,1]
      [Termination (ms): Min: 0,0, Avg: 0,2, Max: 0,4, Diff: 0,3, Sum: 0,7]
         [Termination Attempts: Min: 1, Avg: 1,0, Max: 1, Diff: 0, Sum: 4]
      [GC Worker Other (ms): Min: 0,0, Avg: 0,0, Max: 0,0, Diff: 0,0, Sum: 0,1]
      [GC Worker Total (ms): Min: 0,1, Avg: 1,1, Max: 4,0, Diff: 3,9, Sum: 4,5]
      [GC Worker End (ms): Min: 326392271,1, Avg: 326392271,2, Max: 326392271,2, Diff: 0,1]
   [Code Root Fixup: 0,0 ms]
   [Code Root Purge: 0,0 ms]
   [Clear CT: 0,1 ms]
   [Other: 1,3 ms]
      [Choose CSet: 0,0 ms]
      [Ref Proc: 1,0 ms]
      [Ref Enq: 0,0 ms]
      [Redirty Cards: 0,2 ms]
      [Humongous Register: 0,0 ms]
      [Humongous Reclaim: 0,0 ms]
      [Free CSet: 0,0 ms]
   [Eden: 78,0M(78,0M)->0,0B(78,0M) Survivors: 1024,0K->1024,0K Heap: 227,0M(256,0M)->149,0M(256,0M)]
 [Times: user=0,00 sys=0,01, real=0,01 secs] 
2019-07-24T16:34:18.674-0300: 328794,127: [GC pause (G1 Evacuation Pause) (young) (initial-mark), 0,0071068 secs]
   [Parallel Time: 2,1 ms, GC Workers: 4]
      [GC Worker Start (ms): Min: 328794127,6, Avg: 328794128,5, Max: 328794128,9, Diff: 1,4]
      [Ext Root Scanning (ms): Min: 0,0, Avg: 0,9, Max: 1,9, Diff: 1,9, Sum: 3,4]
      [Update RS (ms): Min: 0,0, Avg: 0,1, Max: 0,4, Diff: 0,4, Sum: 0,4]
         [Processed Buffers: Min: 0, Avg: 7,8, Max: 31, Diff: 31, Sum: 31]
      [Scan RS (ms): Min: 0,0, Avg: 0,0, Max: 0,1, Diff: 0,1, Sum: 0,1]
      [Code Root Scanning (ms): Min: 0,0, Avg: 0,0, Max: 0,1, Diff: 0,1, Sum: 0,1]
      [Object Copy (ms): Min: 0,0, Avg: 0,0, Max: 0,1, Diff: 0,1, Sum: 0,1]
      [Termination (ms): Min: 0,0, Avg: 0,0, Max: 0,0, Diff: 0,0, Sum: 0,0]
         [Termination Attempts: Min: 1, Avg: 1,0, Max: 1, Diff: 0, Sum: 4]
      [GC Worker Other (ms): Min: 0,0, Avg: 0,0, Max: 0,0, Diff: 0,0, Sum: 0,0]
      [GC Worker Total (ms): Min: 0,7, Avg: 1,0, Max: 2,0, Diff: 1,4, Sum: 4,2]
      [GC Worker End (ms): Min: 328794129,6, Avg: 328794129,6, Max: 328794129,6, Diff: 0,0]
   [Code Root Fixup: 0,0 ms]
   [Code Root Purge: 0,0 ms]
   [Clear CT: 0,2 ms]
   [Other: 4,9 ms]
      [Choose CSet: 0,0 ms]
      [Ref Proc: 4,5 ms]
      [Ref Enq: 0,0 ms]
      [Redirty Cards: 0,3 ms]
      [Humongous Register: 0,0 ms]
      [Humongous Reclaim: 0,0 ms]
      [Free CSet: 0,0 ms]
   [Eden: 78,0M(78,0M)->0,0B(76,0M) Survivors: 1024,0K->2048,0K Heap: 227,0M(256,0M)->149,2M(256,0M)]
 [Times: user=0,01 sys=0,00, real=0,01 secs] 
2019-07-24T16:34:18.681-0300: 328794,135: [GC concurrent-root-region-scan-start]
2019-07-24T16:34:18.683-0300: 328794,136: [GC concurrent-root-region-scan-end, 0,0012679 secs]
2019-07-24T16:34:18.683-0300: 328794,136: [GC concurrent-mark-start]
2019-07-24T16:34:18.700-0300: 328794,153: [GC concurrent-mark-end, 0,0173257 secs]
2019-07-24T16:34:18.700-0300: 328794,153: [GC remark 2019-07-24T16:34:18.700-0300: 328794,153: [Finalize Marking, 0,0000002 secs] 2019-07-24T16:34:18.700-0300: 328794,153: [GC ref-proc, 0,0000001 secs] 2019-07-24T16:34:18.700-0300: 328794,153: [Unloading, 0,0282708 secs], 0,0293213 secs]
 [Times: user=0,00 sys=0,00, real=0,03 secs] 
2019-07-24T16:34:18.730-0300: 328794,183: [GC cleanup 149M->149M(256M), 0,0013710 secs]
 [Times: user=0,00 sys=0,00, real=0,00 secs] 
2019-07-24T17:13:13.843-0300: 331129,297: [GC pause (G1 Evacuation Pause) (young), 0,0116295 secs]
   [Parallel Time: 10,5 ms, GC Workers: 4]
      [GC Worker Start (ms): Min: 331129296,9, Avg: 331129297,0, Max: 331129297,1, Diff: 0,2]
      [Ext Root Scanning (ms): Min: 8,2, Avg: 9,1, Max: 10,2, Diff: 2,0, Sum: 36,4]
      [Update RS (ms): Min: 0,0, Avg: 0,1, Max: 0,2, Diff: 0,2, Sum: 0,5]
         [Processed Buffers: Min: 0, Avg: 8,0, Max: 28, Diff: 28, Sum: 32]
      [Scan RS (ms): Min: 0,0, Avg: 0,0, Max: 0,1, Diff: 0,1, Sum: 0,2]
      [Code Root Scanning (ms): Min: 0,0, Avg: 0,0, Max: 0,1, Diff: 0,1, Sum: 0,1]
      [Object Copy (ms): Min: 0,0, Avg: 0,9, Max: 1,6, Diff: 1,6, Sum: 3,4]
      [Termination (ms): Min: 0,0, Avg: 0,1, Max: 0,1, Diff: 0,1, Sum: 0,4]
         [Termination Attempts: Min: 1, Avg: 1,0, Max: 1, Diff: 0, Sum: 4]
      [GC Worker Other (ms): Min: 0,0, Avg: 0,0, Max: 0,0, Diff: 0,0, Sum: 0,1]
      [GC Worker Total (ms): Min: 10,2, Avg: 10,3, Max: 10,4, Diff: 0,2, Sum: 41,1]
      [GC Worker End (ms): Min: 331129307,3, Avg: 331129307,3, Max: 331129307,3, Diff: 0,0]
   [Code Root Fixup: 0,0 ms]
   [Code Root Purge: 0,0 ms]
   [Clear CT: 0,2 ms]
   [Other: 0,9 ms]
      [Choose CSet: 0,0 ms]
      [Ref Proc: 0,4 ms]
      [Ref Enq: 0,0 ms]
      [Redirty Cards: 0,3 ms]
      [Humongous Register: 0,0 ms]
      [Humongous Reclaim: 0,0 ms]
      [Free CSet: 0,0 ms]
   [Eden: 76,0M(76,0M)->0,0B(76,0M) Survivors: 2048,0K->2048,0K Heap: 225,2M(256,0M)->149,2M(256,0M)]
 [Times: user=0,01 sys=0,00, real=0,04 secs] 
2019-07-24T17:52:41.931-0300: 333497,389: [GC pause (G1 Evacuation Pause) (young), 0,0415311 secs]
   [Parallel Time: 22,1 ms, GC Workers: 4]
      [GC Worker Start (ms): Min: 333497400,7, Avg: 333497400,8, Max: 333497400,8, Diff: 0,1]
      [Ext Root Scanning (ms): Min: 18,0, Avg: 19,4, Max: 21,2, Diff: 3,2, Sum: 77,8]
      [Update RS (ms): Min: 0,0, Avg: 0,1, Max: 0,5, Diff: 0,4, Sum: 0,5]
         [Processed Buffers: Min: 0, Avg: 8,2, Max: 33, Diff: 33, Sum: 33]
      [Scan RS (ms): Min: 0,0, Avg: 0,0, Max: 0,1, Diff: 0,1, Sum: 0,1]
      [Code Root Scanning (ms): Min: 0,0, Avg: 0,0, Max: 0,1, Diff: 0,1, Sum: 0,1]
      [Object Copy (ms): Min: 0,0, Avg: 0,4, Max: 0,9, Diff: 0,9, Sum: 1,8]
      [Termination (ms): Min: 0,0, Avg: 1,2, Max: 1,7, Diff: 1,7, Sum: 4,8]
         [Termination Attempts: Min: 1, Avg: 1,2, Max: 2, Diff: 1, Sum: 5]
      [GC Worker Other (ms): Min: 0,0, Avg: 0,0, Max: 0,0, Diff: 0,0, Sum: 0,1]
      [GC Worker Total (ms): Min: 21,3, Avg: 21,3, Max: 21,4, Diff: 0,1, Sum: 85,2]
      [GC Worker End (ms): Min: 333497422,1, Avg: 333497422,1, Max: 333497422,1, Diff: 0,0]
   [Code Root Fixup: 0,0 ms]
   [Code Root Purge: 0,0 ms]
   [Clear CT: 0,1 ms]
   [Other: 19,3 ms]
      [Choose CSet: 0,0 ms]
      [Ref Proc: 2,9 ms]
      [Ref Enq: 0,0 ms]
      [Redirty Cards: 0,2 ms]
      [Humongous Register: 0,0 ms]
      [Humongous Reclaim: 0,0 ms]
      [Free CSet: 0,0 ms]
   [Eden: 76,0M(76,0M)->0,0B(76,0M) Survivors: 2048,0K->2048,0K Heap: 225,2M(256,0M)->149,4M(256,0M)]
 [Times: user=0,00 sys=0,01, real=0,07 secs] 
2019-07-24T18:31:41.814-0300: 335837,267: [GC pause (G1 Evacuation Pause) (young) (initial-mark), 0,0032497 secs]
   [Parallel Time: 1,9 ms, GC Workers: 4]
      [GC Worker Start (ms): Min: 335837267,5, Avg: 335837267,9, Max: 335837268,3, Diff: 0,8]
      [Ext Root Scanning (ms): Min: 0,1, Avg: 0,7, Max: 1,8, Diff: 1,7, Sum: 2,8]
      [Update RS (ms): Min: 0,0, Avg: 0,1, Max: 0,2, Diff: 0,2, Sum: 0,5]
         [Processed Buffers: Min: 0, Avg: 8,2, Max: 26, Diff: 26, Sum: 33]
      [Scan RS (ms): Min: 0,0, Avg: 0,0, Max: 0,1, Diff: 0,1, Sum: 0,2]
      [Code Root Scanning (ms): Min: 0,0, Avg: 0,0, Max: 0,0, Diff: 0,0, Sum: 0,1]
      [Object Copy (ms): Min: 0,0, Avg: 0,5, Max: 0,7, Diff: 0,7, Sum: 2,0]
      [Termination (ms): Min: 0,0, Avg: 0,1, Max: 0,1, Diff: 0,1, Sum: 0,3]
         [Termination Attempts: Min: 1, Avg: 1,0, Max: 1, Diff: 0, Sum: 4]
      [GC Worker Other (ms): Min: 0,0, Avg: 0,0, Max: 0,0, Diff: 0,0, Sum: 0,1]
      [GC Worker Total (ms): Min: 1,1, Avg: 1,5, Max: 1,9, Diff: 0,8, Sum: 6,0]
      [GC Worker End (ms): Min: 335837269,4, Avg: 335837269,4, Max: 335837269,4, Diff: 0,0]
   [Code Root Fixup: 0,0 ms]
   [Code Root Purge: 0,0 ms]
   [Clear CT: 0,4 ms]
   [Other: 0,9 ms]
      [Choose CSet: 0,0 ms]
      [Ref Proc: 0,4 ms]
      [Ref Enq: 0,0 ms]
      [Redirty Cards: 0,3 ms]
      [Humongous Register: 0,0 ms]
      [Humongous Reclaim: 0,0 ms]
      [Free CSet: 0,0 ms]
   [Eden: 76,0M(76,0M)->0,0B(78,0M) Survivors: 2048,0K->1024,0K Heap: 225,4M(256,0M)->149,1M(256,0M)]
 [Times: user=0,00 sys=0,00, real=0,01 secs] 
2019-07-24T18:31:41.818-0300: 335837,271: [GC concurrent-root-region-scan-start]
2019-07-24T18:31:41.819-0300: 335837,272: [GC concurrent-root-region-scan-end, 0,0014553 secs]
2019-07-24T18:31:41.819-0300: 335837,272: [GC concurrent-mark-start]
2019-07-24T18:31:41.839-0300: 335837,292: [GC concurrent-mark-end, 0,0201629 secs]
2019-07-24T18:31:41.840-0300: 335837,293: [GC remark 2019-07-24T18:31:41.840-0300: 335837,293: [Finalize Marking, 0,0005327 secs] 2019-07-24T18:31:41.840-0300: 335837,293: [GC ref-proc, 0,0001441 secs] 2019-07-24T18:31:41.840-0300: 335837,294: [Unloading, 0,0343797 secs], 0,0366873 secs]
 [Times: user=0,01 sys=0,00, real=0,03 secs] 
2019-07-24T18:31:41.877-0300: 335837,330: [GC cleanup 149M->149M(256M), 0,0016354 secs]
 [Times: user=0,00 sys=0,01, real=0,00 secs] 
2019-07-24T19:11:46.509-0300: 338241,962: [GC pause (G1 Evacuation Pause) (young), 0,0046426 secs]
   [Parallel Time: 3,7 ms, GC Workers: 4]
      [GC Worker Start (ms): Min: 338241962,2, Avg: 338241964,8, Max: 338241965,7, Diff: 3,5]
      [Ext Root Scanning (ms): Min: 0,0, Avg: 0,3, Max: 1,0, Diff: 1,0, Sum: 1,1]
      [Update RS (ms): Min: 0,0, Avg: 0,1, Max: 0,4, Diff: 0,4, Sum: 0,4]
         [Processed Buffers: Min: 0, Avg: 8,5, Max: 34, Diff: 34, Sum: 34]
      [Scan RS (ms): Min: 0,0, Avg: 0,0, Max: 0,1, Diff: 0,1, Sum: 0,1]
      [Code Root Scanning (ms): Min: 0,0, Avg: 0,0, Max: 0,1, Diff: 0,1, Sum: 0,1]
      [Object Copy (ms): Min: 0,0, Avg: 0,4, Max: 1,6, Diff: 1,6, Sum: 1,6]
      [Termination (ms): Min: 0,0, Avg: 0,2, Max: 0,4, Diff: 0,4, Sum: 0,7]
         [Termination Attempts: Min: 1, Avg: 1,0, Max: 1, Diff: 0, Sum: 4]
      [GC Worker Other (ms): Min: 0,0, Avg: 0,0, Max: 0,0, Diff: 0,0, Sum: 0,1]
      [GC Worker Total (ms): Min: 0,1, Avg: 1,0, Max: 3,6, Diff: 3,6, Sum: 4,1]
      [GC Worker End (ms): Min: 338241965,8, Avg: 338241965,8, Max: 338241965,8, Diff: 0,0]
   [Code Root Fixup: 0,0 ms]
   [Code Root Purge: 0,0 ms]
   [Clear CT: 0,1 ms]
   [Other: 0,8 ms]
      [Choose CSet: 0,0 ms]
      [Ref Proc: 0,5 ms]
      [Ref Enq: 0,0 ms]
      [Redirty Cards: 0,1 ms]
      [Humongous Register: 0,0 ms]
      [Humongous Reclaim: 0,0 ms]
      [Free CSet: 0,0 ms]
   [Eden: 78,0M(78,0M)->0,0B(77,0M) Survivors: 1024,0K->1024,0K Heap: 227,1M(256,0M)->148,9M(256,0M)]
 [Times: user=0,01 sys=0,00, real=0,00 secs] 
2019-07-24T19:51:49.733-0300: 340645,186: [GC pause (G1 Evacuation Pause) (young), 0,0084661 secs]
   [Parallel Time: 3,7 ms, GC Workers: 4]
      [GC Worker Start (ms): Min: 340645186,1, Avg: 340645188,7, Max: 340645189,7, Diff: 3,6]
      [Ext Root Scanning (ms): Min: 0,0, Avg: 0,3, Max: 1,0, Diff: 1,0, Sum: 1,1]
      [Update RS (ms): Min: 0,0, Avg: 0,1, Max: 0,4, Diff: 0,4, Sum: 0,4]
         [Processed Buffers: Min: 0, Avg: 8,2, Max: 33, Diff: 33, Sum: 33]
      [Scan RS (ms): Min: 0,0, Avg: 0,0, Max: 0,1, Diff: 0,1, Sum: 0,1]
      [Code Root Scanning (ms): Min: 0,0, Avg: 0,0, Max: 0,1, Diff: 0,1, Sum: 0,1]
      [Object Copy (ms): Min: 0,0, Avg: 0,4, Max: 1,6, Diff: 1,6, Sum: 1,6]
      [Termination (ms): Min: 0,0, Avg: 0,2, Max: 0,4, Diff: 0,4, Sum: 0,8]
         [Termination Attempts: Min: 1, Avg: 1,0, Max: 1, Diff: 0, Sum: 4]
      [GC Worker Other (ms): Min: 0,0, Avg: 0,0, Max: 0,0, Diff: 0,0, Sum: 0,1]
      [GC Worker Total (ms): Min: 0,0, Avg: 1,0, Max: 3,6, Diff: 3,6, Sum: 4,2]
      [GC Worker End (ms): Min: 340645189,7, Avg: 340645189,8, Max: 340645189,8, Diff: 0,0]
   [Code Root Fixup: 0,0 ms]
   [Code Root Purge: 0,0 ms]
   [Clear CT: 0,3 ms]
   [Other: 4,5 ms]
      [Choose CSet: 0,0 ms]
      [Ref Proc: 4,1 ms]
      [Ref Enq: 0,0 ms]
      [Redirty Cards: 0,2 ms]
      [Humongous Register: 0,0 ms]
      [Humongous Reclaim: 0,0 ms]
      [Free CSet: 0,0 ms]
   [Eden: 77,0M(77,0M)->0,0B(78,0M) Survivors: 1024,0K->1024,0K Heap: 225,9M(256,0M)->148,9M(256,0M)]
 [Times: user=0,00 sys=0,02, real=0,01 secs] 
2019-07-24T20:31:52.959-0300: 343048,412: [GC pause (G1 Evacuation Pause) (young) (initial-mark), 0,0340814 secs]
   [Parallel Time: 20,1 ms, GC Workers: 4]
      [GC Worker Start (ms): Min: 343048431,0, Avg: 343048431,1, Max: 343048431,1, Diff: 0,1]
      [Ext Root Scanning (ms): Min: 10,3, Avg: 12,1, Max: 12,9, Diff: 2,5, Sum: 48,5]
      [Update RS (ms): Min: 0,0, Avg: 0,1, Max: 0,3, Diff: 0,3, Sum: 0,3]
         [Processed Buffers: Min: 0, Avg: 8,2, Max: 33, Diff: 33, Sum: 33]
      [Scan RS (ms): Min: 0,0, Avg: 0,0, Max: 0,1, Diff: 0,1, Sum: 0,1]
      [Code Root Scanning (ms): Min: 0,0, Avg: 0,0, Max: 0,1, Diff: 0,1, Sum: 0,1]
      [Object Copy (ms): Min: 0,0, Avg: 0,5, Max: 1,9, Diff: 1,9, Sum: 2,0]
      [Termination (ms): Min: 0,0, Avg: 0,1, Max: 0,3, Diff: 0,3, Sum: 0,6]
         [Termination Attempts: Min: 1, Avg: 1,0, Max: 1, Diff: 0, Sum: 4]
      [GC Worker Other (ms): Min: 0,0, Avg: 0,0, Max: 0,0, Diff: 0,0, Sum: 0,1]
      [GC Worker Total (ms): Min: 12,9, Avg: 12,9, Max: 13,0, Diff: 0,1, Sum: 51,7]
      [GC Worker End (ms): Min: 343048444,0, Avg: 343048444,0, Max: 343048444,0, Diff: 0,0]
   [Code Root Fixup: 0,0 ms]
   [Code Root Purge: 0,0 ms]
   [Clear CT: 0,1 ms]
   [Other: 13,9 ms]
      [Choose CSet: 0,0 ms]
      [Ref Proc: 2,0 ms]
      [Ref Enq: 0,0 ms]
      [Redirty Cards: 0,0 ms]
      [Humongous Register: 0,0 ms]
      [Humongous Reclaim: 0,0 ms]
      [Free CSet: 0,0 ms]
   [Eden: 78,0M(78,0M)->0,0B(76,0M) Survivors: 1024,0K->2048,0K Heap: 226,9M(256,0M)->149,2M(256,0M)]
 [Times: user=0,00 sys=0,01, real=0,03 secs] 
2019-07-24T20:31:52.993-0300: 343048,447: [GC concurrent-root-region-scan-start]
2019-07-24T20:31:52.994-0300: 343048,448: [GC concurrent-root-region-scan-end, 0,0011372 secs]
2019-07-24T20:31:52.994-0300: 343048,448: [GC concurrent-mark-start]
2019-07-24T20:31:53.012-0300: 343048,465: [GC concurrent-mark-end, 0,0175339 secs]
2019-07-24T20:31:53.012-0300: 343048,466: [GC remark 2019-07-24T20:31:53.012-0300: 343048,466: [Finalize Marking, 0,0004901 secs] 2019-07-24T20:31:53.013-0300: 343048,466: [GC ref-proc, 0,0001587 secs] 2019-07-24T20:31:53.013-0300: 343048,466: [Unloading, 0,0089531 secs], 0,0107926 secs]
 [Times: user=0,02 sys=0,00, real=0,01 secs] 
2019-07-24T20:31:53.024-0300: 343048,477: [GC cleanup 149M->149M(256M), 0,0019771 secs]
 [Times: user=0,00 sys=0,00, real=0,01 secs] 
2019-07-24T21:10:48.227-0300: 345383,681: [GC pause (G1 Evacuation Pause) (young), 0,0018034 secs]
   [Parallel Time: 1,7 ms, GC Workers: 4]
      [GC Worker Start (ms): Min: 345383680,9, Avg: 345383681,8, Max: 345383682,5, Diff: 1,7]
      [Ext Root Scanning (ms): Min: 0,0, Avg: 0,3, Max: 0,8, Diff: 0,8, Sum: 1,2]
      [Update RS (ms): Min: 0,0, Avg: 0,1, Max: 0,3, Diff: 0,3, Sum: 0,5]
         [Processed Buffers: Min: 0, Avg: 8,5, Max: 29, Diff: 29, Sum: 34]
      [Scan RS (ms): Min: 0,0, Avg: 0,0, Max: 0,1, Diff: 0,1, Sum: 0,1]
      [Code Root Scanning (ms): Min: 0,0, Avg: 0,0, Max: 0,1, Diff: 0,1, Sum: 0,1]
      [Object Copy (ms): Min: 0,0, Avg: 0,2, Max: 0,5, Diff: 0,5, Sum: 1,0]
      [Termination (ms): Min: 0,0, Avg: 0,0, Max: 0,0, Diff: 0,0, Sum: 0,0]
         [Termination Attempts: Min: 1, Avg: 1,0, Max: 1, Diff: 0, Sum: 4]
      [GC Worker Other (ms): Min: 0,0, Avg: 0,0, Max: 0,0, Diff: 0,0, Sum: 0,0]
      [GC Worker Total (ms): Min: 0,0, Avg: 0,7, Max: 1,7, Diff: 1,7, Sum: 2,9]
      [GC Worker End (ms): Min: 345383682,5, Avg: 345383682,5, Max: 345383682,5, Diff: 0,0]
   [Code Root Fixup: 0,0 ms]
   [Code Root Purge: 0,0 ms]
   [Clear CT: 0,0 ms]
   [Other: 0,1 ms]
      [Choose CSet: 0,0 ms]
      [Ref Proc: 0,0 ms]
      [Ref Enq: 0,0 ms]
      [Redirty Cards: 0,0 ms]
      [Humongous Register: 0,0 ms]
      [Humongous Reclaim: 0,0 ms]
      [Free CSet: 0,0 ms]
   [Eden: 76,0M(76,0M)->0,0B(76,0M) Survivors: 2048,0K->2048,0K Heap: 225,2M(256,0M)->149,2M(256,0M)]
 [Times: user=0,00 sys=0,00, real=0,01 secs] 
2019-07-24T21:50:19.237-0300: 347754,691: [GC pause (G1 Evacuation Pause) (young), 0,0247918 secs]
   [Parallel Time: 23,1 ms, GC Workers: 4]
      [GC Worker Start (ms): Min: 347754690,8, Avg: 347754692,8, Max: 347754694,3, Diff: 3,5]
      [Ext Root Scanning (ms): Min: 0,0, Avg: 3,3, Max: 12,8, Diff: 12,8, Sum: 13,3]
      [Update RS (ms): Min: 0,0, Avg: 0,1, Max: 0,5, Diff: 0,5, Sum: 0,5]
         [Processed Buffers: Min: 0, Avg: 8,2, Max: 33, Diff: 33, Sum: 33]
      [Scan RS (ms): Min: 0,0, Avg: 0,0, Max: 0,1, Diff: 0,1, Sum: 0,1]
      [Code Root Scanning (ms): Min: 0,0, Avg: 0,0, Max: 0,1, Diff: 0,1, Sum: 0,1]
      [Object Copy (ms): Min: 0,0, Avg: 5,6, Max: 20,4, Diff: 20,4, Sum: 22,3]
      [Termination (ms): Min: 0,0, Avg: 11,7, Max: 18,4, Diff: 18,4, Sum: 46,8]
         [Termination Attempts: Min: 1, Avg: 1,8, Max: 3, Diff: 2, Sum: 7]
      [GC Worker Other (ms): Min: 0,0, Avg: 0,0, Max: 0,1, Diff: 0,0, Sum: 0,1]
      [GC Worker Total (ms): Min: 19,3, Avg: 20,8, Max: 22,9, Diff: 3,6, Sum: 83,3]
      [GC Worker End (ms): Min: 347754713,6, Avg: 347754713,6, Max: 347754713,7, Diff: 0,1]
   [Code Root Fixup: 0,0 ms]
   [Code Root Purge: 0,0 ms]
   [Clear CT: 0,3 ms]
   [Other: 1,3 ms]
      [Choose CSet: 0,0 ms]
      [Ref Proc: 0,7 ms]
      [Ref Enq: 0,0 ms]
      [Redirty Cards: 0,3 ms]
      [Humongous Register: 0,0 ms]
      [Humongous Reclaim: 0,0 ms]
      [Free CSet: 0,1 ms]
   [Eden: 76,0M(76,0M)->0,0B(76,0M) Survivors: 2048,0K->2048,0K Heap: 225,2M(256,0M)->149,3M(256,0M)]
 [Times: user=0,02 sys=0,04, real=0,02 secs] 
2019-07-24T22:29:24.766-0300: 350100,219: [GC pause (G1 Evacuation Pause) (young) (initial-mark), 0,0043386 secs]
   [Parallel Time: 3,3 ms, GC Workers: 4]
      [GC Worker Start (ms): Min: 350100219,2, Avg: 350100220,3, Max: 350100220,7, Diff: 1,4]
      [Ext Root Scanning (ms): Min: 0,0, Avg: 1,5, Max: 2,4, Diff: 2,4, Sum: 6,0]
      [Update RS (ms): Min: 0,0, Avg: 0,1, Max: 0,4, Diff: 0,4, Sum: 0,4]
         [Processed Buffers: Min: 0, Avg: 8,8, Max: 35, Diff: 35, Sum: 35]
      [Scan RS (ms): Min: 0,0, Avg: 0,0, Max: 0,1, Diff: 0,1, Sum: 0,1]
      [Code Root Scanning (ms): Min: 0,0, Avg: 0,0, Max: 0,1, Diff: 0,1, Sum: 0,1]
      [Object Copy (ms): Min: 0,0, Avg: 0,4, Max: 1,0, Diff: 1,0, Sum: 1,5]
      [Termination (ms): Min: 0,0, Avg: 0,1, Max: 0,2, Diff: 0,2, Sum: 0,6]
         [Termination Attempts: Min: 1, Avg: 1,0, Max: 1, Diff: 0, Sum: 4]
      [GC Worker Other (ms): Min: 0,0, Avg: 0,0, Max: 0,0, Diff: 0,0, Sum: 0,1]
      [GC Worker Total (ms): Min: 1,8, Avg: 2,2, Max: 3,2, Diff: 1,4, Sum: 8,7]
      [GC Worker End (ms): Min: 350100222,4, Avg: 350100222,5, Max: 350100222,5, Diff: 0,0]
   [Code Root Fixup: 0,0 ms]
   [Code Root Purge: 0,0 ms]
   [Clear CT: 0,2 ms]
   [Other: 0,8 ms]
      [Choose CSet: 0,0 ms]
      [Ref Proc: 0,4 ms]
      [Ref Enq: 0,0 ms]
      [Redirty Cards: 0,2 ms]
      [Humongous Register: 0,0 ms]
      [Humongous Reclaim: 0,0 ms]
      [Free CSet: 0,0 ms]
   [Eden: 76,0M(76,0M)->0,0B(78,0M) Survivors: 2048,0K->1024,0K Heap: 225,3M(256,0M)->148,9M(256,0M)]
 [Times: user=0,01 sys=0,00, real=0,00 secs] 
2019-07-24T22:29:24.770-0300: 350100,224: [GC concurrent-root-region-scan-start]
2019-07-24T22:29:24.773-0300: 350100,226: [GC concurrent-root-region-scan-end, 0,0024750 secs]
2019-07-24T22:29:24.773-0300: 350100,226: [GC concurrent-mark-start]
2019-07-24T22:29:24.792-0300: 350100,245: [GC concurrent-mark-end, 0,0190399 secs]
2019-07-24T22:29:24.793-0300: 350100,246: [GC remark 2019-07-24T22:29:24.793-0300: 350100,246: [Finalize Marking, 0,0006021 secs] 2019-07-24T22:29:24.794-0300: 350100,247: [GC ref-proc, 0,0001595 secs] 2019-07-24T22:29:24.794-0300: 350100,247: [Unloading, 0,0146579 secs], 0,0164917 secs]
 [Times: user=0,00 sys=0,00, real=0,02 secs] 
2019-07-24T22:29:24.810-0300: 350100,263: [GC cleanup 148M->148M(256M), 0,0016046 secs]
 [Times: user=0,00 sys=0,00, real=0,00 secs] 
2019-07-24T23:09:27.245-0300: 352502,698: [GC pause (G1 Evacuation Pause) (young), 0,0023405 secs]
   [Parallel Time: 1,6 ms, GC Workers: 4]
      [GC Worker Start (ms): Min: 352502698,1, Avg: 352502698,5, Max: 352502699,5, Diff: 1,5]
      [Ext Root Scanning (ms): Min: 0,0, Avg: 0,3, Max: 0,6, Diff: 0,6, Sum: 1,3]
      [Update RS (ms): Min: 0,0, Avg: 0,1, Max: 0,3, Diff: 0,3, Sum: 0,6]
         [Processed Buffers: Min: 0, Avg: 8,5, Max: 25, Diff: 25, Sum: 34]
      [Scan RS (ms): Min: 0,0, Avg: 0,0, Max: 0,1, Diff: 0,1, Sum: 0,2]
      [Code Root Scanning (ms): Min: 0,0, Avg: 0,0, Max: 0,0, Diff: 0,0, Sum: 0,1]
      [Object Copy (ms): Min: 0,0, Avg: 0,5, Max: 0,7, Diff: 0,7, Sum: 1,9]
      [Termination (ms): Min: 0,0, Avg: 0,1, Max: 0,1, Diff: 0,1, Sum: 0,4]
         [Termination Attempts: Min: 1, Avg: 1,0, Max: 1, Diff: 0, Sum: 4]
      [GC Worker Other (ms): Min: 0,0, Avg: 0,0, Max: 0,0, Diff: 0,0, Sum: 0,1]
      [GC Worker Total (ms): Min: 0,1, Avg: 1,1, Max: 1,5, Diff: 1,5, Sum: 4,5]
      [GC Worker End (ms): Min: 352502699,6, Avg: 352502699,6, Max: 352502699,6, Diff: 0,0]
   [Code Root Fixup: 0,0 ms]
   [Code Root Purge: 0,0 ms]
   [Clear CT: 0,1 ms]
   [Other: 0,6 ms]
      [Choose CSet: 0,0 ms]
      [Ref Proc: 0,4 ms]
      [Ref Enq: 0,0 ms]
      [Redirty Cards: 0,1 ms]
      [Humongous Register: 0,0 ms]
      [Humongous Reclaim: 0,0 ms]
      [Free CSet: 0,0 ms]
   [Eden: 78,0M(78,0M)->0,0B(76,0M) Survivors: 1024,0K->2048,0K Heap: 226,9M(256,0M)->149,4M(256,0M)]
 [Times: user=0,00 sys=0,00, real=0,00 secs] 
2019-07-24T23:48:56.075-0300: 354871,529: [GC pause (G1 Evacuation Pause) (young), 0,0061366 secs]
   [Parallel Time: 5,2 ms, GC Workers: 4]
      [GC Worker Start (ms): Min: 354871528,7, Avg: 354871531,7, Max: 354871532,8, Diff: 4,1]
      [Ext Root Scanning (ms): Min: 0,0, Avg: 0,3, Max: 1,1, Diff: 1,0, Sum: 1,1]
      [Update RS (ms): Min: 0,0, Avg: 0,1, Max: 0,4, Diff: 0,4, Sum: 0,4]
         [Processed Buffers: Min: 0, Avg: 8,5, Max: 34, Diff: 34, Sum: 34]
      [Scan RS (ms): Min: 0,0, Avg: 0,0, Max: 0,1, Diff: 0,1, Sum: 0,1]
      [Code Root Scanning (ms): Min: 0,0, Avg: 0,0, Max: 0,1, Diff: 0,1, Sum: 0,1]
      [Object Copy (ms): Min: 0,0, Avg: 0,2, Max: 0,8, Diff: 0,8, Sum: 0,8]
      [Termination (ms): Min: 0,9, Avg: 1,4, Max: 2,4, Diff: 1,5, Sum: 5,4]
         [Termination Attempts: Min: 1, Avg: 1,0, Max: 1, Diff: 0, Sum: 4]
      [GC Worker Other (ms): Min: 0,0, Avg: 0,0, Max: 0,0, Diff: 0,0, Sum: 0,1]
      [GC Worker Total (ms): Min: 0,9, Avg: 2,0, Max: 5,0, Diff: 4,0, Sum: 8,1]
      [GC Worker End (ms): Min: 354871533,7, Avg: 354871533,7, Max: 354871533,7, Diff: 0,0]
   [Code Root Fixup: 0,0 ms]
   [Code Root Purge: 0,0 ms]
   [Clear CT: 0,2 ms]
   [Other: 0,7 ms]
      [Choose CSet: 0,0 ms]
      [Ref Proc: 0,4 ms]
      [Ref Enq: 0,0 ms]
      [Redirty Cards: 0,2 ms]
      [Humongous Register: 0,0 ms]
      [Humongous Reclaim: 0,0 ms]
      [Free CSet: 0,0 ms]
   [Eden: 76,0M(76,0M)->0,0B(78,0M) Survivors: 2048,0K->1024,0K Heap: 225,4M(256,0M)->148,8M(256,0M)]
 [Times: user=0,01 sys=0,00, real=0,01 secs] 
2019-07-25T00:29:01.814-0300: 357277,267: [GC pause (G1 Evacuation Pause) (young) (initial-mark), 0,0045655 secs]
   [Parallel Time: 3,3 ms, GC Workers: 4]
      [GC Worker Start (ms): Min: 357277267,3, Avg: 357277267,7, Max: 357277268,2, Diff: 0,9]
      [Ext Root Scanning (ms): Min: 0,0, Avg: 1,9, Max: 3,0, Diff: 3,0, Sum: 7,7]
      [Update RS (ms): Min: 0,0, Avg: 0,1, Max: 0,5, Diff: 0,5, Sum: 0,5]
         [Processed Buffers: Min: 0, Avg: 8,0, Max: 32, Diff: 32, Sum: 32]
      [Scan RS (ms): Min: 0,0, Avg: 0,0, Max: 0,1, Diff: 0,1, Sum: 0,1]
      [Code Root Scanning (ms): Min: 0,0, Avg: 0,0, Max: 0,1, Diff: 0,1, Sum: 0,1]
      [Object Copy (ms): Min: 0,0, Avg: 0,5, Max: 1,4, Diff: 1,4, Sum: 2,1]
      [Termination (ms): Min: 0,0, Avg: 0,1, Max: 0,2, Diff: 0,2, Sum: 0,4]
         [Termination Attempts: Min: 1, Avg: 1,0, Max: 1, Diff: 0, Sum: 4]
      [GC Worker Other (ms): Min: 0,0, Avg: 0,0, Max: 0,0, Diff: 0,0, Sum: 0,1]
      [GC Worker Total (ms): Min: 2,3, Avg: 2,7, Max: 3,2, Diff: 0,9, Sum: 10,9]
      [GC Worker End (ms): Min: 357277270,4, Avg: 357277270,5, Max: 357277270,5, Diff: 0,0]
   [Code Root Fixup: 0,0 ms]
   [Code Root Purge: 0,0 ms]
   [Clear CT: 0,2 ms]
   [Other: 1,0 ms]
      [Choose CSet: 0,0 ms]
      [Ref Proc: 0,6 ms]
      [Ref Enq: 0,0 ms]
      [Redirty Cards: 0,2 ms]
      [Humongous Register: 0,0 ms]
      [Humongous Reclaim: 0,0 ms]
      [Free CSet: 0,0 ms]
   [Eden: 78,0M(78,0M)->0,0B(76,0M) Survivors: 1024,0K->2048,0K Heap: 226,8M(256,0M)->149,2M(256,0M)]
 [Times: user=0,01 sys=0,00, real=0,01 secs] 
2019-07-25T00:29:01.819-0300: 357277,272: [GC concurrent-root-region-scan-start]
2019-07-25T00:29:01.821-0300: 357277,274: [GC concurrent-root-region-scan-end, 0,0019703 secs]
2019-07-25T00:29:01.821-0300: 357277,274: [GC concurrent-mark-start]
2019-07-25T00:29:01.836-0300: 357277,290: [GC concurrent-mark-end, 0,0158688 secs]
2019-07-25T00:29:01.837-0300: 357277,290: [GC remark 2019-07-25T00:29:01.837-0300: 357277,290: [Finalize Marking, 0,0004771 secs] 2019-07-25T00:29:01.837-0300: 357277,291: [GC ref-proc, 0,0001452 secs] 2019-07-25T00:29:01.837-0300: 357277,291: [Unloading, 0,0055303 secs], 0,0071411 secs]
 [Times: user=0,00 sys=0,00, real=0,00 secs] 
2019-07-25T00:29:01.844-0300: 357277,298: [GC cleanup 149M->149M(256M), 0,0013288 secs]
 [Times: user=0,00 sys=0,00, real=0,01 secs] 
2019-07-25T01:07:56.077-0300: 359611,530: [GC pause (G1 Evacuation Pause) (young), 0,0212998 secs]
   [Parallel Time: 17,9 ms, GC Workers: 4]
      [GC Worker Start (ms): Min: 359611530,1, Avg: 359611532,3, Max: 359611534,2, Diff: 4,1]
      [Ext Root Scanning (ms): Min: 0,0, Avg: 1,0, Max: 3,8, Diff: 3,8, Sum: 4,1]
      [Update RS (ms): Min: 0,0, Avg: 0,1, Max: 0,5, Diff: 0,5, Sum: 0,5]
         [Processed Buffers: Min: 0, Avg: 8,0, Max: 32, Diff: 32, Sum: 32]
      [Scan RS (ms): Min: 0,0, Avg: 0,0, Max: 0,1, Diff: 0,1, Sum: 0,2]
      [Code Root Scanning (ms): Min: 0,0, Avg: 0,0, Max: 0,1, Diff: 0,1, Sum: 0,1]
      [Object Copy (ms): Min: 0,0, Avg: 0,5, Max: 1,9, Diff: 1,9, Sum: 2,0]
      [Termination (ms): Min: 0,0, Avg: 10,3, Max: 13,8, Diff: 13,8, Sum: 41,2]
         [Termination Attempts: Min: 1, Avg: 1,0, Max: 1, Diff: 0, Sum: 4]
      [GC Worker Other (ms): Min: 0,0, Avg: 3,5, Max: 14,0, Diff: 14,0, Sum: 14,1]
      [GC Worker Total (ms): Min: 13,7, Avg: 15,5, Max: 17,8, Diff: 4,1, Sum: 62,2]
      [GC Worker End (ms): Min: 359611547,9, Avg: 359611547,9, Max: 359611547,9, Diff: 0,0]
   [Code Root Fixup: 0,0 ms]
   [Code Root Purge: 0,0 ms]
   [Clear CT: 0,4 ms]
   [Other: 3,0 ms]
      [Choose CSet: 0,0 ms]
      [Ref Proc: 2,5 ms]
      [Ref Enq: 0,0 ms]
      [Redirty Cards: 0,2 ms]
      [Humongous Register: 0,0 ms]
      [Humongous Reclaim: 0,0 ms]
      [Free CSet: 0,1 ms]
   [Eden: 76,0M(76,0M)->0,0B(76,0M) Survivors: 2048,0K->2048,0K Heap: 225,2M(256,0M)->149,3M(256,0M)]
 [Times: user=0,02 sys=0,02, real=0,02 secs] 
2019-07-25T01:47:36.814-0300: 361992,267: [GC pause (G1 Evacuation Pause) (young), 0,0053319 secs]
   [Parallel Time: 3,4 ms, GC Workers: 4]
      [GC Worker Start (ms): Min: 361992267,4, Avg: 361992269,4, Max: 361992270,6, Diff: 3,2]
      [Ext Root Scanning (ms): Min: 0,0, Avg: 0,3, Max: 1,0, Diff: 1,0, Sum: 1,1]
      [Update RS (ms): Min: 0,0, Avg: 0,1, Max: 0,5, Diff: 0,5, Sum: 0,5]
         [Processed Buffers: Min: 0, Avg: 8,0, Max: 32, Diff: 32, Sum: 32]
      [Scan RS (ms): Min: 0,0, Avg: 0,0, Max: 0,1, Diff: 0,1, Sum: 0,1]
      [Code Root Scanning (ms): Min: 0,0, Avg: 0,0, Max: 0,1, Diff: 0,1, Sum: 0,1]
      [Object Copy (ms): Min: 0,0, Avg: 0,7, Max: 1,4, Diff: 1,4, Sum: 2,8]
      [Termination (ms): Min: 0,0, Avg: 0,1, Max: 0,2, Diff: 0,2, Sum: 0,5]
         [Termination Attempts: Min: 1, Avg: 1,0, Max: 1, Diff: 0, Sum: 4]
      [GC Worker Other (ms): Min: 0,0, Avg: 0,0, Max: 0,0, Diff: 0,0, Sum: 0,1]
      [GC Worker Total (ms): Min: 0,1, Avg: 1,3, Max: 3,3, Diff: 3,2, Sum: 5,2]
      [GC Worker End (ms): Min: 361992270,7, Avg: 361992270,7, Max: 361992270,7, Diff: 0,0]
   [Code Root Fixup: 0,0 ms]
   [Code Root Purge: 0,0 ms]
   [Clear CT: 0,3 ms]
   [Other: 1,6 ms]
      [Choose CSet: 0,0 ms]
      [Ref Proc: 1,2 ms]
      [Ref Enq: 0,0 ms]
      [Redirty Cards: 0,2 ms]
      [Humongous Register: 0,0 ms]
      [Humongous Reclaim: 0,0 ms]
      [Free CSet: 0,0 ms]
   [Eden: 76,0M(76,0M)->0,0B(76,0M) Survivors: 2048,0K->2048,0K Heap: 225,3M(256,0M)->149,3M(256,0M)]
 [Times: user=0,01 sys=0,00, real=0,01 secs] 
2019-07-25T02:26:45.557-0300: 364341,010: [GC pause (G1 Evacuation Pause) (young) (initial-mark), 0,0102088 secs]
   [Parallel Time: 4,1 ms, GC Workers: 4]
      [GC Worker Start (ms): Min: 364341010,0, Avg: 364341011,1, Max: 364341011,5, Diff: 1,5]
      [Ext Root Scanning (ms): Min: 0,0, Avg: 2,2, Max: 3,7, Diff: 3,7, Sum: 8,7]
      [Update RS (ms): Min: 0,0, Avg: 0,1, Max: 0,4, Diff: 0,4, Sum: 0,4]
         [Processed Buffers: Min: 0, Avg: 8,2, Max: 33, Diff: 33, Sum: 33]
      [Scan RS (ms): Min: 0,0, Avg: 0,0, Max: 0,1, Diff: 0,1, Sum: 0,1]
      [Code Root Scanning (ms): Min: 0,0, Avg: 0,0, Max: 0,1, Diff: 0,1, Sum: 0,1]
      [Object Copy (ms): Min: 0,0, Avg: 0,4, Max: 1,6, Diff: 1,6, Sum: 1,7]
      [Termination (ms): Min: 0,0, Avg: 0,1, Max: 0,3, Diff: 0,3, Sum: 0,4]
         [Termination Attempts: Min: 1, Avg: 1,0, Max: 1, Diff: 0, Sum: 4]
      [GC Worker Other (ms): Min: 0,0, Avg: 0,0, Max: 0,0, Diff: 0,0, Sum: 0,1]
      [GC Worker Total (ms): Min: 2,5, Avg: 2,9, Max: 4,0, Diff: 1,5, Sum: 11,4]
      [GC Worker End (ms): Min: 364341013,9, Avg: 364341013,9, Max: 364341013,9, Diff: 0,0]
   [Code Root Fixup: 0,0 ms]
   [Code Root Purge: 0,0 ms]
   [Clear CT: 0,0 ms]
   [Other: 6,0 ms]
      [Choose CSet: 0,0 ms]
      [Ref Proc: 5,8 ms]
      [Ref Enq: 0,0 ms]
      [Redirty Cards: 0,0 ms]
      [Humongous Register: 0,0 ms]
      [Humongous Reclaim: 0,0 ms]
      [Free CSet: 0,0 ms]
   [Eden: 76,0M(76,0M)->0,0B(76,0M) Survivors: 2048,0K->2048,0K Heap: 225,3M(256,0M)->149,3M(256,0M)]
 [Times: user=0,02 sys=0,00, real=0,01 secs] 
2019-07-25T02:26:45.567-0300: 364341,020: [GC concurrent-root-region-scan-start]
2019-07-25T02:26:45.568-0300: 364341,022: [GC concurrent-root-region-scan-end, 0,0014617 secs]
2019-07-25T02:26:45.568-0300: 364341,022: [GC concurrent-mark-start]
2019-07-25T02:26:45.584-0300: 364341,037: [GC concurrent-mark-end, 0,0154590 secs]
2019-07-25T02:26:45.584-0300: 364341,037: [GC remark 2019-07-25T02:26:45.584-0300: 364341,037: [Finalize Marking, 0,0004113 secs] 2019-07-25T02:26:45.585-0300: 364341,038: [GC ref-proc, 0,0001344 secs] 2019-07-25T02:26:45.585-0300: 364341,038: [Unloading, 0,0087056 secs], 0,0103463 secs]
 [Times: user=0,00 sys=0,00, real=0,01 secs] 
2019-07-25T02:26:45.595-0300: 364341,048: [GC cleanup 149M->149M(256M), 0,0013842 secs]
 [Times: user=0,00 sys=0,00, real=0,00 secs] 
2019-07-25T03:05:34.379-0300: 366669,833: [GC pause (G1 Evacuation Pause) (young), 0,0033805 secs]
   [Parallel Time: 2,5 ms, GC Workers: 4]
      [GC Worker Start (ms): Min: 366669832,7, Avg: 366669834,1, Max: 366669835,1, Diff: 2,4]
      [Ext Root Scanning (ms): Min: 0,0, Avg: 0,3, Max: 1,0, Diff: 1,0, Sum: 1,1]
      [Update RS (ms): Min: 0,0, Avg: 0,1, Max: 0,3, Diff: 0,3, Sum: 0,4]
         [Processed Buffers: Min: 0, Avg: 7,5, Max: 26, Diff: 26, Sum: 30]
      [Scan RS (ms): Min: 0,0, Avg: 0,0, Max: 0,1, Diff: 0,1, Sum: 0,1]
      [Code Root Scanning (ms): Min: 0,0, Avg: 0,0, Max: 0,1, Diff: 0,1, Sum: 0,1]
      [Object Copy (ms): Min: 0,0, Avg: 0,4, Max: 0,9, Diff: 0,9, Sum: 1,7]
      [Termination (ms): Min: 0,0, Avg: 0,2, Max: 0,2, Diff: 0,2, Sum: 0,6]
         [Termination Attempts: Min: 1, Avg: 1,0, Max: 1, Diff: 0, Sum: 4]
      [GC Worker Other (ms): Min: 0,0, Avg: 0,0, Max: 0,0, Diff: 0,0, Sum: 0,1]
      [GC Worker Total (ms): Min: 0,0, Avg: 1,0, Max: 2,5, Diff: 2,4, Sum: 4,2]
      [GC Worker End (ms): Min: 366669835,2, Avg: 366669835,2, Max: 366669835,2, Diff: 0,0]
   [Code Root Fixup: 0,0 ms]
   [Code Root Purge: 0,0 ms]
   [Clear CT: 0,2 ms]
   [Other: 0,7 ms]
      [Choose CSet: 0,0 ms]
      [Ref Proc: 0,4 ms]
      [Ref Enq: 0,0 ms]
      [Redirty Cards: 0,1 ms]
      [Humongous Register: 0,0 ms]
      [Humongous Reclaim: 0,0 ms]
      [Free CSet: 0,0 ms]
   [Eden: 76,0M(76,0M)->0,0B(77,0M) Survivors: 2048,0K->1024,0K Heap: 225,3M(256,0M)->149,0M(256,0M)]
 [Times: user=0,00 sys=0,01, real=0,00 secs] 
2019-07-25T03:45:36.814-0300: 369072,267: [GC pause (G1 Evacuation Pause) (young), 0,0116243 secs]
   [Parallel Time: 6,0 ms, GC Workers: 4]
      [GC Worker Start (ms): Min: 369072267,4, Avg: 369072270,8, Max: 369072272,1, Diff: 4,7]
      [Ext Root Scanning (ms): Min: 0,0, Avg: 0,3, Max: 1,0, Diff: 1,0, Sum: 1,1]
      [Update RS (ms): Min: 0,0, Avg: 0,0, Max: 0,0, Diff: 0,0, Sum: 0,0]
         [Processed Buffers: Min: 0, Avg: 8,5, Max: 34, Diff: 34, Sum: 34]
      [Scan RS (ms): Min: 0,0, Avg: 0,1, Max: 0,4, Diff: 0,4, Sum: 0,4]
      [Code Root Scanning (ms): Min: 0,0, Avg: 0,1, Max: 0,4, Diff: 0,4, Sum: 0,4]
      [Object Copy (ms): Min: 0,0, Avg: 0,5, Max: 2,0, Diff: 2,0, Sum: 2,0]
      [Termination (ms): Min: 0,0, Avg: 0,9, Max: 1,7, Diff: 1,7, Sum: 3,5]
         [Termination Attempts: Min: 1, Avg: 1,0, Max: 1, Diff: 0, Sum: 4]
      [GC Worker Other (ms): Min: 0,0, Avg: 0,1, Max: 0,4, Diff: 0,4, Sum: 0,5]
      [GC Worker Total (ms): Min: 0,0, Avg: 2,0, Max: 6,0, Diff: 6,0, Sum: 7,9]
      [GC Worker End (ms): Min: 369072272,2, Avg: 369072272,8, Max: 369072273,4, Diff: 1,3]
   [Code Root Fixup: 0,0 ms]
   [Code Root Purge: 0,0 ms]
   [Clear CT: 0,3 ms]
   [Other: 5,3 ms]
      [Choose CSet: 0,0 ms]
      [Ref Proc: 4,8 ms]
      [Ref Enq: 0,0 ms]
      [Redirty Cards: 0,3 ms]
      [Humongous Register: 0,0 ms]
      [Humongous Reclaim: 0,0 ms]
      [Free CSet: 0,0 ms]
   [Eden: 77,0M(77,0M)->0,0B(78,0M) Survivors: 1024,0K->1024,0K Heap: 226,0M(256,0M)->149,0M(256,0M)]
 [Times: user=0,00 sys=0,01, real=0,02 secs] 
2019-07-25T04:25:51.814-0300: 371487,267: [GC pause (G1 Evacuation Pause) (young) (initial-mark), 0,0034613 secs]
   [Parallel Time: 2,6 ms, GC Workers: 4]
      [GC Worker Start (ms): Min: 371487267,3, Avg: 371487267,7, Max: 371487268,2, Diff: 0,8]
      [Ext Root Scanning (ms): Min: 0,1, Avg: 1,2, Max: 2,2, Diff: 2,2, Sum: 4,6]
      [Update RS (ms): Min: 0,0, Avg: 0,1, Max: 0,2, Diff: 0,2, Sum: 0,4]
         [Processed Buffers: Min: 0, Avg: 8,2, Max: 31, Diff: 31, Sum: 33]
      [Scan RS (ms): Min: 0,0, Avg: 0,0, Max: 0,1, Diff: 0,1, Sum: 0,1]
      [Code Root Scanning (ms): Min: 0,0, Avg: 0,0, Max: 0,1, Diff: 0,1, Sum: 0,1]
      [Object Copy (ms): Min: 0,0, Avg: 0,5, Max: 1,0, Diff: 1,0, Sum: 2,0]
      [Termination (ms): Min: 0,0, Avg: 0,1, Max: 0,2, Diff: 0,2, Sum: 0,5]
         [Termination Attempts: Min: 1, Avg: 1,2, Max: 2, Diff: 1, Sum: 5]
      [GC Worker Other (ms): Min: 0,0, Avg: 0,0, Max: 0,0, Diff: 0,0, Sum: 0,1]
      [GC Worker Total (ms): Min: 1,6, Avg: 2,0, Max: 2,4, Diff: 0,8, Sum: 7,9]
      [GC Worker End (ms): Min: 371487269,7, Avg: 371487269,7, Max: 371487269,7, Diff: 0,0]
   [Code Root Fixup: 0,0 ms]
   [Code Root Purge: 0,0 ms]
   [Clear CT: 0,1 ms]
   [Other: 0,7 ms]
      [Choose CSet: 0,0 ms]
      [Ref Proc: 0,4 ms]
      [Ref Enq: 0,0 ms]
      [Redirty Cards: 0,2 ms]
      [Humongous Register: 0,0 ms]
      [Humongous Reclaim: 0,0 ms]
      [Free CSet: 0,0 ms]
   [Eden: 78,0M(78,0M)->0,0B(76,0M) Survivors: 1024,0K->2048,0K Heap: 227,0M(256,0M)->149,3M(256,0M)]
 [Times: user=0,00 sys=0,00, real=0,01 secs] 
2019-07-25T04:25:51.818-0300: 371487,271: [GC concurrent-root-region-scan-start]
2019-07-25T04:25:51.819-0300: 371487,272: [GC concurrent-root-region-scan-end, 0,0010786 secs]
2019-07-25T04:25:51.819-0300: 371487,272: [GC concurrent-mark-start]
2019-07-25T04:25:51.839-0300: 371487,292: [GC concurrent-mark-end, 0,0204841 secs]
2019-07-25T04:25:51.839-0300: 371487,293: [GC remark 2019-07-25T04:25:51.839-0300: 371487,293: [Finalize Marking, 0,0004210 secs] 2019-07-25T04:25:51.840-0300: 371487,293: [GC ref-proc, 0,0001719 secs] 2019-07-25T04:25:51.840-0300: 371487,293: [Unloading, 0,0049223 secs], 0,0064677 secs]
 [Times: user=0,00 sys=0,00, real=0,01 secs] 
2019-07-25T04:25:51.846-0300: 371487,299: [GC cleanup 149M->149M(256M), 0,0012490 secs]
 [Times: user=0,00 sys=0,00, real=0,00 secs] 
2019-07-25T05:04:51.622-0300: 373827,075: [GC pause (G1 Evacuation Pause) (young), 0,0071726 secs]
   [Parallel Time: 3,4 ms, GC Workers: 4]
      [GC Worker Start (ms): Min: 373827075,2, Avg: 373827077,4, Max: 373827078,5, Diff: 3,3]
      [Ext Root Scanning (ms): Min: 0,0, Avg: 0,3, Max: 1,0, Diff: 1,0, Sum: 1,1]
      [Update RS (ms): Min: 0,0, Avg: 0,1, Max: 0,5, Diff: 0,5, Sum: 0,5]
         [Processed Buffers: Min: 0, Avg: 8,0, Max: 32, Diff: 32, Sum: 32]
      [Scan RS (ms): Min: 0,0, Avg: 0,0, Max: 0,1, Diff: 0,1, Sum: 0,1]
      [Code Root Scanning (ms): Min: 0,0, Avg: 0,0, Max: 0,1, Diff: 0,1, Sum: 0,1]
      [Object Copy (ms): Min: 0,0, Avg: 0,5, Max: 1,4, Diff: 1,4, Sum: 1,9]
      [Termination (ms): Min: 0,0, Avg: 0,2, Max: 0,3, Diff: 0,3, Sum: 0,7]
         [Termination Attempts: Min: 1, Avg: 1,0, Max: 1, Diff: 0, Sum: 4]
      [GC Worker Other (ms): Min: 0,0, Avg: 0,0, Max: 0,0, Diff: 0,0, Sum: 0,1]
      [GC Worker Total (ms): Min: 0,1, Avg: 1,1, Max: 3,3, Diff: 3,3, Sum: 4,5]
      [GC Worker End (ms): Min: 373827078,5, Avg: 373827078,5, Max: 373827078,6, Diff: 0,0]
   [Code Root Fixup: 0,0 ms]
   [Code Root Purge: 0,0 ms]
   [Clear CT: 0,2 ms]
   [Other: 3,6 ms]
      [Choose CSet: 0,0 ms]
      [Ref Proc: 3,4 ms]
      [Ref Enq: 0,0 ms]
      [Redirty Cards: 0,1 ms]
      [Humongous Register: 0,0 ms]
      [Humongous Reclaim: 0,0 ms]
      [Free CSet: 0,0 ms]
   [Eden: 76,0M(76,0M)->0,0B(76,0M) Survivors: 2048,0K->2048,0K Heap: 225,3M(256,0M)->149,3M(256,0M)]
 [Times: user=0,02 sys=0,00, real=0,01 secs] 
2019-07-25T05:44:19.385-0300: 376194,839: [GC pause (G1 Evacuation Pause) (young), 0,0054037 secs]
   [Parallel Time: 3,8 ms, GC Workers: 4]
      [GC Worker Start (ms): Min: 376194838,6, Avg: 376194841,2, Max: 376194842,2, Diff: 3,6]
      [Ext Root Scanning (ms): Min: 0,0, Avg: 0,3, Max: 1,0, Diff: 1,0, Sum: 1,1]
      [Update RS (ms): Min: 0,0, Avg: 0,1, Max: 0,5, Diff: 0,5, Sum: 0,5]
         [Processed Buffers: Min: 0, Avg: 8,5, Max: 34, Diff: 34, Sum: 34]
      [Scan RS (ms): Min: 0,0, Avg: 0,0, Max: 0,1, Diff: 0,1, Sum: 0,1]
      [Code Root Scanning (ms): Min: 0,0, Avg: 0,0, Max: 0,1, Diff: 0,1, Sum: 0,1]
      [Object Copy (ms): Min: 0,0, Avg: 0,5, Max: 1,7, Diff: 1,7, Sum: 2,0]
      [Termination (ms): Min: 0,0, Avg: 0,2, Max: 0,2, Diff: 0,2, Sum: 0,6]
         [Termination Attempts: Min: 1, Avg: 1,0, Max: 1, Diff: 0, Sum: 4]
      [GC Worker Other (ms): Min: 0,0, Avg: 0,0, Max: 0,0, Diff: 0,0, Sum: 0,1]
      [GC Worker Total (ms): Min: 0,0, Avg: 1,1, Max: 3,7, Diff: 3,6, Sum: 4,5]
      [GC Worker End (ms): Min: 376194842,3, Avg: 376194842,3, Max: 376194842,3, Diff: 0,0]
   [Code Root Fixup: 0,0 ms]
   [Code Root Purge: 0,0 ms]
   [Clear CT: 0,3 ms]
   [Other: 1,3 ms]
      [Choose CSet: 0,0 ms]
      [Ref Proc: 0,9 ms]
      [Ref Enq: 0,0 ms]
      [Redirty Cards: 0,3 ms]
      [Humongous Register: 0,0 ms]
      [Humongous Reclaim: 0,0 ms]
      [Free CSet: 0,0 ms]
   [Eden: 76,0M(76,0M)->0,0B(76,0M) Survivors: 2048,0K->2048,0K Heap: 225,3M(256,0M)->149,3M(256,0M)]
 [Times: user=0,01 sys=0,00, real=0,00 secs] 
2019-07-25T06:23:11.814-0300: 378527,267: [GC pause (G1 Evacuation Pause) (young) (initial-mark), 0,0037038 secs]
   [Parallel Time: 2,5 ms, GC Workers: 4]
      [GC Worker Start (ms): Min: 378527267,4, Avg: 378527267,8, Max: 378527268,3, Diff: 0,9]
      [Ext Root Scanning (ms): Min: 0,1, Avg: 1,2, Max: 2,2, Diff: 2,2, Sum: 4,8]
      [Update RS (ms): Min: 0,0, Avg: 0,1, Max: 0,3, Diff: 0,3, Sum: 0,5]
         [Processed Buffers: Min: 0, Avg: 7,5, Max: 17, Diff: 17, Sum: 30]
      [Scan RS (ms): Min: 0,0, Avg: 0,0, Max: 0,1, Diff: 0,1, Sum: 0,1]
      [Code Root Scanning (ms): Min: 0,0, Avg: 0,0, Max: 0,1, Diff: 0,1, Sum: 0,1]
      [Object Copy (ms): Min: 0,0, Avg: 0,5, Max: 0,9, Diff: 0,9, Sum: 1,9]
      [Termination (ms): Min: 0,0, Avg: 0,1, Max: 0,2, Diff: 0,2, Sum: 0,3]
         [Termination Attempts: Min: 1, Avg: 1,0, Max: 1, Diff: 0, Sum: 4]
      [GC Worker Other (ms): Min: 0,0, Avg: 0,0, Max: 0,0, Diff: 0,0, Sum: 0,1]
      [GC Worker Total (ms): Min: 1,5, Avg: 1,9, Max: 2,4, Diff: 0,9, Sum: 7,7]
      [GC Worker End (ms): Min: 378527269,7, Avg: 378527269,7, Max: 378527269,7, Diff: 0,0]
   [Code Root Fixup: 0,0 ms]
   [Code Root Purge: 0,0 ms]
   [Clear CT: 0,2 ms]
   [Other: 1,0 ms]
      [Choose CSet: 0,0 ms]
      [Ref Proc: 0,5 ms]
      [Ref Enq: 0,0 ms]
      [Redirty Cards: 0,3 ms]
      [Humongous Register: 0,0 ms]
      [Humongous Reclaim: 0,0 ms]
      [Free CSet: 0,0 ms]
   [Eden: 76,0M(76,0M)->0,0B(76,0M) Survivors: 2048,0K->2048,0K Heap: 225,3M(256,0M)->149,5M(256,0M)]
 [Times: user=0,00 sys=0,00, real=0,01 secs] 
2019-07-25T06:23:11.818-0300: 378527,271: [GC concurrent-root-region-scan-start]
2019-07-25T06:23:11.820-0300: 378527,273: [GC concurrent-root-region-scan-end, 0,0019968 secs]
2019-07-25T06:23:11.820-0300: 378527,273: [GC concurrent-mark-start]
2019-07-25T06:23:11.837-0300: 378527,290: [GC concurrent-mark-end, 0,0172647 secs]
2019-07-25T06:23:11.837-0300: 378527,291: [GC remark 2019-07-25T06:23:11.837-0300: 378527,291: [Finalize Marking, 0,0002448 secs] 2019-07-25T06:23:11.838-0300: 378527,291: [GC ref-proc, 0,0001293 secs] 2019-07-25T06:23:11.838-0300: 378527,291: [Unloading, 0,0046617 secs], 0,0062237 secs]
 [Times: user=0,02 sys=0,00, real=0,00 secs] 
2019-07-25T06:23:11.844-0300: 378527,297: [GC cleanup 149M->149M(256M), 0,0012168 secs]
 [Times: user=0,00 sys=0,00, real=0,01 secs] 
2019-07-25T07:02:11.042-0300: 380866,495: [GC pause (G1 Evacuation Pause) (young), 0,0696792 secs]
   [Parallel Time: 46,5 ms, GC Workers: 4]
      [GC Worker Start (ms): Min: 380866502,3, Avg: 380866502,3, Max: 380866502,4, Diff: 0,1]
      [Ext Root Scanning (ms): Min: 31,7, Avg: 32,0, Max: 32,6, Diff: 0,8, Sum: 128,0]
      [Update RS (ms): Min: 0,0, Avg: 0,1, Max: 0,2, Diff: 0,2, Sum: 0,6]
         [Processed Buffers: Min: 0, Avg: 7,8, Max: 16, Diff: 16, Sum: 31]
      [Scan RS (ms): Min: 0,0, Avg: 0,0, Max: 0,1, Diff: 0,1, Sum: 0,2]
      [Code Root Scanning (ms): Min: 0,0, Avg: 0,0, Max: 0,0, Diff: 0,0, Sum: 0,1]
      [Object Copy (ms): Min: 0,3, Avg: 3,7, Max: 12,6, Diff: 12,3, Sum: 14,6]
      [Termination (ms): Min: 0,0, Avg: 8,8, Max: 11,8, Diff: 11,7, Sum: 35,2]
         [Termination Attempts: Min: 1, Avg: 1,8, Max: 2, Diff: 1, Sum: 7]
      [GC Worker Other (ms): Min: 0,0, Avg: 0,0, Max: 0,0, Diff: 0,0, Sum: 0,1]
      [GC Worker Total (ms): Min: 44,7, Avg: 44,7, Max: 44,8, Diff: 0,1, Sum: 178,8]
      [GC Worker End (ms): Min: 380866547,0, Avg: 380866547,0, Max: 380866547,1, Diff: 0,0]
   [Code Root Fixup: 0,0 ms]
   [Code Root Purge: 0,0 ms]
   [Clear CT: 0,0 ms]
   [Other: 23,1 ms]
      [Choose CSet: 0,0 ms]
      [Ref Proc: 11,8 ms]
      [Ref Enq: 0,0 ms]
      [Redirty Cards: 0,0 ms]
      [Humongous Register: 0,0 ms]
      [Humongous Reclaim: 0,0 ms]
      [Free CSet: 4,6 ms]
   [Eden: 76,0M(76,0M)->0,0B(11,0M) Survivors: 2048,0K->1024,0K Heap: 225,5M(256,0M)->149,1M(256,0M)]
 [Times: user=0,06 sys=0,00, real=0,09 secs] 
2019-07-25T07:07:56.074-0300: 381211,527: [GC pause (G1 Evacuation Pause) (young), 0,0024005 secs]
   [Parallel Time: 1,4 ms, GC Workers: 4]
      [GC Worker Start (ms): Min: 381211527,2, Avg: 381211527,6, Max: 381211528,5, Diff: 1,3]
      [Ext Root Scanning (ms): Min: 0,0, Avg: 0,3, Max: 0,6, Diff: 0,6, Sum: 1,2]
      [Update RS (ms): Min: 0,0, Avg: 0,1, Max: 0,2, Diff: 0,2, Sum: 0,5]
         [Processed Buffers: Min: 0, Avg: 8,2, Max: 13, Diff: 13, Sum: 33]
      [Scan RS (ms): Min: 0,0, Avg: 0,0, Max: 0,0, Diff: 0,0, Sum: 0,0]
      [Code Root Scanning (ms): Min: 0,0, Avg: 0,0, Max: 0,0, Diff: 0,0, Sum: 0,0]
      [Object Copy (ms): Min: 0,0, Avg: 0,4, Max: 0,6, Diff: 0,6, Sum: 1,6]
      [Termination (ms): Min: 0,0, Avg: 0,1, Max: 0,1, Diff: 0,1, Sum: 0,4]
         [Termination Attempts: Min: 1, Avg: 1,0, Max: 1, Diff: 0, Sum: 4]
      [GC Worker Other (ms): Min: 0,0, Avg: 0,0, Max: 0,0, Diff: 0,0, Sum: 0,1]
      [GC Worker Total (ms): Min: 0,1, Avg: 1,0, Max: 1,4, Diff: 1,3, Sum: 3,8]
      [GC Worker End (ms): Min: 381211528,5, Avg: 381211528,5, Max: 381211528,5, Diff: 0,0]
   [Code Root Fixup: 0,0 ms]
   [Code Root Purge: 0,0 ms]
   [Clear CT: 0,3 ms]
   [Other: 0,7 ms]
      [Choose CSet: 0,0 ms]
      [Ref Proc: 0,3 ms]
      [Ref Enq: 0,0 ms]
      [Redirty Cards: 0,3 ms]
      [Humongous Register: 0,0 ms]
      [Humongous Reclaim: 0,0 ms]
      [Free CSet: 0,0 ms]
   [Eden: 11,0M(11,0M)->0,0B(10,0M) Survivors: 1024,0K->2048,0K Heap: 160,1M(256,0M)->149,3M(256,0M)]
 [Times: user=0,00 sys=0,00, real=0,00 secs] 
2019-07-25T07:13:01.814-0300: 381517,267: [GC pause (G1 Evacuation Pause) (young) (initial-mark), 0,0043698 secs]
   [Parallel Time: 2,7 ms, GC Workers: 4]
      [GC Worker Start (ms): Min: 381517267,2, Avg: 381517268,3, Max: 381517268,7, Diff: 1,6]
      [Ext Root Scanning (ms): Min: 0,0, Avg: 0,9, Max: 1,5, Diff: 1,5, Sum: 3,7]
      [Update RS (ms): Min: 0,0, Avg: 0,1, Max: 0,2, Diff: 0,2, Sum: 0,4]
         [Processed Buffers: Min: 0, Avg: 8,5, Max: 22, Diff: 22, Sum: 34]
      [Scan RS (ms): Min: 0,0, Avg: 0,0, Max: 0,0, Diff: 0,0, Sum: 0,0]
      [Code Root Scanning (ms): Min: 0,0, Avg: 0,0, Max: 0,0, Diff: 0,0, Sum: 0,0]
      [Object Copy (ms): Min: 0,0, Avg: 0,3, Max: 0,6, Diff: 0,6, Sum: 1,2]
      [Termination (ms): Min: 0,0, Avg: 0,1, Max: 0,2, Diff: 0,2, Sum: 0,5]
         [Termination Attempts: Min: 1, Avg: 1,0, Max: 1, Diff: 0, Sum: 4]
      [GC Worker Other (ms): Min: 0,0, Avg: 0,0, Max: 0,0, Diff: 0,0, Sum: 0,1]
      [GC Worker Total (ms): Min: 1,0, Avg: 1,5, Max: 2,6, Diff: 1,6, Sum: 5,9]
      [GC Worker End (ms): Min: 381517269,8, Avg: 381517269,8, Max: 381517269,8, Diff: 0,0]
   [Code Root Fixup: 0,0 ms]
   [Code Root Purge: 0,0 ms]
   [Clear CT: 0,4 ms]
   [Other: 1,3 ms]
      [Choose CSet: 0,0 ms]
      [Ref Proc: 0,8 ms]
      [Ref Enq: 0,0 ms]
      [Redirty Cards: 0,4 ms]
      [Humongous Register: 0,0 ms]
      [Humongous Reclaim: 0,0 ms]
      [Free CSet: 0,0 ms]
   [Eden: 10,0M(10,0M)->0,0B(78,0M) Survivors: 2048,0K->1024,0K Heap: 159,3M(256,0M)->148,9M(256,0M)]
 [Times: user=0,01 sys=0,00, real=0,01 secs] 
2019-07-25T07:13:01.818-0300: 381517,272: [GC concurrent-root-region-scan-start]
2019-07-25T07:13:01.819-0300: 381517,273: [GC concurrent-root-region-scan-end, 0,0009661 secs]
2019-07-25T07:13:01.819-0300: 381517,273: [GC concurrent-mark-start]
2019-07-25T07:13:01.837-0300: 381517,290: [GC concurrent-mark-end, 0,0174050 secs]
2019-07-25T07:13:01.837-0300: 381517,290: [GC remark 2019-07-25T07:13:01.837-0300: 381517,290: [Finalize Marking, 0,0003370 secs] 2019-07-25T07:13:01.837-0300: 381517,291: [GC ref-proc, 0,0001618 secs] 2019-07-25T07:13:01.838-0300: 381517,291: [Unloading, 0,0984159 secs], 0,0999106 secs]
 [Times: user=0,00 sys=0,00, real=0,10 secs] 
2019-07-25T07:13:01.938-0300: 381517,391: [GC cleanup 149M->149M(256M), 0,0017369 secs]
 [Times: user=0,01 sys=0,00, real=0,00 secs] 
2019-07-25T07:53:36.814-0300: 383952,267: [GC pause (G1 Evacuation Pause) (young), 0,0030369 secs]
   [Parallel Time: 1,7 ms, GC Workers: 4]
      [GC Worker Start (ms): Min: 383952267,5, Avg: 383952267,9, Max: 383952268,9, Diff: 1,5]
      [Ext Root Scanning (ms): Min: 0,0, Avg: 0,3, Max: 0,6, Diff: 0,5, Sum: 1,2]
      [Update RS (ms): Min: 0,0, Avg: 0,1, Max: 0,2, Diff: 0,2, Sum: 0,5]
         [Processed Buffers: Min: 0, Avg: 8,8, Max: 25, Diff: 25, Sum: 35]
      [Scan RS (ms): Min: 0,0, Avg: 0,0, Max: 0,1, Diff: 0,1, Sum: 0,2]
      [Code Root Scanning (ms): Min: 0,0, Avg: 0,0, Max: 0,0, Diff: 0,0, Sum: 0,1]
      [Object Copy (ms): Min: 0,0, Avg: 0,5, Max: 0,7, Diff: 0,7, Sum: 2,0]
      [Termination (ms): Min: 0,0, Avg: 0,1, Max: 0,2, Diff: 0,2, Sum: 0,5]
         [Termination Attempts: Min: 1, Avg: 1,0, Max: 1, Diff: 0, Sum: 4]
      [GC Worker Other (ms): Min: 0,0, Avg: 0,0, Max: 0,0, Diff: 0,0, Sum: 0,1]
      [GC Worker Total (ms): Min: 0,1, Avg: 1,1, Max: 1,6, Diff: 1,5, Sum: 4,6]
      [GC Worker End (ms): Min: 383952269,0, Avg: 383952269,0, Max: 383952269,0, Diff: 0,0]
   [Code Root Fixup: 0,0 ms]
   [Code Root Purge: 0,0 ms]
   [Clear CT: 0,3 ms]
   [Other: 1,0 ms]
      [Choose CSet: 0,0 ms]
      [Ref Proc: 0,5 ms]
      [Ref Enq: 0,0 ms]
      [Redirty Cards: 0,4 ms]
      [Humongous Register: 0,0 ms]
      [Humongous Reclaim: 0,0 ms]
      [Free CSet: 0,0 ms]
   [Eden: 78,0M(78,0M)->0,0B(76,0M) Survivors: 1024,0K->2048,0K Heap: 226,9M(256,0M)->149,3M(256,0M)]
 [Times: user=0,00 sys=0,01, real=0,01 secs] 
2019-07-25T08:32:36.511-0300: 386291,964: [GC pause (G1 Evacuation Pause) (young), 0,0038205 secs]
   [Parallel Time: 2,6 ms, GC Workers: 4]
      [GC Worker Start (ms): Min: 386291964,4, Avg: 386291965,6, Max: 386291966,8, Diff: 2,5]
      [Ext Root Scanning (ms): Min: 0,0, Avg: 0,3, Max: 1,1, Diff: 1,0, Sum: 1,1]
      [Update RS (ms): Min: 0,0, Avg: 0,0, Max: 0,1, Diff: 0,1, Sum: 0,1]
         [Processed Buffers: Min: 0, Avg: 8,2, Max: 33, Diff: 33, Sum: 33]
      [Scan RS (ms): Min: 0,0, Avg: 0,0, Max: 0,1, Diff: 0,1, Sum: 0,1]
      [Code Root Scanning (ms): Min: 0,0, Avg: 0,0, Max: 0,1, Diff: 0,1, Sum: 0,1]
      [Object Copy (ms): Min: 0,0, Avg: 0,5, Max: 0,9, Diff: 0,9, Sum: 1,9]
      [Termination (ms): Min: 0,0, Avg: 0,1, Max: 0,1, Diff: 0,1, Sum: 0,3]
         [Termination Attempts: Min: 1, Avg: 1,0, Max: 1, Diff: 0, Sum: 4]
      [GC Worker Other (ms): Min: 0,0, Avg: 0,3, Max: 1,3, Diff: 1,2, Sum: 1,3]
      [GC Worker Total (ms): Min: 0,0, Avg: 1,3, Max: 2,5, Diff: 2,5, Sum: 5,0]
      [GC Worker End (ms): Min: 386291966,9, Avg: 386291966,9, Max: 386291966,9, Diff: 0,0]
   [Code Root Fixup: 0,0 ms]
   [Code Root Purge: 0,0 ms]
   [Clear CT: 0,0 ms]
   [Other: 1,2 ms]
      [Choose CSet: 0,0 ms]
      [Ref Proc: 1,0 ms]
      [Ref Enq: 0,0 ms]
      [Redirty Cards: 0,0 ms]
      [Humongous Register: 0,0 ms]
      [Humongous Reclaim: 0,0 ms]
      [Free CSet: 0,0 ms]
   [Eden: 76,0M(76,0M)->0,0B(76,0M) Survivors: 2048,0K->2048,0K Heap: 225,3M(256,0M)->149,5M(256,0M)]
 [Times: user=0,00 sys=0,01, real=0,00 secs] 
2019-07-25T09:11:28.417-0300: 388623,871: [GC pause (G1 Evacuation Pause) (young) (initial-mark), 0,0049322 secs]
   [Parallel Time: 3,5 ms, GC Workers: 4]
      [GC Worker Start (ms): Min: 388623870,9, Avg: 388623871,9, Max: 388623872,3, Diff: 1,4]
      [Ext Root Scanning (ms): Min: 0,1, Avg: 1,7, Max: 2,7, Diff: 2,7, Sum: 6,8]
      [Update RS (ms): Min: 0,0, Avg: 0,1, Max: 0,4, Diff: 0,4, Sum: 0,4]
         [Processed Buffers: Min: 0, Avg: 8,2, Max: 33, Diff: 33, Sum: 33]
      [Scan RS (ms): Min: 0,0, Avg: 0,0, Max: 0,1, Diff: 0,1, Sum: 0,1]
      [Code Root Scanning (ms): Min: 0,0, Avg: 0,0, Max: 0,1, Diff: 0,1, Sum: 0,1]
      [Object Copy (ms): Min: 0,0, Avg: 0,4, Max: 1,2, Diff: 1,2, Sum: 1,7]
      [Termination (ms): Min: 0,0, Avg: 0,1, Max: 0,2, Diff: 0,2, Sum: 0,5]
         [Termination Attempts: Min: 1, Avg: 1,2, Max: 2, Diff: 1, Sum: 5]
      [GC Worker Other (ms): Min: 0,0, Avg: 0,0, Max: 0,0, Diff: 0,0, Sum: 0,1]
      [GC Worker Total (ms): Min: 2,0, Avg: 2,4, Max: 3,4, Diff: 1,4, Sum: 9,6]
      [GC Worker End (ms): Min: 388623874,3, Avg: 388623874,3, Max: 388623874,3, Diff: 0,0]
   [Code Root Fixup: 0,0 ms]
   [Code Root Purge: 0,0 ms]
   [Clear CT: 0,4 ms]
   [Other: 1,0 ms]
      [Choose CSet: 0,0 ms]
      [Ref Proc: 0,4 ms]
      [Ref Enq: 0,0 ms]
      [Redirty Cards: 0,4 ms]
      [Humongous Register: 0,0 ms]
      [Humongous Reclaim: 0,0 ms]
      [Free CSet: 0,0 ms]
   [Eden: 76,0M(76,0M)->0,0B(78,0M) Survivors: 2048,0K->1024,0K Heap: 225,5M(256,0M)->149,0M(256,0M)]
 [Times: user=0,01 sys=0,00, real=0,00 secs] 
2019-07-25T09:11:28.423-0300: 388623,876: [GC concurrent-root-region-scan-start]
2019-07-25T09:11:28.424-0300: 388623,877: [GC concurrent-root-region-scan-end, 0,0011873 secs]
2019-07-25T09:11:28.424-0300: 388623,877: [GC concurrent-mark-start]
2019-07-25T09:11:28.440-0300: 388623,893: [GC concurrent-mark-end, 0,0162629 secs]
2019-07-25T09:11:28.441-0300: 388623,894: [GC remark 2019-07-25T09:11:28.441-0300: 388623,894: [Finalize Marking, 0,0003257 secs] 2019-07-25T09:11:28.441-0300: 388623,894: [GC ref-proc, 0,0001507 secs] 2019-07-25T09:11:28.441-0300: 388623,894: [Unloading, 0,0055083 secs], 0,0070955 secs]
 [Times: user=0,02 sys=0,00, real=0,01 secs] 
2019-07-25T09:11:28.448-0300: 388623,901: [GC cleanup 148M->148M(256M), 0,0017030 secs]
 [Times: user=0,00 sys=0,00, real=0,00 secs] 
2019-07-25T09:51:56.075-0300: 391051,529: [GC pause (G1 Evacuation Pause) (young), 0,0098446 secs]
   [Parallel Time: 4,2 ms, GC Workers: 4]
      [GC Worker Start (ms): Min: 391051528,9, Avg: 391051531,8, Max: 391051532,9, Diff: 4,0]
      [Ext Root Scanning (ms): Min: 0,0, Avg: 0,3, Max: 1,0, Diff: 1,0, Sum: 1,1]
      [Update RS (ms): Min: 0,0, Avg: 0,1, Max: 0,5, Diff: 0,5, Sum: 0,5]
         [Processed Buffers: Min: 0, Avg: 8,0, Max: 32, Diff: 32, Sum: 32]
      [Scan RS (ms): Min: 0,0, Avg: 0,0, Max: 0,1, Diff: 0,1, Sum: 0,1]
      [Code Root Scanning (ms): Min: 0,0, Avg: 0,0, Max: 0,1, Diff: 0,1, Sum: 0,1]
      [Object Copy (ms): Min: 0,0, Avg: 0,5, Max: 2,0, Diff: 2,0, Sum: 2,0]
      [Termination (ms): Min: 0,0, Avg: 0,2, Max: 0,4, Diff: 0,4, Sum: 0,8]
         [Termination Attempts: Min: 1, Avg: 1,0, Max: 1, Diff: 0, Sum: 4]
      [GC Worker Other (ms): Min: 0,0, Avg: 0,0, Max: 0,0, Diff: 0,0, Sum: 0,1]
      [GC Worker Total (ms): Min: 0,0, Avg: 1,2, Max: 4,1, Diff: 4,1, Sum: 4,7]
      [GC Worker End (ms): Min: 391051532,9, Avg: 391051533,0, Max: 391051533,0, Diff: 0,0]
   [Code Root Fixup: 0,0 ms]
   [Code Root Purge: 0,0 ms]
   [Clear CT: 0,3 ms]
   [Other: 5,4 ms]
      [Choose CSet: 0,0 ms]
      [Ref Proc: 4,9 ms]
      [Ref Enq: 0,0 ms]
      [Redirty Cards: 0,3 ms]
      [Humongous Register: 0,0 ms]
      [Humongous Reclaim: 0,0 ms]
      [Free CSet: 0,0 ms]
   [Eden: 78,0M(78,0M)->0,0B(78,0M) Survivors: 1024,0K->1024,0K Heap: 227,0M(256,0M)->149,1M(256,0M)]
 [Times: user=0,01 sys=0,00, real=0,02 secs] 
2019-07-25T10:31:59.007-0300: 393454,460: [GC pause (G1 Evacuation Pause) (young), 0,0051960 secs]
   [Parallel Time: 3,6 ms, GC Workers: 4]
      [GC Worker Start (ms): Min: 393454459,9, Avg: 393454462,3, Max: 393454463,4, Diff: 3,5]
      [Ext Root Scanning (ms): Min: 0,0, Avg: 0,3, Max: 1,0, Diff: 1,0, Sum: 1,1]
      [Update RS (ms): Min: 0,0, Avg: 0,1, Max: 0,4, Diff: 0,4, Sum: 0,4]
         [Processed Buffers: Min: 0, Avg: 7,8, Max: 31, Diff: 31, Sum: 31]
      [Scan RS (ms): Min: 0,0, Avg: 0,0, Max: 0,1, Diff: 0,1, Sum: 0,1]
      [Code Root Scanning (ms): Min: 0,0, Avg: 0,0, Max: 0,1, Diff: 0,1, Sum: 0,1]
      [Object Copy (ms): Min: 0,0, Avg: 0,5, Max: 1,7, Diff: 1,7, Sum: 2,0]
      [Termination (ms): Min: 0,0, Avg: 0,2, Max: 0,2, Diff: 0,2, Sum: 0,6]
         [Termination Attempts: Min: 1, Avg: 1,0, Max: 1, Diff: 0, Sum: 4]
      [GC Worker Other (ms): Min: 0,0, Avg: 0,0, Max: 0,0, Diff: 0,0, Sum: 0,1]
      [GC Worker Total (ms): Min: 0,0, Avg: 1,1, Max: 3,5, Diff: 3,5, Sum: 4,4]
      [GC Worker End (ms): Min: 393454463,4, Avg: 393454463,4, Max: 393454463,4, Diff: 0,0]
   [Code Root Fixup: 0,0 ms]
   [Code Root Purge: 0,0 ms]
   [Clear CT: 0,2 ms]
   [Other: 1,3 ms]
      [Choose CSet: 0,0 ms]
      [Ref Proc: 1,0 ms]
      [Ref Enq: 0,0 ms]
      [Redirty Cards: 0,2 ms]
      [Humongous Register: 0,0 ms]
      [Humongous Reclaim: 0,0 ms]
      [Free CSet: 0,0 ms]
   [Eden: 78,0M(78,0M)->0,0B(76,0M) Survivors: 1024,0K->2048,0K Heap: 227,1M(256,0M)->149,3M(256,0M)]
 [Times: user=0,00 sys=0,00, real=0,00 secs] 
2019-07-25T11:10:51.814-0300: 395787,267: [GC pause (G1 Evacuation Pause) (young) (initial-mark), 0,0041788 secs]
   [Parallel Time: 3,1 ms, GC Workers: 4]
      [GC Worker Start (ms): Min: 395787267,4, Avg: 395787267,8, Max: 395787268,2, Diff: 0,9]
      [Ext Root Scanning (ms): Min: 0,1, Avg: 1,8, Max: 2,7, Diff: 2,6, Sum: 7,2]
      [Update RS (ms): Min: 0,0, Avg: 0,1, Max: 0,4, Diff: 0,4, Sum: 0,4]
         [Processed Buffers: Min: 0, Avg: 8,5, Max: 34, Diff: 34, Sum: 34]
      [Scan RS (ms): Min: 0,0, Avg: 0,0, Max: 0,1, Diff: 0,1, Sum: 0,1]
      [Code Root Scanning (ms): Min: 0,0, Avg: 0,0, Max: 0,1, Diff: 0,1, Sum: 0,1]
      [Object Copy (ms): Min: 0,0, Avg: 0,4, Max: 1,2, Diff: 1,2, Sum: 1,7]
      [Termination (ms): Min: 0,0, Avg: 0,1, Max: 0,2, Diff: 0,2, Sum: 0,5]
         [Termination Attempts: Min: 1, Avg: 1,2, Max: 2, Diff: 1, Sum: 5]
      [GC Worker Other (ms): Min: 0,0, Avg: 0,0, Max: 0,0, Diff: 0,0, Sum: 0,1]
      [GC Worker Total (ms): Min: 2,0, Avg: 2,5, Max: 3,0, Diff: 0,9, Sum: 10,0]
      [GC Worker End (ms): Min: 395787270,3, Avg: 395787270,3, Max: 395787270,3, Diff: 0,0]
   [Code Root Fixup: 0,0 ms]
   [Code Root Purge: 0,0 ms]
   [Clear CT: 0,2 ms]
   [Other: 0,8 ms]
      [Choose CSet: 0,0 ms]
      [Ref Proc: 0,4 ms]
      [Ref Enq: 0,0 ms]
      [Redirty Cards: 0,2 ms]
      [Humongous Register: 0,0 ms]
      [Humongous Reclaim: 0,0 ms]
      [Free CSet: 0,0 ms]
   [Eden: 76,0M(76,0M)->0,0B(76,0M) Survivors: 2048,0K->2048,0K Heap: 225,3M(256,0M)->149,3M(256,0M)]
 [Times: user=0,00 sys=0,00, real=0,01 secs] 
2019-07-25T11:10:51.818-0300: 395787,272: [GC concurrent-root-region-scan-start]
2019-07-25T11:10:51.820-0300: 395787,273: [GC concurrent-root-region-scan-end, 0,0014254 secs]
2019-07-25T11:10:51.820-0300: 395787,273: [GC concurrent-mark-start]
2019-07-25T11:10:51.934-0300: 395787,388: [GC concurrent-mark-end, 0,1146460 secs]
2019-07-25T11:10:51.935-0300: 395787,388: [GC remark 2019-07-25T11:10:51.935-0300: 395787,388: [Finalize Marking, 0,0004088 secs] 2019-07-25T11:10:51.935-0300: 395787,388: [GC ref-proc, 0,0001326 secs] 2019-07-25T11:10:51.935-0300: 395787,389: [Unloading, 0,0048882 secs], 0,0064090 secs]
 [Times: user=0,00 sys=0,00, real=0,01 secs] 
2019-07-25T11:10:51.942-0300: 395787,395: [GC cleanup 149M->149M(256M), 0,0011769 secs]
 [Times: user=0,00 sys=0,00, real=0,00 secs] 
2019-07-25T11:50:15.163-0300: 398150,616: [GC pause (G1 Evacuation Pause) (young), 0,0039110 secs]
   [Parallel Time: 2,9 ms, GC Workers: 4]
      [GC Worker Start (ms): Min: 398150616,2, Avg: 398150617,9, Max: 398150618,9, Diff: 2,7]
      [Ext Root Scanning (ms): Min: 0,0, Avg: 0,3, Max: 1,0, Diff: 1,0, Sum: 1,1]
      [Update RS (ms): Min: 0,0, Avg: 0,1, Max: 0,3, Diff: 0,3, Sum: 0,3]
         [Processed Buffers: Min: 0, Avg: 7,8, Max: 31, Diff: 31, Sum: 31]
      [Scan RS (ms): Min: 0,0, Avg: 0,0, Max: 0,1, Diff: 0,1, Sum: 0,1]
      [Code Root Scanning (ms): Min: 0,0, Avg: 0,0, Max: 0,1, Diff: 0,1, Sum: 0,1]
      [Object Copy (ms): Min: 0,0, Avg: 0,5, Max: 1,0, Diff: 1,0, Sum: 1,9]
      [Termination (ms): Min: 0,0, Avg: 0,2, Max: 0,2, Diff: 0,2, Sum: 0,6]
         [Termination Attempts: Min: 1, Avg: 1,0, Max: 1, Diff: 0, Sum: 4]
      [GC Worker Other (ms): Min: 0,0, Avg: 0,0, Max: 0,1, Diff: 0,0, Sum: 0,1]
      [GC Worker Total (ms): Min: 0,0, Avg: 1,1, Max: 2,8, Diff: 2,7, Sum: 4,3]
      [GC Worker End (ms): Min: 398150619,0, Avg: 398150619,0, Max: 398150619,0, Diff: 0,0]
   [Code Root Fixup: 0,0 ms]
   [Code Root Purge: 0,0 ms]
   [Clear CT: 0,2 ms]
   [Other: 0,8 ms]
      [Choose CSet: 0,0 ms]
      [Ref Proc: 0,5 ms]
      [Ref Enq: 0,0 ms]
      [Redirty Cards: 0,1 ms]
      [Humongous Register: 0,0 ms]
      [Humongous Reclaim: 0,0 ms]
      [Free CSet: 0,0 ms]
   [Eden: 76,0M(76,0M)->0,0B(76,0M) Survivors: 2048,0K->2048,0K Heap: 225,3M(256,0M)->149,3M(256,0M)]
 [Times: user=0,00 sys=0,00, real=0,01 secs] 
2019-07-25T12:29:21.816-0300: 400497,269: [GC pause (G1 Evacuation Pause) (young), 0,0094864 secs]
   [Parallel Time: 3,6 ms, GC Workers: 4]
      [GC Worker Start (ms): Min: 400497269,2, Avg: 400497271,3, Max: 400497272,6, Diff: 3,3]
      [Ext Root Scanning (ms): Min: 0,0, Avg: 0,2, Max: 0,9, Diff: 0,9, Sum: 1,0]
      [Update RS (ms): Min: 0,0, Avg: 0,1, Max: 0,4, Diff: 0,4, Sum: 0,4]
         [Processed Buffers: Min: 0, Avg: 8,5, Max: 34, Diff: 34, Sum: 34]
      [Scan RS (ms): Min: 0,0, Avg: 0,0, Max: 0,1, Diff: 0,1, Sum: 0,1]
      [Code Root Scanning (ms): Min: 0,0, Avg: 0,0, Max: 0,1, Diff: 0,1, Sum: 0,1]
      [Object Copy (ms): Min: 0,0, Avg: 0,7, Max: 1,6, Diff: 1,6, Sum: 2,9]
      [Termination (ms): Min: 0,0, Avg: 0,2, Max: 0,3, Diff: 0,3, Sum: 0,8]
         [Termination Attempts: Min: 1, Avg: 1,0, Max: 1, Diff: 0, Sum: 4]
      [GC Worker Other (ms): Min: 0,0, Avg: 0,0, Max: 0,0, Diff: 0,0, Sum: 0,1]
      [GC Worker Total (ms): Min: 0,1, Avg: 1,4, Max: 3,4, Diff: 3,4, Sum: 5,4]
      [GC Worker End (ms): Min: 400497272,6, Avg: 400497272,6, Max: 400497272,6, Diff: 0,0]
   [Code Root Fixup: 0,0 ms]
   [Code Root Purge: 0,0 ms]
   [Clear CT: 0,4 ms]
   [Other: 5,6 ms]
      [Choose CSet: 0,0 ms]
      [Ref Proc: 5,1 ms]
      [Ref Enq: 0,0 ms]
      [Redirty Cards: 0,3 ms]
      [Humongous Register: 0,0 ms]
      [Humongous Reclaim: 0,0 ms]
      [Free CSet: 0,0 ms]
   [Eden: 76,0M(76,0M)->0,0B(76,0M) Survivors: 2048,0K->2048,0K Heap: 225,3M(256,0M)->149,3M(256,0M)]
 [Times: user=0,01 sys=0,00, real=0,02 secs] 
2019-07-25T13:08:21.418-0300: 402836,872: [GC pause (G1 Evacuation Pause) (young) (initial-mark), 0,0028220 secs]
   [Parallel Time: 1,3 ms, GC Workers: 4]
      [GC Worker Start (ms): Min: 402836871,7, Avg: 402836872,0, Max: 402836872,3, Diff: 0,5]
      [Ext Root Scanning (ms): Min: 0,1, Avg: 0,4, Max: 0,7, Diff: 0,5, Sum: 1,6]
      [Update RS (ms): Min: 0,1, Avg: 0,1, Max: 0,1, Diff: 0,0, Sum: 0,5]
         [Processed Buffers: Min: 1, Avg: 8,2, Max: 15, Diff: 14, Sum: 33]
      [Scan RS (ms): Min: 0,0, Avg: 0,0, Max: 0,0, Diff: 0,0, Sum: 0,2]
      [Code Root Scanning (ms): Min: 0,0, Avg: 0,0, Max: 0,0, Diff: 0,0, Sum: 0,1]
      [Object Copy (ms): Min: 0,3, Avg: 0,3, Max: 0,4, Diff: 0,1, Sum: 1,4]
      [Termination (ms): Min: 0,0, Avg: 0,0, Max: 0,0, Diff: 0,0, Sum: 0,0]
         [Termination Attempts: Min: 1, Avg: 1,2, Max: 2, Diff: 1, Sum: 5]
      [GC Worker Other (ms): Min: 0,0, Avg: 0,0, Max: 0,0, Diff: 0,0, Sum: 0,1]
      [GC Worker Total (ms): Min: 0,7, Avg: 1,0, Max: 1,2, Diff: 0,5, Sum: 3,9]
      [GC Worker End (ms): Min: 402836873,0, Avg: 402836873,0, Max: 402836873,0, Diff: 0,0]
   [Code Root Fixup: 0,0 ms]
   [Code Root Purge: 0,0 ms]
   [Clear CT: 0,4 ms]
   [Other: 1,0 ms]
      [Choose CSet: 0,0 ms]
      [Ref Proc: 0,4 ms]
      [Ref Enq: 0,0 ms]
      [Redirty Cards: 0,4 ms]
      [Humongous Register: 0,0 ms]
      [Humongous Reclaim: 0,0 ms]
      [Free CSet: 0,0 ms]
   [Eden: 76,0M(76,0M)->0,0B(76,0M) Survivors: 2048,0K->2048,0K Heap: 225,3M(256,0M)->149,3M(256,0M)]
 [Times: user=0,00 sys=0,01, real=0,00 secs] 
2019-07-25T13:08:21.421-0300: 402836,875: [GC concurrent-root-region-scan-start]
2019-07-25T13:08:21.423-0300: 402836,876: [GC concurrent-root-region-scan-end, 0,0014627 secs]
2019-07-25T13:08:21.423-0300: 402836,876: [GC concurrent-mark-start]
2019-07-25T13:08:21.442-0300: 402836,895: [GC concurrent-mark-end, 0,0194150 secs]
2019-07-25T13:08:21.443-0300: 402836,896: [GC remark 2019-07-25T13:08:21.443-0300: 402836,896: [Finalize Marking, 0,0003458 secs] 2019-07-25T13:08:21.443-0300: 402836,896: [GC ref-proc, 0,0001352 secs] 2019-07-25T13:08:21.443-0300: 402836,896: [Unloading, 0,0036403 secs], 0,0051571 secs]
 [Times: user=0,03 sys=0,00, real=0,01 secs] 
2019-07-25T13:08:21.448-0300: 402836,901: [GC cleanup 149M->149M(256M), 0,0012089 secs]
 [Times: user=0,00 sys=0,00, real=0,00 secs] 
2019-07-25T13:47:51.814-0300: 405207,267: [GC pause (G1 Evacuation Pause) (young), 0,0027424 secs]
   [Parallel Time: 1,3 ms, GC Workers: 4]
      [GC Worker Start (ms): Min: 405207267,2, Avg: 405207267,3, Max: 405207267,3, Diff: 0,2]
      [Ext Root Scanning (ms): Min: 0,2, Avg: 0,3, Max: 0,6, Diff: 0,4, Sum: 1,3]
      [Update RS (ms): Min: 0,0, Avg: 0,1, Max: 0,2, Diff: 0,2, Sum: 0,6]
         [Processed Buffers: Min: 0, Avg: 8,5, Max: 17, Diff: 17, Sum: 34]
      [Scan RS (ms): Min: 0,0, Avg: 0,0, Max: 0,0, Diff: 0,0, Sum: 0,2]
      [Code Root Scanning (ms): Min: 0,0, Avg: 0,0, Max: 0,0, Diff: 0,0, Sum: 0,1]
      [Object Copy (ms): Min: 0,6, Avg: 0,6, Max: 0,6, Diff: 0,0, Sum: 2,4]
      [Termination (ms): Min: 0,0, Avg: 0,0, Max: 0,0, Diff: 0,0, Sum: 0,0]
         [Termination Attempts: Min: 1, Avg: 1,0, Max: 1, Diff: 0, Sum: 4]
      [GC Worker Other (ms): Min: 0,0, Avg: 0,0, Max: 0,0, Diff: 0,0, Sum: 0,1]
      [GC Worker Total (ms): Min: 1,1, Avg: 1,2, Max: 1,3, Diff: 0,2, Sum: 4,7]
      [GC Worker End (ms): Min: 405207268,4, Avg: 405207268,4, Max: 405207268,4, Diff: 0,0]
   [Code Root Fixup: 0,0 ms]
   [Code Root Purge: 0,0 ms]
   [Clear CT: 0,3 ms]
   [Other: 1,1 ms]
      [Choose CSet: 0,0 ms]
      [Ref Proc: 0,5 ms]
      [Ref Enq: 0,0 ms]
      [Redirty Cards: 0,4 ms]
      [Humongous Register: 0,0 ms]
      [Humongous Reclaim: 0,0 ms]
      [Free CSet: 0,0 ms]
   [Eden: 76,0M(76,0M)->0,0B(76,0M) Survivors: 2048,0K->2048,0K Heap: 225,3M(256,0M)->149,3M(256,0M)]
 [Times: user=0,00 sys=0,01, real=0,01 secs] 
2019-07-25T14:26:56.073-0300: 407551,526: [GC pause (G1 Evacuation Pause) (young), 0,0024928 secs]
   [Parallel Time: 1,3 ms, GC Workers: 4]
      [GC Worker Start (ms): Min: 407551526,3, Avg: 407551526,4, Max: 407551526,5, Diff: 0,2]
      [Ext Root Scanning (ms): Min: 0,2, Avg: 0,3, Max: 0,6, Diff: 0,5, Sum: 1,3]
      [Update RS (ms): Min: 0,0, Avg: 0,2, Max: 0,2, Diff: 0,2, Sum: 0,7]
         [Processed Buffers: Min: 0, Avg: 8,8, Max: 14, Diff: 14, Sum: 35]
      [Scan RS (ms): Min: 0,0, Avg: 0,0, Max: 0,1, Diff: 0,0, Sum: 0,2]
      [Code Root Scanning (ms): Min: 0,0, Avg: 0,0, Max: 0,0, Diff: 0,0, Sum: 0,1]
      [Object Copy (ms): Min: 0,5, Avg: 0,5, Max: 0,5, Diff: 0,0, Sum: 2,0]
      [Termination (ms): Min: 0,0, Avg: 0,0, Max: 0,0, Diff: 0,0, Sum: 0,0]
         [Termination Attempts: Min: 1, Avg: 1,0, Max: 1, Diff: 0, Sum: 4]
      [GC Worker Other (ms): Min: 0,0, Avg: 0,0, Max: 0,0, Diff: 0,0, Sum: 0,1]
      [GC Worker Total (ms): Min: 1,0, Avg: 1,1, Max: 1,2, Diff: 0,2, Sum: 4,4]
      [GC Worker End (ms): Min: 407551527,5, Avg: 407551527,5, Max: 407551527,5, Diff: 0,0]
   [Code Root Fixup: 0,0 ms]
   [Code Root Purge: 0,0 ms]
   [Clear CT: 0,3 ms]
   [Other: 0,9 ms]
      [Choose CSet: 0,0 ms]
      [Ref Proc: 0,4 ms]
      [Ref Enq: 0,0 ms]
      [Redirty Cards: 0,3 ms]
      [Humongous Register: 0,0 ms]
      [Humongous Reclaim: 0,0 ms]
      [Free CSet: 0,0 ms]
   [Eden: 76,0M(76,0M)->0,0B(76,0M) Survivors: 2048,0K->2048,0K Heap: 225,3M(256,0M)->149,5M(256,0M)]
 [Times: user=0,00 sys=0,00, real=0,00 secs] 
2019-07-25T15:05:46.814-0300: 409882,267: [GC pause (G1 Evacuation Pause) (young) (initial-mark), 0,0046113 secs]
   [Parallel Time: 3,9 ms, GC Workers: 4]
      [GC Worker Start (ms): Min: 409882267,3, Avg: 409882268,4, Max: 409882268,8, Diff: 1,5]
      [Ext Root Scanning (ms): Min: 0,0, Avg: 2,0, Max: 3,5, Diff: 3,4, Sum: 8,0]
      [Update RS (ms): Min: 0,0, Avg: 0,1, Max: 0,5, Diff: 0,5, Sum: 0,5]
         [Processed Buffers: Min: 0, Avg: 9,0, Max: 36, Diff: 36, Sum: 36]
      [Scan RS (ms): Min: 0,0, Avg: 0,0, Max: 0,1, Diff: 0,1, Sum: 0,1]
      [Code Root Scanning (ms): Min: 0,0, Avg: 0,0, Max: 0,1, Diff: 0,1, Sum: 0,1]
      [Object Copy (ms): Min: 0,0, Avg: 0,3, Max: 1,2, Diff: 1,2, Sum: 1,3]
      [Termination (ms): Min: 0,0, Avg: 0,1, Max: 0,3, Diff: 0,3, Sum: 0,6]
         [Termination Attempts: Min: 1, Avg: 1,0, Max: 1, Diff: 0, Sum: 4]
      [GC Worker Other (ms): Min: 0,0, Avg: 0,0, Max: 0,0, Diff: 0,0, Sum: 0,1]
      [GC Worker Total (ms): Min: 2,3, Avg: 2,7, Max: 3,8, Diff: 1,5, Sum: 10,7]
      [GC Worker End (ms): Min: 409882271,1, Avg: 409882271,1, Max: 409882271,1, Diff: 0,0]
   [Code Root Fixup: 0,0 ms]
   [Code Root Purge: 0,0 ms]
   [Clear CT: 0,1 ms]
   [Other: 0,7 ms]
      [Choose CSet: 0,0 ms]
      [Ref Proc: 0,5 ms]
      [Ref Enq: 0,0 ms]
      [Redirty Cards: 0,0 ms]
      [Humongous Register: 0,0 ms]
      [Humongous Reclaim: 0,0 ms]
      [Free CSet: 0,0 ms]
   [Eden: 76,0M(76,0M)->0,0B(76,0M) Survivors: 2048,0K->2048,0K Heap: 225,5M(256,0M)->149,3M(256,0M)]
 [Times: user=0,01 sys=0,00, real=0,01 secs] 
2019-07-25T15:05:46.819-0300: 409882,272: [GC concurrent-root-region-scan-start]
2019-07-25T15:05:46.820-0300: 409882,273: [GC concurrent-root-region-scan-end, 0,0011045 secs]
2019-07-25T15:05:46.820-0300: 409882,273: [GC concurrent-mark-start]
2019-07-25T15:05:46.838-0300: 409882,291: [GC concurrent-mark-end, 0,0182490 secs]
2019-07-25T15:05:46.838-0300: 409882,292: [GC remark 2019-07-25T15:05:46.838-0300: 409882,292: [Finalize Marking, 0,0004889 secs] 2019-07-25T15:05:46.839-0300: 409882,292: [GC ref-proc, 0,0001392 secs] 2019-07-25T15:05:46.839-0300: 409882,292: [Unloading, 0,0070087 secs], 0,0085567 secs]
 [Times: user=0,00 sys=0,00, real=0,01 secs] 
2019-07-25T15:05:46.847-0300: 409882,301: [GC cleanup 149M->149M(256M), 0,0013418 secs]
 [Times: user=0,00 sys=0,00, real=0,00 secs] 
2019-07-25T15:45:01.814-0300: 412237,267: [GC pause (G1 Evacuation Pause) (young), 0,0040262 secs]
   [Parallel Time: 3,1 ms, GC Workers: 4]
      [GC Worker Start (ms): Min: 412237267,3, Avg: 412237269,4, Max: 412237270,3, Diff: 3,0]
      [Ext Root Scanning (ms): Min: 0,0, Avg: 0,3, Max: 1,1, Diff: 1,0, Sum: 1,1]
      [Update RS (ms): Min: 0,0, Avg: 0,1, Max: 0,4, Diff: 0,4, Sum: 0,4]
         [Processed Buffers: Min: 0, Avg: 8,2, Max: 33, Diff: 33, Sum: 33]
      [Scan RS (ms): Min: 0,0, Avg: 0,0, Max: 0,1, Diff: 0,1, Sum: 0,1]
      [Code Root Scanning (ms): Min: 0,0, Avg: 0,0, Max: 0,1, Diff: 0,1, Sum: 0,1]
      [Object Copy (ms): Min: 0,0, Avg: 0,4, Max: 1,1, Diff: 1,1, Sum: 1,5]
      [Termination (ms): Min: 0,0, Avg: 0,2, Max: 0,2, Diff: 0,2, Sum: 0,6]
         [Termination Attempts: Min: 1, Avg: 1,0, Max: 1, Diff: 0, Sum: 4]
      [GC Worker Other (ms): Min: 0,0, Avg: 0,0, Max: 0,0, Diff: 0,0, Sum: 0,1]
      [GC Worker Total (ms): Min: 0,0, Avg: 1,0, Max: 3,1, Diff: 3,0, Sum: 4,0]
      [GC Worker End (ms): Min: 412237270,3, Avg: 412237270,3, Max: 412237270,4, Diff: 0,0]
   [Code Root Fixup: 0,0 ms]
   [Code Root Purge: 0,0 ms]
   [Clear CT: 0,2 ms]
   [Other: 0,7 ms]
      [Choose CSet: 0,0 ms]
      [Ref Proc: 0,4 ms]
      [Ref Enq: 0,0 ms]
      [Redirty Cards: 0,2 ms]
      [Humongous Register: 0,0 ms]
      [Humongous Reclaim: 0,0 ms]
      [Free CSet: 0,0 ms]
   [Eden: 76,0M(76,0M)->0,0B(78,0M) Survivors: 2048,0K->1024,0K Heap: 225,3M(256,0M)->149,1M(256,0M)]
 [Times: user=0,01 sys=0,00, real=0,01 secs] 
2019-07-25T16:25:07.173-0300: 414642,626: [GC pause (G1 Evacuation Pause) (young), 0,0062051 secs]
   [Parallel Time: 4,9 ms, GC Workers: 4]
      [GC Worker Start (ms): Min: 414642626,5, Avg: 414642629,0, Max: 414642630,2, Diff: 3,7]
      [Ext Root Scanning (ms): Min: 0,0, Avg: 0,3, Max: 1,0, Diff: 1,0, Sum: 1,1]
      [Update RS (ms): Min: 0,0, Avg: 0,1, Max: 0,5, Diff: 0,5, Sum: 0,5]
         [Processed Buffers: Min: 0, Avg: 8,2, Max: 33, Diff: 33, Sum: 33]
      [Scan RS (ms): Min: 0,0, Avg: 0,0, Max: 0,1, Diff: 0,1, Sum: 0,1]
      [Code Root Scanning (ms): Min: 0,0, Avg: 0,0, Max: 0,1, Diff: 0,1, Sum: 0,1]
      [Object Copy (ms): Min: 0,0, Avg: 1,0, Max: 3,1, Diff: 3,1, Sum: 3,9]
      [Termination (ms): Min: 0,0, Avg: 0,9, Max: 1,2, Diff: 1,2, Sum: 3,4]
         [Termination Attempts: Min: 1, Avg: 1,0, Max: 1, Diff: 0, Sum: 4]
      [GC Worker Other (ms): Min: 0,0, Avg: 0,0, Max: 0,0, Diff: 0,0, Sum: 0,1]
      [GC Worker Total (ms): Min: 1,1, Avg: 2,3, Max: 4,8, Diff: 3,7, Sum: 9,2]
      [GC Worker End (ms): Min: 414642631,3, Avg: 414642631,3, Max: 414642631,3, Diff: 0,0]
   [Code Root Fixup: 0,0 ms]
   [Code Root Purge: 0,0 ms]
   [Clear CT: 0,3 ms]
   [Other: 1,0 ms]
      [Choose CSet: 0,0 ms]
      [Ref Proc: 0,5 ms]
      [Ref Enq: 0,0 ms]
      [Redirty Cards: 0,3 ms]
      [Humongous Register: 0,0 ms]
      [Humongous Reclaim: 0,0 ms]
      [Free CSet: 0,0 ms]
   [Eden: 78,0M(78,0M)->0,0B(76,0M) Survivors: 1024,0K->2048,0K Heap: 227,1M(256,0M)->149,3M(256,0M)]
 [Times: user=0,01 sys=0,00, real=0,01 secs] 
2019-07-25T17:04:36.815-0300: 417012,268: [GC pause (G1 Evacuation Pause) (young) (initial-mark), 0,0028331 secs]
   [Parallel Time: 1,7 ms, GC Workers: 4]
      [GC Worker Start (ms): Min: 417012268,2, Avg: 417012268,4, Max: 417012268,8, Diff: 0,6]
      [Ext Root Scanning (ms): Min: 0,7, Avg: 0,8, Max: 0,9, Diff: 0,3, Sum: 3,1]
      [Update RS (ms): Min: 0,0, Avg: 0,1, Max: 0,2, Diff: 0,2, Sum: 0,5]
         [Processed Buffers: Min: 0, Avg: 8,2, Max: 23, Diff: 23, Sum: 33]
      [Scan RS (ms): Min: 0,0, Avg: 0,0, Max: 0,1, Diff: 0,1, Sum: 0,2]
      [Code Root Scanning (ms): Min: 0,0, Avg: 0,0, Max: 0,0, Diff: 0,0, Sum: 0,1]
      [Object Copy (ms): Min: 0,0, Avg: 0,3, Max: 0,4, Diff: 0,4, Sum: 1,0]
      [Termination (ms): Min: 0,0, Avg: 0,1, Max: 0,2, Diff: 0,2, Sum: 0,5]
         [Termination Attempts: Min: 1, Avg: 1,0, Max: 1, Diff: 0, Sum: 4]
      [GC Worker Other (ms): Min: 0,0, Avg: 0,0, Max: 0,0, Diff: 0,0, Sum: 0,1]
      [GC Worker Total (ms): Min: 1,0, Avg: 1,4, Max: 1,6, Diff: 0,7, Sum: 5,6]
      [GC Worker End (ms): Min: 417012269,7, Avg: 417012269,8, Max: 417012269,8, Diff: 0,0]
   [Code Root Fixup: 0,0 ms]
   [Code Root Purge: 0,0 ms]
   [Clear CT: 0,3 ms]
   [Other: 0,9 ms]
      [Choose CSet: 0,0 ms]
      [Ref Proc: 0,4 ms]
      [Ref Enq: 0,0 ms]
      [Redirty Cards: 0,3 ms]
      [Humongous Register: 0,0 ms]
      [Humongous Reclaim: 0,0 ms]
      [Free CSet: 0,0 ms]
   [Eden: 76,0M(76,0M)->0,0B(76,0M) Survivors: 2048,0K->2048,0K Heap: 225,3M(256,0M)->149,3M(256,0M)]
 [Times: user=0,00 sys=0,02, real=0,01 secs] 
2019-07-25T17:04:36.818-0300: 417012,271: [GC concurrent-root-region-scan-start]
2019-07-25T17:04:36.819-0300: 417012,272: [GC concurrent-root-region-scan-end, 0,0012686 secs]
2019-07-25T17:04:36.819-0300: 417012,272: [GC concurrent-mark-start]
2019-07-25T17:04:36.839-0300: 417012,292: [GC concurrent-mark-end, 0,0196362 secs]
2019-07-25T17:04:36.839-0300: 417012,292: [GC remark 2019-07-25T17:04:36.839-0300: 417012,292: [Finalize Marking, 0,0005498 secs] 2019-07-25T17:04:36.840-0300: 417012,293: [GC ref-proc, 0,0001343 secs] 2019-07-25T17:04:36.840-0300: 417012,293: [Unloading, 0,0079562 secs], 0,0096370 secs]
 [Times: user=0,00 sys=0,00, real=0,01 secs] 
2019-07-25T17:04:36.849-0300: 417012,302: [GC cleanup 149M->149M(256M), 0,0011460 secs]
 [Times: user=0,00 sys=0,00, real=0,00 secs] 
2019-07-25T17:43:32.933-0300: 419348,386: [GC pause (G1 Evacuation Pause) (young), 0,0088472 secs]
   [Parallel Time: 7,8 ms, GC Workers: 4]
      [GC Worker Start (ms): Min: 419348386,0, Avg: 419348388,2, Max: 419348389,6, Diff: 3,6]
      [Ext Root Scanning (ms): Min: 0,0, Avg: 0,3, Max: 1,0, Diff: 1,0, Sum: 1,1]
      [Update RS (ms): Min: 0,0, Avg: 0,1, Max: 0,4, Diff: 0,4, Sum: 0,4]
         [Processed Buffers: Min: 0, Avg: 8,2, Max: 33, Diff: 33, Sum: 33]
      [Scan RS (ms): Min: 0,0, Avg: 0,0, Max: 0,1, Diff: 0,1, Sum: 0,1]
      [Code Root Scanning (ms): Min: 0,0, Avg: 0,0, Max: 0,1, Diff: 0,1, Sum: 0,1]
      [Object Copy (ms): Min: 0,0, Avg: 1,9, Max: 6,1, Diff: 6,1, Sum: 7,4]
      [Termination (ms): Min: 0,0, Avg: 3,1, Max: 4,3, Diff: 4,3, Sum: 12,6]
         [Termination Attempts: Min: 1, Avg: 1,0, Max: 1, Diff: 0, Sum: 4]
      [GC Worker Other (ms): Min: 0,0, Avg: 0,0, Max: 0,0, Diff: 0,0, Sum: 0,1]
      [GC Worker Total (ms): Min: 4,2, Avg: 5,4, Max: 7,7, Diff: 3,5, Sum: 21,8]
      [GC Worker End (ms): Min: 419348393,7, Avg: 419348393,7, Max: 419348393,7, Diff: 0,0]
   [Code Root Fixup: 0,0 ms]
   [Code Root Purge: 0,0 ms]
   [Clear CT: 0,2 ms]
   [Other: 0,8 ms]
      [Choose CSet: 0,0 ms]
      [Ref Proc: 0,3 ms]
      [Ref Enq: 0,0 ms]
      [Redirty Cards: 0,3 ms]
      [Humongous Register: 0,0 ms]
      [Humongous Reclaim: 0,0 ms]
      [Free CSet: 0,0 ms]
   [Eden: 76,0M(76,0M)->0,0B(76,0M) Survivors: 2048,0K->2048,0K Heap: 225,3M(256,0M)->149,3M(256,0M)]
 [Times: user=0,00 sys=0,00, real=0,01 secs] 
2019-07-25T18:22:36.868-0300: 421692,321: [GC pause (G1 Evacuation Pause) (young), 0,0131765 secs]
   [Parallel Time: 3,8 ms, GC Workers: 4]
      [GC Worker Start (ms): Min: 421692321,3, Avg: 421692324,0, Max: 421692325,0, Diff: 3,6]
      [Ext Root Scanning (ms): Min: 0,0, Avg: 0,3, Max: 1,0, Diff: 1,0, Sum: 1,1]
      [Update RS (ms): Min: 0,0, Avg: 0,1, Max: 0,5, Diff: 0,5, Sum: 0,5]
         [Processed Buffers: Min: 0, Avg: 8,2, Max: 33, Diff: 33, Sum: 33]
      [Scan RS (ms): Min: 0,0, Avg: 0,0, Max: 0,1, Diff: 0,1, Sum: 0,1]
      [Code Root Scanning (ms): Min: 0,0, Avg: 0,0, Max: 0,1, Diff: 0,1, Sum: 0,1]
      [Object Copy (ms): Min: 0,0, Avg: 0,4, Max: 1,6, Diff: 1,6, Sum: 1,6]
      [Termination (ms): Min: 0,0, Avg: 0,2, Max: 0,4, Diff: 0,4, Sum: 0,7]
         [Termination Attempts: Min: 1, Avg: 1,0, Max: 1, Diff: 0, Sum: 4]
      [GC Worker Other (ms): Min: 0,0, Avg: 0,0, Max: 0,0, Diff: 0,0, Sum: 0,1]
      [GC Worker Total (ms): Min: 0,0, Avg: 1,0, Max: 3,7, Diff: 3,7, Sum: 4,2]
      [GC Worker End (ms): Min: 421692325,0, Avg: 421692325,0, Max: 421692325,0, Diff: 0,0]
   [Code Root Fixup: 0,0 ms]
   [Code Root Purge: 0,0 ms]
   [Clear CT: 0,3 ms]
   [Other: 9,1 ms]
      [Choose CSet: 0,0 ms]
      [Ref Proc: 8,8 ms]
      [Ref Enq: 0,0 ms]
      [Redirty Cards: 0,1 ms]
      [Humongous Register: 0,0 ms]
      [Humongous Reclaim: 0,0 ms]
      [Free CSet: 0,0 ms]
   [Eden: 76,0M(76,0M)->0,0B(78,0M) Survivors: 2048,0K->1024,0K Heap: 225,3M(256,0M)->149,0M(256,0M)]
 [Times: user=0,01 sys=0,01, real=0,01 secs] 
2019-07-25T19:03:04.896-0300: 424120,349: [GC pause (G1 Evacuation Pause) (young) (initial-mark), 0,0141034 secs]
   [Parallel Time: 12,9 ms, GC Workers: 4]
      [GC Worker Start (ms): Min: 424120348,9, Avg: 424120349,7, Max: 424120350,2, Diff: 1,2]
      [Ext Root Scanning (ms): Min: 0,1, Avg: 0,8, Max: 1,3, Diff: 1,3, Sum: 3,3]
      [Update RS (ms): Min: 0,0, Avg: 0,1, Max: 0,2, Diff: 0,2, Sum: 0,6]
         [Processed Buffers: Min: 0, Avg: 8,2, Max: 23, Diff: 23, Sum: 33]
      [Scan RS (ms): Min: 0,0, Avg: 0,1, Max: 0,1, Diff: 0,1, Sum: 0,2]
      [Code Root Scanning (ms): Min: 0,0, Avg: 0,0, Max: 0,1, Diff: 0,1, Sum: 0,1]
      [Object Copy (ms): Min: 0,1, Avg: 3,3, Max: 11,1, Diff: 10,9, Sum: 13,2]
      [Termination (ms): Min: 0,0, Avg: 7,5, Max: 10,1, Diff: 10,1, Sum: 30,1]
         [Termination Attempts: Min: 1, Avg: 7,8, Max: 11, Diff: 10, Sum: 31]
      [GC Worker Other (ms): Min: 0,0, Avg: 0,0, Max: 0,0, Diff: 0,0, Sum: 0,1]
      [GC Worker Total (ms): Min: 11,5, Avg: 11,9, Max: 12,7, Diff: 1,2, Sum: 47,7]
      [GC Worker End (ms): Min: 424120361,6, Avg: 424120361,7, Max: 424120361,7, Diff: 0,0]
   [Code Root Fixup: 0,0 ms]
   [Code Root Purge: 0,0 ms]
   [Clear CT: 0,3 ms]
   [Other: 0,9 ms]
      [Choose CSet: 0,0 ms]
      [Ref Proc: 0,5 ms]
      [Ref Enq: 0,0 ms]
      [Redirty Cards: 0,2 ms]
      [Humongous Register: 0,0 ms]
      [Humongous Reclaim: 0,0 ms]
      [Free CSet: 0,0 ms]
   [Eden: 78,0M(78,0M)->0,0B(76,0M) Survivors: 1024,0K->2048,0K Heap: 227,0M(256,0M)->149,5M(256,0M)]
 [Times: user=0,03 sys=0,01, real=0,02 secs] 
2019-07-25T19:03:04.910-0300: 424120,363: [GC concurrent-root-region-scan-start]
2019-07-25T19:03:04.911-0300: 424120,365: [GC concurrent-root-region-scan-end, 0,0014948 secs]
2019-07-25T19:03:04.911-0300: 424120,365: [GC concurrent-mark-start]
2019-07-25T19:03:04.929-0300: 424120,382: [GC concurrent-mark-end, 0,0178730 secs]
2019-07-25T19:03:04.929-0300: 424120,383: [GC remark 2019-07-25T19:03:04.929-0300: 424120,383: [Finalize Marking, 0,0016931 secs] 2019-07-25T19:03:04.931-0300: 424120,384: [GC ref-proc, 0,0001255 secs] 2019-07-25T19:03:04.931-0300: 424120,385: [Unloading, 0,0036538 secs], 0,0064340 secs]
 [Times: user=0,03 sys=0,00, real=0,00 secs] 
2019-07-25T19:03:04.936-0300: 424120,390: [GC cleanup 149M->149M(256M), 0,0013007 secs]
 [Times: user=0,00 sys=0,00, real=0,00 secs] 
